Mar  6 06:25:07 DIBTVTest1A1 rsyslogd: [origin software="rsyslogd" swVersion="8.4.2" x-pid="383" x-info="http://www.rsyslog.com"] rsyslogd was HUPed
Mar  6 06:39:01 DIBTVTest1A1 rsyslogd0: action 'action 17' resumed (module 'builtin:ompipe') [try http://www.rsyslog.com/e/0 ]
Mar  6 06:39:01 DIBTVTest1A1 rsyslogd-2359: action 'action 17' resumed (module 'builtin:ompipe') [try http://www.rsyslog.com/e/2359 ]
Mar  6 10:38:12 DIBTVTest1A1 rsyslogd: [origin software="rsyslogd" swVersion="8.4.2" x-pid="383" x-info="http://www.rsyslog.com"] exiting on signal 15.
Mar  6 10:38:17 DIBTVTest1A1 rsyslogd: [origin software="rsyslogd" swVersion="8.4.2" x-pid="389" x-info="http://www.rsyslog.com"] start
Mar  6 10:38:17 DIBTVTest1A1 kernel: [    0.000000] Booting Linux on physical CPU 0x0
Mar  6 10:38:17 DIBTVTest1A1 kernel: [    0.000000] Initializing cgroup subsys cpuset
Mar  6 10:38:17 DIBTVTest1A1 kernel: [    0.000000] Initializing cgroup subsys cpu
Mar  6 10:38:17 DIBTVTest1A1 kernel: [    0.000000] Initializing cgroup subsys cpuacct
Mar  6 10:38:17 DIBTVTest1A1 kernel: [    0.000000] Linux version 4.1.19-v7+ (dc4@dc4-XPS13-9333) (gcc version 4.9.3 (crosstool-NG crosstool-ng-1.22.0-88-g8460611) ) #858 SMP Tue Mar 15 15:56:00 GMT 2016
Mar  6 10:38:17 DIBTVTest1A1 kernel: [    0.000000] CPU: ARMv7 Processor [410fd034] revision 4 (ARMv7), cr=10c5383d
Mar  6 10:38:17 DIBTVTest1A1 kernel: [    0.000000] CPU: PIPT / VIPT nonaliasing data cache, VIPT aliasing instruction cache
Mar  6 10:38:17 DIBTVTest1A1 kernel: [    0.000000] Machine model: Raspberry Pi 3 Model B Rev 1.2
Mar  6 10:38:17 DIBTVTest1A1 kernel: [    0.000000] cma: Reserved 8 MiB at 0x2e400000
Mar  6 10:38:17 DIBTVTest1A1 kernel: [    0.000000] Memory policy: Data cache writealloc
Mar  6 10:38:17 DIBTVTest1A1 kernel: [    0.000000] [bcm2709_smp_init_cpus] enter (9420->f3003010)
Mar  6 10:38:17 DIBTVTest1A1 kernel: [    0.000000] [bcm2709_smp_init_cpus] ncores=4
Mar  6 10:38:17 DIBTVTest1A1 kernel: [    0.000000] PERCPU: Embedded 12 pages/cpu @aefb0000 s20416 r8192 d20544 u49152
Mar  6 10:38:17 DIBTVTest1A1 kernel: [    0.000000] Built 1 zonelists in Zone order, mobility grouping on.  Total pages: 190820
Mar  6 10:38:17 DIBTVTest1A1 kernel: [    0.000000] Kernel command line: 8250.nr_uarts=1 dma.dmachans=0x7f35 bcm2708_fb.fbwidth=656 bcm2708_fb.fbheight=416 bcm2709.boardrev=0xa02082 bcm2709.serial=0x50af3365 smsc95xx.macaddr=B8:27:EB:AF:33:65 bcm2708_fb.fbswap=1 bcm2709.uart_clock=48000000 vc_mem.mem_base=0x3dc00000 vc_mem.mem_size=0x3f000000  dwc_otg.lpm_enable=0 console=ttyS0,115200 console=tty1 root=/dev/mmcblk0p2 rootfstype=ext4 elevator=deadline fsck.repair=yes rootwait logo.nologo quiet
Mar  6 10:38:17 DIBTVTest1A1 kernel: [    0.000000] PID hash table entries: 4096 (order: 2, 16384 bytes)
Mar  6 10:38:17 DIBTVTest1A1 kernel: [    0.000000] Dentry cache hash table entries: 131072 (order: 7, 524288 bytes)
Mar  6 10:38:17 DIBTVTest1A1 kernel: [    0.000000] Inode-cache hash table entries: 65536 (order: 6, 262144 bytes)
Mar  6 10:38:17 DIBTVTest1A1 kernel: [    0.000000] Memory: 744496K/770048K available (6064K kernel code, 534K rwdata, 1664K rodata, 444K init, 757K bss, 17360K reserved, 8192K cma-reserved)
Mar  6 10:38:17 DIBTVTest1A1 kernel: [    0.000000] Virtual kernel memory layout:
Mar  6 10:38:17 DIBTVTest1A1 kernel: [    0.000000]     vector  : 0xffff0000 - 0xffff1000   (   4 kB)
Mar  6 10:38:17 DIBTVTest1A1 kernel: [    0.000000]     fixmap  : 0xffc00000 - 0xfff00000   (3072 kB)
Mar  6 10:38:17 DIBTVTest1A1 kernel: [    0.000000]     vmalloc : 0xaf800000 - 0xff000000   (1272 MB)
Mar  6 10:38:17 DIBTVTest1A1 kernel: [    0.000000]     lowmem  : 0x80000000 - 0xaf000000   ( 752 MB)
Mar  6 10:38:17 DIBTVTest1A1 kernel: [    0.000000]     modules : 0x7f000000 - 0x80000000   (  16 MB)
Mar  6 10:38:17 DIBTVTest1A1 kernel: [    0.000000]       .text : 0x80008000 - 0x807945f0   (7730 kB)
Mar  6 10:38:17 DIBTVTest1A1 kernel: [    0.000000]       .init : 0x80795000 - 0x80804000   ( 444 kB)
Mar  6 10:38:17 DIBTVTest1A1 kernel: [    0.000000]       .data : 0x80804000 - 0x80889b10   ( 535 kB)
Mar  6 10:38:17 DIBTVTest1A1 kernel: [    0.000000]        .bss : 0x8088c000 - 0x809497dc   ( 758 kB)
Mar  6 10:38:17 DIBTVTest1A1 kernel: [    0.000000] SLUB: HWalign=64, Order=0-3, MinObjects=0, CPUs=4, Nodes=1
Mar  6 10:38:17 DIBTVTest1A1 kernel: [    0.000000] Hierarchical RCU implementation.
Mar  6 10:38:17 DIBTVTest1A1 kernel: [    0.000000] 	Additional per-CPU info printed with stalls.
Mar  6 10:38:17 DIBTVTest1A1 kernel: [    0.000000] NR_IRQS:608
Mar  6 10:38:17 DIBTVTest1A1 kernel: [    0.000000] Architected cp15 timer(s) running at 19.20MHz (phys).
Mar  6 10:38:17 DIBTVTest1A1 kernel: [    0.000000] clocksource arch_sys_counter: mask: 0xffffffffffffff max_cycles: 0x46d987e47, max_idle_ns: 440795202767 ns
Mar  6 10:38:17 DIBTVTest1A1 kernel: [    0.000008] sched_clock: 56 bits at 19MHz, resolution 52ns, wraps every 4398046511078ns
Mar  6 10:38:17 DIBTVTest1A1 kernel: [    0.000025] Switching to timer-based delay loop, resolution 52ns
Mar  6 10:38:17 DIBTVTest1A1 kernel: [    0.000241] Console: colour dummy device 80x30
Mar  6 10:38:17 DIBTVTest1A1 kernel: [    0.000441] console [tty1] enabled
Mar  6 10:38:17 DIBTVTest1A1 kernel: [    0.000475] Calibrating delay loop (skipped), value calculated using timer frequency.. 38.40 BogoMIPS (lpj=192000)
Mar  6 10:38:17 DIBTVTest1A1 kernel: [    0.000494] pid_max: default: 32768 minimum: 301
Mar  6 10:38:17 DIBTVTest1A1 kernel: [    0.000796] Mount-cache hash table entries: 2048 (order: 1, 8192 bytes)
Mar  6 10:38:17 DIBTVTest1A1 kernel: [    0.000810] Mountpoint-cache hash table entries: 2048 (order: 1, 8192 bytes)
Mar  6 10:38:17 DIBTVTest1A1 kernel: [    0.001778] Initializing cgroup subsys blkio
Mar  6 10:38:17 DIBTVTest1A1 kernel: [    0.001805] Initializing cgroup subsys memory
Mar  6 10:38:17 DIBTVTest1A1 kernel: [    0.001829] Initializing cgroup subsys devices
Mar  6 10:38:17 DIBTVTest1A1 kernel: [    0.001848] Initializing cgroup subsys freezer
Mar  6 10:38:17 DIBTVTest1A1 kernel: [    0.001875] Initializing cgroup subsys net_cls
Mar  6 10:38:17 DIBTVTest1A1 kernel: [    0.001925] CPU: Testing write buffer coherency: ok
Mar  6 10:38:17 DIBTVTest1A1 kernel: [    0.001990] ftrace: allocating 20313 entries in 60 pages
Mar  6 10:38:17 DIBTVTest1A1 kernel: [    0.047567] CPU0: update cpu_capacity 1024
Mar  6 10:38:17 DIBTVTest1A1 kernel: [    0.047598] CPU0: thread -1, cpu 0, socket 0, mpidr 80000000
Mar  6 10:38:17 DIBTVTest1A1 kernel: [    0.047611] [bcm2709_smp_prepare_cpus] enter
Mar  6 10:38:17 DIBTVTest1A1 kernel: [    0.047743] Setting up static identity map for 0x8240 - 0x8274
Mar  6 10:38:17 DIBTVTest1A1 kernel: [    0.049486] [bcm2709_boot_secondary] cpu:1 started (0) 18
Mar  6 10:38:17 DIBTVTest1A1 kernel: [    0.049705] [bcm2709_secondary_init] enter cpu:1
Mar  6 10:38:17 DIBTVTest1A1 kernel: [    0.049746] CPU1: update cpu_capacity 1024
Mar  6 10:38:17 DIBTVTest1A1 kernel: [    0.049752] CPU1: thread -1, cpu 1, socket 0, mpidr 80000001
Mar  6 10:38:17 DIBTVTest1A1 kernel: [    0.050139] [bcm2709_boot_secondary] cpu:2 started (0) 18
Mar  6 10:38:17 DIBTVTest1A1 kernel: [    0.050304] [bcm2709_secondary_init] enter cpu:2
Mar  6 10:38:17 DIBTVTest1A1 kernel: [    0.050326] CPU2: update cpu_capacity 1024
Mar  6 10:38:17 DIBTVTest1A1 kernel: [    0.050332] CPU2: thread -1, cpu 2, socket 0, mpidr 80000002
Mar  6 10:38:17 DIBTVTest1A1 kernel: [    0.050698] [bcm2709_boot_secondary] cpu:3 started (0) 18
Mar  6 10:38:17 DIBTVTest1A1 kernel: [    0.050829] [bcm2709_secondary_init] enter cpu:3
Mar  6 10:38:17 DIBTVTest1A1 kernel: [    0.050849] CPU3: update cpu_capacity 1024
Mar  6 10:38:17 DIBTVTest1A1 kernel: [    0.050855] CPU3: thread -1, cpu 3, socket 0, mpidr 80000003
Mar  6 10:38:17 DIBTVTest1A1 kernel: [    0.050918] Brought up 4 CPUs
Mar  6 10:38:17 DIBTVTest1A1 kernel: [    0.050941] SMP: Total of 4 processors activated (153.60 BogoMIPS).
Mar  6 10:38:17 DIBTVTest1A1 kernel: [    0.050950] CPU: All CPU(s) started in HYP mode.
Mar  6 10:38:17 DIBTVTest1A1 kernel: [    0.050957] CPU: Virtualization extensions available.
Mar  6 10:38:17 DIBTVTest1A1 kernel: [    0.051637] devtmpfs: initialized
Mar  6 10:38:17 DIBTVTest1A1 kernel: [    0.070385] VFP support v0.3: implementor 41 architecture 3 part 40 variant 3 rev 4
Mar  6 10:38:17 DIBTVTest1A1 kernel: [    0.070625] clocksource jiffies: mask: 0xffffffff max_cycles: 0xffffffff, max_idle_ns: 19112604462750000 ns
Mar  6 10:38:17 DIBTVTest1A1 kernel: [    0.071439] pinctrl core: initialized pinctrl subsystem
Mar  6 10:38:17 DIBTVTest1A1 kernel: [    0.071966] NET: Registered protocol family 16
Mar  6 10:38:17 DIBTVTest1A1 kernel: [    0.077103] DMA: preallocated 4096 KiB pool for atomic coherent allocations
Mar  6 10:38:17 DIBTVTest1A1 kernel: [    0.078095] bcm2709.uart_clock = 48000000
Mar  6 10:38:17 DIBTVTest1A1 kernel: [    0.082150] bcm2709: Mini UART enabled
Mar  6 10:38:17 DIBTVTest1A1 kernel: [    0.082199] hw-breakpoint: found 5 (+1 reserved) breakpoint and 4 watchpoint registers.
Mar  6 10:38:17 DIBTVTest1A1 kernel: [    0.082209] hw-breakpoint: maximum watchpoint size is 8 bytes.
Mar  6 10:38:17 DIBTVTest1A1 kernel: [    0.082361] Serial: AMBA PL011 UART driver
Mar  6 10:38:17 DIBTVTest1A1 kernel: [    0.082406] uart-pl011 3f201000.uart: could not find pctldev for node /soc/gpio@7e200000/uart0_pins, deferring probe
Mar  6 10:38:17 DIBTVTest1A1 kernel: [    0.082562] bcm2835-mbox 3f00b880.mailbox: mailbox enabled
Mar  6 10:38:17 DIBTVTest1A1 kernel: [    0.148253] bcm2708-dmaengine 3f007000.dma: DMA legacy API manager at f3007000, dmachans=0xf35
Mar  6 10:38:17 DIBTVTest1A1 kernel: [    0.148286] bcm2708-dmaengine 3f007000.dma: Initialized 7 DMA channels (+ 1 legacy)
Mar  6 10:38:17 DIBTVTest1A1 kernel: [    0.148841] bcm2708-dmaengine 3f007000.dma: Load BCM2835 DMA engine driver
Mar  6 10:38:17 DIBTVTest1A1 kernel: [    0.148855] bcm2708-dmaengine 3f007000.dma: dma_debug:0
Mar  6 10:38:17 DIBTVTest1A1 kernel: [    0.149405] SCSI subsystem initialized
Mar  6 10:38:17 DIBTVTest1A1 kernel: [    0.149594] usbcore: registered new interface driver usbfs
Mar  6 10:38:17 DIBTVTest1A1 kernel: [    0.149685] usbcore: registered new interface driver hub
Mar  6 10:38:17 DIBTVTest1A1 kernel: [    0.149784] usbcore: registered new device driver usb
Mar  6 10:38:17 DIBTVTest1A1 kernel: [    0.150307] raspberrypi-firmware soc:firmware: Attached to firmware from 2016-03-15 14:47
Mar  6 10:38:17 DIBTVTest1A1 kernel: [    0.177401] Switched to clocksource arch_sys_counter
Mar  6 10:38:17 DIBTVTest1A1 kernel: [    0.218809] FS-Cache: Loaded
Mar  6 10:38:17 DIBTVTest1A1 kernel: [    0.219074] CacheFiles: Loaded
Mar  6 10:38:17 DIBTVTest1A1 kernel: [    0.228394] NET: Registered protocol family 2
Mar  6 10:38:17 DIBTVTest1A1 kernel: [    0.229341] TCP established hash table entries: 8192 (order: 3, 32768 bytes)
Mar  6 10:38:17 DIBTVTest1A1 kernel: [    0.229458] TCP bind hash table entries: 8192 (order: 4, 65536 bytes)
Mar  6 10:38:17 DIBTVTest1A1 kernel: [    0.229647] TCP: Hash tables configured (established 8192 bind 8192)
Mar  6 10:38:17 DIBTVTest1A1 kernel: [    0.229739] UDP hash table entries: 512 (order: 2, 16384 bytes)
Mar  6 10:38:17 DIBTVTest1A1 kernel: [    0.229787] UDP-Lite hash table entries: 512 (order: 2, 16384 bytes)
Mar  6 10:38:17 DIBTVTest1A1 kernel: [    0.230095] NET: Registered protocol family 1
Mar  6 10:38:17 DIBTVTest1A1 kernel: [    0.230395] RPC: Registered named UNIX socket transport module.
Mar  6 10:38:17 DIBTVTest1A1 kernel: [    0.230406] RPC: Registered udp transport module.
Mar  6 10:38:17 DIBTVTest1A1 kernel: [    0.230414] RPC: Registered tcp transport module.
Mar  6 10:38:17 DIBTVTest1A1 kernel: [    0.230423] RPC: Registered tcp NFSv4.1 backchannel transport module.
Mar  6 10:38:17 DIBTVTest1A1 kernel: [    0.231391] hw perfevents: enabled with armv7_cortex_a7 PMU driver, 7 counters available
Mar  6 10:38:17 DIBTVTest1A1 kernel: [    0.232428] futex hash table entries: 1024 (order: 4, 65536 bytes)
Mar  6 10:38:17 DIBTVTest1A1 kernel: [    0.245780] VFS: Disk quotas dquot_6.6.0
Mar  6 10:38:17 DIBTVTest1A1 kernel: [    0.246091] VFS: Dquot-cache hash table entries: 1024 (order 0, 4096 bytes)
Mar  6 10:38:17 DIBTVTest1A1 kernel: [    0.248197] FS-Cache: Netfs 'nfs' registered for caching
Mar  6 10:38:17 DIBTVTest1A1 kernel: [    0.249092] NFS: Registering the id_resolver key type
Mar  6 10:38:17 DIBTVTest1A1 kernel: [    0.249139] Key type id_resolver registered
Mar  6 10:38:17 DIBTVTest1A1 kernel: [    0.249149] Key type id_legacy registered
Mar  6 10:38:17 DIBTVTest1A1 kernel: [    0.251205] Block layer SCSI generic (bsg) driver version 0.4 loaded (major 252)
Mar  6 10:38:17 DIBTVTest1A1 kernel: [    0.251329] io scheduler noop registered
Mar  6 10:38:17 DIBTVTest1A1 kernel: [    0.251349] io scheduler deadline registered (default)
Mar  6 10:38:17 DIBTVTest1A1 kernel: [    0.251617] io scheduler cfq registered
Mar  6 10:38:17 DIBTVTest1A1 kernel: [    0.253866] BCM2708FB: allocated DMA memory ee800000
Mar  6 10:38:17 DIBTVTest1A1 kernel: [    0.253890] BCM2708FB: allocated DMA channel 0 @ f3007000
Mar  6 10:38:17 DIBTVTest1A1 kernel: [    0.258869] Console: switching to colour frame buffer device 82x26
Mar  6 10:38:17 DIBTVTest1A1 kernel: [    0.261753] Serial: 8250/16550 driver, 1 ports, IRQ sharing disabled
Mar  6 10:38:17 DIBTVTest1A1 kernel: [    0.263221] console [ttyS0] disabled
Mar  6 10:38:17 DIBTVTest1A1 kernel: [    0.263281] 3f215040.uart: ttyS0 at MMIO 0x3f215040 (irq = 29, base_baud = 50000000) is a 16550
Mar  6 10:38:17 DIBTVTest1A1 kernel: [    0.263816] console [ttyS0] enabled
Mar  6 10:38:17 DIBTVTest1A1 kernel: [    0.264699] vc-cma: Videocore CMA driver
Mar  6 10:38:17 DIBTVTest1A1 kernel: [    0.264710] vc-cma: vc_cma_base      = 0x00000000
Mar  6 10:38:17 DIBTVTest1A1 kernel: [    0.264719] vc-cma: vc_cma_size      = 0x00000000 (0 MiB)
Mar  6 10:38:17 DIBTVTest1A1 kernel: [    0.264727] vc-cma: vc_cma_initial   = 0x00000000 (0 MiB)
Mar  6 10:38:17 DIBTVTest1A1 kernel: [    0.264896] vc-mem: phys_addr:0x00000000 mem_base=0x3dc00000 mem_size:0x3f000000(1008 MiB)
Mar  6 10:38:17 DIBTVTest1A1 kernel: [    0.276346] brd: module loaded
Mar  6 10:38:17 DIBTVTest1A1 kernel: [    0.283399] loop: module loaded
Mar  6 10:38:17 DIBTVTest1A1 kernel: [    0.284207] vchiq: vchiq_init_state: slot_zero = 0xae880000, is_master = 0
Mar  6 10:38:17 DIBTVTest1A1 kernel: [    0.285675] Loading iSCSI transport class v2.0-870.
Mar  6 10:38:17 DIBTVTest1A1 kernel: [    0.286312] usbcore: registered new interface driver smsc95xx
Mar  6 10:38:17 DIBTVTest1A1 kernel: [    0.286361] dwc_otg: version 3.00a 10-AUG-2012 (platform bus)
Mar  6 10:38:17 DIBTVTest1A1 kernel: [    0.486631] Core Release: 2.80a
Mar  6 10:38:17 DIBTVTest1A1 kernel: [    0.486644] Setting default values for core params
Mar  6 10:38:17 DIBTVTest1A1 kernel: [    0.486678] Finished setting default values for core params
Mar  6 10:38:17 DIBTVTest1A1 kernel: [    0.687021] Using Buffer DMA mode
Mar  6 10:38:17 DIBTVTest1A1 kernel: [    0.687031] Periodic Transfer Interrupt Enhancement - disabled
Mar  6 10:38:17 DIBTVTest1A1 kernel: [    0.687040] Multiprocessor Interrupt Enhancement - disabled
Mar  6 10:38:17 DIBTVTest1A1 kernel: [    0.687049] OTG VER PARAM: 0, OTG VER FLAG: 0
Mar  6 10:38:17 DIBTVTest1A1 kernel: [    0.687063] Dedicated Tx FIFOs mode
Mar  6 10:38:17 DIBTVTest1A1 kernel: [    0.687324] WARN::dwc_otg_hcd_init:1047: FIQ DMA bounce buffers: virt = 0xae814000 dma = 0xee814000 len=9024
Mar  6 10:38:17 DIBTVTest1A1 kernel: [    0.687352] FIQ FSM acceleration enabled for :
Mar  6 10:38:17 DIBTVTest1A1 kernel: [    0.687352] Non-periodic Split Transactions
Mar  6 10:38:17 DIBTVTest1A1 kernel: [    0.687352] Periodic Split Transactions
Mar  6 10:38:17 DIBTVTest1A1 kernel: [    0.687352] High-Speed Isochronous Endpoints
Mar  6 10:38:17 DIBTVTest1A1 kernel: [    0.687441] WARN::hcd_init_fiq:412: FIQ on core 1 at 0x80417288
Mar  6 10:38:17 DIBTVTest1A1 kernel: [    0.687455] WARN::hcd_init_fiq:413: FIQ ASM at 0x804175f8 length 36
Mar  6 10:38:17 DIBTVTest1A1 kernel: [    0.687469] WARN::hcd_init_fiq:438: MPHI regs_base at 0xaf89c000
Mar  6 10:38:17 DIBTVTest1A1 kernel: [    0.687503] dwc_otg 3f980000.usb: DWC OTG Controller
Mar  6 10:38:17 DIBTVTest1A1 kernel: [    0.687539] dwc_otg 3f980000.usb: new USB bus registered, assigned bus number 1
Mar  6 10:38:17 DIBTVTest1A1 kernel: [    0.687571] dwc_otg 3f980000.usb: irq 32, io mem 0x00000000
Mar  6 10:38:17 DIBTVTest1A1 kernel: [    0.687622] Init: Port Power? op_state=1
Mar  6 10:38:17 DIBTVTest1A1 kernel: [    0.687630] Init: Power Port (0)
Mar  6 10:38:17 DIBTVTest1A1 kernel: [    0.687816] usb usb1: New USB device found, idVendor=1d6b, idProduct=0002
Mar  6 10:38:17 DIBTVTest1A1 kernel: [    0.687831] usb usb1: New USB device strings: Mfr=3, Product=2, SerialNumber=1
Mar  6 10:38:17 DIBTVTest1A1 kernel: [    0.687844] usb usb1: Product: DWC OTG Controller
Mar  6 10:38:17 DIBTVTest1A1 kernel: [    0.687856] usb usb1: Manufacturer: Linux 4.1.19-v7+ dwc_otg_hcd
Mar  6 10:38:17 DIBTVTest1A1 kernel: [    0.687868] usb usb1: SerialNumber: 3f980000.usb
Mar  6 10:38:17 DIBTVTest1A1 kernel: [    0.688518] hub 1-0:1.0: USB hub found
Mar  6 10:38:17 DIBTVTest1A1 kernel: [    0.688561] hub 1-0:1.0: 1 port detected
Mar  6 10:38:17 DIBTVTest1A1 kernel: [    0.689236] usbcore: registered new interface driver usb-storage
Mar  6 10:38:17 DIBTVTest1A1 kernel: [    0.689416] mousedev: PS/2 mouse device common for all mice
Mar  6 10:38:17 DIBTVTest1A1 kernel: [    0.690076] bcm2835-cpufreq: min=600000 max=1200000
Mar  6 10:38:17 DIBTVTest1A1 kernel: [    0.690348] sdhci: Secure Digital Host Controller Interface driver
Mar  6 10:38:17 DIBTVTest1A1 kernel: [    0.690357] sdhci: Copyright(c) Pierre Ossman
Mar  6 10:38:17 DIBTVTest1A1 kernel: [    0.690632] sdhost: log_buf @ ae813000 (ee813000)
Mar  6 10:38:17 DIBTVTest1A1 kernel: [    0.767436] mmc0: sdhost-bcm2835 loaded - DMA enabled (>1)
Mar  6 10:38:17 DIBTVTest1A1 kernel: [    0.789836] mmc-bcm2835 3f300000.mmc: mmc_debug:0 mmc_debug2:0
Mar  6 10:38:17 DIBTVTest1A1 kernel: [    0.789850] mmc-bcm2835 3f300000.mmc: DMA channel allocated
Mar  6 10:38:17 DIBTVTest1A1 kernel: [    0.827505] sdhci-pltfm: SDHCI platform and OF driver helper
Mar  6 10:38:17 DIBTVTest1A1 kernel: [    0.827852] ledtrig-cpu: registered to indicate activity on CPUs
Mar  6 10:38:17 DIBTVTest1A1 kernel: [    0.827980] hidraw: raw HID events driver (C) Jiri Kosina
Mar  6 10:38:17 DIBTVTest1A1 kernel: [    0.828171] usbcore: registered new interface driver usbhid
Mar  6 10:38:17 DIBTVTest1A1 kernel: [    0.828179] usbhid: USB HID core driver
Mar  6 10:38:17 DIBTVTest1A1 kernel: [    0.828413] mmc0: host does not support reading read-only switch, assuming write-enable
Mar  6 10:38:17 DIBTVTest1A1 kernel: [    0.828592] Initializing XFRM netlink socket
Mar  6 10:38:17 DIBTVTest1A1 kernel: [    0.828623] NET: Registered protocol family 17
Mar  6 10:38:17 DIBTVTest1A1 kernel: [    0.828769] Key type dns_resolver registered
Mar  6 10:38:17 DIBTVTest1A1 kernel: [    0.829239] Registering SWP/SWPB emulation handler
Mar  6 10:38:17 DIBTVTest1A1 kernel: [    0.829850] registered taskstats version 1
Mar  6 10:38:17 DIBTVTest1A1 kernel: [    0.830034] vc-sm: Videocore shared memory driver
Mar  6 10:38:17 DIBTVTest1A1 kernel: [    0.830050] [vc_sm_connected_init]: start
Mar  6 10:38:17 DIBTVTest1A1 kernel: [    0.831261] mmc0: new high speed SDHC card at address 59b4
Mar  6 10:38:17 DIBTVTest1A1 kernel: [    0.831418] [vc_sm_connected_init]: end - returning 0
Mar  6 10:38:17 DIBTVTest1A1 kernel: [    0.831676] mmcblk0: mmc0:59b4 SMTC  14.6 GiB 
Mar  6 10:38:17 DIBTVTest1A1 kernel: [    0.832808] 3f201000.uart: ttyAMA0 at MMIO 0x3f201000 (irq = 83, base_baud = 0) is a PL011 rev2
Mar  6 10:38:17 DIBTVTest1A1 kernel: [    0.833996]  mmcblk0: p1 p2
Mar  6 10:38:17 DIBTVTest1A1 kernel: [    0.850916] mmc1: queuing unknown CIS tuple 0x80 (2 bytes)
Mar  6 10:38:17 DIBTVTest1A1 kernel: [    0.852473] mmc1: queuing unknown CIS tuple 0x80 (3 bytes)
Mar  6 10:38:17 DIBTVTest1A1 kernel: [    0.853066] EXT4-fs (mmcblk0p2): mounted filesystem with ordered data mode. Opts: (null)
Mar  6 10:38:17 DIBTVTest1A1 kernel: [    0.853110] VFS: Mounted root (ext4 filesystem) readonly on device 179:2.
Mar  6 10:38:17 DIBTVTest1A1 kernel: [    0.853901] devtmpfs: mounted
Mar  6 10:38:17 DIBTVTest1A1 kernel: [    0.854027] mmc1: queuing unknown CIS tuple 0x80 (3 bytes)
Mar  6 10:38:17 DIBTVTest1A1 kernel: [    0.854595] Freeing unused kernel memory: 444K (80795000 - 80804000)
Mar  6 10:38:17 DIBTVTest1A1 kernel: [    0.856846] mmc1: queuing unknown CIS tuple 0x80 (7 bytes)
Mar  6 10:38:17 DIBTVTest1A1 kernel: [    0.887489] Indeed it is in host mode hprt0 = 00021501
Mar  6 10:38:17 DIBTVTest1A1 kernel: [    0.947754] mmc1: new high speed SDIO card at address 0001
Mar  6 10:38:17 DIBTVTest1A1 kernel: [    1.067453] usb 1-1: new high-speed USB device number 2 using dwc_otg
Mar  6 10:38:17 DIBTVTest1A1 kernel: [    1.067594] Indeed it is in host mode hprt0 = 00001101
Mar  6 10:38:17 DIBTVTest1A1 kernel: [    1.246140] random: systemd urandom read with 39 bits of entropy available
Mar  6 10:38:17 DIBTVTest1A1 kernel: [    1.267731] usb 1-1: New USB device found, idVendor=0424, idProduct=9514
Mar  6 10:38:17 DIBTVTest1A1 kernel: [    1.267749] usb 1-1: New USB device strings: Mfr=0, Product=0, SerialNumber=0
Mar  6 10:38:17 DIBTVTest1A1 kernel: [    1.268442] hub 1-1:1.0: USB hub found
Mar  6 10:38:17 DIBTVTest1A1 kernel: [    1.268537] hub 1-1:1.0: 5 ports detected
Mar  6 10:38:17 DIBTVTest1A1 kernel: [    1.413421] NET: Registered protocol family 10
Mar  6 10:38:17 DIBTVTest1A1 kernel: [    1.547483] usb 1-1.1: new high-speed USB device number 3 using dwc_otg
Mar  6 10:38:17 DIBTVTest1A1 kernel: [    1.647785] usb 1-1.1: New USB device found, idVendor=0424, idProduct=ec00
Mar  6 10:38:17 DIBTVTest1A1 kernel: [    1.647806] usb 1-1.1: New USB device strings: Mfr=0, Product=0, SerialNumber=0
Mar  6 10:38:17 DIBTVTest1A1 kernel: [    1.650518] smsc95xx v1.0.4
Mar  6 10:38:17 DIBTVTest1A1 kernel: [    1.710878] smsc95xx 1-1.1:1.0 eth0: register 'smsc95xx' at usb-3f980000.usb-1.1, smsc95xx USB 2.0 Ethernet, b8:27:eb:af:33:65
Mar  6 10:38:17 DIBTVTest1A1 kernel: [    2.054136] fuse init (API version 7.23)
Mar  6 10:38:17 DIBTVTest1A1 kernel: [    2.145660] i2c /dev entries driver
Mar  6 10:38:17 DIBTVTest1A1 kernel: [    3.260649] EXT4-fs (mmcblk0p2): re-mounted. Opts: (null)
Mar  6 10:38:17 DIBTVTest1A1 kernel: [    3.619354] cfg80211: Calling CRDA to update world regulatory domain
Mar  6 10:38:17 DIBTVTest1A1 kernel: [    3.791071] bcm2835-rng 3f104000.rng: hwrng registered
Mar  6 10:38:17 DIBTVTest1A1 kernel: [    3.791506] gpiomem-bcm2835 3f200000.gpiomem: Initialised: Registers at 0x3f200000
Mar  6 10:38:17 DIBTVTest1A1 kernel: [    3.802555] usbcore: registered new interface driver brcmfmac
Mar  6 10:38:17 DIBTVTest1A1 kernel: [    3.963940] random: nonblocking pool is initialized
Mar  6 10:38:17 DIBTVTest1A1 kernel: [    4.221545] cfg80211: World regulatory domain updated:
Mar  6 10:38:17 DIBTVTest1A1 kernel: [    4.221555] cfg80211:  DFS Master region: unset
Mar  6 10:38:17 DIBTVTest1A1 kernel: [    4.221564] cfg80211:   (start_freq - end_freq @ bandwidth), (max_antenna_gain, max_eirp), (dfs_cac_time)
Mar  6 10:38:17 DIBTVTest1A1 kernel: [    4.221578] cfg80211:   (2402000 KHz - 2472000 KHz @ 40000 KHz), (N/A, 2000 mBm), (N/A)
Mar  6 10:38:17 DIBTVTest1A1 kernel: [    4.221593] cfg80211:   (2457000 KHz - 2482000 KHz @ 20000 KHz, 92000 KHz AUTO), (N/A, 2000 mBm), (N/A)
Mar  6 10:38:17 DIBTVTest1A1 kernel: [    4.221606] cfg80211:   (2474000 KHz - 2494000 KHz @ 20000 KHz), (N/A, 2000 mBm), (N/A)
Mar  6 10:38:17 DIBTVTest1A1 kernel: [    4.221619] cfg80211:   (5170000 KHz - 5250000 KHz @ 80000 KHz, 160000 KHz AUTO), (N/A, 2000 mBm), (N/A)
Mar  6 10:38:17 DIBTVTest1A1 kernel: [    4.221666] cfg80211:   (5250000 KHz - 5330000 KHz @ 80000 KHz, 160000 KHz AUTO), (N/A, 2000 mBm), (0 s)
Mar  6 10:38:17 DIBTVTest1A1 kernel: [    4.221679] cfg80211:   (5490000 KHz - 5730000 KHz @ 160000 KHz), (N/A, 2000 mBm), (0 s)
Mar  6 10:38:17 DIBTVTest1A1 kernel: [    4.221691] cfg80211:   (5735000 KHz - 5835000 KHz @ 80000 KHz), (N/A, 2000 mBm), (N/A)
Mar  6 10:38:17 DIBTVTest1A1 kernel: [    4.221703] cfg80211:   (57240000 KHz - 63720000 KHz @ 2160000 KHz), (N/A, 0 mBm), (N/A)
Mar  6 10:38:17 DIBTVTest1A1 kernel: [    4.630493] brcmfmac: power management disabled
Mar  6 10:38:17 DIBTVTest1A1 kernel: [    4.899810] uart-pl011 3f201000.uart: no DMA platform data
Mar  6 10:38:18 DIBTVTest1A1 kernel: [    5.241781] cfg80211: Calling CRDA for country: US
Mar  6 10:38:18 DIBTVTest1A1 kernel: [    5.263122] cfg80211: Regulatory domain changed to country: US
Mar  6 10:38:18 DIBTVTest1A1 kernel: [    5.263168] cfg80211:  DFS Master region: FCC
Mar  6 10:38:18 DIBTVTest1A1 kernel: [    5.263178] cfg80211:   (start_freq - end_freq @ bandwidth), (max_antenna_gain, max_eirp), (dfs_cac_time)
Mar  6 10:38:18 DIBTVTest1A1 kernel: [    5.263189] cfg80211:   (2402000 KHz - 2472000 KHz @ 40000 KHz), (N/A, 3000 mBm), (N/A)
Mar  6 10:38:18 DIBTVTest1A1 kernel: [    5.263200] cfg80211:   (5170000 KHz - 5250000 KHz @ 80000 KHz, 160000 KHz AUTO), (N/A, 2300 mBm), (N/A)
Mar  6 10:38:18 DIBTVTest1A1 kernel: [    5.263208] cfg80211:   (5250000 KHz - 5330000 KHz @ 80000 KHz, 160000 KHz AUTO), (N/A, 2300 mBm), (0 s)
Mar  6 10:38:18 DIBTVTest1A1 kernel: [    5.263217] cfg80211:   (5490000 KHz - 5730000 KHz @ 160000 KHz), (N/A, 2300 mBm), (0 s)
Mar  6 10:38:18 DIBTVTest1A1 kernel: [    5.263227] cfg80211:   (5735000 KHz - 5835000 KHz @ 80000 KHz), (N/A, 3000 mBm), (N/A)
Mar  6 10:38:18 DIBTVTest1A1 kernel: [    5.263234] cfg80211:   (57240000 KHz - 63720000 KHz @ 2160000 KHz), (N/A, 4000 mBm), (N/A)
Mar  6 10:38:18 DIBTVTest1A1 kernel: [    5.541468] Adding 102396k swap on /var/swap.  Priority:-1 extents:3 across:1773568k SSFS
Mar  6 10:38:18 DIBTVTest1A1 kernel: [    5.638646] smsc95xx 1-1.1:1.0 eth0: hardware isn't capable of remote wakeup
Mar  6 10:38:18 DIBTVTest1A1 kernel: [    5.638777] IPv6: ADDRCONF(NETDEV_UP): eth0: link is not ready
Mar  6 10:38:19 DIBTVTest1A1 kernel: [    6.289037] gpiomem-bcm2835 3f200000.gpiomem: gpiomem device opened.
Mar  6 10:38:19 DIBTVTest1A1 kernel: [    6.346130] cfg80211: Calling CRDA for country: US
Mar  6 10:38:19 DIBTVTest1A1 kernel: [    6.365097] cfg80211: Regulatory domain changed to country: US
Mar  6 10:38:19 DIBTVTest1A1 kernel: [    6.365112] cfg80211:  DFS Master region: FCC
Mar  6 10:38:19 DIBTVTest1A1 kernel: [    6.365118] cfg80211:   (start_freq - end_freq @ bandwidth), (max_antenna_gain, max_eirp), (dfs_cac_time)
Mar  6 10:38:19 DIBTVTest1A1 kernel: [    6.365125] cfg80211:   (2402000 KHz - 2472000 KHz @ 40000 KHz), (N/A, 3000 mBm), (N/A)
Mar  6 10:38:19 DIBTVTest1A1 kernel: [    6.365133] cfg80211:   (5170000 KHz - 5250000 KHz @ 80000 KHz, 160000 KHz AUTO), (N/A, 2300 mBm), (N/A)
Mar  6 10:38:19 DIBTVTest1A1 kernel: [    6.365141] cfg80211:   (5250000 KHz - 5330000 KHz @ 80000 KHz, 160000 KHz AUTO), (N/A, 2300 mBm), (0 s)
Mar  6 10:38:19 DIBTVTest1A1 kernel: [    6.365147] cfg80211:   (5490000 KHz - 5730000 KHz @ 160000 KHz), (N/A, 2300 mBm), (0 s)
Mar  6 10:38:19 DIBTVTest1A1 kernel: [    6.365153] cfg80211:   (5735000 KHz - 5835000 KHz @ 80000 KHz), (N/A, 3000 mBm), (N/A)
Mar  6 10:38:19 DIBTVTest1A1 kernel: [    6.365160] cfg80211:   (57240000 KHz - 63720000 KHz @ 2160000 KHz), (N/A, 4000 mBm), (N/A)
Mar  6 10:38:22 DIBTVTest1A1 kernel: [    9.364150] Bluetooth: Core ver 2.20
Mar  6 10:38:22 DIBTVTest1A1 kernel: [    9.364244] NET: Registered protocol family 31
Mar  6 10:38:22 DIBTVTest1A1 kernel: [    9.364250] Bluetooth: HCI device and connection manager initialized
Mar  6 10:38:22 DIBTVTest1A1 kernel: [    9.364276] Bluetooth: HCI socket layer initialized
Mar  6 10:38:22 DIBTVTest1A1 kernel: [    9.364293] Bluetooth: L2CAP socket layer initialized
Mar  6 10:38:22 DIBTVTest1A1 kernel: [    9.364349] Bluetooth: SCO socket layer initialized
Mar  6 10:38:22 DIBTVTest1A1 kernel: [    9.438378] Bluetooth: HCI UART driver ver 2.3
Mar  6 10:38:22 DIBTVTest1A1 kernel: [    9.438392] Bluetooth: HCI UART protocol H4 registered
Mar  6 10:38:22 DIBTVTest1A1 kernel: [    9.438397] Bluetooth: HCI UART protocol Three-wire (H5) registered
Mar  6 10:38:22 DIBTVTest1A1 kernel: [    9.438402] Bluetooth: HCI UART protocol BCM registered
Mar  6 10:38:22 DIBTVTest1A1 kernel: [    9.826715] Bluetooth: BNEP (Ethernet Emulation) ver 1.3
Mar  6 10:38:22 DIBTVTest1A1 kernel: [    9.826726] Bluetooth: BNEP filters: protocol multicast
Mar  6 10:38:22 DIBTVTest1A1 kernel: [    9.826742] Bluetooth: BNEP socket layer initialized
Mar  6 10:38:26 DIBTVTest1A1 rsyslogd-2007: action 'action 17' suspended, next retry is Thu Mar  6 10:38:56 2025 [try http://www.rsyslog.com/e/2007 ]
Mar  6 10:38:26 DIBTVTest1A1 org.gtk.Private.AfcVolumeMonitor[768]: Volume monitor alive
Mar  6 10:39:07 DIBTVTest1A1 rsyslogd-2007: action 'action 17' suspended, next retry is Thu Mar  6 10:39:37 2025 [try http://www.rsyslog.com/e/2007 ]
Mar  6 10:53:19 DIBTVTest1A1 rsyslogd-2007: action 'action 17' suspended, next retry is Thu Mar  6 10:53:49 2025 [try http://www.rsyslog.com/e/2007 ]
Mar  6 10:55:56 DIBTVTest1A1 rsyslogd-2007: action 'action 17' suspended, next retry is Thu Mar  6 10:56:26 2025 [try http://www.rsyslog.com/e/2007 ]
Mar  6 10:56:14 DIBTVTest1A1 rsyslogd: [origin software="rsyslogd" swVersion="8.4.2" x-pid="389" x-info="http://www.rsyslog.com"] exiting on signal 15.
Mar  6 10:56:18 DIBTVTest1A1 rsyslogd: [origin software="rsyslogd" swVersion="8.4.2" x-pid="387" x-info="http://www.rsyslog.com"] start
Mar  6 10:56:18 DIBTVTest1A1 kernel: [    0.000000] Booting Linux on physical CPU 0x0
Mar  6 10:56:18 DIBTVTest1A1 kernel: [    0.000000] Initializing cgroup subsys cpuset
Mar  6 10:56:18 DIBTVTest1A1 kernel: [    0.000000] Initializing cgroup subsys cpu
Mar  6 10:56:18 DIBTVTest1A1 kernel: [    0.000000] Initializing cgroup subsys cpuacct
Mar  6 10:56:18 DIBTVTest1A1 kernel: [    0.000000] Linux version 4.1.19-v7+ (dc4@dc4-XPS13-9333) (gcc version 4.9.3 (crosstool-NG crosstool-ng-1.22.0-88-g8460611) ) #858 SMP Tue Mar 15 15:56:00 GMT 2016
Mar  6 10:56:18 DIBTVTest1A1 kernel: [    0.000000] CPU: ARMv7 Processor [410fd034] revision 4 (ARMv7), cr=10c5383d
Mar  6 10:56:18 DIBTVTest1A1 kernel: [    0.000000] CPU: PIPT / VIPT nonaliasing data cache, VIPT aliasing instruction cache
Mar  6 10:56:18 DIBTVTest1A1 kernel: [    0.000000] Machine model: Raspberry Pi 3 Model B Rev 1.2
Mar  6 10:56:18 DIBTVTest1A1 kernel: [    0.000000] cma: Reserved 8 MiB at 0x2e400000
Mar  6 10:56:18 DIBTVTest1A1 kernel: [    0.000000] Memory policy: Data cache writealloc
Mar  6 10:56:18 DIBTVTest1A1 kernel: [    0.000000] [bcm2709_smp_init_cpus] enter (9420->f3003010)
Mar  6 10:56:18 DIBTVTest1A1 kernel: [    0.000000] [bcm2709_smp_init_cpus] ncores=4
Mar  6 10:56:18 DIBTVTest1A1 kernel: [    0.000000] PERCPU: Embedded 12 pages/cpu @aefb0000 s20416 r8192 d20544 u49152
Mar  6 10:56:18 DIBTVTest1A1 kernel: [    0.000000] Built 1 zonelists in Zone order, mobility grouping on.  Total pages: 190820
Mar  6 10:56:18 DIBTVTest1A1 kernel: [    0.000000] Kernel command line: 8250.nr_uarts=1 dma.dmachans=0x7f35 bcm2708_fb.fbwidth=656 bcm2708_fb.fbheight=416 bcm2709.boardrev=0xa02082 bcm2709.serial=0x50af3365 smsc95xx.macaddr=B8:27:EB:AF:33:65 bcm2708_fb.fbswap=1 bcm2709.uart_clock=48000000 vc_mem.mem_base=0x3dc00000 vc_mem.mem_size=0x3f000000  dwc_otg.lpm_enable=0 console=ttyS0,115200 console=tty1 root=/dev/mmcblk0p2 rootfstype=ext4 elevator=deadline fsck.repair=yes rootwait logo.nologo quiet
Mar  6 10:56:18 DIBTVTest1A1 kernel: [    0.000000] PID hash table entries: 4096 (order: 2, 16384 bytes)
Mar  6 10:56:18 DIBTVTest1A1 kernel: [    0.000000] Dentry cache hash table entries: 131072 (order: 7, 524288 bytes)
Mar  6 10:56:18 DIBTVTest1A1 kernel: [    0.000000] Inode-cache hash table entries: 65536 (order: 6, 262144 bytes)
Mar  6 10:56:18 DIBTVTest1A1 kernel: [    0.000000] Memory: 744496K/770048K available (6064K kernel code, 534K rwdata, 1664K rodata, 444K init, 757K bss, 17360K reserved, 8192K cma-reserved)
Mar  6 10:56:18 DIBTVTest1A1 kernel: [    0.000000] Virtual kernel memory layout:
Mar  6 10:56:18 DIBTVTest1A1 kernel: [    0.000000]     vector  : 0xffff0000 - 0xffff1000   (   4 kB)
Mar  6 10:56:18 DIBTVTest1A1 kernel: [    0.000000]     fixmap  : 0xffc00000 - 0xfff00000   (3072 kB)
Mar  6 10:56:18 DIBTVTest1A1 kernel: [    0.000000]     vmalloc : 0xaf800000 - 0xff000000   (1272 MB)
Mar  6 10:56:18 DIBTVTest1A1 kernel: [    0.000000]     lowmem  : 0x80000000 - 0xaf000000   ( 752 MB)
Mar  6 10:56:18 DIBTVTest1A1 kernel: [    0.000000]     modules : 0x7f000000 - 0x80000000   (  16 MB)
Mar  6 10:56:18 DIBTVTest1A1 kernel: [    0.000000]       .text : 0x80008000 - 0x807945f0   (7730 kB)
Mar  6 10:56:18 DIBTVTest1A1 kernel: [    0.000000]       .init : 0x80795000 - 0x80804000   ( 444 kB)
Mar  6 10:56:18 DIBTVTest1A1 kernel: [    0.000000]       .data : 0x80804000 - 0x80889b10   ( 535 kB)
Mar  6 10:56:18 DIBTVTest1A1 kernel: [    0.000000]        .bss : 0x8088c000 - 0x809497dc   ( 758 kB)
Mar  6 10:56:18 DIBTVTest1A1 kernel: [    0.000000] SLUB: HWalign=64, Order=0-3, MinObjects=0, CPUs=4, Nodes=1
Mar  6 10:56:18 DIBTVTest1A1 kernel: [    0.000000] Hierarchical RCU implementation.
Mar  6 10:56:18 DIBTVTest1A1 kernel: [    0.000000] 	Additional per-CPU info printed with stalls.
Mar  6 10:56:18 DIBTVTest1A1 kernel: [    0.000000] NR_IRQS:608
Mar  6 10:56:18 DIBTVTest1A1 kernel: [    0.000000] Architected cp15 timer(s) running at 19.20MHz (phys).
Mar  6 10:56:18 DIBTVTest1A1 kernel: [    0.000000] clocksource arch_sys_counter: mask: 0xffffffffffffff max_cycles: 0x46d987e47, max_idle_ns: 440795202767 ns
Mar  6 10:56:18 DIBTVTest1A1 kernel: [    0.000008] sched_clock: 56 bits at 19MHz, resolution 52ns, wraps every 4398046511078ns
Mar  6 10:56:18 DIBTVTest1A1 kernel: [    0.000025] Switching to timer-based delay loop, resolution 52ns
Mar  6 10:56:18 DIBTVTest1A1 kernel: [    0.000242] Console: colour dummy device 80x30
Mar  6 10:56:18 DIBTVTest1A1 kernel: [    0.000444] console [tty1] enabled
Mar  6 10:56:18 DIBTVTest1A1 kernel: [    0.000477] Calibrating delay loop (skipped), value calculated using timer frequency.. 38.40 BogoMIPS (lpj=192000)
Mar  6 10:56:18 DIBTVTest1A1 kernel: [    0.000496] pid_max: default: 32768 minimum: 301
Mar  6 10:56:18 DIBTVTest1A1 kernel: [    0.000801] Mount-cache hash table entries: 2048 (order: 1, 8192 bytes)
Mar  6 10:56:18 DIBTVTest1A1 kernel: [    0.000815] Mountpoint-cache hash table entries: 2048 (order: 1, 8192 bytes)
Mar  6 10:56:18 DIBTVTest1A1 kernel: [    0.001794] Initializing cgroup subsys blkio
Mar  6 10:56:18 DIBTVTest1A1 kernel: [    0.001821] Initializing cgroup subsys memory
Mar  6 10:56:18 DIBTVTest1A1 kernel: [    0.001845] Initializing cgroup subsys devices
Mar  6 10:56:18 DIBTVTest1A1 kernel: [    0.001864] Initializing cgroup subsys freezer
Mar  6 10:56:18 DIBTVTest1A1 kernel: [    0.001891] Initializing cgroup subsys net_cls
Mar  6 10:56:18 DIBTVTest1A1 kernel: [    0.001940] CPU: Testing write buffer coherency: ok
Mar  6 10:56:18 DIBTVTest1A1 kernel: [    0.002005] ftrace: allocating 20313 entries in 60 pages
Mar  6 10:56:18 DIBTVTest1A1 kernel: [    0.047172] CPU0: update cpu_capacity 1024
Mar  6 10:56:18 DIBTVTest1A1 kernel: [    0.047203] CPU0: thread -1, cpu 0, socket 0, mpidr 80000000
Mar  6 10:56:18 DIBTVTest1A1 kernel: [    0.047216] [bcm2709_smp_prepare_cpus] enter
Mar  6 10:56:18 DIBTVTest1A1 kernel: [    0.047350] Setting up static identity map for 0x8240 - 0x8274
Mar  6 10:56:18 DIBTVTest1A1 kernel: [    0.049084] [bcm2709_boot_secondary] cpu:1 started (0) 18
Mar  6 10:56:18 DIBTVTest1A1 kernel: [    0.049282] [bcm2709_secondary_init] enter cpu:1
Mar  6 10:56:18 DIBTVTest1A1 kernel: [    0.049325] CPU1: update cpu_capacity 1024
Mar  6 10:56:18 DIBTVTest1A1 kernel: [    0.049331] CPU1: thread -1, cpu 1, socket 0, mpidr 80000001
Mar  6 10:56:18 DIBTVTest1A1 kernel: [    0.049717] [bcm2709_boot_secondary] cpu:2 started (0) 18
Mar  6 10:56:18 DIBTVTest1A1 kernel: [    0.049882] [bcm2709_secondary_init] enter cpu:2
Mar  6 10:56:18 DIBTVTest1A1 kernel: [    0.049904] CPU2: update cpu_capacity 1024
Mar  6 10:56:18 DIBTVTest1A1 kernel: [    0.049910] CPU2: thread -1, cpu 2, socket 0, mpidr 80000002
Mar  6 10:56:18 DIBTVTest1A1 kernel: [    0.050270] [bcm2709_boot_secondary] cpu:3 started (0) 18
Mar  6 10:56:18 DIBTVTest1A1 kernel: [    0.050400] [bcm2709_secondary_init] enter cpu:3
Mar  6 10:56:18 DIBTVTest1A1 kernel: [    0.050421] CPU3: update cpu_capacity 1024
Mar  6 10:56:18 DIBTVTest1A1 kernel: [    0.050427] CPU3: thread -1, cpu 3, socket 0, mpidr 80000003
Mar  6 10:56:18 DIBTVTest1A1 kernel: [    0.050491] Brought up 4 CPUs
Mar  6 10:56:18 DIBTVTest1A1 kernel: [    0.050514] SMP: Total of 4 processors activated (153.60 BogoMIPS).
Mar  6 10:56:18 DIBTVTest1A1 kernel: [    0.050523] CPU: All CPU(s) started in HYP mode.
Mar  6 10:56:18 DIBTVTest1A1 kernel: [    0.050530] CPU: Virtualization extensions available.
Mar  6 10:56:18 DIBTVTest1A1 kernel: [    0.051209] devtmpfs: initialized
Mar  6 10:56:18 DIBTVTest1A1 kernel: [    0.069905] VFP support v0.3: implementor 41 architecture 3 part 40 variant 3 rev 4
Mar  6 10:56:18 DIBTVTest1A1 kernel: [    0.070144] clocksource jiffies: mask: 0xffffffff max_cycles: 0xffffffff, max_idle_ns: 19112604462750000 ns
Mar  6 10:56:18 DIBTVTest1A1 kernel: [    0.070961] pinctrl core: initialized pinctrl subsystem
Mar  6 10:56:18 DIBTVTest1A1 kernel: [    0.071488] NET: Registered protocol family 16
Mar  6 10:56:18 DIBTVTest1A1 kernel: [    0.076551] DMA: preallocated 4096 KiB pool for atomic coherent allocations
Mar  6 10:56:18 DIBTVTest1A1 kernel: [    0.077572] bcm2709.uart_clock = 48000000
Mar  6 10:56:18 DIBTVTest1A1 kernel: [    0.081623] bcm2709: Mini UART enabled
Mar  6 10:56:18 DIBTVTest1A1 kernel: [    0.081670] hw-breakpoint: found 5 (+1 reserved) breakpoint and 4 watchpoint registers.
Mar  6 10:56:18 DIBTVTest1A1 kernel: [    0.081681] hw-breakpoint: maximum watchpoint size is 8 bytes.
Mar  6 10:56:18 DIBTVTest1A1 kernel: [    0.081832] Serial: AMBA PL011 UART driver
Mar  6 10:56:18 DIBTVTest1A1 kernel: [    0.081877] uart-pl011 3f201000.uart: could not find pctldev for node /soc/gpio@7e200000/uart0_pins, deferring probe
Mar  6 10:56:18 DIBTVTest1A1 kernel: [    0.082034] bcm2835-mbox 3f00b880.mailbox: mailbox enabled
Mar  6 10:56:18 DIBTVTest1A1 kernel: [    0.147895] bcm2708-dmaengine 3f007000.dma: DMA legacy API manager at f3007000, dmachans=0xf35
Mar  6 10:56:18 DIBTVTest1A1 kernel: [    0.147926] bcm2708-dmaengine 3f007000.dma: Initialized 7 DMA channels (+ 1 legacy)
Mar  6 10:56:18 DIBTVTest1A1 kernel: [    0.148483] bcm2708-dmaengine 3f007000.dma: Load BCM2835 DMA engine driver
Mar  6 10:56:18 DIBTVTest1A1 kernel: [    0.148496] bcm2708-dmaengine 3f007000.dma: dma_debug:0
Mar  6 10:56:18 DIBTVTest1A1 kernel: [    0.149046] SCSI subsystem initialized
Mar  6 10:56:18 DIBTVTest1A1 kernel: [    0.149236] usbcore: registered new interface driver usbfs
Mar  6 10:56:18 DIBTVTest1A1 kernel: [    0.149328] usbcore: registered new interface driver hub
Mar  6 10:56:18 DIBTVTest1A1 kernel: [    0.149426] usbcore: registered new device driver usb
Mar  6 10:56:18 DIBTVTest1A1 kernel: [    0.149948] raspberrypi-firmware soc:firmware: Attached to firmware from 2016-03-15 14:47
Mar  6 10:56:18 DIBTVTest1A1 kernel: [    0.177045] Switched to clocksource arch_sys_counter
Mar  6 10:56:18 DIBTVTest1A1 kernel: [    0.218475] FS-Cache: Loaded
Mar  6 10:56:18 DIBTVTest1A1 kernel: [    0.218741] CacheFiles: Loaded
Mar  6 10:56:18 DIBTVTest1A1 kernel: [    0.228057] NET: Registered protocol family 2
Mar  6 10:56:18 DIBTVTest1A1 kernel: [    0.229002] TCP established hash table entries: 8192 (order: 3, 32768 bytes)
Mar  6 10:56:18 DIBTVTest1A1 kernel: [    0.229119] TCP bind hash table entries: 8192 (order: 4, 65536 bytes)
Mar  6 10:56:18 DIBTVTest1A1 kernel: [    0.229308] TCP: Hash tables configured (established 8192 bind 8192)
Mar  6 10:56:18 DIBTVTest1A1 kernel: [    0.229403] UDP hash table entries: 512 (order: 2, 16384 bytes)
Mar  6 10:56:18 DIBTVTest1A1 kernel: [    0.229450] UDP-Lite hash table entries: 512 (order: 2, 16384 bytes)
Mar  6 10:56:18 DIBTVTest1A1 kernel: [    0.229756] NET: Registered protocol family 1
Mar  6 10:56:18 DIBTVTest1A1 kernel: [    0.230054] RPC: Registered named UNIX socket transport module.
Mar  6 10:56:18 DIBTVTest1A1 kernel: [    0.230065] RPC: Registered udp transport module.
Mar  6 10:56:18 DIBTVTest1A1 kernel: [    0.230073] RPC: Registered tcp transport module.
Mar  6 10:56:18 DIBTVTest1A1 kernel: [    0.230081] RPC: Registered tcp NFSv4.1 backchannel transport module.
Mar  6 10:56:18 DIBTVTest1A1 kernel: [    0.231052] hw perfevents: enabled with armv7_cortex_a7 PMU driver, 7 counters available
Mar  6 10:56:18 DIBTVTest1A1 kernel: [    0.232087] futex hash table entries: 1024 (order: 4, 65536 bytes)
Mar  6 10:56:18 DIBTVTest1A1 kernel: [    0.245448] VFS: Disk quotas dquot_6.6.0
Mar  6 10:56:18 DIBTVTest1A1 kernel: [    0.245759] VFS: Dquot-cache hash table entries: 1024 (order 0, 4096 bytes)
Mar  6 10:56:18 DIBTVTest1A1 kernel: [    0.247864] FS-Cache: Netfs 'nfs' registered for caching
Mar  6 10:56:18 DIBTVTest1A1 kernel: [    0.248760] NFS: Registering the id_resolver key type
Mar  6 10:56:18 DIBTVTest1A1 kernel: [    0.248802] Key type id_resolver registered
Mar  6 10:56:18 DIBTVTest1A1 kernel: [    0.248812] Key type id_legacy registered
Mar  6 10:56:18 DIBTVTest1A1 kernel: [    0.250869] Block layer SCSI generic (bsg) driver version 0.4 loaded (major 252)
Mar  6 10:56:18 DIBTVTest1A1 kernel: [    0.251007] io scheduler noop registered
Mar  6 10:56:18 DIBTVTest1A1 kernel: [    0.251027] io scheduler deadline registered (default)
Mar  6 10:56:18 DIBTVTest1A1 kernel: [    0.251293] io scheduler cfq registered
Mar  6 10:56:18 DIBTVTest1A1 kernel: [    0.253537] BCM2708FB: allocated DMA memory ee800000
Mar  6 10:56:18 DIBTVTest1A1 kernel: [    0.253562] BCM2708FB: allocated DMA channel 0 @ f3007000
Mar  6 10:56:18 DIBTVTest1A1 kernel: [    0.258542] Console: switching to colour frame buffer device 82x26
Mar  6 10:56:18 DIBTVTest1A1 kernel: [    0.261429] Serial: 8250/16550 driver, 1 ports, IRQ sharing disabled
Mar  6 10:56:18 DIBTVTest1A1 kernel: [    0.262896] console [ttyS0] disabled
Mar  6 10:56:18 DIBTVTest1A1 kernel: [    0.262957] 3f215040.uart: ttyS0 at MMIO 0x3f215040 (irq = 29, base_baud = 50000000) is a 16550
Mar  6 10:56:18 DIBTVTest1A1 kernel: [    0.263493] console [ttyS0] enabled
Mar  6 10:56:18 DIBTVTest1A1 kernel: [    0.264375] vc-cma: Videocore CMA driver
Mar  6 10:56:18 DIBTVTest1A1 kernel: [    0.264386] vc-cma: vc_cma_base      = 0x00000000
Mar  6 10:56:18 DIBTVTest1A1 kernel: [    0.264395] vc-cma: vc_cma_size      = 0x00000000 (0 MiB)
Mar  6 10:56:18 DIBTVTest1A1 kernel: [    0.264404] vc-cma: vc_cma_initial   = 0x00000000 (0 MiB)
Mar  6 10:56:18 DIBTVTest1A1 kernel: [    0.264572] vc-mem: phys_addr:0x00000000 mem_base=0x3dc00000 mem_size:0x3f000000(1008 MiB)
Mar  6 10:56:18 DIBTVTest1A1 kernel: [    0.276010] brd: module loaded
Mar  6 10:56:18 DIBTVTest1A1 kernel: [    0.283067] loop: module loaded
Mar  6 10:56:18 DIBTVTest1A1 kernel: [    0.283874] vchiq: vchiq_init_state: slot_zero = 0xae880000, is_master = 0
Mar  6 10:56:18 DIBTVTest1A1 kernel: [    0.285331] Loading iSCSI transport class v2.0-870.
Mar  6 10:56:18 DIBTVTest1A1 kernel: [    0.285967] usbcore: registered new interface driver smsc95xx
Mar  6 10:56:18 DIBTVTest1A1 kernel: [    0.286016] dwc_otg: version 3.00a 10-AUG-2012 (platform bus)
Mar  6 10:56:18 DIBTVTest1A1 kernel: [    0.486322] Core Release: 2.80a
Mar  6 10:56:18 DIBTVTest1A1 kernel: [    0.486335] Setting default values for core params
Mar  6 10:56:18 DIBTVTest1A1 kernel: [    0.486369] Finished setting default values for core params
Mar  6 10:56:18 DIBTVTest1A1 kernel: [    0.686712] Using Buffer DMA mode
Mar  6 10:56:18 DIBTVTest1A1 kernel: [    0.686723] Periodic Transfer Interrupt Enhancement - disabled
Mar  6 10:56:18 DIBTVTest1A1 kernel: [    0.686731] Multiprocessor Interrupt Enhancement - disabled
Mar  6 10:56:18 DIBTVTest1A1 kernel: [    0.686741] OTG VER PARAM: 0, OTG VER FLAG: 0
Mar  6 10:56:18 DIBTVTest1A1 kernel: [    0.686755] Dedicated Tx FIFOs mode
Mar  6 10:56:18 DIBTVTest1A1 kernel: [    0.687019] WARN::dwc_otg_hcd_init:1047: FIQ DMA bounce buffers: virt = 0xae814000 dma = 0xee814000 len=9024
Mar  6 10:56:18 DIBTVTest1A1 kernel: [    0.687068] FIQ FSM acceleration enabled for :
Mar  6 10:56:18 DIBTVTest1A1 kernel: [    0.687068] Non-periodic Split Transactions
Mar  6 10:56:18 DIBTVTest1A1 kernel: [    0.687068] Periodic Split Transactions
Mar  6 10:56:18 DIBTVTest1A1 kernel: [    0.687068] High-Speed Isochronous Endpoints
Mar  6 10:56:18 DIBTVTest1A1 kernel: [    0.687135] WARN::hcd_init_fiq:412: FIQ on core 1 at 0x80417288
Mar  6 10:56:18 DIBTVTest1A1 kernel: [    0.687148] WARN::hcd_init_fiq:413: FIQ ASM at 0x804175f8 length 36
Mar  6 10:56:18 DIBTVTest1A1 kernel: [    0.687163] WARN::hcd_init_fiq:438: MPHI regs_base at 0xaf89c000
Mar  6 10:56:18 DIBTVTest1A1 kernel: [    0.687196] dwc_otg 3f980000.usb: DWC OTG Controller
Mar  6 10:56:18 DIBTVTest1A1 kernel: [    0.687231] dwc_otg 3f980000.usb: new USB bus registered, assigned bus number 1
Mar  6 10:56:18 DIBTVTest1A1 kernel: [    0.687264] dwc_otg 3f980000.usb: irq 32, io mem 0x00000000
Mar  6 10:56:18 DIBTVTest1A1 kernel: [    0.687315] Init: Port Power? op_state=1
Mar  6 10:56:18 DIBTVTest1A1 kernel: [    0.687322] Init: Power Port (0)
Mar  6 10:56:18 DIBTVTest1A1 kernel: [    0.687509] usb usb1: New USB device found, idVendor=1d6b, idProduct=0002
Mar  6 10:56:18 DIBTVTest1A1 kernel: [    0.687524] usb usb1: New USB device strings: Mfr=3, Product=2, SerialNumber=1
Mar  6 10:56:18 DIBTVTest1A1 kernel: [    0.687537] usb usb1: Product: DWC OTG Controller
Mar  6 10:56:18 DIBTVTest1A1 kernel: [    0.687549] usb usb1: Manufacturer: Linux 4.1.19-v7+ dwc_otg_hcd
Mar  6 10:56:18 DIBTVTest1A1 kernel: [    0.687561] usb usb1: SerialNumber: 3f980000.usb
Mar  6 10:56:18 DIBTVTest1A1 kernel: [    0.688213] hub 1-0:1.0: USB hub found
Mar  6 10:56:18 DIBTVTest1A1 kernel: [    0.688255] hub 1-0:1.0: 1 port detected
Mar  6 10:56:18 DIBTVTest1A1 kernel: [    0.688941] usbcore: registered new interface driver usb-storage
Mar  6 10:56:18 DIBTVTest1A1 kernel: [    0.689114] mousedev: PS/2 mouse device common for all mice
Mar  6 10:56:18 DIBTVTest1A1 kernel: [    0.689787] bcm2835-cpufreq: min=600000 max=1200000
Mar  6 10:56:18 DIBTVTest1A1 kernel: [    0.690070] sdhci: Secure Digital Host Controller Interface driver
Mar  6 10:56:18 DIBTVTest1A1 kernel: [    0.690079] sdhci: Copyright(c) Pierre Ossman
Mar  6 10:56:18 DIBTVTest1A1 kernel: [    0.690352] sdhost: log_buf @ ae813000 (ee813000)
Mar  6 10:56:18 DIBTVTest1A1 kernel: [    0.767076] mmc0: sdhost-bcm2835 loaded - DMA enabled (>1)
Mar  6 10:56:18 DIBTVTest1A1 kernel: [    0.769301] mmc-bcm2835 3f300000.mmc: mmc_debug:0 mmc_debug2:0
Mar  6 10:56:18 DIBTVTest1A1 kernel: [    0.769315] mmc-bcm2835 3f300000.mmc: DMA channel allocated
Mar  6 10:56:18 DIBTVTest1A1 kernel: [    0.807150] sdhci-pltfm: SDHCI platform and OF driver helper
Mar  6 10:56:18 DIBTVTest1A1 kernel: [    0.807498] ledtrig-cpu: registered to indicate activity on CPUs
Mar  6 10:56:18 DIBTVTest1A1 kernel: [    0.807625] hidraw: raw HID events driver (C) Jiri Kosina
Mar  6 10:56:18 DIBTVTest1A1 kernel: [    0.807822] usbcore: registered new interface driver usbhid
Mar  6 10:56:18 DIBTVTest1A1 kernel: [    0.807831] usbhid: USB HID core driver
Mar  6 10:56:18 DIBTVTest1A1 kernel: [    0.808206] Initializing XFRM netlink socket
Mar  6 10:56:18 DIBTVTest1A1 kernel: [    0.808238] NET: Registered protocol family 17
Mar  6 10:56:18 DIBTVTest1A1 kernel: [    0.808355] Key type dns_resolver registered
Mar  6 10:56:18 DIBTVTest1A1 kernel: [    0.808823] Registering SWP/SWPB emulation handler
Mar  6 10:56:18 DIBTVTest1A1 kernel: [    0.809464] registered taskstats version 1
Mar  6 10:56:18 DIBTVTest1A1 kernel: [    0.809650] vc-sm: Videocore shared memory driver
Mar  6 10:56:18 DIBTVTest1A1 kernel: [    0.809666] [vc_sm_connected_init]: start
Mar  6 10:56:18 DIBTVTest1A1 kernel: [    0.810161] [vc_sm_connected_init]: end - returning 0
Mar  6 10:56:18 DIBTVTest1A1 kernel: [    0.811505] 3f201000.uart: ttyAMA0 at MMIO 0x3f201000 (irq = 83, base_baud = 0) is a PL011 rev2
Mar  6 10:56:18 DIBTVTest1A1 kernel: [    0.812659] Waiting for root device /dev/mmcblk0p2...
Mar  6 10:56:18 DIBTVTest1A1 kernel: [    0.828311] mmc0: host does not support reading read-only switch, assuming write-enable
Mar  6 10:56:18 DIBTVTest1A1 kernel: [    0.831107] mmc0: new high speed SDHC card at address 59b4
Mar  6 10:56:18 DIBTVTest1A1 kernel: [    0.831523] mmcblk0: mmc0:59b4 SMTC  14.6 GiB 
Mar  6 10:56:18 DIBTVTest1A1 kernel: [    0.833071]  mmcblk0: p1 p2
Mar  6 10:56:18 DIBTVTest1A1 kernel: [    0.850808] mmc1: queuing unknown CIS tuple 0x80 (2 bytes)
Mar  6 10:56:18 DIBTVTest1A1 kernel: [    0.852354] mmc1: queuing unknown CIS tuple 0x80 (3 bytes)
Mar  6 10:56:18 DIBTVTest1A1 kernel: [    0.853906] mmc1: queuing unknown CIS tuple 0x80 (3 bytes)
Mar  6 10:56:18 DIBTVTest1A1 kernel: [    0.856679] mmc1: queuing unknown CIS tuple 0x80 (7 bytes)
Mar  6 10:56:18 DIBTVTest1A1 kernel: [    0.887145] Indeed it is in host mode hprt0 = 00021501
Mar  6 10:56:18 DIBTVTest1A1 kernel: [    0.951270] EXT4-fs (mmcblk0p2): mounted filesystem with ordered data mode. Opts: (null)
Mar  6 10:56:18 DIBTVTest1A1 kernel: [    0.951323] VFS: Mounted root (ext4 filesystem) readonly on device 179:2.
Mar  6 10:56:18 DIBTVTest1A1 kernel: [    0.951515] mmc1: new high speed SDIO card at address 0001
Mar  6 10:56:18 DIBTVTest1A1 kernel: [    0.952117] devtmpfs: mounted
Mar  6 10:56:18 DIBTVTest1A1 kernel: [    0.952848] Freeing unused kernel memory: 444K (80795000 - 80804000)
Mar  6 10:56:18 DIBTVTest1A1 kernel: [    1.067105] usb 1-1: new high-speed USB device number 2 using dwc_otg
Mar  6 10:56:18 DIBTVTest1A1 kernel: [    1.067245] Indeed it is in host mode hprt0 = 00001101
Mar  6 10:56:18 DIBTVTest1A1 kernel: [    1.267417] usb 1-1: New USB device found, idVendor=0424, idProduct=9514
Mar  6 10:56:18 DIBTVTest1A1 kernel: [    1.267437] usb 1-1: New USB device strings: Mfr=0, Product=0, SerialNumber=0
Mar  6 10:56:18 DIBTVTest1A1 kernel: [    1.268140] hub 1-1:1.0: USB hub found
Mar  6 10:56:18 DIBTVTest1A1 kernel: [    1.268245] hub 1-1:1.0: 5 ports detected
Mar  6 10:56:18 DIBTVTest1A1 kernel: [    1.341763] random: systemd urandom read with 52 bits of entropy available
Mar  6 10:56:18 DIBTVTest1A1 kernel: [    1.508879] NET: Registered protocol family 10
Mar  6 10:56:18 DIBTVTest1A1 kernel: [    1.547170] usb 1-1.1: new high-speed USB device number 3 using dwc_otg
Mar  6 10:56:18 DIBTVTest1A1 kernel: [    1.647415] usb 1-1.1: New USB device found, idVendor=0424, idProduct=ec00
Mar  6 10:56:18 DIBTVTest1A1 kernel: [    1.647435] usb 1-1.1: New USB device strings: Mfr=0, Product=0, SerialNumber=0
Mar  6 10:56:18 DIBTVTest1A1 kernel: [    1.650133] smsc95xx v1.0.4
Mar  6 10:56:18 DIBTVTest1A1 kernel: [    1.710254] smsc95xx 1-1.1:1.0 eth0: register 'smsc95xx' at usb-3f980000.usb-1.1, smsc95xx USB 2.0 Ethernet, b8:27:eb:af:33:65
Mar  6 10:56:18 DIBTVTest1A1 kernel: [    2.128593] fuse init (API version 7.23)
Mar  6 10:56:18 DIBTVTest1A1 kernel: [    2.228875] i2c /dev entries driver
Mar  6 10:56:18 DIBTVTest1A1 kernel: [    3.077566] EXT4-fs (mmcblk0p2): re-mounted. Opts: (null)
Mar  6 10:56:18 DIBTVTest1A1 kernel: [    3.306263] cfg80211: Calling CRDA to update world regulatory domain
Mar  6 10:56:18 DIBTVTest1A1 kernel: [    3.456365] usbcore: registered new interface driver brcmfmac
Mar  6 10:56:18 DIBTVTest1A1 kernel: [    3.775037] bcm2835-rng 3f104000.rng: hwrng registered
Mar  6 10:56:18 DIBTVTest1A1 kernel: [    3.776150] gpiomem-bcm2835 3f200000.gpiomem: Initialised: Registers at 0x3f200000
Mar  6 10:56:18 DIBTVTest1A1 kernel: [    3.945940] cfg80211: World regulatory domain updated:
Mar  6 10:56:18 DIBTVTest1A1 kernel: [    3.945945] cfg80211:  DFS Master region: unset
Mar  6 10:56:18 DIBTVTest1A1 kernel: [    3.945950] cfg80211:   (start_freq - end_freq @ bandwidth), (max_antenna_gain, max_eirp), (dfs_cac_time)
Mar  6 10:56:18 DIBTVTest1A1 kernel: [    3.945958] cfg80211:   (2402000 KHz - 2472000 KHz @ 40000 KHz), (N/A, 2000 mBm), (N/A)
Mar  6 10:56:18 DIBTVTest1A1 kernel: [    3.945965] cfg80211:   (2457000 KHz - 2482000 KHz @ 20000 KHz, 92000 KHz AUTO), (N/A, 2000 mBm), (N/A)
Mar  6 10:56:18 DIBTVTest1A1 kernel: [    3.945971] cfg80211:   (2474000 KHz - 2494000 KHz @ 20000 KHz), (N/A, 2000 mBm), (N/A)
Mar  6 10:56:18 DIBTVTest1A1 kernel: [    3.945978] cfg80211:   (5170000 KHz - 5250000 KHz @ 80000 KHz, 160000 KHz AUTO), (N/A, 2000 mBm), (N/A)
Mar  6 10:56:18 DIBTVTest1A1 kernel: [    3.945986] cfg80211:   (5250000 KHz - 5330000 KHz @ 80000 KHz, 160000 KHz AUTO), (N/A, 2000 mBm), (0 s)
Mar  6 10:56:18 DIBTVTest1A1 kernel: [    3.945992] cfg80211:   (5490000 KHz - 5730000 KHz @ 160000 KHz), (N/A, 2000 mBm), (0 s)
Mar  6 10:56:18 DIBTVTest1A1 kernel: [    3.945998] cfg80211:   (5735000 KHz - 5835000 KHz @ 80000 KHz), (N/A, 2000 mBm), (N/A)
Mar  6 10:56:18 DIBTVTest1A1 kernel: [    3.946004] cfg80211:   (57240000 KHz - 63720000 KHz @ 2160000 KHz), (N/A, 0 mBm), (N/A)
Mar  6 10:56:18 DIBTVTest1A1 kernel: [    4.180499] brcmfmac: power management disabled
Mar  6 10:56:18 DIBTVTest1A1 kernel: [    4.418725] uart-pl011 3f201000.uart: no DMA platform data
Mar  6 10:56:18 DIBTVTest1A1 kernel: [    4.702153] cfg80211: Calling CRDA for country: US
Mar  6 10:56:18 DIBTVTest1A1 kernel: [    4.732588] cfg80211: Regulatory domain changed to country: US
Mar  6 10:56:18 DIBTVTest1A1 kernel: [    4.732630] cfg80211:  DFS Master region: FCC
Mar  6 10:56:18 DIBTVTest1A1 kernel: [    4.732638] cfg80211:   (start_freq - end_freq @ bandwidth), (max_antenna_gain, max_eirp), (dfs_cac_time)
Mar  6 10:56:18 DIBTVTest1A1 kernel: [    4.732648] cfg80211:   (2402000 KHz - 2472000 KHz @ 40000 KHz), (N/A, 3000 mBm), (N/A)
Mar  6 10:56:18 DIBTVTest1A1 kernel: [    4.732659] cfg80211:   (5170000 KHz - 5250000 KHz @ 80000 KHz, 160000 KHz AUTO), (N/A, 2300 mBm), (N/A)
Mar  6 10:56:18 DIBTVTest1A1 kernel: [    4.732666] cfg80211:   (5250000 KHz - 5330000 KHz @ 80000 KHz, 160000 KHz AUTO), (N/A, 2300 mBm), (0 s)
Mar  6 10:56:18 DIBTVTest1A1 kernel: [    4.732673] cfg80211:   (5490000 KHz - 5730000 KHz @ 160000 KHz), (N/A, 2300 mBm), (0 s)
Mar  6 10:56:18 DIBTVTest1A1 kernel: [    4.732679] cfg80211:   (5735000 KHz - 5835000 KHz @ 80000 KHz), (N/A, 3000 mBm), (N/A)
Mar  6 10:56:18 DIBTVTest1A1 kernel: [    4.732686] cfg80211:   (57240000 KHz - 63720000 KHz @ 2160000 KHz), (N/A, 4000 mBm), (N/A)
Mar  6 10:56:18 DIBTVTest1A1 kernel: [    4.752060] random: nonblocking pool is initialized
Mar  6 10:56:18 DIBTVTest1A1 kernel: [    4.969421] Adding 102396k swap on /var/swap.  Priority:-1 extents:3 across:1773568k SSFS
Mar  6 10:56:18 DIBTVTest1A1 kernel: [    5.118369] smsc95xx 1-1.1:1.0 eth0: hardware isn't capable of remote wakeup
Mar  6 10:56:18 DIBTVTest1A1 kernel: [    5.118684] IPv6: ADDRCONF(NETDEV_UP): eth0: link is not ready
Mar  6 10:56:19 DIBTVTest1A1 kernel: [    5.810238] gpiomem-bcm2835 3f200000.gpiomem: gpiomem device opened.
Mar  6 10:56:19 DIBTVTest1A1 kernel: [    5.838825] cfg80211: Calling CRDA for country: US
Mar  6 10:56:19 DIBTVTest1A1 kernel: [    5.854888] cfg80211: Regulatory domain changed to country: US
Mar  6 10:56:19 DIBTVTest1A1 kernel: [    5.854899] cfg80211:  DFS Master region: FCC
Mar  6 10:56:19 DIBTVTest1A1 kernel: [    5.854904] cfg80211:   (start_freq - end_freq @ bandwidth), (max_antenna_gain, max_eirp), (dfs_cac_time)
Mar  6 10:56:19 DIBTVTest1A1 kernel: [    5.854912] cfg80211:   (2402000 KHz - 2472000 KHz @ 40000 KHz), (N/A, 3000 mBm), (N/A)
Mar  6 10:56:19 DIBTVTest1A1 kernel: [    5.854920] cfg80211:   (5170000 KHz - 5250000 KHz @ 80000 KHz, 160000 KHz AUTO), (N/A, 2300 mBm), (N/A)
Mar  6 10:56:19 DIBTVTest1A1 kernel: [    5.854927] cfg80211:   (5250000 KHz - 5330000 KHz @ 80000 KHz, 160000 KHz AUTO), (N/A, 2300 mBm), (0 s)
Mar  6 10:56:19 DIBTVTest1A1 kernel: [    5.854934] cfg80211:   (5490000 KHz - 5730000 KHz @ 160000 KHz), (N/A, 2300 mBm), (0 s)
Mar  6 10:56:19 DIBTVTest1A1 kernel: [    5.854940] cfg80211:   (5735000 KHz - 5835000 KHz @ 80000 KHz), (N/A, 3000 mBm), (N/A)
Mar  6 10:56:19 DIBTVTest1A1 kernel: [    5.854946] cfg80211:   (57240000 KHz - 63720000 KHz @ 2160000 KHz), (N/A, 4000 mBm), (N/A)
Mar  6 10:56:22 DIBTVTest1A1 kernel: [    8.896528] Bluetooth: Core ver 2.20
Mar  6 10:56:22 DIBTVTest1A1 kernel: [    8.896593] NET: Registered protocol family 31
Mar  6 10:56:22 DIBTVTest1A1 kernel: [    8.896598] Bluetooth: HCI device and connection manager initialized
Mar  6 10:56:22 DIBTVTest1A1 kernel: [    8.896615] Bluetooth: HCI socket layer initialized
Mar  6 10:56:22 DIBTVTest1A1 kernel: [    8.896625] Bluetooth: L2CAP socket layer initialized
Mar  6 10:56:22 DIBTVTest1A1 kernel: [    8.896644] Bluetooth: SCO socket layer initialized
Mar  6 10:56:22 DIBTVTest1A1 kernel: [    8.929385] Bluetooth: HCI UART driver ver 2.3
Mar  6 10:56:22 DIBTVTest1A1 kernel: [    8.929401] Bluetooth: HCI UART protocol H4 registered
Mar  6 10:56:22 DIBTVTest1A1 kernel: [    8.929405] Bluetooth: HCI UART protocol Three-wire (H5) registered
Mar  6 10:56:22 DIBTVTest1A1 kernel: [    8.929410] Bluetooth: HCI UART protocol BCM registered
Mar  6 10:56:22 DIBTVTest1A1 kernel: [    9.154496] Bluetooth: BNEP (Ethernet Emulation) ver 1.3
Mar  6 10:56:22 DIBTVTest1A1 kernel: [    9.154509] Bluetooth: BNEP filters: protocol multicast
Mar  6 10:56:22 DIBTVTest1A1 kernel: [    9.154525] Bluetooth: BNEP socket layer initialized
Mar  6 10:56:26 DIBTVTest1A1 rsyslogd-2007: action 'action 17' suspended, next retry is Thu Mar  6 10:56:56 2025 [try http://www.rsyslog.com/e/2007 ]
Mar  6 10:56:26 DIBTVTest1A1 org.gtk.Private.AfcVolumeMonitor[767]: Volume monitor alive
Mar  6 10:57:27 DIBTVTest1A1 rsyslogd-2007: action 'action 17' suspended, next retry is Thu Mar  6 10:57:57 2025 [try http://www.rsyslog.com/e/2007 ]
Mar  6 11:06:01 DIBTVTest1A1 rsyslogd-2007: action 'action 17' suspended, next retry is Thu Mar  6 11:06:31 2025 [try http://www.rsyslog.com/e/2007 ]
Mar  6 11:06:04 DIBTVTest1A1 org.gtk.vfs.Daemon[767]: A connection to the bus can't be made
Mar  6 11:06:04 DIBTVTest1A1 org.gtk.vfs.Daemon[767]: g_dbus_connection_real_closed: Remote peer vanished with error: Underlying GIOStream returned 0 bytes on an async read (g-io-error-quark, 0). Exiting.
Mar  6 11:06:04 DIBTVTest1A1 rsyslogd: [origin software="rsyslogd" swVersion="8.4.2" x-pid="387" x-info="http://www.rsyslog.com"] exiting on signal 15.
Mar  6 11:06:07 DIBTVTest1A1 rsyslogd: [origin software="rsyslogd" swVersion="8.4.2" x-pid="385" x-info="http://www.rsyslog.com"] start
Mar  6 11:06:07 DIBTVTest1A1 kernel: [    0.000000] Booting Linux on physical CPU 0x0
Mar  6 11:06:07 DIBTVTest1A1 kernel: [    0.000000] Initializing cgroup subsys cpuset
Mar  6 11:06:07 DIBTVTest1A1 kernel: [    0.000000] Initializing cgroup subsys cpu
Mar  6 11:06:07 DIBTVTest1A1 kernel: [    0.000000] Initializing cgroup subsys cpuacct
Mar  6 11:06:07 DIBTVTest1A1 kernel: [    0.000000] Linux version 4.1.19-v7+ (dc4@dc4-XPS13-9333) (gcc version 4.9.3 (crosstool-NG crosstool-ng-1.22.0-88-g8460611) ) #858 SMP Tue Mar 15 15:56:00 GMT 2016
Mar  6 11:06:07 DIBTVTest1A1 kernel: [    0.000000] CPU: ARMv7 Processor [410fd034] revision 4 (ARMv7), cr=10c5383d
Mar  6 11:06:07 DIBTVTest1A1 kernel: [    0.000000] CPU: PIPT / VIPT nonaliasing data cache, VIPT aliasing instruction cache
Mar  6 11:06:07 DIBTVTest1A1 kernel: [    0.000000] Machine model: Raspberry Pi 3 Model B Rev 1.2
Mar  6 11:06:07 DIBTVTest1A1 kernel: [    0.000000] cma: Reserved 8 MiB at 0x2e400000
Mar  6 11:06:07 DIBTVTest1A1 kernel: [    0.000000] Memory policy: Data cache writealloc
Mar  6 11:06:07 DIBTVTest1A1 kernel: [    0.000000] [bcm2709_smp_init_cpus] enter (9420->f3003010)
Mar  6 11:06:07 DIBTVTest1A1 kernel: [    0.000000] [bcm2709_smp_init_cpus] ncores=4
Mar  6 11:06:07 DIBTVTest1A1 kernel: [    0.000000] PERCPU: Embedded 12 pages/cpu @aefb0000 s20416 r8192 d20544 u49152
Mar  6 11:06:07 DIBTVTest1A1 kernel: [    0.000000] Built 1 zonelists in Zone order, mobility grouping on.  Total pages: 190820
Mar  6 11:06:07 DIBTVTest1A1 kernel: [    0.000000] Kernel command line: 8250.nr_uarts=1 dma.dmachans=0x7f35 bcm2708_fb.fbwidth=656 bcm2708_fb.fbheight=416 bcm2709.boardrev=0xa02082 bcm2709.serial=0x50af3365 smsc95xx.macaddr=B8:27:EB:AF:33:65 bcm2708_fb.fbswap=1 bcm2709.uart_clock=48000000 vc_mem.mem_base=0x3dc00000 vc_mem.mem_size=0x3f000000  dwc_otg.lpm_enable=0 console=ttyS0,115200 console=tty1 root=/dev/mmcblk0p2 rootfstype=ext4 elevator=deadline fsck.repair=yes rootwait logo.nologo quiet
Mar  6 11:06:07 DIBTVTest1A1 kernel: [    0.000000] PID hash table entries: 4096 (order: 2, 16384 bytes)
Mar  6 11:06:07 DIBTVTest1A1 kernel: [    0.000000] Dentry cache hash table entries: 131072 (order: 7, 524288 bytes)
Mar  6 11:06:07 DIBTVTest1A1 kernel: [    0.000000] Inode-cache hash table entries: 65536 (order: 6, 262144 bytes)
Mar  6 11:06:07 DIBTVTest1A1 kernel: [    0.000000] Memory: 744496K/770048K available (6064K kernel code, 534K rwdata, 1664K rodata, 444K init, 757K bss, 17360K reserved, 8192K cma-reserved)
Mar  6 11:06:07 DIBTVTest1A1 kernel: [    0.000000] Virtual kernel memory layout:
Mar  6 11:06:07 DIBTVTest1A1 kernel: [    0.000000]     vector  : 0xffff0000 - 0xffff1000   (   4 kB)
Mar  6 11:06:07 DIBTVTest1A1 kernel: [    0.000000]     fixmap  : 0xffc00000 - 0xfff00000   (3072 kB)
Mar  6 11:06:07 DIBTVTest1A1 kernel: [    0.000000]     vmalloc : 0xaf800000 - 0xff000000   (1272 MB)
Mar  6 11:06:07 DIBTVTest1A1 kernel: [    0.000000]     lowmem  : 0x80000000 - 0xaf000000   ( 752 MB)
Mar  6 11:06:07 DIBTVTest1A1 kernel: [    0.000000]     modules : 0x7f000000 - 0x80000000   (  16 MB)
Mar  6 11:06:07 DIBTVTest1A1 kernel: [    0.000000]       .text : 0x80008000 - 0x807945f0   (7730 kB)
Mar  6 11:06:07 DIBTVTest1A1 kernel: [    0.000000]       .init : 0x80795000 - 0x80804000   ( 444 kB)
Mar  6 11:06:07 DIBTVTest1A1 kernel: [    0.000000]       .data : 0x80804000 - 0x80889b10   ( 535 kB)
Mar  6 11:06:07 DIBTVTest1A1 kernel: [    0.000000]        .bss : 0x8088c000 - 0x809497dc   ( 758 kB)
Mar  6 11:06:07 DIBTVTest1A1 kernel: [    0.000000] SLUB: HWalign=64, Order=0-3, MinObjects=0, CPUs=4, Nodes=1
Mar  6 11:06:07 DIBTVTest1A1 kernel: [    0.000000] Hierarchical RCU implementation.
Mar  6 11:06:07 DIBTVTest1A1 kernel: [    0.000000] 	Additional per-CPU info printed with stalls.
Mar  6 11:06:07 DIBTVTest1A1 kernel: [    0.000000] NR_IRQS:608
Mar  6 11:06:07 DIBTVTest1A1 kernel: [    0.000000] Architected cp15 timer(s) running at 19.20MHz (phys).
Mar  6 11:06:07 DIBTVTest1A1 kernel: [    0.000000] clocksource arch_sys_counter: mask: 0xffffffffffffff max_cycles: 0x46d987e47, max_idle_ns: 440795202767 ns
Mar  6 11:06:07 DIBTVTest1A1 kernel: [    0.000008] sched_clock: 56 bits at 19MHz, resolution 52ns, wraps every 4398046511078ns
Mar  6 11:06:07 DIBTVTest1A1 kernel: [    0.000025] Switching to timer-based delay loop, resolution 52ns
Mar  6 11:06:07 DIBTVTest1A1 kernel: [    0.000249] Console: colour dummy device 80x30
Mar  6 11:06:07 DIBTVTest1A1 kernel: [    0.000448] console [tty1] enabled
Mar  6 11:06:07 DIBTVTest1A1 kernel: [    0.000480] Calibrating delay loop (skipped), value calculated using timer frequency.. 38.40 BogoMIPS (lpj=192000)
Mar  6 11:06:07 DIBTVTest1A1 kernel: [    0.000500] pid_max: default: 32768 minimum: 301
Mar  6 11:06:07 DIBTVTest1A1 kernel: [    0.000801] Mount-cache hash table entries: 2048 (order: 1, 8192 bytes)
Mar  6 11:06:07 DIBTVTest1A1 kernel: [    0.000816] Mountpoint-cache hash table entries: 2048 (order: 1, 8192 bytes)
Mar  6 11:06:07 DIBTVTest1A1 kernel: [    0.001785] Initializing cgroup subsys blkio
Mar  6 11:06:07 DIBTVTest1A1 kernel: [    0.001811] Initializing cgroup subsys memory
Mar  6 11:06:07 DIBTVTest1A1 kernel: [    0.001834] Initializing cgroup subsys devices
Mar  6 11:06:07 DIBTVTest1A1 kernel: [    0.001854] Initializing cgroup subsys freezer
Mar  6 11:06:07 DIBTVTest1A1 kernel: [    0.001881] Initializing cgroup subsys net_cls
Mar  6 11:06:07 DIBTVTest1A1 kernel: [    0.001930] CPU: Testing write buffer coherency: ok
Mar  6 11:06:07 DIBTVTest1A1 kernel: [    0.001998] ftrace: allocating 20313 entries in 60 pages
Mar  6 11:06:07 DIBTVTest1A1 kernel: [    0.047162] CPU0: update cpu_capacity 1024
Mar  6 11:06:07 DIBTVTest1A1 kernel: [    0.047194] CPU0: thread -1, cpu 0, socket 0, mpidr 80000000
Mar  6 11:06:07 DIBTVTest1A1 kernel: [    0.047207] [bcm2709_smp_prepare_cpus] enter
Mar  6 11:06:07 DIBTVTest1A1 kernel: [    0.047343] Setting up static identity map for 0x8240 - 0x8274
Mar  6 11:06:07 DIBTVTest1A1 kernel: [    0.049087] [bcm2709_boot_secondary] cpu:1 started (0) 17
Mar  6 11:06:07 DIBTVTest1A1 kernel: [    0.049307] [bcm2709_secondary_init] enter cpu:1
Mar  6 11:06:07 DIBTVTest1A1 kernel: [    0.049348] CPU1: update cpu_capacity 1024
Mar  6 11:06:07 DIBTVTest1A1 kernel: [    0.049354] CPU1: thread -1, cpu 1, socket 0, mpidr 80000001
Mar  6 11:06:07 DIBTVTest1A1 kernel: [    0.049743] [bcm2709_boot_secondary] cpu:2 started (0) 18
Mar  6 11:06:07 DIBTVTest1A1 kernel: [    0.049908] [bcm2709_secondary_init] enter cpu:2
Mar  6 11:06:07 DIBTVTest1A1 kernel: [    0.049930] CPU2: update cpu_capacity 1024
Mar  6 11:06:07 DIBTVTest1A1 kernel: [    0.049936] CPU2: thread -1, cpu 2, socket 0, mpidr 80000002
Mar  6 11:06:07 DIBTVTest1A1 kernel: [    0.050297] [bcm2709_boot_secondary] cpu:3 started (0) 18
Mar  6 11:06:07 DIBTVTest1A1 kernel: [    0.050427] [bcm2709_secondary_init] enter cpu:3
Mar  6 11:06:07 DIBTVTest1A1 kernel: [    0.050448] CPU3: update cpu_capacity 1024
Mar  6 11:06:07 DIBTVTest1A1 kernel: [    0.050454] CPU3: thread -1, cpu 3, socket 0, mpidr 80000003
Mar  6 11:06:07 DIBTVTest1A1 kernel: [    0.050520] Brought up 4 CPUs
Mar  6 11:06:07 DIBTVTest1A1 kernel: [    0.050543] SMP: Total of 4 processors activated (153.60 BogoMIPS).
Mar  6 11:06:07 DIBTVTest1A1 kernel: [    0.050552] CPU: All CPU(s) started in HYP mode.
Mar  6 11:06:07 DIBTVTest1A1 kernel: [    0.050559] CPU: Virtualization extensions available.
Mar  6 11:06:07 DIBTVTest1A1 kernel: [    0.051235] devtmpfs: initialized
Mar  6 11:06:07 DIBTVTest1A1 kernel: [    0.069927] VFP support v0.3: implementor 41 architecture 3 part 40 variant 3 rev 4
Mar  6 11:06:07 DIBTVTest1A1 kernel: [    0.070163] clocksource jiffies: mask: 0xffffffff max_cycles: 0xffffffff, max_idle_ns: 19112604462750000 ns
Mar  6 11:06:07 DIBTVTest1A1 kernel: [    0.070986] pinctrl core: initialized pinctrl subsystem
Mar  6 11:06:07 DIBTVTest1A1 kernel: [    0.071516] NET: Registered protocol family 16
Mar  6 11:06:07 DIBTVTest1A1 kernel: [    0.076649] DMA: preallocated 4096 KiB pool for atomic coherent allocations
Mar  6 11:06:07 DIBTVTest1A1 kernel: [    0.077640] bcm2709.uart_clock = 48000000
Mar  6 11:06:07 DIBTVTest1A1 kernel: [    0.081699] bcm2709: Mini UART enabled
Mar  6 11:06:07 DIBTVTest1A1 kernel: [    0.081746] hw-breakpoint: found 5 (+1 reserved) breakpoint and 4 watchpoint registers.
Mar  6 11:06:07 DIBTVTest1A1 kernel: [    0.081756] hw-breakpoint: maximum watchpoint size is 8 bytes.
Mar  6 11:06:07 DIBTVTest1A1 kernel: [    0.081908] Serial: AMBA PL011 UART driver
Mar  6 11:06:07 DIBTVTest1A1 kernel: [    0.081953] uart-pl011 3f201000.uart: could not find pctldev for node /soc/gpio@7e200000/uart0_pins, deferring probe
Mar  6 11:06:07 DIBTVTest1A1 kernel: [    0.082108] bcm2835-mbox 3f00b880.mailbox: mailbox enabled
Mar  6 11:06:07 DIBTVTest1A1 kernel: [    0.147869] bcm2708-dmaengine 3f007000.dma: DMA legacy API manager at f3007000, dmachans=0xf35
Mar  6 11:06:07 DIBTVTest1A1 kernel: [    0.147900] bcm2708-dmaengine 3f007000.dma: Initialized 7 DMA channels (+ 1 legacy)
Mar  6 11:06:07 DIBTVTest1A1 kernel: [    0.148459] bcm2708-dmaengine 3f007000.dma: Load BCM2835 DMA engine driver
Mar  6 11:06:07 DIBTVTest1A1 kernel: [    0.148472] bcm2708-dmaengine 3f007000.dma: dma_debug:0
Mar  6 11:06:07 DIBTVTest1A1 kernel: [    0.149022] SCSI subsystem initialized
Mar  6 11:06:07 DIBTVTest1A1 kernel: [    0.149212] usbcore: registered new interface driver usbfs
Mar  6 11:06:07 DIBTVTest1A1 kernel: [    0.149304] usbcore: registered new interface driver hub
Mar  6 11:06:07 DIBTVTest1A1 kernel: [    0.149401] usbcore: registered new device driver usb
Mar  6 11:06:07 DIBTVTest1A1 kernel: [    0.149923] raspberrypi-firmware soc:firmware: Attached to firmware from 2016-03-15 14:47
Mar  6 11:06:07 DIBTVTest1A1 kernel: [    0.177017] Switched to clocksource arch_sys_counter
Mar  6 11:06:07 DIBTVTest1A1 kernel: [    0.218410] FS-Cache: Loaded
Mar  6 11:06:07 DIBTVTest1A1 kernel: [    0.218674] CacheFiles: Loaded
Mar  6 11:06:07 DIBTVTest1A1 kernel: [    0.228001] NET: Registered protocol family 2
Mar  6 11:06:07 DIBTVTest1A1 kernel: [    0.228948] TCP established hash table entries: 8192 (order: 3, 32768 bytes)
Mar  6 11:06:07 DIBTVTest1A1 kernel: [    0.229065] TCP bind hash table entries: 8192 (order: 4, 65536 bytes)
Mar  6 11:06:07 DIBTVTest1A1 kernel: [    0.229254] TCP: Hash tables configured (established 8192 bind 8192)
Mar  6 11:06:07 DIBTVTest1A1 kernel: [    0.229347] UDP hash table entries: 512 (order: 2, 16384 bytes)
Mar  6 11:06:07 DIBTVTest1A1 kernel: [    0.229395] UDP-Lite hash table entries: 512 (order: 2, 16384 bytes)
Mar  6 11:06:07 DIBTVTest1A1 kernel: [    0.229701] NET: Registered protocol family 1
Mar  6 11:06:07 DIBTVTest1A1 kernel: [    0.230001] RPC: Registered named UNIX socket transport module.
Mar  6 11:06:07 DIBTVTest1A1 kernel: [    0.230012] RPC: Registered udp transport module.
Mar  6 11:06:07 DIBTVTest1A1 kernel: [    0.230020] RPC: Registered tcp transport module.
Mar  6 11:06:07 DIBTVTest1A1 kernel: [    0.230028] RPC: Registered tcp NFSv4.1 backchannel transport module.
Mar  6 11:06:07 DIBTVTest1A1 kernel: [    0.230993] hw perfevents: enabled with armv7_cortex_a7 PMU driver, 7 counters available
Mar  6 11:06:07 DIBTVTest1A1 kernel: [    0.232026] futex hash table entries: 1024 (order: 4, 65536 bytes)
Mar  6 11:06:07 DIBTVTest1A1 kernel: [    0.245393] VFS: Disk quotas dquot_6.6.0
Mar  6 11:06:07 DIBTVTest1A1 kernel: [    0.245704] VFS: Dquot-cache hash table entries: 1024 (order 0, 4096 bytes)
Mar  6 11:06:07 DIBTVTest1A1 kernel: [    0.247811] FS-Cache: Netfs 'nfs' registered for caching
Mar  6 11:06:07 DIBTVTest1A1 kernel: [    0.248710] NFS: Registering the id_resolver key type
Mar  6 11:06:07 DIBTVTest1A1 kernel: [    0.248752] Key type id_resolver registered
Mar  6 11:06:07 DIBTVTest1A1 kernel: [    0.248761] Key type id_legacy registered
Mar  6 11:06:07 DIBTVTest1A1 kernel: [    0.250816] Block layer SCSI generic (bsg) driver version 0.4 loaded (major 252)
Mar  6 11:06:07 DIBTVTest1A1 kernel: [    0.250954] io scheduler noop registered
Mar  6 11:06:07 DIBTVTest1A1 kernel: [    0.250974] io scheduler deadline registered (default)
Mar  6 11:06:07 DIBTVTest1A1 kernel: [    0.251241] io scheduler cfq registered
Mar  6 11:06:07 DIBTVTest1A1 kernel: [    0.253491] BCM2708FB: allocated DMA memory ee800000
Mar  6 11:06:07 DIBTVTest1A1 kernel: [    0.253515] BCM2708FB: allocated DMA channel 0 @ f3007000
Mar  6 11:06:07 DIBTVTest1A1 kernel: [    0.258490] Console: switching to colour frame buffer device 82x26
Mar  6 11:06:07 DIBTVTest1A1 kernel: [    0.261377] Serial: 8250/16550 driver, 1 ports, IRQ sharing disabled
Mar  6 11:06:07 DIBTVTest1A1 kernel: [    0.262843] console [ttyS0] disabled
Mar  6 11:06:07 DIBTVTest1A1 kernel: [    0.262904] 3f215040.uart: ttyS0 at MMIO 0x3f215040 (irq = 29, base_baud = 50000000) is a 16550
Mar  6 11:06:07 DIBTVTest1A1 kernel: [    0.263440] console [ttyS0] enabled
Mar  6 11:06:07 DIBTVTest1A1 kernel: [    0.264321] vc-cma: Videocore CMA driver
Mar  6 11:06:07 DIBTVTest1A1 kernel: [    0.264332] vc-cma: vc_cma_base      = 0x00000000
Mar  6 11:06:07 DIBTVTest1A1 kernel: [    0.264341] vc-cma: vc_cma_size      = 0x00000000 (0 MiB)
Mar  6 11:06:07 DIBTVTest1A1 kernel: [    0.264349] vc-cma: vc_cma_initial   = 0x00000000 (0 MiB)
Mar  6 11:06:07 DIBTVTest1A1 kernel: [    0.264517] vc-mem: phys_addr:0x00000000 mem_base=0x3dc00000 mem_size:0x3f000000(1008 MiB)
Mar  6 11:06:07 DIBTVTest1A1 kernel: [    0.275977] brd: module loaded
Mar  6 11:06:07 DIBTVTest1A1 kernel: [    0.283030] loop: module loaded
Mar  6 11:06:07 DIBTVTest1A1 kernel: [    0.283837] vchiq: vchiq_init_state: slot_zero = 0xae880000, is_master = 0
Mar  6 11:06:07 DIBTVTest1A1 kernel: [    0.285302] Loading iSCSI transport class v2.0-870.
Mar  6 11:06:07 DIBTVTest1A1 kernel: [    0.285938] usbcore: registered new interface driver smsc95xx
Mar  6 11:06:07 DIBTVTest1A1 kernel: [    0.285986] dwc_otg: version 3.00a 10-AUG-2012 (platform bus)
Mar  6 11:06:07 DIBTVTest1A1 kernel: [    0.486293] Core Release: 2.80a
Mar  6 11:06:07 DIBTVTest1A1 kernel: [    0.486306] Setting default values for core params
Mar  6 11:06:07 DIBTVTest1A1 kernel: [    0.486340] Finished setting default values for core params
Mar  6 11:06:07 DIBTVTest1A1 kernel: [    0.686683] Using Buffer DMA mode
Mar  6 11:06:07 DIBTVTest1A1 kernel: [    0.686694] Periodic Transfer Interrupt Enhancement - disabled
Mar  6 11:06:07 DIBTVTest1A1 kernel: [    0.686703] Multiprocessor Interrupt Enhancement - disabled
Mar  6 11:06:07 DIBTVTest1A1 kernel: [    0.686712] OTG VER PARAM: 0, OTG VER FLAG: 0
Mar  6 11:06:07 DIBTVTest1A1 kernel: [    0.686726] Dedicated Tx FIFOs mode
Mar  6 11:06:07 DIBTVTest1A1 kernel: [    0.686988] WARN::dwc_otg_hcd_init:1047: FIQ DMA bounce buffers: virt = 0xae814000 dma = 0xee814000 len=9024
Mar  6 11:06:07 DIBTVTest1A1 kernel: [    0.687038] FIQ FSM acceleration enabled for :
Mar  6 11:06:07 DIBTVTest1A1 kernel: [    0.687038] Non-periodic Split Transactions
Mar  6 11:06:07 DIBTVTest1A1 kernel: [    0.687038] Periodic Split Transactions
Mar  6 11:06:07 DIBTVTest1A1 kernel: [    0.687038] High-Speed Isochronous Endpoints
Mar  6 11:06:07 DIBTVTest1A1 kernel: [    0.687105] WARN::hcd_init_fiq:412: FIQ on core 1 at 0x80417288
Mar  6 11:06:07 DIBTVTest1A1 kernel: [    0.687118] WARN::hcd_init_fiq:413: FIQ ASM at 0x804175f8 length 36
Mar  6 11:06:07 DIBTVTest1A1 kernel: [    0.687132] WARN::hcd_init_fiq:438: MPHI regs_base at 0xaf89c000
Mar  6 11:06:07 DIBTVTest1A1 kernel: [    0.687166] dwc_otg 3f980000.usb: DWC OTG Controller
Mar  6 11:06:07 DIBTVTest1A1 kernel: [    0.687201] dwc_otg 3f980000.usb: new USB bus registered, assigned bus number 1
Mar  6 11:06:07 DIBTVTest1A1 kernel: [    0.687233] dwc_otg 3f980000.usb: irq 32, io mem 0x00000000
Mar  6 11:06:07 DIBTVTest1A1 kernel: [    0.687284] Init: Port Power? op_state=1
Mar  6 11:06:07 DIBTVTest1A1 kernel: [    0.687292] Init: Power Port (0)
Mar  6 11:06:07 DIBTVTest1A1 kernel: [    0.687479] usb usb1: New USB device found, idVendor=1d6b, idProduct=0002
Mar  6 11:06:07 DIBTVTest1A1 kernel: [    0.687494] usb usb1: New USB device strings: Mfr=3, Product=2, SerialNumber=1
Mar  6 11:06:07 DIBTVTest1A1 kernel: [    0.687506] usb usb1: Product: DWC OTG Controller
Mar  6 11:06:07 DIBTVTest1A1 kernel: [    0.687518] usb usb1: Manufacturer: Linux 4.1.19-v7+ dwc_otg_hcd
Mar  6 11:06:07 DIBTVTest1A1 kernel: [    0.687530] usb usb1: SerialNumber: 3f980000.usb
Mar  6 11:06:07 DIBTVTest1A1 kernel: [    0.688184] hub 1-0:1.0: USB hub found
Mar  6 11:06:07 DIBTVTest1A1 kernel: [    0.688225] hub 1-0:1.0: 1 port detected
Mar  6 11:06:07 DIBTVTest1A1 kernel: [    0.688907] usbcore: registered new interface driver usb-storage
Mar  6 11:06:07 DIBTVTest1A1 kernel: [    0.689081] mousedev: PS/2 mouse device common for all mice
Mar  6 11:06:07 DIBTVTest1A1 kernel: [    0.689742] bcm2835-cpufreq: min=600000 max=1200000
Mar  6 11:06:07 DIBTVTest1A1 kernel: [    0.690014] sdhci: Secure Digital Host Controller Interface driver
Mar  6 11:06:07 DIBTVTest1A1 kernel: [    0.690023] sdhci: Copyright(c) Pierre Ossman
Mar  6 11:06:07 DIBTVTest1A1 kernel: [    0.690299] sdhost: log_buf @ ae813000 (ee813000)
Mar  6 11:06:07 DIBTVTest1A1 kernel: [    0.767049] mmc0: sdhost-bcm2835 loaded - DMA enabled (>1)
Mar  6 11:06:07 DIBTVTest1A1 kernel: [    0.769275] mmc-bcm2835 3f300000.mmc: mmc_debug:0 mmc_debug2:0
Mar  6 11:06:07 DIBTVTest1A1 kernel: [    0.769288] mmc-bcm2835 3f300000.mmc: DMA channel allocated
Mar  6 11:06:07 DIBTVTest1A1 kernel: [    0.807122] sdhci-pltfm: SDHCI platform and OF driver helper
Mar  6 11:06:07 DIBTVTest1A1 kernel: [    0.807473] ledtrig-cpu: registered to indicate activity on CPUs
Mar  6 11:06:07 DIBTVTest1A1 kernel: [    0.807600] hidraw: raw HID events driver (C) Jiri Kosina
Mar  6 11:06:07 DIBTVTest1A1 kernel: [    0.807794] usbcore: registered new interface driver usbhid
Mar  6 11:06:07 DIBTVTest1A1 kernel: [    0.807804] usbhid: USB HID core driver
Mar  6 11:06:07 DIBTVTest1A1 kernel: [    0.808181] Initializing XFRM netlink socket
Mar  6 11:06:07 DIBTVTest1A1 kernel: [    0.808212] NET: Registered protocol family 17
Mar  6 11:06:07 DIBTVTest1A1 kernel: [    0.808329] Key type dns_resolver registered
Mar  6 11:06:07 DIBTVTest1A1 kernel: [    0.808797] Registering SWP/SWPB emulation handler
Mar  6 11:06:07 DIBTVTest1A1 kernel: [    0.809439] registered taskstats version 1
Mar  6 11:06:07 DIBTVTest1A1 kernel: [    0.809629] vc-sm: Videocore shared memory driver
Mar  6 11:06:07 DIBTVTest1A1 kernel: [    0.809644] [vc_sm_connected_init]: start
Mar  6 11:06:07 DIBTVTest1A1 kernel: [    0.810130] [vc_sm_connected_init]: end - returning 0
Mar  6 11:06:07 DIBTVTest1A1 kernel: [    0.811470] 3f201000.uart: ttyAMA0 at MMIO 0x3f201000 (irq = 83, base_baud = 0) is a PL011 rev2
Mar  6 11:06:07 DIBTVTest1A1 kernel: [    0.812649] Waiting for root device /dev/mmcblk0p2...
Mar  6 11:06:07 DIBTVTest1A1 kernel: [    0.828341] mmc0: host does not support reading read-only switch, assuming write-enable
Mar  6 11:06:07 DIBTVTest1A1 kernel: [    0.831150] mmc0: new high speed SDHC card at address 59b4
Mar  6 11:06:07 DIBTVTest1A1 kernel: [    0.831561] mmcblk0: mmc0:59b4 SMTC  14.6 GiB 
Mar  6 11:06:07 DIBTVTest1A1 kernel: [    0.833095]  mmcblk0: p1 p2
Mar  6 11:06:07 DIBTVTest1A1 kernel: [    0.849846] mmc1: queuing unknown CIS tuple 0x80 (2 bytes)
Mar  6 11:06:07 DIBTVTest1A1 kernel: [    0.851396] mmc1: queuing unknown CIS tuple 0x80 (3 bytes)
Mar  6 11:06:07 DIBTVTest1A1 kernel: [    0.852947] mmc1: queuing unknown CIS tuple 0x80 (3 bytes)
Mar  6 11:06:07 DIBTVTest1A1 kernel: [    0.855718] mmc1: queuing unknown CIS tuple 0x80 (7 bytes)
Mar  6 11:06:07 DIBTVTest1A1 kernel: [    0.887117] Indeed it is in host mode hprt0 = 00021501
Mar  6 11:06:07 DIBTVTest1A1 kernel: [    0.946091] mmc1: new high speed SDIO card at address 0001
Mar  6 11:06:07 DIBTVTest1A1 kernel: [    0.963792] EXT4-fs (mmcblk0p2): mounted filesystem with ordered data mode. Opts: (null)
Mar  6 11:06:07 DIBTVTest1A1 kernel: [    0.963838] VFS: Mounted root (ext4 filesystem) readonly on device 179:2.
Mar  6 11:06:07 DIBTVTest1A1 kernel: [    0.964623] devtmpfs: mounted
Mar  6 11:06:07 DIBTVTest1A1 kernel: [    0.965324] Freeing unused kernel memory: 444K (80795000 - 80804000)
Mar  6 11:06:07 DIBTVTest1A1 kernel: [    1.067071] usb 1-1: new high-speed USB device number 2 using dwc_otg
Mar  6 11:06:07 DIBTVTest1A1 kernel: [    1.067206] Indeed it is in host mode hprt0 = 00001101
Mar  6 11:06:07 DIBTVTest1A1 kernel: [    1.267323] usb 1-1: New USB device found, idVendor=0424, idProduct=9514
Mar  6 11:06:07 DIBTVTest1A1 kernel: [    1.267342] usb 1-1: New USB device strings: Mfr=0, Product=0, SerialNumber=0
Mar  6 11:06:07 DIBTVTest1A1 kernel: [    1.268050] hub 1-1:1.0: USB hub found
Mar  6 11:06:07 DIBTVTest1A1 kernel: [    1.268144] hub 1-1:1.0: 5 ports detected
Mar  6 11:06:07 DIBTVTest1A1 kernel: [    1.353916] random: systemd urandom read with 53 bits of entropy available
Mar  6 11:06:07 DIBTVTest1A1 kernel: [    1.520937] NET: Registered protocol family 10
Mar  6 11:06:07 DIBTVTest1A1 kernel: [    1.547067] usb 1-1.1: new high-speed USB device number 3 using dwc_otg
Mar  6 11:06:07 DIBTVTest1A1 kernel: [    1.647469] usb 1-1.1: New USB device found, idVendor=0424, idProduct=ec00
Mar  6 11:06:07 DIBTVTest1A1 kernel: [    1.647501] usb 1-1.1: New USB device strings: Mfr=0, Product=0, SerialNumber=0
Mar  6 11:06:07 DIBTVTest1A1 kernel: [    1.650292] smsc95xx v1.0.4
Mar  6 11:06:07 DIBTVTest1A1 kernel: [    1.710367] smsc95xx 1-1.1:1.0 eth0: register 'smsc95xx' at usb-3f980000.usb-1.1, smsc95xx USB 2.0 Ethernet, b8:27:eb:af:33:65
Mar  6 11:06:07 DIBTVTest1A1 kernel: [    2.174652] fuse init (API version 7.23)
Mar  6 11:06:07 DIBTVTest1A1 kernel: [    2.258120] i2c /dev entries driver
Mar  6 11:06:07 DIBTVTest1A1 kernel: [    3.276038] EXT4-fs (mmcblk0p2): re-mounted. Opts: (null)
Mar  6 11:06:07 DIBTVTest1A1 kernel: [    3.393656] cfg80211: Calling CRDA to update world regulatory domain
Mar  6 11:06:07 DIBTVTest1A1 kernel: [    3.481375] usbcore: registered new interface driver brcmfmac
Mar  6 11:06:07 DIBTVTest1A1 kernel: [    3.910274] bcm2835-rng 3f104000.rng: hwrng registered
Mar  6 11:06:07 DIBTVTest1A1 kernel: [    3.910783] gpiomem-bcm2835 3f200000.gpiomem: Initialised: Registers at 0x3f200000
Mar  6 11:06:07 DIBTVTest1A1 kernel: [    4.047795] cfg80211: World regulatory domain updated:
Mar  6 11:06:07 DIBTVTest1A1 kernel: [    4.047801] cfg80211:  DFS Master region: unset
Mar  6 11:06:07 DIBTVTest1A1 kernel: [    4.047806] cfg80211:   (start_freq - end_freq @ bandwidth), (max_antenna_gain, max_eirp), (dfs_cac_time)
Mar  6 11:06:07 DIBTVTest1A1 kernel: [    4.047814] cfg80211:   (2402000 KHz - 2472000 KHz @ 40000 KHz), (N/A, 2000 mBm), (N/A)
Mar  6 11:06:07 DIBTVTest1A1 kernel: [    4.047821] cfg80211:   (2457000 KHz - 2482000 KHz @ 20000 KHz, 92000 KHz AUTO), (N/A, 2000 mBm), (N/A)
Mar  6 11:06:07 DIBTVTest1A1 kernel: [    4.047828] cfg80211:   (2474000 KHz - 2494000 KHz @ 20000 KHz), (N/A, 2000 mBm), (N/A)
Mar  6 11:06:07 DIBTVTest1A1 kernel: [    4.047840] cfg80211:   (5170000 KHz - 5250000 KHz @ 80000 KHz, 160000 KHz AUTO), (N/A, 2000 mBm), (N/A)
Mar  6 11:06:07 DIBTVTest1A1 kernel: [    4.047854] cfg80211:   (5250000 KHz - 5330000 KHz @ 80000 KHz, 160000 KHz AUTO), (N/A, 2000 mBm), (0 s)
Mar  6 11:06:07 DIBTVTest1A1 kernel: [    4.047861] cfg80211:   (5490000 KHz - 5730000 KHz @ 160000 KHz), (N/A, 2000 mBm), (0 s)
Mar  6 11:06:07 DIBTVTest1A1 kernel: [    4.047867] cfg80211:   (5735000 KHz - 5835000 KHz @ 80000 KHz), (N/A, 2000 mBm), (N/A)
Mar  6 11:06:07 DIBTVTest1A1 kernel: [    4.047874] cfg80211:   (57240000 KHz - 63720000 KHz @ 2160000 KHz), (N/A, 0 mBm), (N/A)
Mar  6 11:06:07 DIBTVTest1A1 kernel: [    4.285503] brcmfmac: power management disabled
Mar  6 11:06:07 DIBTVTest1A1 kernel: [    4.599556] uart-pl011 3f201000.uart: no DMA platform data
Mar  6 11:06:07 DIBTVTest1A1 kernel: [    4.799808] cfg80211: Calling CRDA for country: US
Mar  6 11:06:07 DIBTVTest1A1 kernel: [    4.816724] cfg80211: Regulatory domain changed to country: US
Mar  6 11:06:07 DIBTVTest1A1 kernel: [    4.816738] cfg80211:  DFS Master region: FCC
Mar  6 11:06:07 DIBTVTest1A1 kernel: [    4.816743] cfg80211:   (start_freq - end_freq @ bandwidth), (max_antenna_gain, max_eirp), (dfs_cac_time)
Mar  6 11:06:07 DIBTVTest1A1 kernel: [    4.816751] cfg80211:   (2402000 KHz - 2472000 KHz @ 40000 KHz), (N/A, 3000 mBm), (N/A)
Mar  6 11:06:07 DIBTVTest1A1 kernel: [    4.816759] cfg80211:   (5170000 KHz - 5250000 KHz @ 80000 KHz, 160000 KHz AUTO), (N/A, 2300 mBm), (N/A)
Mar  6 11:06:07 DIBTVTest1A1 kernel: [    4.816766] cfg80211:   (5250000 KHz - 5330000 KHz @ 80000 KHz, 160000 KHz AUTO), (N/A, 2300 mBm), (0 s)
Mar  6 11:06:07 DIBTVTest1A1 kernel: [    4.816772] cfg80211:   (5490000 KHz - 5730000 KHz @ 160000 KHz), (N/A, 2300 mBm), (0 s)
Mar  6 11:06:07 DIBTVTest1A1 kernel: [    4.816778] cfg80211:   (5735000 KHz - 5835000 KHz @ 80000 KHz), (N/A, 3000 mBm), (N/A)
Mar  6 11:06:07 DIBTVTest1A1 kernel: [    4.816785] cfg80211:   (57240000 KHz - 63720000 KHz @ 2160000 KHz), (N/A, 4000 mBm), (N/A)
Mar  6 11:06:07 DIBTVTest1A1 kernel: [    4.915385] random: nonblocking pool is initialized
Mar  6 11:06:07 DIBTVTest1A1 kernel: [    5.122896] Adding 102396k swap on /var/swap.  Priority:-1 extents:3 across:1773568k SSFS
Mar  6 11:06:07 DIBTVTest1A1 kernel: [    5.258243] smsc95xx 1-1.1:1.0 eth0: hardware isn't capable of remote wakeup
Mar  6 11:06:07 DIBTVTest1A1 kernel: [    5.258388] IPv6: ADDRCONF(NETDEV_UP): eth0: link is not ready
Mar  6 11:06:08 DIBTVTest1A1 kernel: [    5.893634] gpiomem-bcm2835 3f200000.gpiomem: gpiomem device opened.
Mar  6 11:06:08 DIBTVTest1A1 kernel: [    5.939664] cfg80211: Calling CRDA for country: US
Mar  6 11:06:08 DIBTVTest1A1 kernel: [    5.951366] cfg80211: Regulatory domain changed to country: US
Mar  6 11:06:08 DIBTVTest1A1 kernel: [    5.951379] cfg80211:  DFS Master region: FCC
Mar  6 11:06:08 DIBTVTest1A1 kernel: [    5.951384] cfg80211:   (start_freq - end_freq @ bandwidth), (max_antenna_gain, max_eirp), (dfs_cac_time)
Mar  6 11:06:08 DIBTVTest1A1 kernel: [    5.951392] cfg80211:   (2402000 KHz - 2472000 KHz @ 40000 KHz), (N/A, 3000 mBm), (N/A)
Mar  6 11:06:08 DIBTVTest1A1 kernel: [    5.951399] cfg80211:   (5170000 KHz - 5250000 KHz @ 80000 KHz, 160000 KHz AUTO), (N/A, 2300 mBm), (N/A)
Mar  6 11:06:08 DIBTVTest1A1 kernel: [    5.951407] cfg80211:   (5250000 KHz - 5330000 KHz @ 80000 KHz, 160000 KHz AUTO), (N/A, 2300 mBm), (0 s)
Mar  6 11:06:08 DIBTVTest1A1 kernel: [    5.951413] cfg80211:   (5490000 KHz - 5730000 KHz @ 160000 KHz), (N/A, 2300 mBm), (0 s)
Mar  6 11:06:08 DIBTVTest1A1 kernel: [    5.951420] cfg80211:   (5735000 KHz - 5835000 KHz @ 80000 KHz), (N/A, 3000 mBm), (N/A)
Mar  6 11:06:08 DIBTVTest1A1 kernel: [    5.951426] cfg80211:   (57240000 KHz - 63720000 KHz @ 2160000 KHz), (N/A, 4000 mBm), (N/A)
Mar  6 11:06:11 DIBTVTest1A1 kernel: [    9.054906] Bluetooth: Core ver 2.20
Mar  6 11:06:11 DIBTVTest1A1 kernel: [    9.054962] NET: Registered protocol family 31
Mar  6 11:06:11 DIBTVTest1A1 kernel: [    9.054967] Bluetooth: HCI device and connection manager initialized
Mar  6 11:06:11 DIBTVTest1A1 kernel: [    9.054981] Bluetooth: HCI socket layer initialized
Mar  6 11:06:11 DIBTVTest1A1 kernel: [    9.054991] Bluetooth: L2CAP socket layer initialized
Mar  6 11:06:11 DIBTVTest1A1 kernel: [    9.055008] Bluetooth: SCO socket layer initialized
Mar  6 11:06:11 DIBTVTest1A1 kernel: [    9.089722] Bluetooth: HCI UART driver ver 2.3
Mar  6 11:06:11 DIBTVTest1A1 kernel: [    9.089741] Bluetooth: HCI UART protocol H4 registered
Mar  6 11:06:11 DIBTVTest1A1 kernel: [    9.089746] Bluetooth: HCI UART protocol Three-wire (H5) registered
Mar  6 11:06:11 DIBTVTest1A1 kernel: [    9.089751] Bluetooth: HCI UART protocol BCM registered
Mar  6 11:06:11 DIBTVTest1A1 kernel: [    9.231044] Bluetooth: BNEP (Ethernet Emulation) ver 1.3
Mar  6 11:06:11 DIBTVTest1A1 kernel: [    9.231056] Bluetooth: BNEP filters: protocol multicast
Mar  6 11:06:11 DIBTVTest1A1 kernel: [    9.231072] Bluetooth: BNEP socket layer initialized
Mar  6 11:06:15 DIBTVTest1A1 rsyslogd-2007: action 'action 17' suspended, next retry is Thu Mar  6 11:06:45 2025 [try http://www.rsyslog.com/e/2007 ]
Mar  6 11:06:15 DIBTVTest1A1 org.gtk.Private.AfcVolumeMonitor[758]: Volume monitor alive
Mar  6 11:08:16 DIBTVTest1A1 rsyslogd-2007: action 'action 17' suspended, next retry is Thu Mar  6 11:08:46 2025 [try http://www.rsyslog.com/e/2007 ]
Mar  6 11:08:48 DIBTVTest1A1 rsyslogd-2007: action 'action 17' suspended, next retry is Thu Mar  6 11:09:18 2025 [try http://www.rsyslog.com/e/2007 ]
Mar  6 11:09:33 DIBTVTest1A1 rsyslogd-2007: action 'action 17' suspended, next retry is Thu Mar  6 11:10:03 2025 [try http://www.rsyslog.com/e/2007 ]
Mar  6 11:10:31 DIBTVTest1A1 rsyslogd-2007: action 'action 17' suspended, next retry is Thu Mar  6 11:11:01 2025 [try http://www.rsyslog.com/e/2007 ]
Mar  6 11:11:06 DIBTVTest1A1 rsyslogd-2007: action 'action 17' suspended, next retry is Thu Mar  6 11:11:36 2025 [try http://www.rsyslog.com/e/2007 ]
Mar  6 11:14:20 DIBTVTest1A1 rsyslogd-2007: action 'action 17' suspended, next retry is Thu Mar  6 11:14:50 2025 [try http://www.rsyslog.com/e/2007 ]
Mar  6 11:14:20 DIBTVTest1A1 rsyslogd: [origin software="rsyslogd" swVersion="8.4.2" x-pid="385" x-info="http://www.rsyslog.com"] exiting on signal 15.
Mar  6 11:14:24 DIBTVTest1A1 rsyslogd: [origin software="rsyslogd" swVersion="8.4.2" x-pid="387" x-info="http://www.rsyslog.com"] start
Mar  6 11:14:24 DIBTVTest1A1 kernel: [    0.000000] Booting Linux on physical CPU 0x0
Mar  6 11:14:24 DIBTVTest1A1 kernel: [    0.000000] Initializing cgroup subsys cpuset
Mar  6 11:14:24 DIBTVTest1A1 kernel: [    0.000000] Initializing cgroup subsys cpu
Mar  6 11:14:24 DIBTVTest1A1 kernel: [    0.000000] Initializing cgroup subsys cpuacct
Mar  6 11:14:24 DIBTVTest1A1 kernel: [    0.000000] Linux version 4.1.19-v7+ (dc4@dc4-XPS13-9333) (gcc version 4.9.3 (crosstool-NG crosstool-ng-1.22.0-88-g8460611) ) #858 SMP Tue Mar 15 15:56:00 GMT 2016
Mar  6 11:14:24 DIBTVTest1A1 kernel: [    0.000000] CPU: ARMv7 Processor [410fd034] revision 4 (ARMv7), cr=10c5383d
Mar  6 11:14:24 DIBTVTest1A1 kernel: [    0.000000] CPU: PIPT / VIPT nonaliasing data cache, VIPT aliasing instruction cache
Mar  6 11:14:24 DIBTVTest1A1 kernel: [    0.000000] Machine model: Raspberry Pi 3 Model B Rev 1.2
Mar  6 11:14:24 DIBTVTest1A1 kernel: [    0.000000] cma: Reserved 8 MiB at 0x2e400000
Mar  6 11:14:24 DIBTVTest1A1 kernel: [    0.000000] Memory policy: Data cache writealloc
Mar  6 11:14:24 DIBTVTest1A1 kernel: [    0.000000] [bcm2709_smp_init_cpus] enter (9420->f3003010)
Mar  6 11:14:24 DIBTVTest1A1 kernel: [    0.000000] [bcm2709_smp_init_cpus] ncores=4
Mar  6 11:14:24 DIBTVTest1A1 kernel: [    0.000000] PERCPU: Embedded 12 pages/cpu @aefb0000 s20416 r8192 d20544 u49152
Mar  6 11:14:24 DIBTVTest1A1 kernel: [    0.000000] Built 1 zonelists in Zone order, mobility grouping on.  Total pages: 190820
Mar  6 11:14:24 DIBTVTest1A1 kernel: [    0.000000] Kernel command line: 8250.nr_uarts=1 dma.dmachans=0x7f35 bcm2708_fb.fbwidth=656 bcm2708_fb.fbheight=416 bcm2709.boardrev=0xa02082 bcm2709.serial=0x50af3365 smsc95xx.macaddr=B8:27:EB:AF:33:65 bcm2708_fb.fbswap=1 bcm2709.uart_clock=48000000 vc_mem.mem_base=0x3dc00000 vc_mem.mem_size=0x3f000000  dwc_otg.lpm_enable=0 console=ttyS0,115200 console=tty1 root=/dev/mmcblk0p2 rootfstype=ext4 elevator=deadline fsck.repair=yes rootwait logo.nologo quiet
Mar  6 11:14:24 DIBTVTest1A1 kernel: [    0.000000] PID hash table entries: 4096 (order: 2, 16384 bytes)
Mar  6 11:14:24 DIBTVTest1A1 kernel: [    0.000000] Dentry cache hash table entries: 131072 (order: 7, 524288 bytes)
Mar  6 11:14:24 DIBTVTest1A1 kernel: [    0.000000] Inode-cache hash table entries: 65536 (order: 6, 262144 bytes)
Mar  6 11:14:24 DIBTVTest1A1 kernel: [    0.000000] Memory: 744496K/770048K available (6064K kernel code, 534K rwdata, 1664K rodata, 444K init, 757K bss, 17360K reserved, 8192K cma-reserved)
Mar  6 11:14:24 DIBTVTest1A1 kernel: [    0.000000] Virtual kernel memory layout:
Mar  6 11:14:24 DIBTVTest1A1 kernel: [    0.000000]     vector  : 0xffff0000 - 0xffff1000   (   4 kB)
Mar  6 11:14:24 DIBTVTest1A1 kernel: [    0.000000]     fixmap  : 0xffc00000 - 0xfff00000   (3072 kB)
Mar  6 11:14:24 DIBTVTest1A1 kernel: [    0.000000]     vmalloc : 0xaf800000 - 0xff000000   (1272 MB)
Mar  6 11:14:24 DIBTVTest1A1 kernel: [    0.000000]     lowmem  : 0x80000000 - 0xaf000000   ( 752 MB)
Mar  6 11:14:24 DIBTVTest1A1 kernel: [    0.000000]     modules : 0x7f000000 - 0x80000000   (  16 MB)
Mar  6 11:14:24 DIBTVTest1A1 kernel: [    0.000000]       .text : 0x80008000 - 0x807945f0   (7730 kB)
Mar  6 11:14:24 DIBTVTest1A1 kernel: [    0.000000]       .init : 0x80795000 - 0x80804000   ( 444 kB)
Mar  6 11:14:24 DIBTVTest1A1 kernel: [    0.000000]       .data : 0x80804000 - 0x80889b10   ( 535 kB)
Mar  6 11:14:24 DIBTVTest1A1 kernel: [    0.000000]        .bss : 0x8088c000 - 0x809497dc   ( 758 kB)
Mar  6 11:14:24 DIBTVTest1A1 kernel: [    0.000000] SLUB: HWalign=64, Order=0-3, MinObjects=0, CPUs=4, Nodes=1
Mar  6 11:14:24 DIBTVTest1A1 kernel: [    0.000000] Hierarchical RCU implementation.
Mar  6 11:14:24 DIBTVTest1A1 kernel: [    0.000000] 	Additional per-CPU info printed with stalls.
Mar  6 11:14:24 DIBTVTest1A1 kernel: [    0.000000] NR_IRQS:608
Mar  6 11:14:24 DIBTVTest1A1 kernel: [    0.000000] Architected cp15 timer(s) running at 19.20MHz (phys).
Mar  6 11:14:24 DIBTVTest1A1 kernel: [    0.000000] clocksource arch_sys_counter: mask: 0xffffffffffffff max_cycles: 0x46d987e47, max_idle_ns: 440795202767 ns
Mar  6 11:14:24 DIBTVTest1A1 kernel: [    0.000008] sched_clock: 56 bits at 19MHz, resolution 52ns, wraps every 4398046511078ns
Mar  6 11:14:24 DIBTVTest1A1 kernel: [    0.000026] Switching to timer-based delay loop, resolution 52ns
Mar  6 11:14:24 DIBTVTest1A1 kernel: [    0.000244] Console: colour dummy device 80x30
Mar  6 11:14:24 DIBTVTest1A1 kernel: [    0.000444] console [tty1] enabled
Mar  6 11:14:24 DIBTVTest1A1 kernel: [    0.000478] Calibrating delay loop (skipped), value calculated using timer frequency.. 38.40 BogoMIPS (lpj=192000)
Mar  6 11:14:24 DIBTVTest1A1 kernel: [    0.000498] pid_max: default: 32768 minimum: 301
Mar  6 11:14:24 DIBTVTest1A1 kernel: [    0.000797] Mount-cache hash table entries: 2048 (order: 1, 8192 bytes)
Mar  6 11:14:24 DIBTVTest1A1 kernel: [    0.000812] Mountpoint-cache hash table entries: 2048 (order: 1, 8192 bytes)
Mar  6 11:14:24 DIBTVTest1A1 kernel: [    0.001767] Initializing cgroup subsys blkio
Mar  6 11:14:24 DIBTVTest1A1 kernel: [    0.001793] Initializing cgroup subsys memory
Mar  6 11:14:24 DIBTVTest1A1 kernel: [    0.001817] Initializing cgroup subsys devices
Mar  6 11:14:24 DIBTVTest1A1 kernel: [    0.001837] Initializing cgroup subsys freezer
Mar  6 11:14:24 DIBTVTest1A1 kernel: [    0.001862] Initializing cgroup subsys net_cls
Mar  6 11:14:24 DIBTVTest1A1 kernel: [    0.001911] CPU: Testing write buffer coherency: ok
Mar  6 11:14:24 DIBTVTest1A1 kernel: [    0.001977] ftrace: allocating 20313 entries in 60 pages
Mar  6 11:14:24 DIBTVTest1A1 kernel: [    0.047471] CPU0: update cpu_capacity 1024
Mar  6 11:14:24 DIBTVTest1A1 kernel: [    0.047504] CPU0: thread -1, cpu 0, socket 0, mpidr 80000000
Mar  6 11:14:24 DIBTVTest1A1 kernel: [    0.047516] [bcm2709_smp_prepare_cpus] enter
Mar  6 11:14:24 DIBTVTest1A1 kernel: [    0.047658] Setting up static identity map for 0x8240 - 0x8274
Mar  6 11:14:24 DIBTVTest1A1 kernel: [    0.049404] [bcm2709_boot_secondary] cpu:1 started (0) 18
Mar  6 11:14:24 DIBTVTest1A1 kernel: [    0.049625] [bcm2709_secondary_init] enter cpu:1
Mar  6 11:14:24 DIBTVTest1A1 kernel: [    0.049666] CPU1: update cpu_capacity 1024
Mar  6 11:14:24 DIBTVTest1A1 kernel: [    0.049672] CPU1: thread -1, cpu 1, socket 0, mpidr 80000001
Mar  6 11:14:24 DIBTVTest1A1 kernel: [    0.050060] [bcm2709_boot_secondary] cpu:2 started (0) 17
Mar  6 11:14:24 DIBTVTest1A1 kernel: [    0.050225] [bcm2709_secondary_init] enter cpu:2
Mar  6 11:14:24 DIBTVTest1A1 kernel: [    0.050247] CPU2: update cpu_capacity 1024
Mar  6 11:14:24 DIBTVTest1A1 kernel: [    0.050253] CPU2: thread -1, cpu 2, socket 0, mpidr 80000002
Mar  6 11:14:24 DIBTVTest1A1 kernel: [    0.050614] [bcm2709_boot_secondary] cpu:3 started (0) 18
Mar  6 11:14:24 DIBTVTest1A1 kernel: [    0.050745] [bcm2709_secondary_init] enter cpu:3
Mar  6 11:14:24 DIBTVTest1A1 kernel: [    0.050765] CPU3: update cpu_capacity 1024
Mar  6 11:14:24 DIBTVTest1A1 kernel: [    0.050771] CPU3: thread -1, cpu 3, socket 0, mpidr 80000003
Mar  6 11:14:24 DIBTVTest1A1 kernel: [    0.050833] Brought up 4 CPUs
Mar  6 11:14:24 DIBTVTest1A1 kernel: [    0.050856] SMP: Total of 4 processors activated (153.60 BogoMIPS).
Mar  6 11:14:24 DIBTVTest1A1 kernel: [    0.050864] CPU: All CPU(s) started in HYP mode.
Mar  6 11:14:24 DIBTVTest1A1 kernel: [    0.050871] CPU: Virtualization extensions available.
Mar  6 11:14:24 DIBTVTest1A1 kernel: [    0.051548] devtmpfs: initialized
Mar  6 11:14:24 DIBTVTest1A1 kernel: [    0.070288] VFP support v0.3: implementor 41 architecture 3 part 40 variant 3 rev 4
Mar  6 11:14:24 DIBTVTest1A1 kernel: [    0.070526] clocksource jiffies: mask: 0xffffffff max_cycles: 0xffffffff, max_idle_ns: 19112604462750000 ns
Mar  6 11:14:24 DIBTVTest1A1 kernel: [    0.071341] pinctrl core: initialized pinctrl subsystem
Mar  6 11:14:24 DIBTVTest1A1 kernel: [    0.071868] NET: Registered protocol family 16
Mar  6 11:14:24 DIBTVTest1A1 kernel: [    0.077000] DMA: preallocated 4096 KiB pool for atomic coherent allocations
Mar  6 11:14:24 DIBTVTest1A1 kernel: [    0.077995] bcm2709.uart_clock = 48000000
Mar  6 11:14:24 DIBTVTest1A1 kernel: [    0.082042] bcm2709: Mini UART enabled
Mar  6 11:14:24 DIBTVTest1A1 kernel: [    0.082090] hw-breakpoint: found 5 (+1 reserved) breakpoint and 4 watchpoint registers.
Mar  6 11:14:24 DIBTVTest1A1 kernel: [    0.082101] hw-breakpoint: maximum watchpoint size is 8 bytes.
Mar  6 11:14:24 DIBTVTest1A1 kernel: [    0.082253] Serial: AMBA PL011 UART driver
Mar  6 11:14:24 DIBTVTest1A1 kernel: [    0.082298] uart-pl011 3f201000.uart: could not find pctldev for node /soc/gpio@7e200000/uart0_pins, deferring probe
Mar  6 11:14:24 DIBTVTest1A1 kernel: [    0.082455] bcm2835-mbox 3f00b880.mailbox: mailbox enabled
Mar  6 11:14:24 DIBTVTest1A1 kernel: [    0.148209] bcm2708-dmaengine 3f007000.dma: DMA legacy API manager at f3007000, dmachans=0xf35
Mar  6 11:14:24 DIBTVTest1A1 kernel: [    0.148240] bcm2708-dmaengine 3f007000.dma: Initialized 7 DMA channels (+ 1 legacy)
Mar  6 11:14:24 DIBTVTest1A1 kernel: [    0.148798] bcm2708-dmaengine 3f007000.dma: Load BCM2835 DMA engine driver
Mar  6 11:14:24 DIBTVTest1A1 kernel: [    0.148812] bcm2708-dmaengine 3f007000.dma: dma_debug:0
Mar  6 11:14:24 DIBTVTest1A1 kernel: [    0.149361] SCSI subsystem initialized
Mar  6 11:14:24 DIBTVTest1A1 kernel: [    0.149551] usbcore: registered new interface driver usbfs
Mar  6 11:14:24 DIBTVTest1A1 kernel: [    0.149642] usbcore: registered new interface driver hub
Mar  6 11:14:24 DIBTVTest1A1 kernel: [    0.149741] usbcore: registered new device driver usb
Mar  6 11:14:24 DIBTVTest1A1 kernel: [    0.150262] raspberrypi-firmware soc:firmware: Attached to firmware from 2016-03-15 14:47
Mar  6 11:14:24 DIBTVTest1A1 kernel: [    0.177357] Switched to clocksource arch_sys_counter
Mar  6 11:14:24 DIBTVTest1A1 kernel: [    0.218767] FS-Cache: Loaded
Mar  6 11:14:24 DIBTVTest1A1 kernel: [    0.219032] CacheFiles: Loaded
Mar  6 11:14:24 DIBTVTest1A1 kernel: [    0.228356] NET: Registered protocol family 2
Mar  6 11:14:24 DIBTVTest1A1 kernel: [    0.229302] TCP established hash table entries: 8192 (order: 3, 32768 bytes)
Mar  6 11:14:24 DIBTVTest1A1 kernel: [    0.229418] TCP bind hash table entries: 8192 (order: 4, 65536 bytes)
Mar  6 11:14:24 DIBTVTest1A1 kernel: [    0.229607] TCP: Hash tables configured (established 8192 bind 8192)
Mar  6 11:14:24 DIBTVTest1A1 kernel: [    0.229701] UDP hash table entries: 512 (order: 2, 16384 bytes)
Mar  6 11:14:24 DIBTVTest1A1 kernel: [    0.229748] UDP-Lite hash table entries: 512 (order: 2, 16384 bytes)
Mar  6 11:14:24 DIBTVTest1A1 kernel: [    0.230056] NET: Registered protocol family 1
Mar  6 11:14:24 DIBTVTest1A1 kernel: [    0.230355] RPC: Registered named UNIX socket transport module.
