Mar  9 06:25:07 DIBTVTest1A1 rsyslogd: [origin software="rsyslogd" swVersion="8.4.2" x-pid="424" x-info="http://www.rsyslog.com"] rsyslogd was HUPed
Mar  9 06:39:01 DIBTVTest1A1 rsyslogd0: action 'action 17' resumed (module 'builtin:ompipe') [try http://www.rsyslog.com/e/0 ]
Mar  9 06:39:01 DIBTVTest1A1 rsyslogd-2359: action 'action 17' resumed (module 'builtin:ompipe') [try http://www.rsyslog.com/e/2359 ]
Mar 10 01:11:11 DIBTVTest1A1 rsyslogd: [origin software="rsyslogd" swVersion="8.4.2" x-pid="424" x-info="http://www.rsyslog.com"] exiting on signal 15.
Mar 10 01:11:15 DIBTVTest1A1 rsyslogd: [origin software="rsyslogd" swVersion="8.4.2" x-pid="424" x-info="http://www.rsyslog.com"] start
Mar 10 01:11:15 DIBTVTest1A1 kernel: [    0.000000] Booting Linux on physical CPU 0x0
Mar 10 01:11:15 DIBTVTest1A1 kernel: [    0.000000] Initializing cgroup subsys cpuset
Mar 10 01:11:15 DIBTVTest1A1 kernel: [    0.000000] Initializing cgroup subsys cpu
Mar 10 01:11:15 DIBTVTest1A1 kernel: [    0.000000] Initializing cgroup subsys cpuacct
Mar 10 01:11:15 DIBTVTest1A1 kernel: [    0.000000] Linux version 4.1.19-v7+ (dc4@dc4-XPS13-9333) (gcc version 4.9.3 (crosstool-NG crosstool-ng-1.22.0-88-g8460611) ) #858 SMP Tue Mar 15 15:56:00 GMT 2016
Mar 10 01:11:15 DIBTVTest1A1 kernel: [    0.000000] CPU: ARMv7 Processor [410fd034] revision 4 (ARMv7), cr=10c5383d
Mar 10 01:11:15 DIBTVTest1A1 kernel: [    0.000000] CPU: PIPT / VIPT nonaliasing data cache, VIPT aliasing instruction cache
Mar 10 01:11:15 DIBTVTest1A1 kernel: [    0.000000] Machine model: Raspberry Pi 3 Model B Rev 1.2
Mar 10 01:11:15 DIBTVTest1A1 kernel: [    0.000000] cma: Reserved 8 MiB at 0x2e400000
Mar 10 01:11:15 DIBTVTest1A1 kernel: [    0.000000] Memory policy: Data cache writealloc
Mar 10 01:11:15 DIBTVTest1A1 kernel: [    0.000000] [bcm2709_smp_init_cpus] enter (9420->f3003010)
Mar 10 01:11:15 DIBTVTest1A1 kernel: [    0.000000] [bcm2709_smp_init_cpus] ncores=4
Mar 10 01:11:15 DIBTVTest1A1 kernel: [    0.000000] PERCPU: Embedded 12 pages/cpu @aefb0000 s20416 r8192 d20544 u49152
Mar 10 01:11:15 DIBTVTest1A1 kernel: [    0.000000] Built 1 zonelists in Zone order, mobility grouping on.  Total pages: 190820
Mar 10 01:11:15 DIBTVTest1A1 kernel: [    0.000000] Kernel command line: 8250.nr_uarts=1 dma.dmachans=0x7f35 bcm2708_fb.fbwidth=1824 bcm2708_fb.fbheight=984 bcm2709.boardrev=0xa02082 bcm2709.serial=0x50af3365 smsc95xx.macaddr=B8:27:EB:AF:33:65 bcm2708_fb.fbswap=1 bcm2709.uart_clock=48000000 vc_mem.mem_base=0x3dc00000 vc_mem.mem_size=0x3f000000  dwc_otg.lpm_enable=0 console=ttyS0,115200 console=tty1 root=/dev/mmcblk0p2 rootfstype=ext4 elevator=deadline fsck.repair=yes rootwait logo.nologo quiet
Mar 10 01:11:15 DIBTVTest1A1 kernel: [    0.000000] PID hash table entries: 4096 (order: 2, 16384 bytes)
Mar 10 01:11:15 DIBTVTest1A1 kernel: [    0.000000] Dentry cache hash table entries: 131072 (order: 7, 524288 bytes)
Mar 10 01:11:15 DIBTVTest1A1 kernel: [    0.000000] Inode-cache hash table entries: 65536 (order: 6, 262144 bytes)
Mar 10 01:11:15 DIBTVTest1A1 kernel: [    0.000000] Memory: 744496K/770048K available (6064K kernel code, 534K rwdata, 1664K rodata, 444K init, 757K bss, 17360K reserved, 8192K cma-reserved)
Mar 10 01:11:15 DIBTVTest1A1 kernel: [    0.000000] Virtual kernel memory layout:
Mar 10 01:11:15 DIBTVTest1A1 kernel: [    0.000000]     vector  : 0xffff0000 - 0xffff1000   (   4 kB)
Mar 10 01:11:15 DIBTVTest1A1 kernel: [    0.000000]     fixmap  : 0xffc00000 - 0xfff00000   (3072 kB)
Mar 10 01:11:15 DIBTVTest1A1 kernel: [    0.000000]     vmalloc : 0xaf800000 - 0xff000000   (1272 MB)
Mar 10 01:11:15 DIBTVTest1A1 kernel: [    0.000000]     lowmem  : 0x80000000 - 0xaf000000   ( 752 MB)
Mar 10 01:11:15 DIBTVTest1A1 kernel: [    0.000000]     modules : 0x7f000000 - 0x80000000   (  16 MB)
Mar 10 01:11:15 DIBTVTest1A1 kernel: [    0.000000]       .text : 0x80008000 - 0x807945f0   (7730 kB)
Mar 10 01:11:15 DIBTVTest1A1 kernel: [    0.000000]       .init : 0x80795000 - 0x80804000   ( 444 kB)
Mar 10 01:11:15 DIBTVTest1A1 kernel: [    0.000000]       .data : 0x80804000 - 0x80889b10   ( 535 kB)
Mar 10 01:11:15 DIBTVTest1A1 kernel: [    0.000000]        .bss : 0x8088c000 - 0x809497dc   ( 758 kB)
Mar 10 01:11:15 DIBTVTest1A1 kernel: [    0.000000] SLUB: HWalign=64, Order=0-3, MinObjects=0, CPUs=4, Nodes=1
Mar 10 01:11:15 DIBTVTest1A1 kernel: [    0.000000] Hierarchical RCU implementation.
Mar 10 01:11:15 DIBTVTest1A1 kernel: [    0.000000] 	Additional per-CPU info printed with stalls.
Mar 10 01:11:15 DIBTVTest1A1 kernel: [    0.000000] NR_IRQS:608
Mar 10 01:11:15 DIBTVTest1A1 kernel: [    0.000000] Architected cp15 timer(s) running at 19.20MHz (phys).
Mar 10 01:11:15 DIBTVTest1A1 kernel: [    0.000000] clocksource arch_sys_counter: mask: 0xffffffffffffff max_cycles: 0x46d987e47, max_idle_ns: 440795202767 ns
Mar 10 01:11:15 DIBTVTest1A1 kernel: [    0.000008] sched_clock: 56 bits at 19MHz, resolution 52ns, wraps every 4398046511078ns
Mar 10 01:11:15 DIBTVTest1A1 kernel: [    0.000025] Switching to timer-based delay loop, resolution 52ns
Mar 10 01:11:15 DIBTVTest1A1 kernel: [    0.000241] Console: colour dummy device 80x30
Mar 10 01:11:15 DIBTVTest1A1 kernel: [    0.000441] console [tty1] enabled
Mar 10 01:11:15 DIBTVTest1A1 kernel: [    0.000475] Calibrating delay loop (skipped), value calculated using timer frequency.. 38.40 BogoMIPS (lpj=192000)
Mar 10 01:11:15 DIBTVTest1A1 kernel: [    0.000494] pid_max: default: 32768 minimum: 301
Mar 10 01:11:15 DIBTVTest1A1 kernel: [    0.000792] Mount-cache hash table entries: 2048 (order: 1, 8192 bytes)
Mar 10 01:11:15 DIBTVTest1A1 kernel: [    0.000808] Mountpoint-cache hash table entries: 2048 (order: 1, 8192 bytes)
Mar 10 01:11:15 DIBTVTest1A1 kernel: [    0.001770] Initializing cgroup subsys blkio
Mar 10 01:11:15 DIBTVTest1A1 kernel: [    0.001797] Initializing cgroup subsys memory
Mar 10 01:11:15 DIBTVTest1A1 kernel: [    0.001821] Initializing cgroup subsys devices
Mar 10 01:11:15 DIBTVTest1A1 kernel: [    0.001840] Initializing cgroup subsys freezer
Mar 10 01:11:15 DIBTVTest1A1 kernel: [    0.001866] Initializing cgroup subsys net_cls
Mar 10 01:11:15 DIBTVTest1A1 kernel: [    0.001915] CPU: Testing write buffer coherency: ok
Mar 10 01:11:15 DIBTVTest1A1 kernel: [    0.001982] ftrace: allocating 20313 entries in 60 pages
Mar 10 01:11:15 DIBTVTest1A1 kernel: [    0.047502] CPU0: update cpu_capacity 1024
Mar 10 01:11:15 DIBTVTest1A1 kernel: [    0.047534] CPU0: thread -1, cpu 0, socket 0, mpidr 80000000
Mar 10 01:11:15 DIBTVTest1A1 kernel: [    0.047548] [bcm2709_smp_prepare_cpus] enter
Mar 10 01:11:15 DIBTVTest1A1 kernel: [    0.047695] Setting up static identity map for 0x8240 - 0x8274
Mar 10 01:11:15 DIBTVTest1A1 kernel: [    0.049477] [bcm2709_boot_secondary] cpu:1 started (0) 17
Mar 10 01:11:15 DIBTVTest1A1 kernel: [    0.049699] [bcm2709_secondary_init] enter cpu:1
Mar 10 01:11:15 DIBTVTest1A1 kernel: [    0.049741] CPU1: update cpu_capacity 1024
Mar 10 01:11:15 DIBTVTest1A1 kernel: [    0.049747] CPU1: thread -1, cpu 1, socket 0, mpidr 80000001
Mar 10 01:11:15 DIBTVTest1A1 kernel: [    0.050133] [bcm2709_boot_secondary] cpu:2 started (0) 18
Mar 10 01:11:15 DIBTVTest1A1 kernel: [    0.050297] [bcm2709_secondary_init] enter cpu:2
Mar 10 01:11:15 DIBTVTest1A1 kernel: [    0.050319] CPU2: update cpu_capacity 1024
Mar 10 01:11:15 DIBTVTest1A1 kernel: [    0.050325] CPU2: thread -1, cpu 2, socket 0, mpidr 80000002
Mar 10 01:11:15 DIBTVTest1A1 kernel: [    0.050684] [bcm2709_boot_secondary] cpu:3 started (0) 18
Mar 10 01:11:15 DIBTVTest1A1 kernel: [    0.050815] [bcm2709_secondary_init] enter cpu:3
Mar 10 01:11:15 DIBTVTest1A1 kernel: [    0.050836] CPU3: update cpu_capacity 1024
Mar 10 01:11:15 DIBTVTest1A1 kernel: [    0.050842] CPU3: thread -1, cpu 3, socket 0, mpidr 80000003
Mar 10 01:11:15 DIBTVTest1A1 kernel: [    0.050903] Brought up 4 CPUs
Mar 10 01:11:15 DIBTVTest1A1 kernel: [    0.050926] SMP: Total of 4 processors activated (153.60 BogoMIPS).
Mar 10 01:11:15 DIBTVTest1A1 kernel: [    0.050935] CPU: All CPU(s) started in HYP mode.
Mar 10 01:11:15 DIBTVTest1A1 kernel: [    0.050942] CPU: Virtualization extensions available.
Mar 10 01:11:15 DIBTVTest1A1 kernel: [    0.051621] devtmpfs: initialized
Mar 10 01:11:15 DIBTVTest1A1 kernel: [    0.070380] VFP support v0.3: implementor 41 architecture 3 part 40 variant 3 rev 4
Mar 10 01:11:15 DIBTVTest1A1 kernel: [    0.070617] clocksource jiffies: mask: 0xffffffff max_cycles: 0xffffffff, max_idle_ns: 19112604462750000 ns
Mar 10 01:11:15 DIBTVTest1A1 kernel: [    0.071426] pinctrl core: initialized pinctrl subsystem
Mar 10 01:11:15 DIBTVTest1A1 kernel: [    0.071955] NET: Registered protocol family 16
Mar 10 01:11:15 DIBTVTest1A1 kernel: [    0.077055] DMA: preallocated 4096 KiB pool for atomic coherent allocations
Mar 10 01:11:15 DIBTVTest1A1 kernel: [    0.078047] bcm2709.uart_clock = 48000000
Mar 10 01:11:15 DIBTVTest1A1 kernel: [    0.082104] bcm2709: Mini UART enabled
Mar 10 01:11:15 DIBTVTest1A1 kernel: [    0.082152] hw-breakpoint: found 5 (+1 reserved) breakpoint and 4 watchpoint registers.
Mar 10 01:11:15 DIBTVTest1A1 kernel: [    0.082162] hw-breakpoint: maximum watchpoint size is 8 bytes.
Mar 10 01:11:15 DIBTVTest1A1 kernel: [    0.082314] Serial: AMBA PL011 UART driver
Mar 10 01:11:15 DIBTVTest1A1 kernel: [    0.082358] uart-pl011 3f201000.uart: could not find pctldev for node /soc/gpio@7e200000/uart0_pins, deferring probe
Mar 10 01:11:15 DIBTVTest1A1 kernel: [    0.082514] bcm2835-mbox 3f00b880.mailbox: mailbox enabled
Mar 10 01:11:15 DIBTVTest1A1 kernel: [    0.148242] bcm2708-dmaengine 3f007000.dma: DMA legacy API manager at f3007000, dmachans=0xf35
Mar 10 01:11:15 DIBTVTest1A1 kernel: [    0.148274] bcm2708-dmaengine 3f007000.dma: Initialized 7 DMA channels (+ 1 legacy)
Mar 10 01:11:15 DIBTVTest1A1 kernel: [    0.148830] bcm2708-dmaengine 3f007000.dma: Load BCM2835 DMA engine driver
Mar 10 01:11:15 DIBTVTest1A1 kernel: [    0.148843] bcm2708-dmaengine 3f007000.dma: dma_debug:0
Mar 10 01:11:15 DIBTVTest1A1 kernel: [    0.149394] SCSI subsystem initialized
Mar 10 01:11:15 DIBTVTest1A1 kernel: [    0.149584] usbcore: registered new interface driver usbfs
Mar 10 01:11:15 DIBTVTest1A1 kernel: [    0.149676] usbcore: registered new interface driver hub
Mar 10 01:11:15 DIBTVTest1A1 kernel: [    0.149775] usbcore: registered new device driver usb
Mar 10 01:11:15 DIBTVTest1A1 kernel: [    0.150295] raspberrypi-firmware soc:firmware: Attached to firmware from 2016-03-15 14:47
Mar 10 01:11:15 DIBTVTest1A1 kernel: [    0.177398] Switched to clocksource arch_sys_counter
Mar 10 01:11:15 DIBTVTest1A1 kernel: [    0.218790] FS-Cache: Loaded
Mar 10 01:11:15 DIBTVTest1A1 kernel: [    0.219059] CacheFiles: Loaded
Mar 10 01:11:15 DIBTVTest1A1 kernel: [    0.228387] NET: Registered protocol family 2
Mar 10 01:11:15 DIBTVTest1A1 kernel: [    0.229334] TCP established hash table entries: 8192 (order: 3, 32768 bytes)
Mar 10 01:11:15 DIBTVTest1A1 kernel: [    0.229450] TCP bind hash table entries: 8192 (order: 4, 65536 bytes)
Mar 10 01:11:15 DIBTVTest1A1 kernel: [    0.229639] TCP: Hash tables configured (established 8192 bind 8192)
Mar 10 01:11:15 DIBTVTest1A1 kernel: [    0.229732] UDP hash table entries: 512 (order: 2, 16384 bytes)
Mar 10 01:11:15 DIBTVTest1A1 kernel: [    0.229779] UDP-Lite hash table entries: 512 (order: 2, 16384 bytes)
Mar 10 01:11:15 DIBTVTest1A1 kernel: [    0.230088] NET: Registered protocol family 1
Mar 10 01:11:15 DIBTVTest1A1 kernel: [    0.230390] RPC: Registered named UNIX socket transport module.
Mar 10 01:11:15 DIBTVTest1A1 kernel: [    0.230401] RPC: Registered udp transport module.
Mar 10 01:11:15 DIBTVTest1A1 kernel: [    0.230409] RPC: Registered tcp transport module.
Mar 10 01:11:15 DIBTVTest1A1 kernel: [    0.230417] RPC: Registered tcp NFSv4.1 backchannel transport module.
Mar 10 01:11:15 DIBTVTest1A1 kernel: [    0.231386] hw perfevents: enabled with armv7_cortex_a7 PMU driver, 7 counters available
Mar 10 01:11:15 DIBTVTest1A1 kernel: [    0.232423] futex hash table entries: 1024 (order: 4, 65536 bytes)
Mar 10 01:11:15 DIBTVTest1A1 kernel: [    0.245787] VFS: Disk quotas dquot_6.6.0
Mar 10 01:11:15 DIBTVTest1A1 kernel: [    0.246098] VFS: Dquot-cache hash table entries: 1024 (order 0, 4096 bytes)
Mar 10 01:11:15 DIBTVTest1A1 kernel: [    0.248204] FS-Cache: Netfs 'nfs' registered for caching
Mar 10 01:11:15 DIBTVTest1A1 kernel: [    0.249101] NFS: Registering the id_resolver key type
Mar 10 01:11:15 DIBTVTest1A1 kernel: [    0.249144] Key type id_resolver registered
Mar 10 01:11:15 DIBTVTest1A1 kernel: [    0.249153] Key type id_legacy registered
Mar 10 01:11:15 DIBTVTest1A1 kernel: [    0.251207] Block layer SCSI generic (bsg) driver version 0.4 loaded (major 252)
Mar 10 01:11:15 DIBTVTest1A1 kernel: [    0.251345] io scheduler noop registered
Mar 10 01:11:15 DIBTVTest1A1 kernel: [    0.251365] io scheduler deadline registered (default)
Mar 10 01:11:15 DIBTVTest1A1 kernel: [    0.251632] io scheduler cfq registered
Mar 10 01:11:15 DIBTVTest1A1 kernel: [    0.253882] BCM2708FB: allocated DMA memory ee800000
Mar 10 01:11:15 DIBTVTest1A1 kernel: [    0.253907] BCM2708FB: allocated DMA channel 0 @ f3007000
Mar 10 01:11:15 DIBTVTest1A1 kernel: [    0.280361] Console: switching to colour frame buffer device 228x61
Mar 10 01:11:15 DIBTVTest1A1 kernel: [    0.296361] Serial: 8250/16550 driver, 1 ports, IRQ sharing disabled
Mar 10 01:11:15 DIBTVTest1A1 kernel: [    0.297870] console [ttyS0] disabled
Mar 10 01:11:15 DIBTVTest1A1 kernel: [    0.297928] 3f215040.uart: ttyS0 at MMIO 0x3f215040 (irq = 29, base_baud = 50000000) is a 16550
Mar 10 01:11:15 DIBTVTest1A1 kernel: [    0.298470] console [ttyS0] enabled
Mar 10 01:11:15 DIBTVTest1A1 kernel: [    0.299384] vc-cma: Videocore CMA driver
Mar 10 01:11:15 DIBTVTest1A1 kernel: [    0.299395] vc-cma: vc_cma_base      = 0x00000000
Mar 10 01:11:15 DIBTVTest1A1 kernel: [    0.299404] vc-cma: vc_cma_size      = 0x00000000 (0 MiB)
Mar 10 01:11:15 DIBTVTest1A1 kernel: [    0.299413] vc-cma: vc_cma_initial   = 0x00000000 (0 MiB)
Mar 10 01:11:15 DIBTVTest1A1 kernel: [    0.299589] vc-mem: phys_addr:0x00000000 mem_base=0x3dc00000 mem_size:0x3f000000(1008 MiB)
Mar 10 01:11:15 DIBTVTest1A1 kernel: [    0.311059] brd: module loaded
Mar 10 01:11:15 DIBTVTest1A1 kernel: [    0.318124] loop: module loaded
Mar 10 01:11:15 DIBTVTest1A1 kernel: [    0.318940] vchiq: vchiq_init_state: slot_zero = 0xae880000, is_master = 0
Mar 10 01:11:15 DIBTVTest1A1 kernel: [    0.320434] Loading iSCSI transport class v2.0-870.
Mar 10 01:11:15 DIBTVTest1A1 kernel: [    0.321078] usbcore: registered new interface driver smsc95xx
Mar 10 01:11:15 DIBTVTest1A1 kernel: [    0.321129] dwc_otg: version 3.00a 10-AUG-2012 (platform bus)
Mar 10 01:11:15 DIBTVTest1A1 kernel: [    0.521415] Core Release: 2.80a
Mar 10 01:11:15 DIBTVTest1A1 kernel: [    0.521429] Setting default values for core params
Mar 10 01:11:15 DIBTVTest1A1 kernel: [    0.521464] Finished setting default values for core params
Mar 10 01:11:15 DIBTVTest1A1 kernel: [    0.721809] Using Buffer DMA mode
Mar 10 01:11:15 DIBTVTest1A1 kernel: [    0.721820] Periodic Transfer Interrupt Enhancement - disabled
Mar 10 01:11:15 DIBTVTest1A1 kernel: [    0.721828] Multiprocessor Interrupt Enhancement - disabled
Mar 10 01:11:15 DIBTVTest1A1 kernel: [    0.721837] OTG VER PARAM: 0, OTG VER FLAG: 0
Mar 10 01:11:15 DIBTVTest1A1 kernel: [    0.721851] Dedicated Tx FIFOs mode
Mar 10 01:11:15 DIBTVTest1A1 kernel: [    0.722141] WARN::dwc_otg_hcd_init:1047: FIQ DMA bounce buffers: virt = 0xae814000 dma = 0xee814000 len=9024
Mar 10 01:11:15 DIBTVTest1A1 kernel: [    0.722170] FIQ FSM acceleration enabled for :
Mar 10 01:11:15 DIBTVTest1A1 kernel: [    0.722170] Non-periodic Split Transactions
Mar 10 01:11:15 DIBTVTest1A1 kernel: [    0.722170] Periodic Split Transactions
Mar 10 01:11:15 DIBTVTest1A1 kernel: [    0.722170] High-Speed Isochronous Endpoints
Mar 10 01:11:15 DIBTVTest1A1 kernel: [    0.722235] WARN::hcd_init_fiq:412: FIQ on core 1 at 0x80417288
Mar 10 01:11:15 DIBTVTest1A1 kernel: [    0.722248] WARN::hcd_init_fiq:413: FIQ ASM at 0x804175f8 length 36
Mar 10 01:11:15 DIBTVTest1A1 kernel: [    0.722262] WARN::hcd_init_fiq:438: MPHI regs_base at 0xaf89c000
Mar 10 01:11:15 DIBTVTest1A1 kernel: [    0.722296] dwc_otg 3f980000.usb: DWC OTG Controller
Mar 10 01:11:15 DIBTVTest1A1 kernel: [    0.722332] dwc_otg 3f980000.usb: new USB bus registered, assigned bus number 1
Mar 10 01:11:15 DIBTVTest1A1 kernel: [    0.722365] dwc_otg 3f980000.usb: irq 32, io mem 0x00000000
Mar 10 01:11:15 DIBTVTest1A1 kernel: [    0.722415] Init: Port Power? op_state=1
Mar 10 01:11:15 DIBTVTest1A1 kernel: [    0.722423] Init: Power Port (0)
Mar 10 01:11:15 DIBTVTest1A1 kernel: [    0.722619] usb usb1: New USB device found, idVendor=1d6b, idProduct=0002
Mar 10 01:11:15 DIBTVTest1A1 kernel: [    0.722634] usb usb1: New USB device strings: Mfr=3, Product=2, SerialNumber=1
Mar 10 01:11:15 DIBTVTest1A1 kernel: [    0.722646] usb usb1: Product: DWC OTG Controller
Mar 10 01:11:15 DIBTVTest1A1 kernel: [    0.722658] usb usb1: Manufacturer: Linux 4.1.19-v7+ dwc_otg_hcd
Mar 10 01:11:15 DIBTVTest1A1 kernel: [    0.722670] usb usb1: SerialNumber: 3f980000.usb
Mar 10 01:11:15 DIBTVTest1A1 kernel: [    0.723330] hub 1-0:1.0: USB hub found
Mar 10 01:11:15 DIBTVTest1A1 kernel: [    0.723374] hub 1-0:1.0: 1 port detected
Mar 10 01:11:15 DIBTVTest1A1 kernel: [    0.724064] usbcore: registered new interface driver usb-storage
Mar 10 01:11:15 DIBTVTest1A1 kernel: [    0.724245] mousedev: PS/2 mouse device common for all mice
Mar 10 01:11:15 DIBTVTest1A1 kernel: [    0.724914] bcm2835-cpufreq: min=600000 max=1200000
Mar 10 01:11:15 DIBTVTest1A1 kernel: [    0.725188] sdhci: Secure Digital Host Controller Interface driver
Mar 10 01:11:15 DIBTVTest1A1 kernel: [    0.725198] sdhci: Copyright(c) Pierre Ossman
Mar 10 01:11:15 DIBTVTest1A1 kernel: [    0.725478] sdhost: log_buf @ ae813000 (ee813000)
Mar 10 01:11:15 DIBTVTest1A1 kernel: [    0.797434] mmc0: sdhost-bcm2835 loaded - DMA enabled (>1)
Mar 10 01:11:15 DIBTVTest1A1 kernel: [    0.819843] mmc-bcm2835 3f300000.mmc: mmc_debug:0 mmc_debug2:0
Mar 10 01:11:15 DIBTVTest1A1 kernel: [    0.819857] mmc-bcm2835 3f300000.mmc: DMA channel allocated
Mar 10 01:11:15 DIBTVTest1A1 kernel: [    0.857504] sdhci-pltfm: SDHCI platform and OF driver helper
Mar 10 01:11:15 DIBTVTest1A1 kernel: [    0.857854] ledtrig-cpu: registered to indicate activity on CPUs
Mar 10 01:11:15 DIBTVTest1A1 kernel: [    0.857983] hidraw: raw HID events driver (C) Jiri Kosina
Mar 10 01:11:15 DIBTVTest1A1 kernel: [    0.858175] usbcore: registered new interface driver usbhid
Mar 10 01:11:15 DIBTVTest1A1 kernel: [    0.858184] usbhid: USB HID core driver
Mar 10 01:11:15 DIBTVTest1A1 kernel: [    0.858508] mmc0: host does not support reading read-only switch, assuming write-enable
Mar 10 01:11:15 DIBTVTest1A1 kernel: [    0.858606] Initializing XFRM netlink socket
Mar 10 01:11:15 DIBTVTest1A1 kernel: [    0.858638] NET: Registered protocol family 17
Mar 10 01:11:15 DIBTVTest1A1 kernel: [    0.858753] Key type dns_resolver registered
Mar 10 01:11:15 DIBTVTest1A1 kernel: [    0.859224] Registering SWP/SWPB emulation handler
Mar 10 01:11:15 DIBTVTest1A1 kernel: [    0.859847] registered taskstats version 1
Mar 10 01:11:15 DIBTVTest1A1 kernel: [    0.860035] vc-sm: Videocore shared memory driver
Mar 10 01:11:15 DIBTVTest1A1 kernel: [    0.860052] [vc_sm_connected_init]: start
Mar 10 01:11:15 DIBTVTest1A1 kernel: [    0.861357] mmc0: new high speed SDHC card at address 59b4
Mar 10 01:11:15 DIBTVTest1A1 kernel: [    0.861520] [vc_sm_connected_init]: end - returning 0
Mar 10 01:11:15 DIBTVTest1A1 kernel: [    0.861783] mmcblk0: mmc0:59b4 SMTC  14.6 GiB 
Mar 10 01:11:15 DIBTVTest1A1 kernel: [    0.862921] 3f201000.uart: ttyAMA0 at MMIO 0x3f201000 (irq = 83, base_baud = 0) is a PL011 rev2
Mar 10 01:11:15 DIBTVTest1A1 kernel: [    0.864116]  mmcblk0: p1 p2
Mar 10 01:11:15 DIBTVTest1A1 kernel: [    0.882913] EXT4-fs (mmcblk0p2): mounted filesystem with ordered data mode. Opts: (null)
Mar 10 01:11:15 DIBTVTest1A1 kernel: [    0.882963] VFS: Mounted root (ext4 filesystem) readonly on device 179:2.
Mar 10 01:11:15 DIBTVTest1A1 kernel: [    0.883048] mmc1: queuing unknown CIS tuple 0x80 (2 bytes)
Mar 10 01:11:15 DIBTVTest1A1 kernel: [    0.883781] devtmpfs: mounted
Mar 10 01:11:15 DIBTVTest1A1 kernel: [    0.884476] Freeing unused kernel memory: 444K (80795000 - 80804000)
Mar 10 01:11:15 DIBTVTest1A1 kernel: [    0.884639] mmc1: queuing unknown CIS tuple 0x80 (3 bytes)
Mar 10 01:11:15 DIBTVTest1A1 kernel: [    0.886189] mmc1: queuing unknown CIS tuple 0x80 (3 bytes)
Mar 10 01:11:15 DIBTVTest1A1 kernel: [    0.888976] mmc1: queuing unknown CIS tuple 0x80 (7 bytes)
Mar 10 01:11:15 DIBTVTest1A1 kernel: [    0.917512] Indeed it is in host mode hprt0 = 00021501
Mar 10 01:11:15 DIBTVTest1A1 kernel: [    0.979744] mmc1: new high speed SDIO card at address 0001
Mar 10 01:11:15 DIBTVTest1A1 kernel: [    1.097456] usb 1-1: new high-speed USB device number 2 using dwc_otg
Mar 10 01:11:15 DIBTVTest1A1 kernel: [    1.097615] Indeed it is in host mode hprt0 = 00001101
Mar 10 01:11:15 DIBTVTest1A1 kernel: [    1.274117] random: systemd urandom read with 39 bits of entropy available
Mar 10 01:11:15 DIBTVTest1A1 kernel: [    1.297744] usb 1-1: New USB device found, idVendor=0424, idProduct=9514
Mar 10 01:11:15 DIBTVTest1A1 kernel: [    1.297762] usb 1-1: New USB device strings: Mfr=0, Product=0, SerialNumber=0
Mar 10 01:11:15 DIBTVTest1A1 kernel: [    1.298464] hub 1-1:1.0: USB hub found
Mar 10 01:11:15 DIBTVTest1A1 kernel: [    1.298555] hub 1-1:1.0: 5 ports detected
Mar 10 01:11:15 DIBTVTest1A1 kernel: [    1.441533] NET: Registered protocol family 10
Mar 10 01:11:15 DIBTVTest1A1 kernel: [    1.577480] usb 1-1.1: new high-speed USB device number 3 using dwc_otg
Mar 10 01:11:15 DIBTVTest1A1 kernel: [    1.677776] usb 1-1.1: New USB device found, idVendor=0424, idProduct=ec00
Mar 10 01:11:15 DIBTVTest1A1 kernel: [    1.677799] usb 1-1.1: New USB device strings: Mfr=0, Product=0, SerialNumber=0
Mar 10 01:11:15 DIBTVTest1A1 kernel: [    1.680525] smsc95xx v1.0.4
Mar 10 01:11:15 DIBTVTest1A1 kernel: [    1.740881] smsc95xx 1-1.1:1.0 eth0: register 'smsc95xx' at usb-3f980000.usb-1.1, smsc95xx USB 2.0 Ethernet, b8:27:eb:af:33:65
Mar 10 01:11:15 DIBTVTest1A1 kernel: [    2.064560] fuse init (API version 7.23)
Mar 10 01:11:15 DIBTVTest1A1 kernel: [    2.176811] i2c /dev entries driver
Mar 10 01:11:15 DIBTVTest1A1 kernel: [    2.247480] usb 1-1.4: new full-speed USB device number 4 using dwc_otg
Mar 10 01:11:15 DIBTVTest1A1 kernel: [    2.358761] usb 1-1.4: New USB device found, idVendor=1997, idProduct=2433
Mar 10 01:11:15 DIBTVTest1A1 kernel: [    2.358784] usb 1-1.4: New USB device strings: Mfr=1, Product=2, SerialNumber=0
Mar 10 01:11:15 DIBTVTest1A1 kernel: [    2.358797] usb 1-1.4: Product: mini keyboard
Mar 10 01:11:15 DIBTVTest1A1 kernel: [    2.358809] usb 1-1.4: Manufacturer:  
Mar 10 01:11:15 DIBTVTest1A1 kernel: [    2.369704] input:   mini keyboard as /devices/platform/soc/3f980000.usb/usb1/1-1/1-1.4/1-1.4:1.0/0003:1997:2433.0001/input/input0
Mar 10 01:11:15 DIBTVTest1A1 kernel: [    2.427803] hid-generic 0003:1997:2433.0001: input,hidraw0: USB HID v1.01 Keyboard [  mini keyboard] on usb-3f980000.usb-1.4/input0
Mar 10 01:11:15 DIBTVTest1A1 kernel: [    2.436912] input:   mini keyboard as /devices/platform/soc/3f980000.usb/usb1/1-1/1-1.4/1-1.4:1.1/0003:1997:2433.0002/input/input1
Mar 10 01:11:15 DIBTVTest1A1 kernel: [    2.488233] hid-generic 0003:1997:2433.0002: input,hidraw1: USB HID v1.01 Mouse [  mini keyboard] on usb-3f980000.usb-1.4/input1
Mar 10 01:11:15 DIBTVTest1A1 kernel: [    3.198850] EXT4-fs (mmcblk0p2): re-mounted. Opts: (null)
Mar 10 01:11:15 DIBTVTest1A1 kernel: [    3.422529] cfg80211: Calling CRDA to update world regulatory domain
Mar 10 01:11:15 DIBTVTest1A1 kernel: [    3.658403] usbcore: registered new interface driver brcmfmac
Mar 10 01:11:15 DIBTVTest1A1 kernel: [    3.896944] bcm2835-rng 3f104000.rng: hwrng registered
Mar 10 01:11:15 DIBTVTest1A1 kernel: [    3.897934] gpiomem-bcm2835 3f200000.gpiomem: Initialised: Registers at 0x3f200000
Mar 10 01:11:15 DIBTVTest1A1 kernel: [    3.946916] random: nonblocking pool is initialized
Mar 10 01:11:15 DIBTVTest1A1 kernel: [    4.164211] cfg80211: World regulatory domain updated:
Mar 10 01:11:15 DIBTVTest1A1 kernel: [    4.164220] cfg80211:  DFS Master region: unset
Mar 10 01:11:15 DIBTVTest1A1 kernel: [    4.164230] cfg80211:   (start_freq - end_freq @ bandwidth), (max_antenna_gain, max_eirp), (dfs_cac_time)
Mar 10 01:11:15 DIBTVTest1A1 kernel: [    4.164245] cfg80211:   (2402000 KHz - 2472000 KHz @ 40000 KHz), (N/A, 2000 mBm), (N/A)
Mar 10 01:11:15 DIBTVTest1A1 kernel: [    4.164260] cfg80211:   (2457000 KHz - 2482000 KHz @ 20000 KHz, 92000 KHz AUTO), (N/A, 2000 mBm), (N/A)
Mar 10 01:11:15 DIBTVTest1A1 kernel: [    4.164273] cfg80211:   (2474000 KHz - 2494000 KHz @ 20000 KHz), (N/A, 2000 mBm), (N/A)
Mar 10 01:11:15 DIBTVTest1A1 kernel: [    4.164287] cfg80211:   (5170000 KHz - 5250000 KHz @ 80000 KHz, 160000 KHz AUTO), (N/A, 2000 mBm), (N/A)
Mar 10 01:11:15 DIBTVTest1A1 kernel: [    4.164301] cfg80211:   (5250000 KHz - 5330000 KHz @ 80000 KHz, 160000 KHz AUTO), (N/A, 2000 mBm), (0 s)
Mar 10 01:11:15 DIBTVTest1A1 kernel: [    4.164314] cfg80211:   (5490000 KHz - 5730000 KHz @ 160000 KHz), (N/A, 2000 mBm), (0 s)
Mar 10 01:11:15 DIBTVTest1A1 kernel: [    4.164327] cfg80211:   (5735000 KHz - 5835000 KHz @ 80000 KHz), (N/A, 2000 mBm), (N/A)
Mar 10 01:11:15 DIBTVTest1A1 kernel: [    4.164339] cfg80211:   (57240000 KHz - 63720000 KHz @ 2160000 KHz), (N/A, 0 mBm), (N/A)
Mar 10 01:11:15 DIBTVTest1A1 kernel: [    4.698454] brcmfmac: power management disabled
Mar 10 01:11:15 DIBTVTest1A1 kernel: [    5.077533] cfg80211: Calling CRDA for country: US
Mar 10 01:11:15 DIBTVTest1A1 kernel: [    5.097472] cfg80211: Regulatory domain changed to country: US
Mar 10 01:11:15 DIBTVTest1A1 kernel: [    5.097497] cfg80211:  DFS Master region: FCC
Mar 10 01:11:15 DIBTVTest1A1 kernel: [    5.097506] cfg80211:   (start_freq - end_freq @ bandwidth), (max_antenna_gain, max_eirp), (dfs_cac_time)
Mar 10 01:11:15 DIBTVTest1A1 kernel: [    5.097520] cfg80211:   (2402000 KHz - 2472000 KHz @ 40000 KHz), (N/A, 3000 mBm), (N/A)
Mar 10 01:11:15 DIBTVTest1A1 kernel: [    5.097535] cfg80211:   (5170000 KHz - 5250000 KHz @ 80000 KHz, 160000 KHz AUTO), (N/A, 2300 mBm), (N/A)
Mar 10 01:11:15 DIBTVTest1A1 kernel: [    5.097550] cfg80211:   (5250000 KHz - 5330000 KHz @ 80000 KHz, 160000 KHz AUTO), (N/A, 2300 mBm), (0 s)
Mar 10 01:11:15 DIBTVTest1A1 kernel: [    5.097563] cfg80211:   (5490000 KHz - 5730000 KHz @ 160000 KHz), (N/A, 2300 mBm), (0 s)
Mar 10 01:11:15 DIBTVTest1A1 kernel: [    5.097575] cfg80211:   (5735000 KHz - 5835000 KHz @ 80000 KHz), (N/A, 3000 mBm), (N/A)
Mar 10 01:11:15 DIBTVTest1A1 kernel: [    5.097587] cfg80211:   (57240000 KHz - 63720000 KHz @ 2160000 KHz), (N/A, 4000 mBm), (N/A)
Mar 10 01:11:15 DIBTVTest1A1 kernel: [    5.547315] uart-pl011 3f201000.uart: no DMA platform data
Mar 10 01:11:15 DIBTVTest1A1 kernel: [    6.143713] Adding 102396k swap on /var/swap.  Priority:-1 extents:3 across:1773568k SSFS
Mar 10 01:11:16 DIBTVTest1A1 kernel: [    6.289283] smsc95xx 1-1.1:1.0 eth0: hardware isn't capable of remote wakeup
Mar 10 01:11:16 DIBTVTest1A1 kernel: [    6.289544] IPv6: ADDRCONF(NETDEV_UP): eth0: link is not ready
Mar 10 01:11:16 DIBTVTest1A1 kernel: [    6.290818] cfg80211: Calling CRDA for country: US
Mar 10 01:11:16 DIBTVTest1A1 kernel: [    6.302619] cfg80211: Regulatory domain changed to country: US
Mar 10 01:11:16 DIBTVTest1A1 kernel: [    6.302630] cfg80211:  DFS Master region: FCC
Mar 10 01:11:16 DIBTVTest1A1 kernel: [    6.302635] cfg80211:   (start_freq - end_freq @ bandwidth), (max_antenna_gain, max_eirp), (dfs_cac_time)
Mar 10 01:11:16 DIBTVTest1A1 kernel: [    6.302643] cfg80211:   (2402000 KHz - 2472000 KHz @ 40000 KHz), (N/A, 3000 mBm), (N/A)
Mar 10 01:11:16 DIBTVTest1A1 kernel: [    6.302650] cfg80211:   (5170000 KHz - 5250000 KHz @ 80000 KHz, 160000 KHz AUTO), (N/A, 2300 mBm), (N/A)
Mar 10 01:11:16 DIBTVTest1A1 kernel: [    6.302658] cfg80211:   (5250000 KHz - 5330000 KHz @ 80000 KHz, 160000 KHz AUTO), (N/A, 2300 mBm), (0 s)
Mar 10 01:11:16 DIBTVTest1A1 kernel: [    6.302664] cfg80211:   (5490000 KHz - 5730000 KHz @ 160000 KHz), (N/A, 2300 mBm), (0 s)
Mar 10 01:11:16 DIBTVTest1A1 kernel: [    6.302670] cfg80211:   (5735000 KHz - 5835000 KHz @ 80000 KHz), (N/A, 3000 mBm), (N/A)
Mar 10 01:11:16 DIBTVTest1A1 kernel: [    6.302676] cfg80211:   (57240000 KHz - 63720000 KHz @ 2160000 KHz), (N/A, 4000 mBm), (N/A)
Mar 10 01:11:16 DIBTVTest1A1 kernel: [    6.891854] gpiomem-bcm2835 3f200000.gpiomem: gpiomem device opened.
Mar 10 01:11:17 DIBTVTest1A1 kernel: [    7.891573] IPv6: ADDRCONF(NETDEV_CHANGE): eth0: link becomes ready
Mar 10 01:11:17 DIBTVTest1A1 kernel: [    7.893823] smsc95xx 1-1.1:1.0 eth0: link up, 100Mbps, full-duplex, lpa 0xCDE1
Mar 10 01:11:19 DIBTVTest1A1 kernel: [   10.025803] Bluetooth: Core ver 2.20
Mar 10 01:11:19 DIBTVTest1A1 kernel: [   10.025857] NET: Registered protocol family 31
Mar 10 01:11:19 DIBTVTest1A1 kernel: [   10.025862] Bluetooth: HCI device and connection manager initialized
Mar 10 01:11:19 DIBTVTest1A1 kernel: [   10.025879] Bluetooth: HCI socket layer initialized
Mar 10 01:11:19 DIBTVTest1A1 kernel: [   10.025889] Bluetooth: L2CAP socket layer initialized
Mar 10 01:11:19 DIBTVTest1A1 kernel: [   10.025911] Bluetooth: SCO socket layer initialized
Mar 10 01:11:19 DIBTVTest1A1 kernel: [   10.061566] Bluetooth: HCI UART driver ver 2.3
Mar 10 01:11:19 DIBTVTest1A1 kernel: [   10.061579] Bluetooth: HCI UART protocol H4 registered
Mar 10 01:11:19 DIBTVTest1A1 kernel: [   10.061584] Bluetooth: HCI UART protocol Three-wire (H5) registered
Mar 10 01:11:19 DIBTVTest1A1 kernel: [   10.061589] Bluetooth: HCI UART protocol BCM registered
Mar 10 01:11:20 DIBTVTest1A1 kernel: [   10.322977] Bluetooth: BNEP (Ethernet Emulation) ver 1.3
Mar 10 01:11:20 DIBTVTest1A1 kernel: [   10.322989] Bluetooth: BNEP filters: protocol multicast
Mar 10 01:11:20 DIBTVTest1A1 kernel: [   10.323004] Bluetooth: BNEP socket layer initialized
Mar 10 01:11:23 DIBTVTest1A1 rsyslogd-2007: action 'action 17' suspended, next retry is Mon Mar 10 01:11:53 2025 [try http://www.rsyslog.com/e/2007 ]
Mar 10 01:11:30 DIBTVTest1A1 org.gtk.Private.AfcVolumeMonitor[857]: Volume monitor alive
Mar 10 01:17:01 DIBTVTest1A1 rsyslogd-2007: action 'action 17' suspended, next retry is Mon Mar 10 01:17:31 2025 [try http://www.rsyslog.com/e/2007 ]
Mar 10 01:26:31 DIBTVTest1A1 rsyslogd-2007: action 'action 17' suspended, next retry is Mon Mar 10 01:27:01 2025 [try http://www.rsyslog.com/e/2007 ]
Mar 10 01:39:01 DIBTVTest1A1 rsyslogd-2007: action 'action 17' suspended, next retry is Mon Mar 10 01:39:31 2025 [try http://www.rsyslog.com/e/2007 ]
Mar 10 02:09:01 DIBTVTest1A1 rsyslogd-2007: action 'action 17' suspended, next retry is Mon Mar 10 02:09:31 2025 [try http://www.rsyslog.com/e/2007 ]
Mar 10 02:09:35 DIBTVTest1A1 rsyslogd-2007: action 'action 17' suspended, next retry is Mon Mar 10 02:10:05 2025 [try http://www.rsyslog.com/e/2007 ]
Mar 10 02:11:21 DIBTVTest1A1 rsyslogd-2007: action 'action 17' suspended, next retry is Mon Mar 10 02:11:51 2025 [try http://www.rsyslog.com/e/2007 ]
Mar 10 02:17:01 DIBTVTest1A1 rsyslogd-2007: action 'action 17' suspended, next retry is Mon Mar 10 02:17:31 2025 [try http://www.rsyslog.com/e/2007 ]
Mar 10 02:39:01 DIBTVTest1A1 rsyslogd-2007: action 'action 17' suspended, next retry is Mon Mar 10 02:39:31 2025 [try http://www.rsyslog.com/e/2007 ]
Mar 10 03:09:01 DIBTVTest1A1 rsyslogd-2007: action 'action 17' suspended, next retry is Mon Mar 10 03:09:31 2025 [try http://www.rsyslog.com/e/2007 ]
Mar 10 03:09:35 DIBTVTest1A1 rsyslogd-2007: action 'action 17' suspended, next retry is Mon Mar 10 03:10:35 2025 [try http://www.rsyslog.com/e/2007 ]
Mar 10 03:11:21 DIBTVTest1A1 rsyslogd-2007: action 'action 17' suspended, next retry is Mon Mar 10 03:12:21 2025 [try http://www.rsyslog.com/e/2007 ]
Mar 10 03:17:01 DIBTVTest1A1 rsyslogd-2007: action 'action 17' suspended, next retry is Mon Mar 10 03:18:01 2025 [try http://www.rsyslog.com/e/2007 ]
Mar 10 03:39:01 DIBTVTest1A1 rsyslogd-2007: action 'action 17' suspended, next retry is Mon Mar 10 03:40:01 2025 [try http://www.rsyslog.com/e/2007 ]
Mar 10 04:09:01 DIBTVTest1A1 rsyslogd-2007: action 'action 17' suspended, next retry is Mon Mar 10 04:10:01 2025 [try http://www.rsyslog.com/e/2007 ]
Mar 10 04:11:21 DIBTVTest1A1 rsyslogd-2007: action 'action 17' suspended, next retry is Mon Mar 10 04:12:21 2025 [try http://www.rsyslog.com/e/2007 ]
Mar 10 04:17:01 DIBTVTest1A1 rsyslogd-2007: action 'action 17' suspended, next retry is Mon Mar 10 04:18:01 2025 [try http://www.rsyslog.com/e/2007 ]
Mar 10 04:39:01 DIBTVTest1A1 rsyslogd-2007: action 'action 17' suspended, next retry is Mon Mar 10 04:40:01 2025 [try http://www.rsyslog.com/e/2007 ]
Mar 10 05:09:01 DIBTVTest1A1 rsyslogd-2007: action 'action 17' suspended, next retry is Mon Mar 10 05:10:01 2025 [try http://www.rsyslog.com/e/2007 ]
Mar 10 05:11:21 DIBTVTest1A1 rsyslogd-2007: action 'action 17' suspended, next retry is Mon Mar 10 05:12:21 2025 [try http://www.rsyslog.com/e/2007 ]
Mar 10 05:17:01 DIBTVTest1A1 rsyslogd-2007: action 'action 17' suspended, next retry is Mon Mar 10 05:18:31 2025 [try http://www.rsyslog.com/e/2007 ]
Mar 10 05:39:01 DIBTVTest1A1 rsyslogd-2007: action 'action 17' suspended, next retry is Mon Mar 10 05:40:31 2025 [try http://www.rsyslog.com/e/2007 ]
Mar 10 06:09:01 DIBTVTest1A1 rsyslogd-2007: action 'action 17' suspended, next retry is Mon Mar 10 06:10:31 2025 [try http://www.rsyslog.com/e/2007 ]
Mar 10 06:11:21 DIBTVTest1A1 rsyslogd-2007: action 'action 17' suspended, next retry is Mon Mar 10 06:12:51 2025 [try http://www.rsyslog.com/e/2007 ]
Mar 10 06:17:01 DIBTVTest1A1 rsyslogd-2007: action 'action 17' suspended, next retry is Mon Mar 10 06:18:31 2025 [try http://www.rsyslog.com/e/2007 ]
Mar 10 06:25:01 DIBTVTest1A1 rsyslogd-2007: action 'action 17' suspended, next retry is Mon Mar 10 06:26:31 2025 [try http://www.rsyslog.com/e/2007 ]
Mar 10 06:25:06 DIBTVTest1A1 rsyslogd: [origin software="rsyslogd" swVersion="8.4.2" x-pid="424" x-info="http://www.rsyslog.com"] rsyslogd was HUPed
Mar 10 06:39:01 DIBTVTest1A1 rsyslogd0: action 'action 17' resumed (module 'builtin:ompipe') [try http://www.rsyslog.com/e/0 ]
Mar 10 06:39:01 DIBTVTest1A1 rsyslogd-2359: action 'action 17' resumed (module 'builtin:ompipe') [try http://www.rsyslog.com/e/2359 ]
Mar 10 10:02:55 DIBTVTest1A1 rsyslogd: [origin software="rsyslogd" swVersion="8.4.2" x-pid="424" x-info="http://www.rsyslog.com"] exiting on signal 15.
Mar 10 10:03:00 DIBTVTest1A1 rsyslogd: [origin software="rsyslogd" swVersion="8.4.2" x-pid="424" x-info="http://www.rsyslog.com"] start
Mar 10 10:03:00 DIBTVTest1A1 kernel: [    0.000000] Booting Linux on physical CPU 0x0
Mar 10 10:03:00 DIBTVTest1A1 kernel: [    0.000000] Initializing cgroup subsys cpuset
Mar 10 10:03:00 DIBTVTest1A1 kernel: [    0.000000] Initializing cgroup subsys cpu
Mar 10 10:03:00 DIBTVTest1A1 kernel: [    0.000000] Initializing cgroup subsys cpuacct
Mar 10 10:03:00 DIBTVTest1A1 kernel: [    0.000000] Linux version 4.1.19-v7+ (dc4@dc4-XPS13-9333) (gcc version 4.9.3 (crosstool-NG crosstool-ng-1.22.0-88-g8460611) ) #858 SMP Tue Mar 15 15:56:00 GMT 2016
Mar 10 10:03:00 DIBTVTest1A1 kernel: [    0.000000] CPU: ARMv7 Processor [410fd034] revision 4 (ARMv7), cr=10c5383d
Mar 10 10:03:00 DIBTVTest1A1 kernel: [    0.000000] CPU: PIPT / VIPT nonaliasing data cache, VIPT aliasing instruction cache
Mar 10 10:03:00 DIBTVTest1A1 kernel: [    0.000000] Machine model: Raspberry Pi 3 Model B Rev 1.2
Mar 10 10:03:00 DIBTVTest1A1 kernel: [    0.000000] cma: Reserved 8 MiB at 0x2e400000
Mar 10 10:03:00 DIBTVTest1A1 kernel: [    0.000000] Memory policy: Data cache writealloc
Mar 10 10:03:00 DIBTVTest1A1 kernel: [    0.000000] [bcm2709_smp_init_cpus] enter (9420->f3003010)
Mar 10 10:03:00 DIBTVTest1A1 kernel: [    0.000000] [bcm2709_smp_init_cpus] ncores=4
Mar 10 10:03:00 DIBTVTest1A1 kernel: [    0.000000] PERCPU: Embedded 12 pages/cpu @aefb0000 s20416 r8192 d20544 u49152
Mar 10 10:03:00 DIBTVTest1A1 kernel: [    0.000000] Built 1 zonelists in Zone order, mobility grouping on.  Total pages: 190820
Mar 10 10:03:00 DIBTVTest1A1 kernel: [    0.000000] Kernel command line: 8250.nr_uarts=1 dma.dmachans=0x7f35 bcm2708_fb.fbwidth=1824 bcm2708_fb.fbheight=984 bcm2709.boardrev=0xa02082 bcm2709.serial=0x50af3365 smsc95xx.macaddr=B8:27:EB:AF:33:65 bcm2708_fb.fbswap=1 bcm2709.uart_clock=48000000 vc_mem.mem_base=0x3dc00000 vc_mem.mem_size=0x3f000000  dwc_otg.lpm_enable=0 console=ttyS0,115200 console=tty1 root=/dev/mmcblk0p2 rootfstype=ext4 elevator=deadline fsck.repair=yes rootwait logo.nologo quiet
Mar 10 10:03:00 DIBTVTest1A1 kernel: [    0.000000] PID hash table entries: 4096 (order: 2, 16384 bytes)
Mar 10 10:03:00 DIBTVTest1A1 kernel: [    0.000000] Dentry cache hash table entries: 131072 (order: 7, 524288 bytes)
Mar 10 10:03:00 DIBTVTest1A1 kernel: [    0.000000] Inode-cache hash table entries: 65536 (order: 6, 262144 bytes)
Mar 10 10:03:00 DIBTVTest1A1 kernel: [    0.000000] Memory: 744496K/770048K available (6064K kernel code, 534K rwdata, 1664K rodata, 444K init, 757K bss, 17360K reserved, 8192K cma-reserved)
Mar 10 10:03:00 DIBTVTest1A1 kernel: [    0.000000] Virtual kernel memory layout:
Mar 10 10:03:00 DIBTVTest1A1 kernel: [    0.000000]     vector  : 0xffff0000 - 0xffff1000   (   4 kB)
Mar 10 10:03:00 DIBTVTest1A1 kernel: [    0.000000]     fixmap  : 0xffc00000 - 0xfff00000   (3072 kB)
Mar 10 10:03:00 DIBTVTest1A1 kernel: [    0.000000]     vmalloc : 0xaf800000 - 0xff000000   (1272 MB)
Mar 10 10:03:00 DIBTVTest1A1 kernel: [    0.000000]     lowmem  : 0x80000000 - 0xaf000000   ( 752 MB)
Mar 10 10:03:00 DIBTVTest1A1 kernel: [    0.000000]     modules : 0x7f000000 - 0x80000000   (  16 MB)
Mar 10 10:03:00 DIBTVTest1A1 kernel: [    0.000000]       .text : 0x80008000 - 0x807945f0   (7730 kB)
Mar 10 10:03:00 DIBTVTest1A1 kernel: [    0.000000]       .init : 0x80795000 - 0x80804000   ( 444 kB)
Mar 10 10:03:00 DIBTVTest1A1 kernel: [    0.000000]       .data : 0x80804000 - 0x80889b10   ( 535 kB)
Mar 10 10:03:00 DIBTVTest1A1 kernel: [    0.000000]        .bss : 0x8088c000 - 0x809497dc   ( 758 kB)
Mar 10 10:03:00 DIBTVTest1A1 kernel: [    0.000000] SLUB: HWalign=64, Order=0-3, MinObjects=0, CPUs=4, Nodes=1
Mar 10 10:03:00 DIBTVTest1A1 kernel: [    0.000000] Hierarchical RCU implementation.
Mar 10 10:03:00 DIBTVTest1A1 kernel: [    0.000000] 	Additional per-CPU info printed with stalls.
Mar 10 10:03:00 DIBTVTest1A1 kernel: [    0.000000] NR_IRQS:608
Mar 10 10:03:00 DIBTVTest1A1 kernel: [    0.000000] Architected cp15 timer(s) running at 19.20MHz (phys).
Mar 10 10:03:00 DIBTVTest1A1 kernel: [    0.000000] clocksource arch_sys_counter: mask: 0xffffffffffffff max_cycles: 0x46d987e47, max_idle_ns: 440795202767 ns
Mar 10 10:03:00 DIBTVTest1A1 kernel: [    0.000008] sched_clock: 56 bits at 19MHz, resolution 52ns, wraps every 4398046511078ns
Mar 10 10:03:00 DIBTVTest1A1 kernel: [    0.000025] Switching to timer-based delay loop, resolution 52ns
Mar 10 10:03:00 DIBTVTest1A1 kernel: [    0.000244] Console: colour dummy device 80x30
Mar 10 10:03:00 DIBTVTest1A1 kernel: [    0.000443] console [tty1] enabled
Mar 10 10:03:00 DIBTVTest1A1 kernel: [    0.000477] Calibrating delay loop (skipped), value calculated using timer frequency.. 38.40 BogoMIPS (lpj=192000)
Mar 10 10:03:00 DIBTVTest1A1 kernel: [    0.000496] pid_max: default: 32768 minimum: 301
Mar 10 10:03:00 DIBTVTest1A1 kernel: [    0.000792] Mount-cache hash table entries: 2048 (order: 1, 8192 bytes)
Mar 10 10:03:00 DIBTVTest1A1 kernel: [    0.000807] Mountpoint-cache hash table entries: 2048 (order: 1, 8192 bytes)
Mar 10 10:03:00 DIBTVTest1A1 kernel: [    0.001768] Initializing cgroup subsys blkio
Mar 10 10:03:00 DIBTVTest1A1 kernel: [    0.001795] Initializing cgroup subsys memory
Mar 10 10:03:00 DIBTVTest1A1 kernel: [    0.001818] Initializing cgroup subsys devices
Mar 10 10:03:00 DIBTVTest1A1 kernel: [    0.001838] Initializing cgroup subsys freezer
Mar 10 10:03:00 DIBTVTest1A1 kernel: [    0.001864] Initializing cgroup subsys net_cls
Mar 10 10:03:00 DIBTVTest1A1 kernel: [    0.001913] CPU: Testing write buffer coherency: ok
Mar 10 10:03:00 DIBTVTest1A1 kernel: [    0.001980] ftrace: allocating 20313 entries in 60 pages
Mar 10 10:03:00 DIBTVTest1A1 kernel: [    0.047524] CPU0: update cpu_capacity 1024
Mar 10 10:03:00 DIBTVTest1A1 kernel: [    0.047556] CPU0: thread -1, cpu 0, socket 0, mpidr 80000000
Mar 10 10:03:00 DIBTVTest1A1 kernel: [    0.047570] [bcm2709_smp_prepare_cpus] enter
Mar 10 10:03:00 DIBTVTest1A1 kernel: [    0.047709] Setting up static identity map for 0x8240 - 0x8274
Mar 10 10:03:00 DIBTVTest1A1 kernel: [    0.049505] [bcm2709_boot_secondary] cpu:1 started (0) 17
Mar 10 10:03:00 DIBTVTest1A1 kernel: [    0.049728] [bcm2709_secondary_init] enter cpu:1
Mar 10 10:03:00 DIBTVTest1A1 kernel: [    0.049769] CPU1: update cpu_capacity 1024
Mar 10 10:03:00 DIBTVTest1A1 kernel: [    0.049776] CPU1: thread -1, cpu 1, socket 0, mpidr 80000001
Mar 10 10:03:00 DIBTVTest1A1 kernel: [    0.050158] [bcm2709_boot_secondary] cpu:2 started (0) 17
Mar 10 10:03:00 DIBTVTest1A1 kernel: [    0.050323] [bcm2709_secondary_init] enter cpu:2
Mar 10 10:03:00 DIBTVTest1A1 kernel: [    0.050345] CPU2: update cpu_capacity 1024
Mar 10 10:03:00 DIBTVTest1A1 kernel: [    0.050351] CPU2: thread -1, cpu 2, socket 0, mpidr 80000002
Mar 10 10:03:00 DIBTVTest1A1 kernel: [    0.050718] [bcm2709_boot_secondary] cpu:3 started (0) 17
Mar 10 10:03:00 DIBTVTest1A1 kernel: [    0.050849] [bcm2709_secondary_init] enter cpu:3
Mar 10 10:03:00 DIBTVTest1A1 kernel: [    0.050869] CPU3: update cpu_capacity 1024
Mar 10 10:03:00 DIBTVTest1A1 kernel: [    0.050875] CPU3: thread -1, cpu 3, socket 0, mpidr 80000003
Mar 10 10:03:00 DIBTVTest1A1 kernel: [    0.050938] Brought up 4 CPUs
Mar 10 10:03:00 DIBTVTest1A1 kernel: [    0.050961] SMP: Total of 4 processors activated (153.60 BogoMIPS).
Mar 10 10:03:00 DIBTVTest1A1 kernel: [    0.050969] CPU: All CPU(s) started in HYP mode.
Mar 10 10:03:00 DIBTVTest1A1 kernel: [    0.050977] CPU: Virtualization extensions available.
Mar 10 10:03:00 DIBTVTest1A1 kernel: [    0.051642] devtmpfs: initialized
Mar 10 10:03:00 DIBTVTest1A1 kernel: [    0.070398] VFP support v0.3: implementor 41 architecture 3 part 40 variant 3 rev 4
Mar 10 10:03:00 DIBTVTest1A1 kernel: [    0.070634] clocksource jiffies: mask: 0xffffffff max_cycles: 0xffffffff, max_idle_ns: 19112604462750000 ns
Mar 10 10:03:00 DIBTVTest1A1 kernel: [    0.071464] pinctrl core: initialized pinctrl subsystem
Mar 10 10:03:00 DIBTVTest1A1 kernel: [    0.071994] NET: Registered protocol family 16
Mar 10 10:03:00 DIBTVTest1A1 kernel: [    0.077099] DMA: preallocated 4096 KiB pool for atomic coherent allocations
Mar 10 10:03:00 DIBTVTest1A1 kernel: [    0.078091] bcm2709.uart_clock = 48000000
Mar 10 10:03:00 DIBTVTest1A1 kernel: [    0.082144] bcm2709: Mini UART enabled
Mar 10 10:03:00 DIBTVTest1A1 kernel: [    0.082192] hw-breakpoint: found 5 (+1 reserved) breakpoint and 4 watchpoint registers.
Mar 10 10:03:00 DIBTVTest1A1 kernel: [    0.082202] hw-breakpoint: maximum watchpoint size is 8 bytes.
Mar 10 10:03:00 DIBTVTest1A1 kernel: [    0.082353] Serial: AMBA PL011 UART driver
Mar 10 10:03:00 DIBTVTest1A1 kernel: [    0.082398] uart-pl011 3f201000.uart: could not find pctldev for node /soc/gpio@7e200000/uart0_pins, deferring probe
Mar 10 10:03:00 DIBTVTest1A1 kernel: [    0.082554] bcm2835-mbox 3f00b880.mailbox: mailbox enabled
Mar 10 10:03:00 DIBTVTest1A1 kernel: [    0.148266] bcm2708-dmaengine 3f007000.dma: DMA legacy API manager at f3007000, dmachans=0xf35
Mar 10 10:03:00 DIBTVTest1A1 kernel: [    0.148297] bcm2708-dmaengine 3f007000.dma: Initialized 7 DMA channels (+ 1 legacy)
Mar 10 10:03:00 DIBTVTest1A1 kernel: [    0.148854] bcm2708-dmaengine 3f007000.dma: Load BCM2835 DMA engine driver
Mar 10 10:03:00 DIBTVTest1A1 kernel: [    0.148867] bcm2708-dmaengine 3f007000.dma: dma_debug:0
Mar 10 10:03:00 DIBTVTest1A1 kernel: [    0.149418] SCSI subsystem initialized
Mar 10 10:03:00 DIBTVTest1A1 kernel: [    0.149607] usbcore: registered new interface driver usbfs
Mar 10 10:03:00 DIBTVTest1A1 kernel: [    0.149698] usbcore: registered new interface driver hub
Mar 10 10:03:00 DIBTVTest1A1 kernel: [    0.149797] usbcore: registered new device driver usb
Mar 10 10:03:00 DIBTVTest1A1 kernel: [    0.150320] raspberrypi-firmware soc:firmware: Attached to firmware from 2016-03-15 14:47
Mar 10 10:03:00 DIBTVTest1A1 kernel: [    0.177414] Switched to clocksource arch_sys_counter
Mar 10 10:03:00 DIBTVTest1A1 kernel: [    0.218806] FS-Cache: Loaded
Mar 10 10:03:00 DIBTVTest1A1 kernel: [    0.219074] CacheFiles: Loaded
Mar 10 10:03:00 DIBTVTest1A1 kernel: [    0.228413] NET: Registered protocol family 2
Mar 10 10:03:00 DIBTVTest1A1 kernel: [    0.229359] TCP established hash table entries: 8192 (order: 3, 32768 bytes)
Mar 10 10:03:00 DIBTVTest1A1 kernel: [    0.229476] TCP bind hash table entries: 8192 (order: 4, 65536 bytes)
Mar 10 10:03:00 DIBTVTest1A1 kernel: [    0.229665] TCP: Hash tables configured (established 8192 bind 8192)
Mar 10 10:03:00 DIBTVTest1A1 kernel: [    0.229759] UDP hash table entries: 512 (order: 2, 16384 bytes)
Mar 10 10:03:00 DIBTVTest1A1 kernel: [    0.229807] UDP-Lite hash table entries: 512 (order: 2, 16384 bytes)
Mar 10 10:03:00 DIBTVTest1A1 kernel: [    0.230115] NET: Registered protocol family 1
Mar 10 10:03:00 DIBTVTest1A1 kernel: [    0.230415] RPC: Registered named UNIX socket transport module.
Mar 10 10:03:00 DIBTVTest1A1 kernel: [    0.230426] RPC: Registered udp transport module.
Mar 10 10:03:00 DIBTVTest1A1 kernel: [    0.230435] RPC: Registered tcp transport module.
Mar 10 10:03:00 DIBTVTest1A1 kernel: [    0.230443] RPC: Registered tcp NFSv4.1 backchannel transport module.
Mar 10 10:03:00 DIBTVTest1A1 kernel: [    0.231409] hw perfevents: enabled with armv7_cortex_a7 PMU driver, 7 counters available
Mar 10 10:03:00 DIBTVTest1A1 kernel: [    0.232448] futex hash table entries: 1024 (order: 4, 65536 bytes)
Mar 10 10:03:00 DIBTVTest1A1 kernel: [    0.245797] VFS: Disk quotas dquot_6.6.0
Mar 10 10:03:00 DIBTVTest1A1 kernel: [    0.246108] VFS: Dquot-cache hash table entries: 1024 (order 0, 4096 bytes)
Mar 10 10:03:00 DIBTVTest1A1 kernel: [    0.248214] FS-Cache: Netfs 'nfs' registered for caching
Mar 10 10:03:00 DIBTVTest1A1 kernel: [    0.249112] NFS: Registering the id_resolver key type
Mar 10 10:03:00 DIBTVTest1A1 kernel: [    0.249160] Key type id_resolver registered
Mar 10 10:03:00 DIBTVTest1A1 kernel: [    0.249170] Key type id_legacy registered
Mar 10 10:03:00 DIBTVTest1A1 kernel: [    0.251227] Block layer SCSI generic (bsg) driver version 0.4 loaded (major 252)
Mar 10 10:03:00 DIBTVTest1A1 kernel: [    0.251364] io scheduler noop registered
Mar 10 10:03:00 DIBTVTest1A1 kernel: [    0.251384] io scheduler deadline registered (default)
Mar 10 10:03:00 DIBTVTest1A1 kernel: [    0.251651] io scheduler cfq registered
Mar 10 10:03:00 DIBTVTest1A1 kernel: [    0.253904] BCM2708FB: allocated DMA memory ee800000
Mar 10 10:03:00 DIBTVTest1A1 kernel: [    0.253929] BCM2708FB: allocated DMA channel 0 @ f3007000
Mar 10 10:03:00 DIBTVTest1A1 kernel: [    0.280377] Console: switching to colour frame buffer device 228x61
Mar 10 10:03:00 DIBTVTest1A1 kernel: [    0.296373] Serial: 8250/16550 driver, 1 ports, IRQ sharing disabled
Mar 10 10:03:00 DIBTVTest1A1 kernel: [    0.297887] console [ttyS0] disabled
Mar 10 10:03:00 DIBTVTest1A1 kernel: [    0.297947] 3f215040.uart: ttyS0 at MMIO 0x3f215040 (irq = 29, base_baud = 50000000) is a 16550
Mar 10 10:03:00 DIBTVTest1A1 kernel: [    0.298487] console [ttyS0] enabled
Mar 10 10:03:00 DIBTVTest1A1 kernel: [    0.299402] vc-cma: Videocore CMA driver
Mar 10 10:03:00 DIBTVTest1A1 kernel: [    0.299414] vc-cma: vc_cma_base      = 0x00000000
Mar 10 10:03:00 DIBTVTest1A1 kernel: [    0.299423] vc-cma: vc_cma_size      = 0x00000000 (0 MiB)
Mar 10 10:03:00 DIBTVTest1A1 kernel: [    0.299432] vc-cma: vc_cma_initial   = 0x00000000 (0 MiB)
Mar 10 10:03:00 DIBTVTest1A1 kernel: [    0.299608] vc-mem: phys_addr:0x00000000 mem_base=0x3dc00000 mem_size:0x3f000000(1008 MiB)
Mar 10 10:03:00 DIBTVTest1A1 kernel: [    0.311090] brd: module loaded
Mar 10 10:03:00 DIBTVTest1A1 kernel: [    0.318171] loop: module loaded
Mar 10 10:03:00 DIBTVTest1A1 kernel: [    0.318997] vchiq: vchiq_init_state: slot_zero = 0xae880000, is_master = 0
Mar 10 10:03:00 DIBTVTest1A1 kernel: [    0.320447] Loading iSCSI transport class v2.0-870.
Mar 10 10:03:00 DIBTVTest1A1 kernel: [    0.321092] usbcore: registered new interface driver smsc95xx
Mar 10 10:03:00 DIBTVTest1A1 kernel: [    0.321144] dwc_otg: version 3.00a 10-AUG-2012 (platform bus)
Mar 10 10:03:00 DIBTVTest1A1 kernel: [    0.521442] Core Release: 2.80a
Mar 10 10:03:00 DIBTVTest1A1 kernel: [    0.521455] Setting default values for core params
Mar 10 10:03:00 DIBTVTest1A1 kernel: [    0.521489] Finished setting default values for core params
Mar 10 10:03:00 DIBTVTest1A1 kernel: [    0.721841] Using Buffer DMA mode
Mar 10 10:03:00 DIBTVTest1A1 kernel: [    0.721852] Periodic Transfer Interrupt Enhancement - disabled
Mar 10 10:03:00 DIBTVTest1A1 kernel: [    0.721861] Multiprocessor Interrupt Enhancement - disabled
Mar 10 10:03:00 DIBTVTest1A1 kernel: [    0.721870] OTG VER PARAM: 0, OTG VER FLAG: 0
Mar 10 10:03:00 DIBTVTest1A1 kernel: [    0.721889] Dedicated Tx FIFOs mode
Mar 10 10:03:00 DIBTVTest1A1 kernel: [    0.722159] WARN::dwc_otg_hcd_init:1047: FIQ DMA bounce buffers: virt = 0xae814000 dma = 0xee814000 len=9024
Mar 10 10:03:00 DIBTVTest1A1 kernel: [    0.722189] FIQ FSM acceleration enabled for :
Mar 10 10:03:00 DIBTVTest1A1 kernel: [    0.722189] Non-periodic Split Transactions
Mar 10 10:03:00 DIBTVTest1A1 kernel: [    0.722189] Periodic Split Transactions
Mar 10 10:03:00 DIBTVTest1A1 kernel: [    0.722189] High-Speed Isochronous Endpoints
Mar 10 10:03:00 DIBTVTest1A1 kernel: [    0.722259] WARN::hcd_init_fiq:412: FIQ on core 1 at 0x80417288
Mar 10 10:03:00 DIBTVTest1A1 kernel: [    0.722275] WARN::hcd_init_fiq:413: FIQ ASM at 0x804175f8 length 36
Mar 10 10:03:00 DIBTVTest1A1 kernel: [    0.722290] WARN::hcd_init_fiq:438: MPHI regs_base at 0xaf89c000
Mar 10 10:03:00 DIBTVTest1A1 kernel: [    0.722325] dwc_otg 3f980000.usb: DWC OTG Controller
Mar 10 10:03:00 DIBTVTest1A1 kernel: [    0.722361] dwc_otg 3f980000.usb: new USB bus registered, assigned bus number 1
Mar 10 10:03:00 DIBTVTest1A1 kernel: [    0.722394] dwc_otg 3f980000.usb: irq 32, io mem 0x00000000
Mar 10 10:03:00 DIBTVTest1A1 kernel: [    0.722445] Init: Port Power? op_state=1
Mar 10 10:03:00 DIBTVTest1A1 kernel: [    0.722452] Init: Power Port (0)
Mar 10 10:03:00 DIBTVTest1A1 kernel: [    0.722643] usb usb1: New USB device found, idVendor=1d6b, idProduct=0002
Mar 10 10:03:00 DIBTVTest1A1 kernel: [    0.722658] usb usb1: New USB device strings: Mfr=3, Product=2, SerialNumber=1
Mar 10 10:03:00 DIBTVTest1A1 kernel: [    0.722670] usb usb1: Product: DWC OTG Controller
Mar 10 10:03:00 DIBTVTest1A1 kernel: [    0.722682] usb usb1: Manufacturer: Linux 4.1.19-v7+ dwc_otg_hcd
Mar 10 10:03:00 DIBTVTest1A1 kernel: [    0.722694] usb usb1: SerialNumber: 3f980000.usb
Mar 10 10:03:00 DIBTVTest1A1 kernel: [    0.723397] hub 1-0:1.0: USB hub found
Mar 10 10:03:00 DIBTVTest1A1 kernel: [    0.723439] hub 1-0:1.0: 1 port detected
Mar 10 10:03:00 DIBTVTest1A1 kernel: [    0.724116] usbcore: registered new interface driver usb-storage
Mar 10 10:03:00 DIBTVTest1A1 kernel: [    0.724297] mousedev: PS/2 mouse device common for all mice
Mar 10 10:03:00 DIBTVTest1A1 kernel: [    0.724950] bcm2835-cpufreq: min=600000 max=1200000
Mar 10 10:03:00 DIBTVTest1A1 kernel: [    0.725221] sdhci: Secure Digital Host Controller Interface driver
Mar 10 10:03:00 DIBTVTest1A1 kernel: [    0.725231] sdhci: Copyright(c) Pierre Ossman
Mar 10 10:03:00 DIBTVTest1A1 kernel: [    0.725523] sdhost: log_buf @ ae813000 (ee813000)
Mar 10 10:03:00 DIBTVTest1A1 kernel: [    0.797450] mmc0: sdhost-bcm2835 loaded - DMA enabled (>1)
Mar 10 10:03:00 DIBTVTest1A1 kernel: [    0.819857] mmc-bcm2835 3f300000.mmc: mmc_debug:0 mmc_debug2:0
Mar 10 10:03:00 DIBTVTest1A1 kernel: [    0.819871] mmc-bcm2835 3f300000.mmc: DMA channel allocated
Mar 10 10:03:00 DIBTVTest1A1 kernel: [    0.857518] sdhci-pltfm: SDHCI platform and OF driver helper
Mar 10 10:03:00 DIBTVTest1A1 kernel: [    0.857877] ledtrig-cpu: registered to indicate activity on CPUs
Mar 10 10:03:00 DIBTVTest1A1 kernel: [    0.858006] hidraw: raw HID events driver (C) Jiri Kosina
Mar 10 10:03:00 DIBTVTest1A1 kernel: [    0.858198] usbcore: registered new interface driver usbhid
Mar 10 10:03:00 DIBTVTest1A1 kernel: [    0.858206] usbhid: USB HID core driver
Mar 10 10:03:00 DIBTVTest1A1 kernel: [    0.858499] mmc0: host does not support reading read-only switch, assuming write-enable
Mar 10 10:03:00 DIBTVTest1A1 kernel: [    0.858626] Initializing XFRM netlink socket
Mar 10 10:03:00 DIBTVTest1A1 kernel: [    0.858659] NET: Registered protocol family 17
Mar 10 10:03:00 DIBTVTest1A1 kernel: [    0.858780] Key type dns_resolver registered
Mar 10 10:03:00 DIBTVTest1A1 kernel: [    0.859254] Registering SWP/SWPB emulation handler
Mar 10 10:03:00 DIBTVTest1A1 kernel: [    0.859876] registered taskstats version 1
Mar 10 10:03:00 DIBTVTest1A1 kernel: [    0.860073] vc-sm: Videocore shared memory driver
Mar 10 10:03:00 DIBTVTest1A1 kernel: [    0.860089] [vc_sm_connected_init]: start
Mar 10 10:03:00 DIBTVTest1A1 kernel: [    0.861346] mmc0: new high speed SDHC card at address 59b4
Mar 10 10:03:00 DIBTVTest1A1 kernel: [    0.861507] [vc_sm_connected_init]: end - returning 0
Mar 10 10:03:00 DIBTVTest1A1 kernel: [    0.861761] mmcblk0: mmc0:59b4 SMTC  14.6 GiB 
Mar 10 10:03:00 DIBTVTest1A1 kernel: [    0.862901] 3f201000.uart: ttyAMA0 at MMIO 0x3f201000 (irq = 83, base_baud = 0) is a PL011 rev2
Mar 10 10:03:00 DIBTVTest1A1 kernel: [    0.864089]  mmcblk0: p1 p2
Mar 10 10:03:00 DIBTVTest1A1 kernel: [    0.881021] mmc1: queuing unknown CIS tuple 0x80 (2 bytes)
Mar 10 10:03:00 DIBTVTest1A1 kernel: [    0.882581] mmc1: queuing unknown CIS tuple 0x80 (3 bytes)
Mar 10 10:03:00 DIBTVTest1A1 kernel: [    0.882865] EXT4-fs (mmcblk0p2): mounted filesystem with ordered data mode. Opts: (null)
Mar 10 10:03:00 DIBTVTest1A1 kernel: [    0.882914] VFS: Mounted root (ext4 filesystem) readonly on device 179:2.
Mar 10 10:03:00 DIBTVTest1A1 kernel: [    0.883699] devtmpfs: mounted
Mar 10 10:03:00 DIBTVTest1A1 kernel: [    0.884135] mmc1: queuing unknown CIS tuple 0x80 (3 bytes)
Mar 10 10:03:00 DIBTVTest1A1 kernel: [    0.884399] Freeing unused kernel memory: 444K (80795000 - 80804000)
Mar 10 10:03:00 DIBTVTest1A1 kernel: [    0.886993] mmc1: queuing unknown CIS tuple 0x80 (7 bytes)
Mar 10 10:03:00 DIBTVTest1A1 kernel: [    0.917510] Indeed it is in host mode hprt0 = 00021501
Mar 10 10:03:00 DIBTVTest1A1 kernel: [    0.977890] mmc1: new high speed SDIO card at address 0001
Mar 10 10:03:00 DIBTVTest1A1 kernel: [    1.097473] usb 1-1: new high-speed USB device number 2 using dwc_otg
Mar 10 10:03:00 DIBTVTest1A1 kernel: [    1.097619] Indeed it is in host mode hprt0 = 00001101
Mar 10 10:03:00 DIBTVTest1A1 kernel: [    1.273836] random: systemd urandom read with 39 bits of entropy available
Mar 10 10:03:00 DIBTVTest1A1 kernel: [    1.297764] usb 1-1: New USB device found, idVendor=0424, idProduct=9514
Mar 10 10:03:00 DIBTVTest1A1 kernel: [    1.297781] usb 1-1: New USB device strings: Mfr=0, Product=0, SerialNumber=0
Mar 10 10:03:00 DIBTVTest1A1 kernel: [    1.298482] hub 1-1:1.0: USB hub found
Mar 10 10:03:00 DIBTVTest1A1 kernel: [    1.298584] hub 1-1:1.0: 5 ports detected
Mar 10 10:03:00 DIBTVTest1A1 kernel: [    1.442506] NET: Registered protocol family 10
Mar 10 10:03:00 DIBTVTest1A1 kernel: [    1.577492] usb 1-1.1: new high-speed USB device number 3 using dwc_otg
Mar 10 10:03:00 DIBTVTest1A1 kernel: [    1.677801] usb 1-1.1: New USB device found, idVendor=0424, idProduct=ec00
Mar 10 10:03:00 DIBTVTest1A1 kernel: [    1.677824] usb 1-1.1: New USB device strings: Mfr=0, Product=0, SerialNumber=0
Mar 10 10:03:00 DIBTVTest1A1 kernel: [    1.680541] smsc95xx v1.0.4
Mar 10 10:03:00 DIBTVTest1A1 kernel: [    1.740928] smsc95xx 1-1.1:1.0 eth0: register 'smsc95xx' at usb-3f980000.usb-1.1, smsc95xx USB 2.0 Ethernet, b8:27:eb:af:33:65
Mar 10 10:03:00 DIBTVTest1A1 kernel: [    2.086562] fuse init (API version 7.23)
Mar 10 10:03:00 DIBTVTest1A1 kernel: [    2.173051] i2c /dev entries driver
Mar 10 10:03:00 DIBTVTest1A1 kernel: [    2.247728] usb 1-1.4: new full-speed USB device number 4 using dwc_otg
Mar 10 10:03:00 DIBTVTest1A1 kernel: [    2.358894] usb 1-1.4: New USB device found, idVendor=1997, idProduct=2433
Mar 10 10:03:00 DIBTVTest1A1 kernel: [    2.358917] usb 1-1.4: New USB device strings: Mfr=1, Product=2, SerialNumber=0
Mar 10 10:03:00 DIBTVTest1A1 kernel: [    2.358931] usb 1-1.4: Product: mini keyboard
Mar 10 10:03:00 DIBTVTest1A1 kernel: [    2.358943] usb 1-1.4: Manufacturer:  
Mar 10 10:03:00 DIBTVTest1A1 kernel: [    2.369555] input:   mini keyboard as /devices/platform/soc/3f980000.usb/usb1/1-1/1-1.4/1-1.4:1.0/0003:1997:2433.0001/input/input0
Mar 10 10:03:00 DIBTVTest1A1 kernel: [    2.427870] hid-generic 0003:1997:2433.0001: input,hidraw0: USB HID v1.01 Keyboard [  mini keyboard] on usb-3f980000.usb-1.4/input0
Mar 10 10:03:00 DIBTVTest1A1 kernel: [    2.438417] input:   mini keyboard as /devices/platform/soc/3f980000.usb/usb1/1-1/1-1.4/1-1.4:1.1/0003:1997:2433.0002/input/input1
Mar 10 10:03:00 DIBTVTest1A1 kernel: [    2.497967] hid-generic 0003:1997:2433.0002: input,hidraw1: USB HID v1.01 Mouse [  mini keyboard] on usb-3f980000.usb-1.4/input1
Mar 10 10:03:00 DIBTVTest1A1 kernel: [    2.966113] gpiomem-bcm2835 3f200000.gpiomem: Initialised: Registers at 0x3f200000
Mar 10 10:03:00 DIBTVTest1A1 kernel: [    3.126331] EXT4-fs (mmcblk0p2): re-mounted. Opts: (null)
Mar 10 10:03:00 DIBTVTest1A1 kernel: [    3.275962] cfg80211: Calling CRDA to update world regulatory domain
Mar 10 10:03:00 DIBTVTest1A1 kernel: [    3.487162] usbcore: registered new interface driver brcmfmac
Mar 10 10:03:00 DIBTVTest1A1 kernel: [    3.883779] bcm2835-rng 3f104000.rng: hwrng registered
Mar 10 10:03:00 DIBTVTest1A1 kernel: [    3.939413] cfg80211: World regulatory domain updated:
Mar 10 10:03:00 DIBTVTest1A1 kernel: [    3.939433] cfg80211:  DFS Master region: unset
Mar 10 10:03:00 DIBTVTest1A1 kernel: [    3.939448] cfg80211:   (start_freq - end_freq @ bandwidth), (max_antenna_gain, max_eirp), (dfs_cac_time)
Mar 10 10:03:00 DIBTVTest1A1 kernel: [    3.939482] cfg80211:   (2402000 KHz - 2472000 KHz @ 40000 KHz), (N/A, 2000 mBm), (N/A)
Mar 10 10:03:00 DIBTVTest1A1 kernel: [    3.939500] cfg80211:   (2457000 KHz - 2482000 KHz @ 20000 KHz, 92000 KHz AUTO), (N/A, 2000 mBm), (N/A)
Mar 10 10:03:00 DIBTVTest1A1 kernel: [    3.939523] cfg80211:   (2474000 KHz - 2494000 KHz @ 20000 KHz), (N/A, 2000 mBm), (N/A)
Mar 10 10:03:00 DIBTVTest1A1 kernel: [    3.939558] cfg80211:   (5170000 KHz - 5250000 KHz @ 80000 KHz, 160000 KHz AUTO), (N/A, 2000 mBm), (N/A)
Mar 10 10:03:00 DIBTVTest1A1 kernel: [    3.939598] cfg80211:   (5250000 KHz - 5330000 KHz @ 80000 KHz, 160000 KHz AUTO), (N/A, 2000 mBm), (0 s)
Mar 10 10:03:00 DIBTVTest1A1 kernel: [    3.939643] cfg80211:   (5490000 KHz - 5730000 KHz @ 160000 KHz), (N/A, 2000 mBm), (0 s)
Mar 10 10:03:00 DIBTVTest1A1 kernel: [    3.939680] cfg80211:   (5735000 KHz - 5835000 KHz @ 80000 KHz), (N/A, 2000 mBm), (N/A)
Mar 10 10:03:00 DIBTVTest1A1 kernel: [    3.939724] cfg80211:   (57240000 KHz - 63720000 KHz @ 2160000 KHz), (N/A, 0 mBm), (N/A)
Mar 10 10:03:00 DIBTVTest1A1 kernel: [    4.375480] random: nonblocking pool is initialized
Mar 10 10:03:00 DIBTVTest1A1 kernel: [    4.416274] brcmfmac: power management disabled
Mar 10 10:03:00 DIBTVTest1A1 kernel: [    4.797502] cfg80211: Calling CRDA for country: US
Mar 10 10:03:00 DIBTVTest1A1 kernel: [    4.817386] cfg80211: Regulatory domain changed to country: US
Mar 10 10:03:00 DIBTVTest1A1 kernel: [    4.817451] cfg80211:  DFS Master region: FCC
Mar 10 10:03:00 DIBTVTest1A1 kernel: [    4.817461] cfg80211:   (start_freq - end_freq @ bandwidth), (max_antenna_gain, max_eirp), (dfs_cac_time)
Mar 10 10:03:00 DIBTVTest1A1 kernel: [    4.817476] cfg80211:   (2402000 KHz - 2472000 KHz @ 40000 KHz), (N/A, 3000 mBm), (N/A)
Mar 10 10:03:00 DIBTVTest1A1 kernel: [    4.817492] cfg80211:   (5170000 KHz - 5250000 KHz @ 80000 KHz, 160000 KHz AUTO), (N/A, 2300 mBm), (N/A)
Mar 10 10:03:00 DIBTVTest1A1 kernel: [    4.817506] cfg80211:   (5250000 KHz - 5330000 KHz @ 80000 KHz, 160000 KHz AUTO), (N/A, 2300 mBm), (0 s)
Mar 10 10:03:00 DIBTVTest1A1 kernel: [    4.817519] cfg80211:   (5490000 KHz - 5730000 KHz @ 160000 KHz), (N/A, 2300 mBm), (0 s)
Mar 10 10:03:00 DIBTVTest1A1 kernel: [    4.817531] cfg80211:   (5735000 KHz - 5835000 KHz @ 80000 KHz), (N/A, 3000 mBm), (N/A)
Mar 10 10:03:00 DIBTVTest1A1 kernel: [    4.817543] cfg80211:   (57240000 KHz - 63720000 KHz @ 2160000 KHz), (N/A, 4000 mBm), (N/A)
Mar 10 10:03:00 DIBTVTest1A1 kernel: [    5.204906] uart-pl011 3f201000.uart: no DMA platform data
Mar 10 10:03:00 DIBTVTest1A1 kernel: [    5.741886] Adding 102396k swap on /var/swap.  Priority:-1 extents:3 across:1773568k SSFS
Mar 10 10:03:00 DIBTVTest1A1 kernel: [    5.938650] smsc95xx 1-1.1:1.0 eth0: hardware isn't capable of remote wakeup
Mar 10 10:03:00 DIBTVTest1A1 kernel: [    5.938813] IPv6: ADDRCONF(NETDEV_UP): eth0: link is not ready
Mar 10 10:03:00 DIBTVTest1A1 kernel: [    5.942363] cfg80211: Calling CRDA for country: US
Mar 10 10:03:00 DIBTVTest1A1 kernel: [    5.957784] cfg80211: Regulatory domain changed to country: US
Mar 10 10:03:00 DIBTVTest1A1 kernel: [    5.957796] cfg80211:  DFS Master region: FCC
Mar 10 10:03:00 DIBTVTest1A1 kernel: [    5.957802] cfg80211:   (start_freq - end_freq @ bandwidth), (max_antenna_gain, max_eirp), (dfs_cac_time)
Mar 10 10:03:00 DIBTVTest1A1 kernel: [    5.957810] cfg80211:   (2402000 KHz - 2472000 KHz @ 40000 KHz), (N/A, 3000 mBm), (N/A)
Mar 10 10:03:00 DIBTVTest1A1 kernel: [    5.957820] cfg80211:   (5170000 KHz - 5250000 KHz @ 80000 KHz, 160000 KHz AUTO), (N/A, 2300 mBm), (N/A)
Mar 10 10:03:00 DIBTVTest1A1 kernel: [    5.957827] cfg80211:   (5250000 KHz - 5330000 KHz @ 80000 KHz, 160000 KHz AUTO), (N/A, 2300 mBm), (0 s)
Mar 10 10:03:00 DIBTVTest1A1 kernel: [    5.957833] cfg80211:   (5490000 KHz - 5730000 KHz @ 160000 KHz), (N/A, 2300 mBm), (0 s)
Mar 10 10:03:00 DIBTVTest1A1 kernel: [    5.957839] cfg80211:   (5735000 KHz - 5835000 KHz @ 80000 KHz), (N/A, 3000 mBm), (N/A)
Mar 10 10:03:00 DIBTVTest1A1 kernel: [    5.957846] cfg80211:   (57240000 KHz - 63720000 KHz @ 2160000 KHz), (N/A, 4000 mBm), (N/A)
Mar 10 10:03:01 DIBTVTest1A1 kernel: [    6.502278] gpiomem-bcm2835 3f200000.gpiomem: gpiomem device opened.
Mar 10 10:03:02 DIBTVTest1A1 kernel: [    7.557571] IPv6: ADDRCONF(NETDEV_CHANGE): eth0: link becomes ready
Mar 10 10:03:02 DIBTVTest1A1 kernel: [    7.559864] smsc95xx 1-1.1:1.0 eth0: link up, 100Mbps, full-duplex, lpa 0xCDE1
Mar 10 10:03:04 DIBTVTest1A1 kernel: [    9.693034] Bluetooth: Core ver 2.20
Mar 10 10:03:04 DIBTVTest1A1 kernel: [    9.693094] NET: Registered protocol family 31
Mar 10 10:03:04 DIBTVTest1A1 kernel: [    9.693100] Bluetooth: HCI device and connection manager initialized
Mar 10 10:03:04 DIBTVTest1A1 kernel: [    9.693487] Bluetooth: HCI socket layer initialized
Mar 10 10:03:04 DIBTVTest1A1 kernel: [    9.693500] Bluetooth: L2CAP socket layer initialized
Mar 10 10:03:04 DIBTVTest1A1 kernel: [    9.693523] Bluetooth: SCO socket layer initialized
Mar 10 10:03:04 DIBTVTest1A1 kernel: [    9.728801] Bluetooth: HCI UART driver ver 2.3
Mar 10 10:03:04 DIBTVTest1A1 kernel: [    9.728815] Bluetooth: HCI UART protocol H4 registered
Mar 10 10:03:04 DIBTVTest1A1 kernel: [    9.728821] Bluetooth: HCI UART protocol Three-wire (H5) registered
Mar 10 10:03:04 DIBTVTest1A1 kernel: [    9.728825] Bluetooth: HCI UART protocol BCM registered
Mar 10 10:03:04 DIBTVTest1A1 kernel: [    9.867725] Bluetooth: BNEP (Ethernet Emulation) ver 1.3
Mar 10 10:03:04 DIBTVTest1A1 kernel: [    9.867740] Bluetooth: BNEP filters: protocol multicast
Mar 10 10:03:04 DIBTVTest1A1 kernel: [    9.867759] Bluetooth: BNEP socket layer initialized
Mar 10 10:03:08 DIBTVTest1A1 rsyslogd-2007: action 'action 17' suspended, next retry is Mon Mar 10 10:03:38 2025 [try http://www.rsyslog.com/e/2007 ]
Mar 10 10:03:14 DIBTVTest1A1 org.gtk.Private.AfcVolumeMonitor[855]: Volume monitor alive
Mar 10 10:07:03 DIBTVTest1A1 rsyslogd-2007: action 'action 17' suspended, next retry is Mon Mar 10 10:07:33 2025 [try http://www.rsyslog.com/e/2007 ]
Mar 10 10:07:55 DIBTVTest1A1 rsyslogd-2007: action 'action 17' suspended, next retry is Mon Mar 10 10:08:25 2025 [try http://www.rsyslog.com/e/2007 ]
Mar 10 10:08:38 DIBTVTest1A1 rsyslogd-2007: action 'action 17' suspended, next retry is Mon Mar 10 10:09:08 2025 [try http://www.rsyslog.com/e/2007 ]
Mar 10 10:08:56 DIBTVTest1A1 rsyslogd: [origin software="rsyslogd" swVersion="8.4.2" x-pid="424" x-info="http://www.rsyslog.com"] exiting on signal 15.
Mar 10 10:09:01 DIBTVTest1A1 rsyslogd: [origin software="rsyslogd" swVersion="8.4.2" x-pid="420" x-info="http://www.rsyslog.com"] start
Mar 10 10:09:01 DIBTVTest1A1 kernel: [    0.000000] Booting Linux on physical CPU 0x0
Mar 10 10:09:01 DIBTVTest1A1 kernel: [    0.000000] Initializing cgroup subsys cpuset
Mar 10 10:09:01 DIBTVTest1A1 kernel: [    0.000000] Initializing cgroup subsys cpu
Mar 10 10:09:01 DIBTVTest1A1 kernel: [    0.000000] Initializing cgroup subsys cpuacct
Mar 10 10:09:01 DIBTVTest1A1 kernel: [    0.000000] Linux version 4.1.19-v7+ (dc4@dc4-XPS13-9333) (gcc version 4.9.3 (crosstool-NG crosstool-ng-1.22.0-88-g8460611) ) #858 SMP Tue Mar 15 15:56:00 GMT 2016
Mar 10 10:09:01 DIBTVTest1A1 kernel: [    0.000000] CPU: ARMv7 Processor [410fd034] revision 4 (ARMv7), cr=10c5383d
Mar 10 10:09:01 DIBTVTest1A1 kernel: [    0.000000] CPU: PIPT / VIPT nonaliasing data cache, VIPT aliasing instruction cache
Mar 10 10:09:01 DIBTVTest1A1 kernel: [    0.000000] Machine model: Raspberry Pi 3 Model B Rev 1.2
Mar 10 10:09:01 DIBTVTest1A1 kernel: [    0.000000] cma: Reserved 8 MiB at 0x2e400000
Mar 10 10:09:01 DIBTVTest1A1 kernel: [    0.000000] Memory policy: Data cache writealloc
Mar 10 10:09:01 DIBTVTest1A1 kernel: [    0.000000] [bcm2709_smp_init_cpus] enter (9420->f3003010)
Mar 10 10:09:01 DIBTVTest1A1 kernel: [    0.000000] [bcm2709_smp_init_cpus] ncores=4
Mar 10 10:09:01 DIBTVTest1A1 kernel: [    0.000000] PERCPU: Embedded 12 pages/cpu @aefb0000 s20416 r8192 d20544 u49152
Mar 10 10:09:01 DIBTVTest1A1 kernel: [    0.000000] Built 1 zonelists in Zone order, mobility grouping on.  Total pages: 190820
Mar 10 10:09:01 DIBTVTest1A1 kernel: [    0.000000] Kernel command line: 8250.nr_uarts=1 dma.dmachans=0x7f35 bcm2708_fb.fbwidth=1824 bcm2708_fb.fbheight=984 bcm2709.boardrev=0xa02082 bcm2709.serial=0x50af3365 smsc95xx.macaddr=B8:27:EB:AF:33:65 bcm2708_fb.fbswap=1 bcm2709.uart_clock=48000000 vc_mem.mem_base=0x3dc00000 vc_mem.mem_size=0x3f000000  dwc_otg.lpm_enable=0 console=ttyS0,115200 console=tty1 root=/dev/mmcblk0p2 rootfstype=ext4 elevator=deadline fsck.repair=yes rootwait logo.nologo quiet
Mar 10 10:09:01 DIBTVTest1A1 kernel: [    0.000000] PID hash table entries: 4096 (order: 2, 16384 bytes)
Mar 10 10:09:01 DIBTVTest1A1 kernel: [    0.000000] Dentry cache hash table entries: 131072 (order: 7, 524288 bytes)
Mar 10 10:09:01 DIBTVTest1A1 kernel: [    0.000000] Inode-cache hash table entries: 65536 (order: 6, 262144 bytes)
Mar 10 10:09:01 DIBTVTest1A1 kernel: [    0.000000] Memory: 744496K/770048K available (6064K kernel code, 534K rwdata, 1664K rodata, 444K init, 757K bss, 17360K reserved, 8192K cma-reserved)
Mar 10 10:09:01 DIBTVTest1A1 kernel: [    0.000000] Virtual kernel memory layout:
Mar 10 10:09:01 DIBTVTest1A1 kernel: [    0.000000]     vector  : 0xffff0000 - 0xffff1000   (   4 kB)
Mar 10 10:09:01 DIBTVTest1A1 kernel: [    0.000000]     fixmap  : 0xffc00000 - 0xfff00000   (3072 kB)
Mar 10 10:09:01 DIBTVTest1A1 kernel: [    0.000000]     vmalloc : 0xaf800000 - 0xff000000   (1272 MB)
Mar 10 10:09:01 DIBTVTest1A1 kernel: [    0.000000]     lowmem  : 0x80000000 - 0xaf000000   ( 752 MB)
Mar 10 10:09:01 DIBTVTest1A1 kernel: [    0.000000]     modules : 0x7f000000 - 0x80000000   (  16 MB)
Mar 10 10:09:01 DIBTVTest1A1 kernel: [    0.000000]       .text : 0x80008000 - 0x807945f0   (7730 kB)
Mar 10 10:09:01 DIBTVTest1A1 kernel: [    0.000000]       .init : 0x80795000 - 0x80804000   ( 444 kB)
Mar 10 10:09:01 DIBTVTest1A1 kernel: [    0.000000]       .data : 0x80804000 - 0x80889b10   ( 535 kB)
Mar 10 10:09:01 DIBTVTest1A1 kernel: [    0.000000]        .bss : 0x8088c000 - 0x809497dc   ( 758 kB)
Mar 10 10:09:01 DIBTVTest1A1 kernel: [    0.000000] SLUB: HWalign=64, Order=0-3, MinObjects=0, CPUs=4, Nodes=1
Mar 10 10:09:01 DIBTVTest1A1 kernel: [    0.000000] Hierarchical RCU implementation.
Mar 10 10:09:01 DIBTVTest1A1 kernel: [    0.000000] 	Additional per-CPU info printed with stalls.
Mar 10 10:09:01 DIBTVTest1A1 kernel: [    0.000000] NR_IRQS:608
Mar 10 10:09:01 DIBTVTest1A1 kernel: [    0.000000] Architected cp15 timer(s) running at 19.20MHz (phys).
Mar 10 10:09:01 DIBTVTest1A1 kernel: [    0.000000] clocksource arch_sys_counter: mask: 0xffffffffffffff max_cycles: 0x46d987e47, max_idle_ns: 440795202767 ns
Mar 10 10:09:01 DIBTVTest1A1 kernel: [    0.000009] sched_clock: 56 bits at 19MHz, resolution 52ns, wraps every 4398046511078ns
Mar 10 10:09:01 DIBTVTest1A1 kernel: [    0.000026] Switching to timer-based delay loop, resolution 52ns
Mar 10 10:09:01 DIBTVTest1A1 kernel: [    0.000244] Console: colour dummy device 80x30
Mar 10 10:09:01 DIBTVTest1A1 kernel: [    0.000444] console [tty1] enabled
Mar 10 10:09:01 DIBTVTest1A1 kernel: [    0.000478] Calibrating delay loop (skipped), value calculated using timer frequency.. 38.40 BogoMIPS (lpj=192000)
Mar 10 10:09:01 DIBTVTest1A1 kernel: [    0.000497] pid_max: default: 32768 minimum: 301
Mar 10 10:09:01 DIBTVTest1A1 kernel: [    0.000796] Mount-cache hash table entries: 2048 (order: 1, 8192 bytes)
Mar 10 10:09:01 DIBTVTest1A1 kernel: [    0.000811] Mountpoint-cache hash table entries: 2048 (order: 1, 8192 bytes)
Mar 10 10:09:01 DIBTVTest1A1 kernel: [    0.001779] Initializing cgroup subsys blkio
Mar 10 10:09:01 DIBTVTest1A1 kernel: [    0.001805] Initializing cgroup subsys memory
Mar 10 10:09:01 DIBTVTest1A1 kernel: [    0.001830] Initializing cgroup subsys devices
Mar 10 10:09:01 DIBTVTest1A1 kernel: [    0.001850] Initializing cgroup subsys freezer
Mar 10 10:09:01 DIBTVTest1A1 kernel: [    0.001877] Initializing cgroup subsys net_cls
Mar 10 10:09:01 DIBTVTest1A1 kernel: [    0.001925] CPU: Testing write buffer coherency: ok
Mar 10 10:09:01 DIBTVTest1A1 kernel: [    0.001990] ftrace: allocating 20313 entries in 60 pages
Mar 10 10:09:01 DIBTVTest1A1 kernel: [    0.047524] CPU0: update cpu_capacity 1024
Mar 10 10:09:01 DIBTVTest1A1 kernel: [    0.047555] CPU0: thread -1, cpu 0, socket 0, mpidr 80000000
Mar 10 10:09:01 DIBTVTest1A1 kernel: [    0.047567] [bcm2709_smp_prepare_cpus] enter
Mar 10 10:09:01 DIBTVTest1A1 kernel: [    0.047716] Setting up static identity map for 0x8240 - 0x8274
Mar 10 10:09:01 DIBTVTest1A1 kernel: [    0.049510] [bcm2709_boot_secondary] cpu:1 started (0) 18
Mar 10 10:09:01 DIBTVTest1A1 kernel: [    0.049728] [bcm2709_secondary_init] enter cpu:1
Mar 10 10:09:01 DIBTVTest1A1 kernel: [    0.049770] CPU1: update cpu_capacity 1024
Mar 10 10:09:01 DIBTVTest1A1 kernel: [    0.049776] CPU1: thread -1, cpu 1, socket 0, mpidr 80000001
Mar 10 10:09:01 DIBTVTest1A1 kernel: [    0.050159] [bcm2709_boot_secondary] cpu:2 started (0) 18
Mar 10 10:09:01 DIBTVTest1A1 kernel: [    0.050324] [bcm2709_secondary_init] enter cpu:2
Mar 10 10:09:01 DIBTVTest1A1 kernel: [    0.050346] CPU2: update cpu_capacity 1024
Mar 10 10:09:01 DIBTVTest1A1 kernel: [    0.050352] CPU2: thread -1, cpu 2, socket 0, mpidr 80000002
Mar 10 10:09:01 DIBTVTest1A1 kernel: [    0.050718] [bcm2709_boot_secondary] cpu:3 started (0) 17
Mar 10 10:09:01 DIBTVTest1A1 kernel: [    0.050847] [bcm2709_secondary_init] enter cpu:3
Mar 10 10:09:01 DIBTVTest1A1 kernel: [    0.050868] CPU3: update cpu_capacity 1024
Mar 10 10:09:01 DIBTVTest1A1 kernel: [    0.050874] CPU3: thread -1, cpu 3, socket 0, mpidr 80000003
Mar 10 10:09:01 DIBTVTest1A1 kernel: [    0.050937] Brought up 4 CPUs
Mar 10 10:09:01 DIBTVTest1A1 kernel: [    0.050960] SMP: Total of 4 processors activated (153.60 BogoMIPS).
Mar 10 10:09:01 DIBTVTest1A1 kernel: [    0.050968] CPU: All CPU(s) started in HYP mode.
Mar 10 10:09:01 DIBTVTest1A1 kernel: [    0.050976] CPU: Virtualization extensions available.
Mar 10 10:09:01 DIBTVTest1A1 kernel: [    0.051643] devtmpfs: initialized
Mar 10 10:09:01 DIBTVTest1A1 kernel: [    0.070405] VFP support v0.3: implementor 41 architecture 3 part 40 variant 3 rev 4
Mar 10 10:09:01 DIBTVTest1A1 kernel: [    0.070644] clocksource jiffies: mask: 0xffffffff max_cycles: 0xffffffff, max_idle_ns: 19112604462750000 ns
Mar 10 10:09:01 DIBTVTest1A1 kernel: [    0.071470] pinctrl core: initialized pinctrl subsystem
Mar 10 10:09:01 DIBTVTest1A1 kernel: [    0.072000] NET: Registered protocol family 16
Mar 10 10:09:01 DIBTVTest1A1 kernel: [    0.077136] DMA: preallocated 4096 KiB pool for atomic coherent allocations
Mar 10 10:09:01 DIBTVTest1A1 kernel: [    0.078129] bcm2709.uart_clock = 48000000
Mar 10 10:09:01 DIBTVTest1A1 kernel: [    0.082187] bcm2709: Mini UART enabled
Mar 10 10:09:01 DIBTVTest1A1 kernel: [    0.082235] hw-breakpoint: found 5 (+1 reserved) breakpoint and 4 watchpoint registers.
Mar 10 10:09:01 DIBTVTest1A1 kernel: [    0.082246] hw-breakpoint: maximum watchpoint size is 8 bytes.
Mar 10 10:09:01 DIBTVTest1A1 kernel: [    0.082397] Serial: AMBA PL011 UART driver
Mar 10 10:09:01 DIBTVTest1A1 kernel: [    0.082441] uart-pl011 3f201000.uart: could not find pctldev for node /soc/gpio@7e200000/uart0_pins, deferring probe
Mar 10 10:09:01 DIBTVTest1A1 kernel: [    0.082597] bcm2835-mbox 3f00b880.mailbox: mailbox enabled
Mar 10 10:09:01 DIBTVTest1A1 kernel: [    0.148228] bcm2708-dmaengine 3f007000.dma: DMA legacy API manager at f3007000, dmachans=0xf35
Mar 10 10:09:01 DIBTVTest1A1 kernel: [    0.148260] bcm2708-dmaengine 3f007000.dma: Initialized 7 DMA channels (+ 1 legacy)
Mar 10 10:09:01 DIBTVTest1A1 kernel: [    0.148818] bcm2708-dmaengine 3f007000.dma: Load BCM2835 DMA engine driver
Mar 10 10:09:01 DIBTVTest1A1 kernel: [    0.148831] bcm2708-dmaengine 3f007000.dma: dma_debug:0
Mar 10 10:09:01 DIBTVTest1A1 kernel: [    0.149383] SCSI subsystem initialized
Mar 10 10:09:01 DIBTVTest1A1 kernel: [    0.149572] usbcore: registered new interface driver usbfs
Mar 10 10:09:01 DIBTVTest1A1 kernel: [    0.149664] usbcore: registered new interface driver hub
Mar 10 10:09:01 DIBTVTest1A1 kernel: [    0.149763] usbcore: registered new device driver usb
Mar 10 10:09:01 DIBTVTest1A1 kernel: [    0.150288] raspberrypi-firmware soc:firmware: Attached to firmware from 2016-03-15 14:47
Mar 10 10:09:01 DIBTVTest1A1 kernel: [    0.177385] Switched to clocksource arch_sys_counter
Mar 10 10:09:01 DIBTVTest1A1 kernel: [    0.218751] FS-Cache: Loaded
Mar 10 10:09:01 DIBTVTest1A1 kernel: [    0.219017] CacheFiles: Loaded
Mar 10 10:09:01 DIBTVTest1A1 kernel: [    0.228352] NET: Registered protocol family 2
Mar 10 10:09:01 DIBTVTest1A1 kernel: [    0.229300] TCP established hash table entries: 8192 (order: 3, 32768 bytes)
Mar 10 10:09:01 DIBTVTest1A1 kernel: [    0.229417] TCP bind hash table entries: 8192 (order: 4, 65536 bytes)
Mar 10 10:09:01 DIBTVTest1A1 kernel: [    0.229606] TCP: Hash tables configured (established 8192 bind 8192)
Mar 10 10:09:01 DIBTVTest1A1 kernel: [    0.229698] UDP hash table entries: 512 (order: 2, 16384 bytes)
Mar 10 10:09:01 DIBTVTest1A1 kernel: [    0.229745] UDP-Lite hash table entries: 512 (order: 2, 16384 bytes)
Mar 10 10:09:01 DIBTVTest1A1 kernel: [    0.230052] NET: Registered protocol family 1
Mar 10 10:09:01 DIBTVTest1A1 kernel: [    0.230353] RPC: Registered named UNIX socket transport module.
Mar 10 10:09:01 DIBTVTest1A1 kernel: [    0.230363] RPC: Registered udp transport module.
Mar 10 10:09:01 DIBTVTest1A1 kernel: [    0.230372] RPC: Registered tcp transport module.
Mar 10 10:09:01 DIBTVTest1A1 kernel: [    0.230380] RPC: Registered tcp NFSv4.1 backchannel transport module.
Mar 10 10:09:01 DIBTVTest1A1 kernel: [    0.231347] hw perfevents: enabled with armv7_cortex_a7 PMU driver, 7 counters available
Mar 10 10:09:01 DIBTVTest1A1 kernel: [    0.232384] futex hash table entries: 1024 (order: 4, 65536 bytes)
Mar 10 10:09:01 DIBTVTest1A1 kernel: [    0.245745] VFS: Disk quotas dquot_6.6.0
Mar 10 10:09:01 DIBTVTest1A1 kernel: [    0.246057] VFS: Dquot-cache hash table entries: 1024 (order 0, 4096 bytes)
Mar 10 10:09:01 DIBTVTest1A1 kernel: [    0.248163] FS-Cache: Netfs 'nfs' registered for caching
Mar 10 10:09:01 DIBTVTest1A1 kernel: [    0.249062] NFS: Registering the id_resolver key type
Mar 10 10:09:01 DIBTVTest1A1 kernel: [    0.249110] Key type id_resolver registered
Mar 10 10:09:01 DIBTVTest1A1 kernel: [    0.249120] Key type id_legacy registered
Mar 10 10:09:01 DIBTVTest1A1 kernel: [    0.251170] Block layer SCSI generic (bsg) driver version 0.4 loaded (major 252)
Mar 10 10:09:01 DIBTVTest1A1 kernel: [    0.251310] io scheduler noop registered
Mar 10 10:09:01 DIBTVTest1A1 kernel: [    0.251330] io scheduler deadline registered (default)
Mar 10 10:09:01 DIBTVTest1A1 kernel: [    0.251598] io scheduler cfq registered
Mar 10 10:09:01 DIBTVTest1A1 kernel: [    0.253847] BCM2708FB: allocated DMA memory ee800000
Mar 10 10:09:01 DIBTVTest1A1 kernel: [    0.253872] BCM2708FB: allocated DMA channel 0 @ f3007000
Mar 10 10:09:01 DIBTVTest1A1 kernel: [    0.280332] Console: switching to colour frame buffer device 228x61
Mar 10 10:09:01 DIBTVTest1A1 kernel: [    0.296331] Serial: 8250/16550 driver, 1 ports, IRQ sharing disabled
Mar 10 10:09:01 DIBTVTest1A1 kernel: [    0.297858] console [ttyS0] disabled
Mar 10 10:09:01 DIBTVTest1A1 kernel: [    0.297920] 3f215040.uart: ttyS0 at MMIO 0x3f215040 (irq = 29, base_baud = 50000000) is a 16550
Mar 10 10:09:01 DIBTVTest1A1 kernel: [    0.298459] console [ttyS0] enabled
Mar 10 10:09:01 DIBTVTest1A1 kernel: [    0.299378] vc-cma: Videocore CMA driver
Mar 10 10:09:01 DIBTVTest1A1 kernel: [    0.299390] vc-cma: vc_cma_base      = 0x00000000
Mar 10 10:09:01 DIBTVTest1A1 kernel: [    0.299399] vc-cma: vc_cma_size      = 0x00000000 (0 MiB)
Mar 10 10:09:01 DIBTVTest1A1 kernel: [    0.299408] vc-cma: vc_cma_initial   = 0x00000000 (0 MiB)
Mar 10 10:09:01 DIBTVTest1A1 kernel: [    0.299586] vc-mem: phys_addr:0x00000000 mem_base=0x3dc00000 mem_size:0x3f000000(1008 MiB)
Mar 10 10:09:01 DIBTVTest1A1 kernel: [    0.311082] brd: module loaded
Mar 10 10:09:01 DIBTVTest1A1 kernel: [    0.318149] loop: module loaded
Mar 10 10:09:01 DIBTVTest1A1 kernel: [    0.318973] vchiq: vchiq_init_state: slot_zero = 0xae880000, is_master = 0
Mar 10 10:09:01 DIBTVTest1A1 kernel: [    0.320433] Loading iSCSI transport class v2.0-870.
Mar 10 10:09:01 DIBTVTest1A1 kernel: [    0.321081] usbcore: registered new interface driver smsc95xx
Mar 10 10:09:01 DIBTVTest1A1 kernel: [    0.321130] dwc_otg: version 3.00a 10-AUG-2012 (platform bus)
Mar 10 10:09:01 DIBTVTest1A1 kernel: [    0.521424] Core Release: 2.80a
Mar 10 10:09:01 DIBTVTest1A1 kernel: [    0.521437] Setting default values for core params
Mar 10 10:09:01 DIBTVTest1A1 kernel: [    0.521471] Finished setting default values for core params
Mar 10 10:09:01 DIBTVTest1A1 kernel: [    0.721821] Using Buffer DMA mode
Mar 10 10:09:01 DIBTVTest1A1 kernel: [    0.721832] Periodic Transfer Interrupt Enhancement - disabled
Mar 10 10:09:01 DIBTVTest1A1 kernel: [    0.721840] Multiprocessor Interrupt Enhancement - disabled
Mar 10 10:09:01 DIBTVTest1A1 kernel: [    0.721849] OTG VER PARAM: 0, OTG VER FLAG: 0
Mar 10 10:09:01 DIBTVTest1A1 kernel: [    0.721869] Dedicated Tx FIFOs mode
Mar 10 10:09:01 DIBTVTest1A1 kernel: [    0.722142] WARN::dwc_otg_hcd_init:1047: FIQ DMA bounce buffers: virt = 0xae814000 dma = 0xee814000 len=9024
Mar 10 10:09:01 DIBTVTest1A1 kernel: [    0.722171] FIQ FSM acceleration enabled for :
Mar 10 10:09:01 DIBTVTest1A1 kernel: [    0.722171] Non-periodic Split Transactions
Mar 10 10:09:01 DIBTVTest1A1 kernel: [    0.722171] Periodic Split Transactions
Mar 10 10:09:01 DIBTVTest1A1 kernel: [    0.722171] High-Speed Isochronous Endpoints
Mar 10 10:09:01 DIBTVTest1A1 kernel: [    0.722240] WARN::hcd_init_fiq:412: FIQ on core 1 at 0x80417288
Mar 10 10:09:01 DIBTVTest1A1 kernel: [    0.722256] WARN::hcd_init_fiq:413: FIQ ASM at 0x804175f8 length 36
Mar 10 10:09:01 DIBTVTest1A1 kernel: [    0.722271] WARN::hcd_init_fiq:438: MPHI regs_base at 0xaf89c000
Mar 10 10:09:01 DIBTVTest1A1 kernel: [    0.722305] dwc_otg 3f980000.usb: DWC OTG Controller
Mar 10 10:09:01 DIBTVTest1A1 kernel: [    0.722342] dwc_otg 3f980000.usb: new USB bus registered, assigned bus number 1
Mar 10 10:09:01 DIBTVTest1A1 kernel: [    0.722375] dwc_otg 3f980000.usb: irq 32, io mem 0x00000000
Mar 10 10:09:01 DIBTVTest1A1 kernel: [    0.722426] Init: Port Power? op_state=1
Mar 10 10:09:01 DIBTVTest1A1 kernel: [    0.722434] Init: Power Port (0)
Mar 10 10:09:01 DIBTVTest1A1 kernel: [    0.722626] usb usb1: New USB device found, idVendor=1d6b, idProduct=0002
Mar 10 10:09:01 DIBTVTest1A1 kernel: [    0.722641] usb usb1: New USB device strings: Mfr=3, Product=2, SerialNumber=1
Mar 10 10:09:01 DIBTVTest1A1 kernel: [    0.722654] usb usb1: Product: DWC OTG Controller
Mar 10 10:09:01 DIBTVTest1A1 kernel: [    0.722666] usb usb1: Manufacturer: Linux 4.1.19-v7+ dwc_otg_hcd
Mar 10 10:09:01 DIBTVTest1A1 kernel: [    0.722678] usb usb1: SerialNumber: 3f980000.usb
Mar 10 10:09:01 DIBTVTest1A1 kernel: [    0.723369] hub 1-0:1.0: USB hub found
Mar 10 10:09:01 DIBTVTest1A1 kernel: [    0.723411] hub 1-0:1.0: 1 port detected
Mar 10 10:09:01 DIBTVTest1A1 kernel: [    0.724090] usbcore: registered new interface driver usb-storage
Mar 10 10:09:01 DIBTVTest1A1 kernel: [    0.724276] mousedev: PS/2 mouse device common for all mice
Mar 10 10:09:01 DIBTVTest1A1 kernel: [    0.724929] bcm2835-cpufreq: min=600000 max=1200000
Mar 10 10:09:01 DIBTVTest1A1 kernel: [    0.725199] sdhci: Secure Digital Host Controller Interface driver
Mar 10 10:09:01 DIBTVTest1A1 kernel: [    0.725208] sdhci: Copyright(c) Pierre Ossman
Mar 10 10:09:01 DIBTVTest1A1 kernel: [    0.725500] sdhost: log_buf @ ae813000 (ee813000)
Mar 10 10:09:01 DIBTVTest1A1 kernel: [    0.797420] mmc0: sdhost-bcm2835 loaded - DMA enabled (>1)
Mar 10 10:09:01 DIBTVTest1A1 kernel: [    0.819824] mmc-bcm2835 3f300000.mmc: mmc_debug:0 mmc_debug2:0
Mar 10 10:09:01 DIBTVTest1A1 kernel: [    0.819838] mmc-bcm2835 3f300000.mmc: DMA channel allocated
Mar 10 10:09:01 DIBTVTest1A1 kernel: [    0.857490] sdhci-pltfm: SDHCI platform and OF driver helper
Mar 10 10:09:01 DIBTVTest1A1 kernel: [    0.857846] ledtrig-cpu: registered to indicate activity on CPUs
Mar 10 10:09:01 DIBTVTest1A1 kernel: [    0.857975] hidraw: raw HID events driver (C) Jiri Kosina
Mar 10 10:09:01 DIBTVTest1A1 kernel: [    0.858165] usbcore: registered new interface driver usbhid
Mar 10 10:09:01 DIBTVTest1A1 kernel: [    0.858174] usbhid: USB HID core driver
Mar 10 10:09:01 DIBTVTest1A1 kernel: [    0.858464] mmc0: host does not support reading read-only switch, assuming write-enable
Mar 10 10:09:01 DIBTVTest1A1 kernel: [    0.858597] Initializing XFRM netlink socket
Mar 10 10:09:01 DIBTVTest1A1 kernel: [    0.858629] NET: Registered protocol family 17
Mar 10 10:09:01 DIBTVTest1A1 kernel: [    0.858750] Key type dns_resolver registered
Mar 10 10:09:01 DIBTVTest1A1 kernel: [    0.859223] Registering SWP/SWPB emulation handler
Mar 10 10:09:01 DIBTVTest1A1 kernel: [    0.859841] registered taskstats version 1
Mar 10 10:09:01 DIBTVTest1A1 kernel: [    0.860030] vc-sm: Videocore shared memory driver
Mar 10 10:09:01 DIBTVTest1A1 kernel: [    0.860046] [vc_sm_connected_init]: start
Mar 10 10:09:01 DIBTVTest1A1 kernel: [    0.861312] mmc0: new high speed SDHC card at address 59b4
Mar 10 10:09:01 DIBTVTest1A1 kernel: [    0.861470] [vc_sm_connected_init]: end - returning 0
Mar 10 10:09:01 DIBTVTest1A1 kernel: [    0.861724] mmcblk0: mmc0:59b4 SMTC  14.6 GiB 
Mar 10 10:09:01 DIBTVTest1A1 kernel: [    0.862863] 3f201000.uart: ttyAMA0 at MMIO 0x3f201000 (irq = 83, base_baud = 0) is a PL011 rev2
Mar 10 10:09:01 DIBTVTest1A1 kernel: [    0.864048]  mmcblk0: p1 p2
Mar 10 10:09:01 DIBTVTest1A1 kernel: [    0.880933] mmc1: queuing unknown CIS tuple 0x80 (2 bytes)
Mar 10 10:09:01 DIBTVTest1A1 kernel: [    0.882491] mmc1: queuing unknown CIS tuple 0x80 (3 bytes)
Mar 10 10:09:01 DIBTVTest1A1 kernel: [    0.882781] EXT4-fs (mmcblk0p2): mounted filesystem with ordered data mode. Opts: (null)
Mar 10 10:09:01 DIBTVTest1A1 kernel: [    0.882826] VFS: Mounted root (ext4 filesystem) readonly on device 179:2.
Mar 10 10:09:01 DIBTVTest1A1 kernel: [    0.883605] devtmpfs: mounted
Mar 10 10:09:01 DIBTVTest1A1 kernel: [    0.884044] mmc1: queuing unknown CIS tuple 0x80 (3 bytes)
Mar 10 10:09:01 DIBTVTest1A1 kernel: [    0.884305] Freeing unused kernel memory: 444K (80795000 - 80804000)
Mar 10 10:09:01 DIBTVTest1A1 kernel: [    0.886833] mmc1: queuing unknown CIS tuple 0x80 (7 bytes)
Mar 10 10:09:01 DIBTVTest1A1 kernel: [    0.917488] Indeed it is in host mode hprt0 = 00021501
Mar 10 10:09:01 DIBTVTest1A1 kernel: [    0.977690] mmc1: new high speed SDIO card at address 0001
Mar 10 10:09:01 DIBTVTest1A1 kernel: [    1.097442] usb 1-1: new high-speed USB device number 2 using dwc_otg
Mar 10 10:09:01 DIBTVTest1A1 kernel: [    1.097590] Indeed it is in host mode hprt0 = 00001101
Mar 10 10:09:01 DIBTVTest1A1 kernel: [    1.273281] random: systemd urandom read with 39 bits of entropy available
Mar 10 10:09:01 DIBTVTest1A1 kernel: [    1.297722] usb 1-1: New USB device found, idVendor=0424, idProduct=9514
Mar 10 10:09:01 DIBTVTest1A1 kernel: [    1.297742] usb 1-1: New USB device strings: Mfr=0, Product=0, SerialNumber=0
Mar 10 10:09:01 DIBTVTest1A1 kernel: [    1.298435] hub 1-1:1.0: USB hub found
Mar 10 10:09:01 DIBTVTest1A1 kernel: [    1.298540] hub 1-1:1.0: 5 ports detected
Mar 10 10:09:01 DIBTVTest1A1 kernel: [    1.441664] NET: Registered protocol family 10
Mar 10 10:09:01 DIBTVTest1A1 kernel: [    1.577449] usb 1-1.1: new high-speed USB device number 3 using dwc_otg
Mar 10 10:09:01 DIBTVTest1A1 kernel: [    1.677794] usb 1-1.1: New USB device found, idVendor=0424, idProduct=ec00
Mar 10 10:09:01 DIBTVTest1A1 kernel: [    1.677815] usb 1-1.1: New USB device strings: Mfr=0, Product=0, SerialNumber=0
Mar 10 10:09:01 DIBTVTest1A1 kernel: [    1.680507] smsc95xx v1.0.4
Mar 10 10:09:01 DIBTVTest1A1 kernel: [    1.740909] smsc95xx 1-1.1:1.0 eth0: register 'smsc95xx' at usb-3f980000.usb-1.1, smsc95xx USB 2.0 Ethernet, b8:27:eb:af:33:65
Mar 10 10:09:01 DIBTVTest1A1 kernel: [    2.088391] fuse init (API version 7.23)
Mar 10 10:09:01 DIBTVTest1A1 kernel: [    2.184121] i2c /dev entries driver
Mar 10 10:09:01 DIBTVTest1A1 kernel: [    2.247767] usb 1-1.4: new full-speed USB device number 4 using dwc_otg
Mar 10 10:09:01 DIBTVTest1A1 kernel: [    2.358630] usb 1-1.4: New USB device found, idVendor=1997, idProduct=2433
Mar 10 10:09:01 DIBTVTest1A1 kernel: [    2.358655] usb 1-1.4: New USB device strings: Mfr=1, Product=2, SerialNumber=0
Mar 10 10:09:01 DIBTVTest1A1 kernel: [    2.358669] usb 1-1.4: Product: mini keyboard
Mar 10 10:09:01 DIBTVTest1A1 kernel: [    2.358681] usb 1-1.4: Manufacturer:  
Mar 10 10:09:01 DIBTVTest1A1 kernel: [    2.369279] input:   mini keyboard as /devices/platform/soc/3f980000.usb/usb1/1-1/1-1.4/1-1.4:1.0/0003:1997:2433.0001/input/input0
Mar 10 10:09:01 DIBTVTest1A1 kernel: [    2.427776] hid-generic 0003:1997:2433.0001: input,hidraw0: USB HID v1.01 Keyboard [  mini keyboard] on usb-3f980000.usb-1.4/input0
Mar 10 10:09:01 DIBTVTest1A1 kernel: [    2.437013] input:   mini keyboard as /devices/platform/soc/3f980000.usb/usb1/1-1/1-1.4/1-1.4:1.1/0003:1997:2433.0002/input/input1
Mar 10 10:09:01 DIBTVTest1A1 kernel: [    2.489797] hid-generic 0003:1997:2433.0002: input,hidraw1: USB HID v1.01 Mouse [  mini keyboard] on usb-3f980000.usb-1.4/input1
Mar 10 10:09:01 DIBTVTest1A1 kernel: [    2.964731] gpiomem-bcm2835 3f200000.gpiomem: Initialised: Registers at 0x3f200000
Mar 10 10:09:01 DIBTVTest1A1 kernel: [    3.168400] EXT4-fs (mmcblk0p2): re-mounted. Opts: (null)
Mar 10 10:09:01 DIBTVTest1A1 kernel: [    3.446042] cfg80211: Calling CRDA to update world regulatory domain
Mar 10 10:09:01 DIBTVTest1A1 kernel: [    3.581206] usbcore: registered new interface driver brcmfmac
Mar 10 10:09:01 DIBTVTest1A1 kernel: [    3.814514] random: nonblocking pool is initialized
Mar 10 10:09:01 DIBTVTest1A1 kernel: [    3.886856] bcm2835-rng 3f104000.rng: hwrng registered
Mar 10 10:09:01 DIBTVTest1A1 kernel: [    4.111810] cfg80211: World regulatory domain updated:
Mar 10 10:09:01 DIBTVTest1A1 kernel: [    4.111819] cfg80211:  DFS Master region: unset
Mar 10 10:09:01 DIBTVTest1A1 kernel: [    4.111828] cfg80211:   (start_freq - end_freq @ bandwidth), (max_antenna_gain, max_eirp), (dfs_cac_time)
Mar 10 10:09:01 DIBTVTest1A1 kernel: [    4.111842] cfg80211:   (2402000 KHz - 2472000 KHz @ 40000 KHz), (N/A, 2000 mBm), (N/A)
Mar 10 10:09:01 DIBTVTest1A1 kernel: [    4.111857] cfg80211:   (2457000 KHz - 2482000 KHz @ 20000 KHz, 92000 KHz AUTO), (N/A, 2000 mBm), (N/A)
Mar 10 10:09:01 DIBTVTest1A1 kernel: [    4.111870] cfg80211:   (2474000 KHz - 2494000 KHz @ 20000 KHz), (N/A, 2000 mBm), (N/A)
Mar 10 10:09:01 DIBTVTest1A1 kernel: [    4.111884] cfg80211:   (5170000 KHz - 5250000 KHz @ 80000 KHz, 160000 KHz AUTO), (N/A, 2000 mBm), (N/A)
Mar 10 10:09:01 DIBTVTest1A1 kernel: [    4.111898] cfg80211:   (5250000 KHz - 5330000 KHz @ 80000 KHz, 160000 KHz AUTO), (N/A, 2000 mBm), (0 s)
Mar 10 10:09:01 DIBTVTest1A1 kernel: [    4.111911] cfg80211:   (5490000 KHz - 5730000 KHz @ 160000 KHz), (N/A, 2000 mBm), (0 s)
Mar 10 10:09:01 DIBTVTest1A1 kernel: [    4.111923] cfg80211:   (5735000 KHz - 5835000 KHz @ 80000 KHz), (N/A, 2000 mBm), (N/A)
Mar 10 10:09:01 DIBTVTest1A1 kernel: [    4.111938] cfg80211:   (57240000 KHz - 63720000 KHz @ 2160000 KHz), (N/A, 0 mBm), (N/A)
Mar 10 10:09:01 DIBTVTest1A1 kernel: [    4.669967] brcmfmac: power management disabled
Mar 10 10:09:01 DIBTVTest1A1 kernel: [    5.052065] cfg80211: Calling CRDA for country: US
Mar 10 10:09:01 DIBTVTest1A1 kernel: [    5.072353] cfg80211: Regulatory domain changed to country: US
Mar 10 10:09:01 DIBTVTest1A1 kernel: [    5.072376] cfg80211:  DFS Master region: FCC
Mar 10 10:09:01 DIBTVTest1A1 kernel: [    5.072385] cfg80211:   (start_freq - end_freq @ bandwidth), (max_antenna_gain, max_eirp), (dfs_cac_time)
Mar 10 10:09:01 DIBTVTest1A1 kernel: [    5.072400] cfg80211:   (2402000 KHz - 2472000 KHz @ 40000 KHz), (N/A, 3000 mBm), (N/A)
Mar 10 10:09:01 DIBTVTest1A1 kernel: [    5.072416] cfg80211:   (5170000 KHz - 5250000 KHz @ 80000 KHz, 160000 KHz AUTO), (N/A, 2300 mBm), (N/A)
Mar 10 10:09:01 DIBTVTest1A1 kernel: [    5.072431] cfg80211:   (5250000 KHz - 5330000 KHz @ 80000 KHz, 160000 KHz AUTO), (N/A, 2300 mBm), (0 s)
Mar 10 10:09:01 DIBTVTest1A1 kernel: [    5.072444] cfg80211:   (5490000 KHz - 5730000 KHz @ 160000 KHz), (N/A, 2300 mBm), (0 s)
Mar 10 10:09:01 DIBTVTest1A1 kernel: [    5.072456] cfg80211:   (5735000 KHz - 5835000 KHz @ 80000 KHz), (N/A, 3000 mBm), (N/A)
Mar 10 10:09:01 DIBTVTest1A1 kernel: [    5.072469] cfg80211:   (57240000 KHz - 63720000 KHz @ 2160000 KHz), (N/A, 4000 mBm), (N/A)
Mar 10 10:09:01 DIBTVTest1A1 kernel: [    5.580102] uart-pl011 3f201000.uart: no DMA platform data
Mar 10 10:09:01 DIBTVTest1A1 kernel: [    6.200352] cfg80211: Calling CRDA for country: US
Mar 10 10:09:01 DIBTVTest1A1 kernel: [    6.215871] Adding 102396k swap on /var/swap.  Priority:-1 extents:3 across:1773568k SSFS
Mar 10 10:09:01 DIBTVTest1A1 kernel: [    6.223337] cfg80211: Regulatory domain changed to country: US
Mar 10 10:09:01 DIBTVTest1A1 kernel: [    6.223358] cfg80211:  DFS Master region: FCC
Mar 10 10:09:01 DIBTVTest1A1 kernel: [    6.223363] cfg80211:   (start_freq - end_freq @ bandwidth), (max_antenna_gain, max_eirp), (dfs_cac_time)
Mar 10 10:09:01 DIBTVTest1A1 kernel: [    6.223371] cfg80211:   (2402000 KHz - 2472000 KHz @ 40000 KHz), (N/A, 3000 mBm), (N/A)
Mar 10 10:09:01 DIBTVTest1A1 kernel: [    6.223380] cfg80211:   (5170000 KHz - 5250000 KHz @ 80000 KHz, 160000 KHz AUTO), (N/A, 2300 mBm), (N/A)
Mar 10 10:09:01 DIBTVTest1A1 kernel: [    6.223387] cfg80211:   (5250000 KHz - 5330000 KHz @ 80000 KHz, 160000 KHz AUTO), (N/A, 2300 mBm), (0 s)
Mar 10 10:09:01 DIBTVTest1A1 kernel: [    6.223394] cfg80211:   (5490000 KHz - 5730000 KHz @ 160000 KHz), (N/A, 2300 mBm), (0 s)
Mar 10 10:09:01 DIBTVTest1A1 kernel: [    6.223401] cfg80211:   (5735000 KHz - 5835000 KHz @ 80000 KHz), (N/A, 3000 mBm), (N/A)
Mar 10 10:09:01 DIBTVTest1A1 kernel: [    6.223407] cfg80211:   (57240000 KHz - 63720000 KHz @ 2160000 KHz), (N/A, 4000 mBm), (N/A)
Mar 10 10:09:02 DIBTVTest1A1 kernel: [    6.340716] smsc95xx 1-1.1:1.0 eth0: hardware isn't capable of remote wakeup
Mar 10 10:09:02 DIBTVTest1A1 kernel: [    6.340893] IPv6: ADDRCONF(NETDEV_UP): eth0: link is not ready
Mar 10 10:09:02 DIBTVTest1A1 kernel: [    6.999668] gpiomem-bcm2835 3f200000.gpiomem: gpiomem device opened.
Mar 10 10:09:03 DIBTVTest1A1 kernel: [    7.943554] IPv6: ADDRCONF(NETDEV_CHANGE): eth0: link becomes ready
Mar 10 10:09:03 DIBTVTest1A1 kernel: [    7.945799] smsc95xx 1-1.1:1.0 eth0: link up, 100Mbps, full-duplex, lpa 0xCDE1
Mar 10 10:09:05 DIBTVTest1A1 kernel: [   10.075406] Bluetooth: Core ver 2.20
Mar 10 10:09:05 DIBTVTest1A1 kernel: [   10.075485] NET: Registered protocol family 31
Mar 10 10:09:05 DIBTVTest1A1 kernel: [   10.075491] Bluetooth: HCI device and connection manager initialized
Mar 10 10:09:05 DIBTVTest1A1 kernel: [   10.075510] Bluetooth: HCI socket layer initialized
Mar 10 10:09:05 DIBTVTest1A1 kernel: [   10.075521] Bluetooth: L2CAP socket layer initialized
Mar 10 10:09:05 DIBTVTest1A1 kernel: [   10.075565] Bluetooth: SCO socket layer initialized
Mar 10 10:09:05 DIBTVTest1A1 kernel: [   10.110231] Bluetooth: HCI UART driver ver 2.3
Mar 10 10:09:05 DIBTVTest1A1 kernel: [   10.110247] Bluetooth: HCI UART protocol H4 registered
Mar 10 10:09:05 DIBTVTest1A1 kernel: [   10.110252] Bluetooth: HCI UART protocol Three-wire (H5) registered
Mar 10 10:09:05 DIBTVTest1A1 kernel: [   10.110256] Bluetooth: HCI UART protocol BCM registered
Mar 10 10:09:06 DIBTVTest1A1 kernel: [   10.364409] Bluetooth: BNEP (Ethernet Emulation) ver 1.3
Mar 10 10:09:06 DIBTVTest1A1 kernel: [   10.364421] Bluetooth: BNEP filters: protocol multicast
Mar 10 10:09:06 DIBTVTest1A1 kernel: [   10.364437] Bluetooth: BNEP socket layer initialized
Mar 10 10:09:09 DIBTVTest1A1 rsyslogd-2007: action 'action 17' suspended, next retry is Mon Mar 10 10:09:39 2025 [try http://www.rsyslog.com/e/2007 ]
Mar 10 10:09:15 DIBTVTest1A1 org.gtk.Private.AfcVolumeMonitor[853]: Volume monitor alive
Mar 10 10:11:12 DIBTVTest1A1 rsyslogd-2007: action 'action 17' suspended, next retry is Mon Mar 10 10:11:42 2025 [try http://www.rsyslog.com/e/2007 ]
Mar 10 10:13:21 DIBTVTest1A1 rsyslogd-2007: action 'action 17' suspended, next retry is Mon Mar 10 10:13:51 2025 [try http://www.rsyslog.com/e/2007 ]
Mar 10 10:17:01 DIBTVTest1A1 rsyslogd-2007: action 'action 17' suspended, next retry is Mon Mar 10 10:17:31 2025 [try http://www.rsyslog.com/e/2007 ]
Mar 10 10:23:55 DIBTVTest1A1 rsyslogd-2007: action 'action 17' suspended, next retry is Mon Mar 10 10:24:25 2025 [try http://www.rsyslog.com/e/2007 ]
Mar 10 10:24:33 DIBTVTest1A1 rsyslogd-2007: action 'action 17' suspended, next retry is Mon Mar 10 10:25:03 2025 [try http://www.rsyslog.com/e/2007 ]
Mar 10 10:25:19 DIBTVTest1A1 rsyslogd-2007: action 'action 17' suspended, next retry is Mon Mar 10 10:25:49 2025 [try http://www.rsyslog.com/e/2007 ]
Mar 10 10:25:55 DIBTVTest1A1 rsyslogd-2007: action 'action 17' suspended, next retry is Mon Mar 10 10:26:25 2025 [try http://www.rsyslog.com/e/2007 ]
Mar 10 10:26:38 DIBTVTest1A1 rsyslogd-2007: action 'action 17' suspended, next retry is Mon Mar 10 10:27:08 2025 [try http://www.rsyslog.com/e/2007 ]
Mar 10 10:27:23 DIBTVTest1A1 rsyslogd-2007: action 'action 17' suspended, next retry is Mon Mar 10 10:27:53 2025 [try http://www.rsyslog.com/e/2007 ]
Mar 10 10:28:02 DIBTVTest1A1 rsyslogd-2007: action 'action 17' suspended, next retry is Mon Mar 10 10:29:02 2025 [try http://www.rsyslog.com/e/2007 ]
Mar 10 10:29:21 DIBTVTest1A1 rsyslogd-2007: action 'action 17' suspended, next retry is Mon Mar 10 10:30:21 2025 [try http://www.rsyslog.com/e/2007 ]
Mar 10 10:29:55 DIBTVTest1A1 rsyslogd: [origin software="rsyslogd" swVersion="8.4.2" x-pid="420" x-info="http://www.rsyslog.com"] exiting on signal 15.
Mar 10 10:30:00 DIBTVTest1A1 rsyslogd: [origin software="rsyslogd" swVersion="8.4.2" x-pid="422" x-info="http://www.rsyslog.com"] start
Mar 10 10:30:00 DIBTVTest1A1 kernel: [    0.000000] Booting Linux on physical CPU 0x0
Mar 10 10:30:00 DIBTVTest1A1 kernel: [    0.000000] Initializing cgroup subsys cpuset
Mar 10 10:30:00 DIBTVTest1A1 kernel: [    0.000000] Initializing cgroup subsys cpu
Mar 10 10:30:00 DIBTVTest1A1 kernel: [    0.000000] Initializing cgroup subsys cpuacct
Mar 10 10:30:00 DIBTVTest1A1 kernel: [    0.000000] Linux version 4.1.19-v7+ (dc4@dc4-XPS13-9333) (gcc version 4.9.3 (crosstool-NG crosstool-ng-1.22.0-88-g8460611) ) #858 SMP Tue Mar 15 15:56:00 GMT 2016
Mar 10 10:30:00 DIBTVTest1A1 kernel: [    0.000000] CPU: ARMv7 Processor [410fd034] revision 4 (ARMv7), cr=10c5383d
Mar 10 10:30:00 DIBTVTest1A1 kernel: [    0.000000] CPU: PIPT / VIPT nonaliasing data cache, VIPT aliasing instruction cache
Mar 10 10:30:00 DIBTVTest1A1 kernel: [    0.000000] Machine model: Raspberry Pi 3 Model B Rev 1.2
Mar 10 10:30:00 DIBTVTest1A1 kernel: [    0.000000] cma: Reserved 8 MiB at 0x2e400000
Mar 10 10:30:00 DIBTVTest1A1 kernel: [    0.000000] Memory policy: Data cache writealloc
Mar 10 10:30:00 DIBTVTest1A1 kernel: [    0.000000] [bcm2709_smp_init_cpus] enter (9420->f3003010)
Mar 10 10:30:00 DIBTVTest1A1 kernel: [    0.000000] [bcm2709_smp_init_cpus] ncores=4
Mar 10 10:30:00 DIBTVTest1A1 kernel: [    0.000000] PERCPU: Embedded 12 pages/cpu @aefb0000 s20416 r8192 d20544 u49152
Mar 10 10:30:00 DIBTVTest1A1 kernel: [    0.000000] Built 1 zonelists in Zone order, mobility grouping on.  Total pages: 190820
Mar 10 10:30:00 DIBTVTest1A1 kernel: [    0.000000] Kernel command line: 8250.nr_uarts=1 dma.dmachans=0x7f35 bcm2708_fb.fbwidth=1824 bcm2708_fb.fbheight=984 bcm2709.boardrev=0xa02082 bcm2709.serial=0x50af3365 smsc95xx.macaddr=B8:27:EB:AF:33:65 bcm2708_fb.fbswap=1 bcm2709.uart_clock=48000000 vc_mem.mem_base=0x3dc00000 vc_mem.mem_size=0x3f000000  dwc_otg.lpm_enable=0 console=ttyS0,115200 console=tty1 root=/dev/mmcblk0p2 rootfstype=ext4 elevator=deadline fsck.repair=yes rootwait logo.nologo quiet
Mar 10 10:30:00 DIBTVTest1A1 kernel: [    0.000000] PID hash table entries: 4096 (order: 2, 16384 bytes)
Mar 10 10:30:00 DIBTVTest1A1 kernel: [    0.000000] Dentry cache hash table entries: 131072 (order: 7, 524288 bytes)
Mar 10 10:30:00 DIBTVTest1A1 kernel: [    0.000000] Inode-cache hash table entries: 65536 (order: 6, 262144 bytes)
Mar 10 10:30:00 DIBTVTest1A1 kernel: [    0.000000] Memory: 744496K/770048K available (6064K kernel code, 534K rwdata, 1664K rodata, 444K init, 757K bss, 17360K reserved, 8192K cma-reserved)
