Mar 10 06:25:06 DIBTVTest1A1 CRON[2096]: (CRON) info (No MTA installed, discarding output)
Mar 10 06:39:01 DIBTVTest1A1 rsyslogd0: action 'action 17' resumed (module 'builtin:ompipe') [try http://www.rsyslog.com/e/0 ]
Mar 10 06:39:01 DIBTVTest1A1 rsyslogd-2359: action 'action 17' resumed (module 'builtin:ompipe') [try http://www.rsyslog.com/e/2359 ]
Mar 10 06:39:01 DIBTVTest1A1 CRON[2310]: (root) CMD (  [ -x /usr/lib/php5/sessionclean ] && /usr/lib/php5/sessionclean)
Mar 10 07:09:01 DIBTVTest1A1 CRON[2365]: (root) CMD (  [ -x /usr/lib/php5/sessionclean ] && /usr/lib/php5/sessionclean)
Mar 10 07:09:35 DIBTVTest1A1 wpa_supplicant[394]: wlan0: WPA: Group rekeying completed with 04:42:1a:40:fb:00 [GTK=CCMP]
Mar 10 07:11:21 DIBTVTest1A1 rngd[515]: stats: bits received from HRNG source: 240064
Mar 10 07:11:21 DIBTVTest1A1 rngd[515]: stats: bits sent to kernel pool: 184096
Mar 10 07:11:21 DIBTVTest1A1 rngd[515]: stats: entropy added to kernel pool: 184096
Mar 10 07:11:21 DIBTVTest1A1 rngd[515]: stats: FIPS 140-2 successes: 12
Mar 10 07:11:21 DIBTVTest1A1 rngd[515]: stats: FIPS 140-2 failures: 0
Mar 10 07:11:21 DIBTVTest1A1 rngd[515]: stats: FIPS 140-2(2001-10-10) Monobit: 0
Mar 10 07:11:21 DIBTVTest1A1 rngd[515]: stats: FIPS 140-2(2001-10-10) Poker: 0
Mar 10 07:11:21 DIBTVTest1A1 rngd[515]: stats: FIPS 140-2(2001-10-10) Runs: 0
Mar 10 07:11:21 DIBTVTest1A1 rngd[515]: stats: FIPS 140-2(2001-10-10) Long run: 0
Mar 10 07:11:21 DIBTVTest1A1 rngd[515]: stats: FIPS 140-2(2001-10-10) Continuous run: 0
Mar 10 07:11:21 DIBTVTest1A1 rngd[515]: stats: HRNG source speed: (min=580.234; avg=739.395; max=822.542)Kibits/s
Mar 10 07:11:21 DIBTVTest1A1 rngd[515]: stats: FIPS tests speed: (min=6.918; avg=7.834; max=13.518)Mibits/s
Mar 10 07:11:21 DIBTVTest1A1 rngd[515]: stats: Lowest ready-buffers level: 2
Mar 10 07:11:21 DIBTVTest1A1 rngd[515]: stats: Entropy starvations: 0
Mar 10 07:11:21 DIBTVTest1A1 rngd[515]: stats: Time spent starving for entropy: (min=0; avg=0.000; max=0)us
Mar 10 07:17:01 DIBTVTest1A1 CRON[2417]: (root) CMD (   cd / && run-parts --report /etc/cron.hourly)
Mar 10 07:39:01 DIBTVTest1A1 CRON[2444]: (root) CMD (  [ -x /usr/lib/php5/sessionclean ] && /usr/lib/php5/sessionclean)
Mar 10 08:09:01 DIBTVTest1A1 CRON[2501]: (root) CMD (  [ -x /usr/lib/php5/sessionclean ] && /usr/lib/php5/sessionclean)
Mar 10 08:09:35 DIBTVTest1A1 wpa_supplicant[394]: wlan0: WPA: Group rekeying completed with 04:42:1a:40:fb:00 [GTK=CCMP]
Mar 10 08:11:21 DIBTVTest1A1 rngd[515]: stats: bits received from HRNG source: 260064
Mar 10 08:11:21 DIBTVTest1A1 rngd[515]: stats: bits sent to kernel pool: 214336
Mar 10 08:11:21 DIBTVTest1A1 rngd[515]: stats: entropy added to kernel pool: 214336
Mar 10 08:11:21 DIBTVTest1A1 rngd[515]: stats: FIPS 140-2 successes: 13
Mar 10 08:11:21 DIBTVTest1A1 rngd[515]: stats: FIPS 140-2 failures: 0
Mar 10 08:11:21 DIBTVTest1A1 rngd[515]: stats: FIPS 140-2(2001-10-10) Monobit: 0
Mar 10 08:11:21 DIBTVTest1A1 rngd[515]: stats: FIPS 140-2(2001-10-10) Poker: 0
Mar 10 08:11:21 DIBTVTest1A1 rngd[515]: stats: FIPS 140-2(2001-10-10) Runs: 0
Mar 10 08:11:21 DIBTVTest1A1 rngd[515]: stats: FIPS 140-2(2001-10-10) Long run: 0
Mar 10 08:11:21 DIBTVTest1A1 rngd[515]: stats: FIPS 140-2(2001-10-10) Continuous run: 0
Mar 10 08:11:21 DIBTVTest1A1 rngd[515]: stats: HRNG source speed: (min=580.234; avg=744.997; max=822.542)Kibits/s
Mar 10 08:11:21 DIBTVTest1A1 rngd[515]: stats: FIPS tests speed: (min=6.881; avg=7.752; max=13.518)Mibits/s
Mar 10 08:11:21 DIBTVTest1A1 rngd[515]: stats: Lowest ready-buffers level: 2
Mar 10 08:11:21 DIBTVTest1A1 rngd[515]: stats: Entropy starvations: 0
Mar 10 08:11:21 DIBTVTest1A1 rngd[515]: stats: Time spent starving for entropy: (min=0; avg=0.000; max=0)us
Mar 10 08:17:01 DIBTVTest1A1 CRON[2552]: (root) CMD (   cd / && run-parts --report /etc/cron.hourly)
Mar 10 08:39:01 DIBTVTest1A1 CRON[2580]: (root) CMD (  [ -x /usr/lib/php5/sessionclean ] && /usr/lib/php5/sessionclean)
Mar 10 09:09:01 DIBTVTest1A1 CRON[2638]: (root) CMD (  [ -x /usr/lib/php5/sessionclean ] && /usr/lib/php5/sessionclean)
Mar 10 09:09:35 DIBTVTest1A1 wpa_supplicant[394]: wlan0: WPA: Group rekeying completed with 04:42:1a:40:fb:00 [GTK=CCMP]
Mar 10 09:11:21 DIBTVTest1A1 rngd[515]: stats: bits received from HRNG source: 300064
Mar 10 09:11:21 DIBTVTest1A1 rngd[515]: stats: bits sent to kernel pool: 244096
Mar 10 09:11:21 DIBTVTest1A1 rngd[515]: stats: entropy added to kernel pool: 244096
Mar 10 09:11:21 DIBTVTest1A1 rngd[515]: stats: FIPS 140-2 successes: 15
Mar 10 09:11:21 DIBTVTest1A1 rngd[515]: stats: FIPS 140-2 failures: 0
Mar 10 09:11:21 DIBTVTest1A1 rngd[515]: stats: FIPS 140-2(2001-10-10) Monobit: 0
Mar 10 09:11:21 DIBTVTest1A1 rngd[515]: stats: FIPS 140-2(2001-10-10) Poker: 0
Mar 10 09:11:21 DIBTVTest1A1 rngd[515]: stats: FIPS 140-2(2001-10-10) Runs: 0
Mar 10 09:11:21 DIBTVTest1A1 rngd[515]: stats: FIPS 140-2(2001-10-10) Long run: 0
Mar 10 09:11:21 DIBTVTest1A1 rngd[515]: stats: FIPS 140-2(2001-10-10) Continuous run: 0
Mar 10 09:11:21 DIBTVTest1A1 rngd[515]: stats: HRNG source speed: (min=580.234; avg=754.161; max=823.721)Kibits/s
Mar 10 09:11:21 DIBTVTest1A1 rngd[515]: stats: FIPS tests speed: (min=6.881; avg=7.646; max=13.518)Mibits/s
Mar 10 09:11:21 DIBTVTest1A1 rngd[515]: stats: Lowest ready-buffers level: 2
Mar 10 09:11:21 DIBTVTest1A1 rngd[515]: stats: Entropy starvations: 0
Mar 10 09:11:21 DIBTVTest1A1 rngd[515]: stats: Time spent starving for entropy: (min=0; avg=0.000; max=0)us
Mar 10 09:17:01 DIBTVTest1A1 CRON[2689]: (root) CMD (   cd / && run-parts --report /etc/cron.hourly)
Mar 10 09:39:01 DIBTVTest1A1 CRON[2720]: (root) CMD (  [ -x /usr/lib/php5/sessionclean ] && /usr/lib/php5/sessionclean)
Mar 10 09:44:30 DIBTVTest1A1 systemd[1]: Starting Session c3 of user pi.
Mar 10 09:44:30 DIBTVTest1A1 systemd[1]: Started Session c3 of user pi.
Mar 10 10:02:55 DIBTVTest1A1 systemd[1]: Started Turns off Raspberry Pi display backlight on shutdown/reboot.
Mar 10 10:02:55 DIBTVTest1A1 systemd[1]: Started Synchronise Hardware Clock to System Clock.
Mar 10 10:02:55 DIBTVTest1A1 systemd[1]: Stopping Session c3 of user pi.
Mar 10 10:02:55 DIBTVTest1A1 systemd[1]: Stopping Session c2 of user pi.
Mar 10 10:02:55 DIBTVTest1A1 systemd[1]: Stopping Session c1 of user pi.
Mar 10 10:02:55 DIBTVTest1A1 systemd[1]: Stopping Bluetooth.
Mar 10 10:02:55 DIBTVTest1A1 systemd[1]: Stopped target Bluetooth.
Mar 10 10:02:55 DIBTVTest1A1 systemd[1]: Stopping system-ifup.slice.
Mar 10 10:02:55 DIBTVTest1A1 systemd[1]: Removed slice system-ifup.slice.
Mar 10 10:02:55 DIBTVTest1A1 systemd[1]: Stopping Sound Card.
Mar 10 10:02:55 DIBTVTest1A1 systemd[1]: Stopped target Sound Card.
Mar 10 10:02:55 DIBTVTest1A1 systemd[1]: Stopping system-systemd\x2dfsck.slice.
Mar 10 10:02:55 DIBTVTest1A1 systemd[1]: Removed slice system-systemd\x2dfsck.slice.
Mar 10 10:02:55 DIBTVTest1A1 systemd[1]: Stopping Disk Manager...
Mar 10 10:02:55 DIBTVTest1A1 systemd[1]: Stopping Authenticate and Authorize Users to Run Privileged Tasks...
Mar 10 10:02:55 DIBTVTest1A1 systemd[1]: Stopping User Manager for UID 1000...
Mar 10 10:02:55 DIBTVTest1A1 systemd[1]: Stopping Bluetooth service...
Mar 10 10:02:55 DIBTVTest1A1 systemd[1]: Stopping Graphical Interface.
Mar 10 10:02:55 DIBTVTest1A1 systemd[1]: Stopped target Graphical Interface.
Mar 10 10:02:55 DIBTVTest1A1 rsyslogd: [origin software="rsyslogd" swVersion="8.4.2" x-pid="424" x-info="http://www.rsyslog.com"] exiting on signal 15.
Mar 10 10:03:00 DIBTVTest1A1 rsyslogd: [origin software="rsyslogd" swVersion="8.4.2" x-pid="424" x-info="http://www.rsyslog.com"] start
Mar 10 10:03:00 DIBTVTest1A1 systemd-modules-load[75]: Inserted module 'fuse'
Mar 10 10:03:00 DIBTVTest1A1 systemd-modules-load[75]: Inserted module 'i2c_dev'
Mar 10 10:03:00 DIBTVTest1A1 systemd[1]: Started Load Kernel Modules.
Mar 10 10:03:00 DIBTVTest1A1 systemd[1]: Started udev Coldplug all Devices.
Mar 10 10:03:00 DIBTVTest1A1 systemd[1]: Started Restore / save the current clock.
Mar 10 10:03:00 DIBTVTest1A1 systemd[1]: Time has been changed
Mar 10 10:03:00 DIBTVTest1A1 systemd[1]: Mounting Configuration File System...
Mar 10 10:03:00 DIBTVTest1A1 systemd[1]: Starting Apply Kernel Variables...
Mar 10 10:03:00 DIBTVTest1A1 systemd[1]: Mounting FUSE Control File System...
Mar 10 10:03:00 DIBTVTest1A1 systemd[1]: Mounted FUSE Control File System.
Mar 10 10:03:00 DIBTVTest1A1 systemd[1]: Mounted Configuration File System.
Mar 10 10:03:00 DIBTVTest1A1 systemd[1]: Started File System Check on Root Device.
Mar 10 10:03:00 DIBTVTest1A1 fake-hwclock[74]: Mon 10 Mar 15:02:57 UTC 2025
Mar 10 10:03:00 DIBTVTest1A1 systemd-fsck[82]: e2fsck 1.43.3 (04-Sep-2016)
Mar 10 10:03:00 DIBTVTest1A1 systemd-fsck[82]: /dev/mmcblk0p2: clean, 129865/937280 files, 917064/3800576 blocks
Mar 10 10:03:00 DIBTVTest1A1 systemd[1]: Starting udev Kernel Device Manager...
Mar 10 10:03:00 DIBTVTest1A1 systemd[1]: Started udev Kernel Device Manager.
Mar 10 10:03:00 DIBTVTest1A1 systemd[1]: Starting Copy rules generated while the root was ro...
Mar 10 10:03:00 DIBTVTest1A1 systemd[1]: Starting LSB: Tune IDE hard disks...
Mar 10 10:03:00 DIBTVTest1A1 systemd[1]: Starting LSB: Set preliminary keymap...
Mar 10 10:03:00 DIBTVTest1A1 systemd[1]: Started Copy rules generated while the root was ro.
Mar 10 10:03:00 DIBTVTest1A1 kernel: [    0.000000] Booting Linux on physical CPU 0x0
Mar 10 10:03:00 DIBTVTest1A1 kernel: [    0.000000] Initializing cgroup subsys cpuset
Mar 10 10:03:00 DIBTVTest1A1 kernel: [    0.000000] Initializing cgroup subsys cpu
Mar 10 10:03:00 DIBTVTest1A1 hdparm[115]: Setting parameters of disc: (none).
Mar 10 10:03:00 DIBTVTest1A1 kernel: [    0.000000] Initializing cgroup subsys cpuacct
Mar 10 10:03:00 DIBTVTest1A1 kernel: [    0.000000] Linux version 4.1.19-v7+ (dc4@dc4-XPS13-9333) (gcc version 4.9.3 (crosstool-NG crosstool-ng-1.22.0-88-g8460611) ) #858 SMP Tue Mar 15 15:56:00 GMT 2016
Mar 10 10:03:00 DIBTVTest1A1 kernel: [    0.000000] CPU: ARMv7 Processor [410fd034] revision 4 (ARMv7), cr=10c5383d
Mar 10 10:03:00 DIBTVTest1A1 kernel: [    0.000000] CPU: PIPT / VIPT nonaliasing data cache, VIPT aliasing instruction cache
Mar 10 10:03:00 DIBTVTest1A1 systemd[1]: Started LSB: Tune IDE hard disks.
Mar 10 10:03:00 DIBTVTest1A1 kernel: [    0.000000] Machine model: Raspberry Pi 3 Model B Rev 1.2
Mar 10 10:03:00 DIBTVTest1A1 kernel: [    0.000000] cma: Reserved 8 MiB at 0x2e400000
Mar 10 10:03:00 DIBTVTest1A1 kernel: [    0.000000] Memory policy: Data cache writealloc
Mar 10 10:03:00 DIBTVTest1A1 kernel: [    0.000000] On node 0 totalpages: 192512
Mar 10 10:03:00 DIBTVTest1A1 keyboard-setup[116]: Setting preliminary keymap...done.
Mar 10 10:03:00 DIBTVTest1A1 kernel: [    0.000000] free_area_init_node: node 0, pgdat 80880fc0, node_mem_map add64000
Mar 10 10:03:00 DIBTVTest1A1 kernel: [    0.000000]   Normal zone: 1692 pages used for memmap
Mar 10 10:03:00 DIBTVTest1A1 kernel: [    0.000000]   Normal zone: 0 pages reserved
Mar 10 10:03:00 DIBTVTest1A1 systemd[1]: Started LSB: Set preliminary keymap.
Mar 10 10:03:00 DIBTVTest1A1 kernel: [    0.000000]   Normal zone: 192512 pages, LIFO batch:31
Mar 10 10:03:00 DIBTVTest1A1 kernel: [    0.000000] [bcm2709_smp_init_cpus] enter (9420->f3003010)
Mar 10 10:03:00 DIBTVTest1A1 kernel: [    0.000000] [bcm2709_smp_init_cpus] ncores=4
Mar 10 10:03:00 DIBTVTest1A1 systemd[1]: Found device /dev/ttyS0.
Mar 10 10:03:00 DIBTVTest1A1 kernel: [    0.000000] PERCPU: Embedded 12 pages/cpu @aefb0000 s20416 r8192 d20544 u49152
Mar 10 10:03:00 DIBTVTest1A1 kernel: [    0.000000] pcpu-alloc: s20416 r8192 d20544 u49152 alloc=12*4096
Mar 10 10:03:00 DIBTVTest1A1 kernel: [    0.000000] pcpu-alloc: [0] 0 [0] 1 [0] 2 [0] 3 
Mar 10 10:03:00 DIBTVTest1A1 kernel: [    0.000000] Built 1 zonelists in Zone order, mobility grouping on.  Total pages: 190820
Mar 10 10:03:00 DIBTVTest1A1 systemd[1]: Started Show Plymouth Boot Screen.
Mar 10 10:03:00 DIBTVTest1A1 kernel: [    0.000000] Kernel command line: 8250.nr_uarts=1 dma.dmachans=0x7f35 bcm2708_fb.fbwidth=1824 bcm2708_fb.fbheight=984 bcm2709.boardrev=0xa02082 bcm2709.serial=0x50af3365 smsc95xx.macaddr=B8:27:EB:AF:33:65 bcm2708_fb.fbswap=1 bcm2709.uart_clock=48000000 vc_mem.mem_base=0x3dc00000 vc_mem.mem_size=0x3f000000  dwc_otg.lpm_enable=0 console=ttyS0,115200 console=tty1 root=/dev/mmcblk0p2 rootfstype=ext4 elevator=deadline fsck.repair=yes rootwait logo.nologo quiet
Mar 10 10:03:00 DIBTVTest1A1 kernel: [    0.000000] PID hash table entries: 4096 (order: 2, 16384 bytes)
Mar 10 10:03:00 DIBTVTest1A1 kernel: [    0.000000] Dentry cache hash table entries: 131072 (order: 7, 524288 bytes)
Mar 10 10:03:00 DIBTVTest1A1 kernel: [    0.000000] Inode-cache hash table entries: 65536 (order: 6, 262144 bytes)
Mar 10 10:03:00 DIBTVTest1A1 systemd[1]: Starting Dispatch Password Requests to Console Directory Watch.
Mar 10 10:03:00 DIBTVTest1A1 kernel: [    0.000000] Memory: 744496K/770048K available (6064K kernel code, 534K rwdata, 1664K rodata, 444K init, 757K bss, 17360K reserved, 8192K cma-reserved)
Mar 10 10:03:00 DIBTVTest1A1 kernel: [    0.000000] Virtual kernel memory layout:
Mar 10 10:03:00 DIBTVTest1A1 kernel: [    0.000000]     vector  : 0xffff0000 - 0xffff1000   (   4 kB)
Mar 10 10:03:00 DIBTVTest1A1 kernel: [    0.000000]     fixmap  : 0xffc00000 - 0xfff00000   (3072 kB)
Mar 10 10:03:00 DIBTVTest1A1 kernel: [    0.000000]     vmalloc : 0xaf800000 - 0xff000000   (1272 MB)
Mar 10 10:03:00 DIBTVTest1A1 kernel: [    0.000000]     lowmem  : 0x80000000 - 0xaf000000   ( 752 MB)
Mar 10 10:03:00 DIBTVTest1A1 kernel: [    0.000000]     modules : 0x7f000000 - 0x80000000   (  16 MB)
Mar 10 10:03:00 DIBTVTest1A1 kernel: [    0.000000]       .text : 0x80008000 - 0x807945f0   (7730 kB)
Mar 10 10:03:00 DIBTVTest1A1 kernel: [    0.000000]       .init : 0x80795000 - 0x80804000   ( 444 kB)
Mar 10 10:03:00 DIBTVTest1A1 systemd[1]: Started Dispatch Password Requests to Console Directory Watch.
Mar 10 10:03:00 DIBTVTest1A1 kernel: [    0.000000]       .data : 0x80804000 - 0x80889b10   ( 535 kB)
Mar 10 10:03:00 DIBTVTest1A1 kernel: [    0.000000]        .bss : 0x8088c000 - 0x809497dc   ( 758 kB)
Mar 10 10:03:00 DIBTVTest1A1 kernel: [    0.000000] SLUB: HWalign=64, Order=0-3, MinObjects=0, CPUs=4, Nodes=1
Mar 10 10:03:00 DIBTVTest1A1 systemd[1]: Starting Paths.
Mar 10 10:03:00 DIBTVTest1A1 kernel: [    0.000000] Hierarchical RCU implementation.
Mar 10 10:03:00 DIBTVTest1A1 kernel: [    0.000000] 	Additional per-CPU info printed with stalls.
Mar 10 10:03:00 DIBTVTest1A1 kernel: [    0.000000] NR_IRQS:608
Mar 10 10:03:00 DIBTVTest1A1 systemd[1]: Reached target Paths.
Mar 10 10:03:00 DIBTVTest1A1 kernel: [    0.000000] Architected cp15 timer(s) running at 19.20MHz (phys).
Mar 10 10:03:00 DIBTVTest1A1 kernel: [    0.000000] clocksource arch_sys_counter: mask: 0xffffffffffffff max_cycles: 0x46d987e47, max_idle_ns: 440795202767 ns
Mar 10 10:03:00 DIBTVTest1A1 kernel: [    0.000008] sched_clock: 56 bits at 19MHz, resolution 52ns, wraps every 4398046511078ns
Mar 10 10:03:00 DIBTVTest1A1 kernel: [    0.000025] Switching to timer-based delay loop, resolution 52ns
Mar 10 10:03:00 DIBTVTest1A1 systemd[1]: Started Forward Password Requests to Plymouth Directory Watch.
Mar 10 10:03:00 DIBTVTest1A1 kernel: [    0.000244] Console: colour dummy device 80x30
Mar 10 10:03:00 DIBTVTest1A1 kernel: [    0.000443] console [tty1] enabled
Mar 10 10:03:00 DIBTVTest1A1 systemd[1]: Starting Remount Root and Kernel File Systems...
Mar 10 10:03:00 DIBTVTest1A1 systemd-udevd[198]: failed to execute '/lib/udev/mtp-probe' 'mtp-probe /sys/devices/platform/soc/3f980000.usb/usb1/1-1/1-1.1 1 3': No such file or directory
Mar 10 10:03:00 DIBTVTest1A1 systemd[1]: Started Remount Root and Kernel File Systems.
Mar 10 10:03:00 DIBTVTest1A1 systemd[1]: Started Various fixups to make systemd work better on Debian.
Mar 10 10:03:00 DIBTVTest1A1 systemd[1]: Starting Load/Save Random Seed...
Mar 10 10:03:00 DIBTVTest1A1 kernel: [    0.000477] Calibrating delay loop (skipped), value calculated using timer frequency.. 38.40 BogoMIPS (lpj=192000)
Mar 10 10:03:00 DIBTVTest1A1 kernel: [    0.000496] pid_max: default: 32768 minimum: 301
Mar 10 10:03:00 DIBTVTest1A1 kernel: [    0.000792] Mount-cache hash table entries: 2048 (order: 1, 8192 bytes)
Mar 10 10:03:00 DIBTVTest1A1 systemd[1]: Starting Local File Systems (Pre).
Mar 10 10:03:00 DIBTVTest1A1 kernel: [    0.000807] Mountpoint-cache hash table entries: 2048 (order: 1, 8192 bytes)
Mar 10 10:03:00 DIBTVTest1A1 kernel: [    0.001768] Initializing cgroup subsys blkio
Mar 10 10:03:00 DIBTVTest1A1 kernel: [    0.001795] Initializing cgroup subsys memory
Mar 10 10:03:00 DIBTVTest1A1 systemd[1]: Reached target Local File Systems (Pre).
Mar 10 10:03:00 DIBTVTest1A1 kernel: [    0.001818] Initializing cgroup subsys devices
Mar 10 10:03:00 DIBTVTest1A1 kernel: [    0.001838] Initializing cgroup subsys freezer
Mar 10 10:03:00 DIBTVTest1A1 systemd[1]: Started Load/Save Random Seed.
Mar 10 10:03:00 DIBTVTest1A1 kernel: [    0.001864] Initializing cgroup subsys net_cls
Mar 10 10:03:00 DIBTVTest1A1 kernel: [    0.001913] CPU: Testing write buffer coherency: ok
Mar 10 10:03:00 DIBTVTest1A1 kernel: [    0.001980] ftrace: allocating 20313 entries in 60 pages
Mar 10 10:03:00 DIBTVTest1A1 systemd-udevd[214]: failed to execute '/lib/udev/mtp-probe' 'mtp-probe /sys/devices/platform/soc/3f980000.usb/usb1/1-1/1-1.4 1 4': No such file or directory
Mar 10 10:03:00 DIBTVTest1A1 kernel: [    0.047524] CPU0: update cpu_capacity 1024
Mar 10 10:03:00 DIBTVTest1A1 kernel: [    0.047556] CPU0: thread -1, cpu 0, socket 0, mpidr 80000000
Mar 10 10:03:00 DIBTVTest1A1 kernel: [    0.047570] [bcm2709_smp_prepare_cpus] enter
Mar 10 10:03:00 DIBTVTest1A1 systemd[1]: Found device /dev/mmcblk0p1.
Mar 10 10:03:00 DIBTVTest1A1 kernel: [    0.047709] Setting up static identity map for 0x8240 - 0x8274
Mar 10 10:03:00 DIBTVTest1A1 kernel: [    0.049505] [bcm2709_boot_secondary] cpu:1 started (0) 17
Mar 10 10:03:00 DIBTVTest1A1 systemd[1]: Starting Sound Card.
Mar 10 10:03:00 DIBTVTest1A1 kernel: [    0.049728] [bcm2709_secondary_init] enter cpu:1
Mar 10 10:03:00 DIBTVTest1A1 kernel: [    0.049769] CPU1: update cpu_capacity 1024
Mar 10 10:03:00 DIBTVTest1A1 kernel: [    0.049776] CPU1: thread -1, cpu 1, socket 0, mpidr 80000001
Mar 10 10:03:00 DIBTVTest1A1 systemd[1]: Reached target Sound Card.
Mar 10 10:03:00 DIBTVTest1A1 kernel: [    0.050158] [bcm2709_boot_secondary] cpu:2 started (0) 17
Mar 10 10:03:00 DIBTVTest1A1 kernel: [    0.050323] [bcm2709_secondary_init] enter cpu:2
Mar 10 10:03:00 DIBTVTest1A1 kernel: [    0.050345] CPU2: update cpu_capacity 1024
Mar 10 10:03:00 DIBTVTest1A1 kernel: [    0.050351] CPU2: thread -1, cpu 2, socket 0, mpidr 80000002
Mar 10 10:03:00 DIBTVTest1A1 systemd[1]: Starting File System Check on /dev/mmcblk0p1...
Mar 10 10:03:00 DIBTVTest1A1 kernel: [    0.050718] [bcm2709_boot_secondary] cpu:3 started (0) 17
Mar 10 10:03:00 DIBTVTest1A1 kernel: [    0.050849] [bcm2709_secondary_init] enter cpu:3
Mar 10 10:03:00 DIBTVTest1A1 systemd-fsck[217]: fsck.fat 3.0.27 (2014-11-12)
Mar 10 10:03:00 DIBTVTest1A1 kernel: [    0.050869] CPU3: update cpu_capacity 1024
Mar 10 10:03:00 DIBTVTest1A1 kernel: [    0.050875] CPU3: thread -1, cpu 3, socket 0, mpidr 80000003
Mar 10 10:03:00 DIBTVTest1A1 kernel: [    0.050938] Brought up 4 CPUs
Mar 10 10:03:00 DIBTVTest1A1 kernel: [    0.050961] SMP: Total of 4 processors activated (153.60 BogoMIPS).
Mar 10 10:03:00 DIBTVTest1A1 kernel: [    0.050969] CPU: All CPU(s) started in HYP mode.
Mar 10 10:03:00 DIBTVTest1A1 kernel: [    0.050977] CPU: Virtualization extensions available.
Mar 10 10:03:00 DIBTVTest1A1 kernel: [    0.051642] devtmpfs: initialized
Mar 10 10:03:00 DIBTVTest1A1 kernel: [    0.070398] VFP support v0.3: implementor 41 architecture 3 part 40 variant 3 rev 4
Mar 10 10:03:00 DIBTVTest1A1 systemd-fsck[217]: /dev/mmcblk0p1: 90 files, 2555/7673 clusters
Mar 10 10:03:00 DIBTVTest1A1 systemd[1]: Started File System Check on /dev/mmcblk0p1.
Mar 10 10:03:00 DIBTVTest1A1 systemd[1]: Mounting /boot...
Mar 10 10:03:00 DIBTVTest1A1 systemd[1]: Starting system-systemd\x2drfkill.slice.
Mar 10 10:03:00 DIBTVTest1A1 systemd[1]: Created slice system-systemd\x2drfkill.slice.
Mar 10 10:03:00 DIBTVTest1A1 systemd[1]: Starting Load/Save RF Kill Switch Status of rfkill0...
Mar 10 10:03:00 DIBTVTest1A1 systemd[1]: Mounted /boot.
Mar 10 10:03:00 DIBTVTest1A1 systemd[1]: Starting Local File Systems.
Mar 10 10:03:00 DIBTVTest1A1 systemd[1]: Reached target Local File Systems.
Mar 10 10:03:00 DIBTVTest1A1 systemd[1]: Starting Create Volatile Files and Directories...
Mar 10 10:03:00 DIBTVTest1A1 systemd[1]: Starting Tell Plymouth To Write Out Runtime Data...
Mar 10 10:03:00 DIBTVTest1A1 systemd[1]: Starting LSB: Raise network interfaces....
Mar 10 10:03:00 DIBTVTest1A1 systemd[1]: Starting Remote File Systems.
Mar 10 10:03:00 DIBTVTest1A1 systemd[1]: Reached target Remote File Systems.
Mar 10 10:03:00 DIBTVTest1A1 systemd[1]: Starting Trigger Flushing of Journal to Persistent Storage...
Mar 10 10:03:00 DIBTVTest1A1 systemd[1]: Starting LSB: Prepare console...
Mar 10 10:03:00 DIBTVTest1A1 kernel: [    0.070634] clocksource jiffies: mask: 0xffffffff max_cycles: 0xffffffff, max_idle_ns: 19112604462750000 ns
Mar 10 10:03:00 DIBTVTest1A1 systemd[1]: Starting LSB: Switch to ondemand cpu governor (unless shift key is pressed)...
Mar 10 10:03:00 DIBTVTest1A1 kernel: [    0.071464] pinctrl core: initialized pinctrl subsystem
Mar 10 10:03:00 DIBTVTest1A1 kernel: [    0.071994] NET: Registered protocol family 16
Mar 10 10:03:00 DIBTVTest1A1 kernel: [    0.077099] DMA: preallocated 4096 KiB pool for atomic coherent allocations
Mar 10 10:03:00 DIBTVTest1A1 systemd[1]: Started Load/Save RF Kill Switch Status of rfkill0.
Mar 10 10:03:00 DIBTVTest1A1 kernel: [    0.078091] bcm2709.uart_clock = 48000000
Mar 10 10:03:00 DIBTVTest1A1 kernel: [    0.082144] bcm2709: Mini UART enabled
Mar 10 10:03:00 DIBTVTest1A1 kernel: [    0.082192] hw-breakpoint: found 5 (+1 reserved) breakpoint and 4 watchpoint registers.
Mar 10 10:03:00 DIBTVTest1A1 systemd[1]: Started Tell Plymouth To Write Out Runtime Data.
Mar 10 10:03:00 DIBTVTest1A1 kernel: [    0.082202] hw-breakpoint: maximum watchpoint size is 8 bytes.
Mar 10 10:03:00 DIBTVTest1A1 kernel: [    0.082353] Serial: AMBA PL011 UART driver
Mar 10 10:03:00 DIBTVTest1A1 systemd[1]: Started Create Volatile Files and Directories.
Mar 10 10:03:00 DIBTVTest1A1 kernel: [    0.082398] uart-pl011 3f201000.uart: could not find pctldev for node /soc/gpio@7e200000/uart0_pins, deferring probe
Mar 10 10:03:00 DIBTVTest1A1 kernel: [    0.082554] bcm2835-mbox 3f00b880.mailbox: mailbox enabled
Mar 10 10:03:00 DIBTVTest1A1 kernel: [    0.148266] bcm2708-dmaengine 3f007000.dma: DMA legacy API manager at f3007000, dmachans=0xf35
Mar 10 10:03:00 DIBTVTest1A1 kernel: [    0.148297] bcm2708-dmaengine 3f007000.dma: Initialized 7 DMA channels (+ 1 legacy)
Mar 10 10:03:00 DIBTVTest1A1 kernel: [    0.148854] bcm2708-dmaengine 3f007000.dma: Load BCM2835 DMA engine driver
Mar 10 10:03:00 DIBTVTest1A1 kernel: [    0.148867] bcm2708-dmaengine 3f007000.dma: dma_debug:0
Mar 10 10:03:00 DIBTVTest1A1 kbd[247]: Setting console screen modes.
Mar 10 10:03:00 DIBTVTest1A1 kernel: [    0.149418] SCSI subsystem initialized
Mar 10 10:03:00 DIBTVTest1A1 kernel: [    0.149607] usbcore: registered new interface driver usbfs
Mar 10 10:03:00 DIBTVTest1A1 systemd[1]: Started Trigger Flushing of Journal to Persistent Storage.
Mar 10 10:03:00 DIBTVTest1A1 kernel: [    0.149698] usbcore: registered new interface driver hub
Mar 10 10:03:00 DIBTVTest1A1 kernel: [    0.149797] usbcore: registered new device driver usb
Mar 10 10:03:00 DIBTVTest1A1 kernel: [    0.150320] raspberrypi-firmware soc:firmware: Attached to firmware from 2016-03-15 14:47
Mar 10 10:03:00 DIBTVTest1A1 kernel: [    0.177414] Switched to clocksource arch_sys_counter
Mar 10 10:03:00 DIBTVTest1A1 kbd[247]: setterm: $TERM is not defined.
Mar 10 10:03:00 DIBTVTest1A1 kernel: [    0.218806] FS-Cache: Loaded
Mar 10 10:03:00 DIBTVTest1A1 kernel: [    0.219074] CacheFiles: Loaded
Mar 10 10:03:00 DIBTVTest1A1 kernel: [    0.228413] NET: Registered protocol family 2
Mar 10 10:03:00 DIBTVTest1A1 systemd[1]: Started LSB: Prepare console.
Mar 10 10:03:00 DIBTVTest1A1 kernel: [    0.229359] TCP established hash table entries: 8192 (order: 3, 32768 bytes)
Mar 10 10:03:00 DIBTVTest1A1 kernel: [    0.229476] TCP bind hash table entries: 8192 (order: 4, 65536 bytes)
Mar 10 10:03:00 DIBTVTest1A1 systemd[1]: Starting LSB: Set console font and keymap...
Mar 10 10:03:00 DIBTVTest1A1 kernel: [    0.229665] TCP: Hash tables configured (established 8192 bind 8192)
Mar 10 10:03:00 DIBTVTest1A1 kernel: [    0.229759] UDP hash table entries: 512 (order: 2, 16384 bytes)
Mar 10 10:03:00 DIBTVTest1A1 kernel: [    0.229807] UDP-Lite hash table entries: 512 (order: 2, 16384 bytes)
Mar 10 10:03:00 DIBTVTest1A1 systemd[1]: Starting system-ifup.slice.
Mar 10 10:03:00 DIBTVTest1A1 kernel: [    0.230115] NET: Registered protocol family 1
Mar 10 10:03:00 DIBTVTest1A1 kernel: [    0.230415] RPC: Registered named UNIX socket transport module.
Mar 10 10:03:00 DIBTVTest1A1 kernel: [    0.230426] RPC: Registered udp transport module.
Mar 10 10:03:00 DIBTVTest1A1 systemd[1]: Created slice system-ifup.slice.
Mar 10 10:03:00 DIBTVTest1A1 systemd[1]: Starting Update UTMP about System Boot/Shutdown...
Mar 10 10:03:00 DIBTVTest1A1 kernel: [    0.230435] RPC: Registered tcp transport module.
Mar 10 10:03:00 DIBTVTest1A1 systemd[1]: Started Update UTMP about System Boot/Shutdown.
Mar 10 10:03:00 DIBTVTest1A1 kernel: [    0.230443] RPC: Registered tcp NFSv4.1 backchannel transport module.
Mar 10 10:03:00 DIBTVTest1A1 networking[244]: Configuring network interfaces...done.
Mar 10 10:03:00 DIBTVTest1A1 kernel: [    0.231409] hw perfevents: enabled with armv7_cortex_a7 PMU driver, 7 counters available
Mar 10 10:03:00 DIBTVTest1A1 systemd[1]: Started LSB: Raise network interfaces..
Mar 10 10:03:00 DIBTVTest1A1 systemd[1]: Starting ifup for wlan0...
Mar 10 10:03:00 DIBTVTest1A1 systemd[1]: Started ifup for wlan0.
Mar 10 10:03:00 DIBTVTest1A1 console-setup[306]: Setting up console font and keymap...done.
Mar 10 10:03:00 DIBTVTest1A1 systemd[1]: Started LSB: Set console font and keymap.
Mar 10 10:03:00 DIBTVTest1A1 wpa_supplicant[390]: Successfully initialized wpa_supplicant
Mar 10 10:03:00 DIBTVTest1A1 wpa_supplicant[394]: wlan0: CTRL-EVENT-REGDOM-CHANGE init=USER type=COUNTRY alpha2=US
Mar 10 10:03:00 DIBTVTest1A1 raspi-config[248]: Checking if shift key is held down: No. Switching to ondemand scaling governor.
Mar 10 10:03:00 DIBTVTest1A1 systemd[1]: Started LSB: Switch to ondemand cpu governor (unless shift key is pressed).
Mar 10 10:03:00 DIBTVTest1A1 systemd[1]: Starting System Initialization.
Mar 10 10:03:00 DIBTVTest1A1 systemd[1]: Reached target System Initialization.
Mar 10 10:03:00 DIBTVTest1A1 systemd[1]: Starting Avahi mDNS/DNS-SD Stack Activation Socket.
Mar 10 10:03:00 DIBTVTest1A1 systemd[1]: Listening on Avahi mDNS/DNS-SD Stack Activation Socket.
Mar 10 10:03:00 DIBTVTest1A1 systemd[1]: Starting D-Bus System Message Bus Socket.
Mar 10 10:03:00 DIBTVTest1A1 systemd[1]: Listening on D-Bus System Message Bus Socket.
Mar 10 10:03:00 DIBTVTest1A1 systemd[1]: Starting Sockets.
Mar 10 10:03:00 DIBTVTest1A1 systemd[1]: Reached target Sockets.
Mar 10 10:03:00 DIBTVTest1A1 systemd[1]: Starting Daily Cleanup of Temporary Directories.
Mar 10 10:03:00 DIBTVTest1A1 systemd[1]: Started Daily Cleanup of Temporary Directories.
Mar 10 10:03:00 DIBTVTest1A1 systemd[1]: Starting Timers.
Mar 10 10:03:00 DIBTVTest1A1 systemd[1]: Reached target Timers.
Mar 10 10:03:00 DIBTVTest1A1 systemd[1]: Started Manage Sound Card State (restore and store).
Mar 10 10:03:00 DIBTVTest1A1 systemd[1]: Starting Restore Sound Card State...
Mar 10 10:03:00 DIBTVTest1A1 systemd[1]: Starting Basic System.
Mar 10 10:03:00 DIBTVTest1A1 systemd[1]: Reached target Basic System.
Mar 10 10:03:00 DIBTVTest1A1 systemd[1]: Starting Avahi mDNS/DNS-SD Stack...
Mar 10 10:03:00 DIBTVTest1A1 systemd[1]: Starting System Logging Service...
Mar 10 10:03:00 DIBTVTest1A1 systemd[1]: Starting dhcpcd on all interfaces...
Mar 10 10:03:00 DIBTVTest1A1 kernel: [    0.232448] futex hash table entries: 1024 (order: 4, 65536 bytes)
Mar 10 10:03:00 DIBTVTest1A1 kernel: [    0.245797] VFS: Disk quotas dquot_6.6.0
Mar 10 10:03:00 DIBTVTest1A1 systemd[1]: Starting Configure Bluetooth Modems connected by UART...
Mar 10 10:03:00 DIBTVTest1A1 kernel: [    0.246108] VFS: Dquot-cache hash table entries: 1024 (order 0, 4096 bytes)
Mar 10 10:03:00 DIBTVTest1A1 kernel: [    0.248214] FS-Cache: Netfs 'nfs' registered for caching
Mar 10 10:03:00 DIBTVTest1A1 kernel: [    0.249112] NFS: Registering the id_resolver key type
Mar 10 10:03:00 DIBTVTest1A1 kernel: [    0.249160] Key type id_resolver registered
Mar 10 10:03:00 DIBTVTest1A1 kernel: [    0.249170] Key type id_legacy registered
Mar 10 10:03:00 DIBTVTest1A1 kernel: [    0.251227] Block layer SCSI generic (bsg) driver version 0.4 loaded (major 252)
Mar 10 10:03:00 DIBTVTest1A1 systemd[1]: Starting Regular background program processing daemon...
Mar 10 10:03:00 DIBTVTest1A1 systemd[1]: Started Regular background program processing daemon.
Mar 10 10:03:00 DIBTVTest1A1 systemd[1]: Started Turn on SSH if /boot/ssh is present.
Mar 10 10:03:00 DIBTVTest1A1 systemd[1]: Started getty on tty2-tty6 if dbus and logind are not available.
Mar 10 10:03:00 DIBTVTest1A1 systemd[1]: Starting Login Service...
Mar 10 10:03:00 DIBTVTest1A1 systemd[1]: Starting D-Bus System Message Bus...
Mar 10 10:03:00 DIBTVTest1A1 systemd[1]: Started D-Bus System Message Bus.
Mar 10 10:03:00 DIBTVTest1A1 cron[428]: (CRON) INFO (pidfile fd = 3)
Mar 10 10:03:00 DIBTVTest1A1 dhcpcd[425]: version 6.7.1 starting
Mar 10 10:03:00 DIBTVTest1A1 dhcpcd[425]: dev: loaded udev
Mar 10 10:03:00 DIBTVTest1A1 dhcpcd[425]: eth0: adding address fe80::67e7:8692:ea57:d86d
Mar 10 10:03:00 DIBTVTest1A1 dhcpcd[425]: forked to background, child pid 451
Mar 10 10:03:00 DIBTVTest1A1 cron[428]: (CRON) INFO (Running @reboot jobs)
Mar 10 10:03:00 DIBTVTest1A1 avahi-daemon[423]: Found user 'avahi' (UID 105) and group 'avahi' (GID 110).
Mar 10 10:03:00 DIBTVTest1A1 avahi-daemon[423]: Successfully dropped root privileges.
Mar 10 10:03:00 DIBTVTest1A1 avahi-daemon[423]: avahi-daemon 0.6.31 starting up.
Mar 10 10:03:00 DIBTVTest1A1 kernel: [    0.251364] io scheduler noop registered
Mar 10 10:03:00 DIBTVTest1A1 kernel: [    0.251384] io scheduler deadline registered (default)
Mar 10 10:03:00 DIBTVTest1A1 kernel: [    0.251651] io scheduler cfq registered
Mar 10 10:03:00 DIBTVTest1A1 kernel: [    0.253904] BCM2708FB: allocated DMA memory ee800000
Mar 10 10:03:00 DIBTVTest1A1 kernel: [    0.253929] BCM2708FB: allocated DMA channel 0 @ f3007000
Mar 10 10:03:00 DIBTVTest1A1 kernel: [    0.280377] Console: switching to colour frame buffer device 228x61
Mar 10 10:03:00 DIBTVTest1A1 kernel: [    0.296373] Serial: 8250/16550 driver, 1 ports, IRQ sharing disabled
Mar 10 10:03:00 DIBTVTest1A1 kernel: [    0.297887] console [ttyS0] disabled
Mar 10 10:03:00 DIBTVTest1A1 kernel: [    0.297947] 3f215040.uart: ttyS0 at MMIO 0x3f215040 (irq = 29, base_baud = 50000000) is a 16550
Mar 10 10:03:00 DIBTVTest1A1 kernel: [    0.298487] console [ttyS0] enabled
Mar 10 10:03:00 DIBTVTest1A1 kernel: [    0.299402] vc-cma: Videocore CMA driver
Mar 10 10:03:00 DIBTVTest1A1 kernel: [    0.299414] vc-cma: vc_cma_base      = 0x00000000
Mar 10 10:03:00 DIBTVTest1A1 kernel: [    0.299423] vc-cma: vc_cma_size      = 0x00000000 (0 MiB)
Mar 10 10:03:00 DIBTVTest1A1 kernel: [    0.299432] vc-cma: vc_cma_initial   = 0x00000000 (0 MiB)
Mar 10 10:03:00 DIBTVTest1A1 kernel: [    0.299608] vc-mem: phys_addr:0x00000000 mem_base=0x3dc00000 mem_size:0x3f000000(1008 MiB)
Mar 10 10:03:00 DIBTVTest1A1 kernel: [    0.311090] brd: module loaded
Mar 10 10:03:00 DIBTVTest1A1 kernel: [    0.318171] loop: module loaded
Mar 10 10:03:00 DIBTVTest1A1 kernel: [    0.318997] vchiq: vchiq_init_state: slot_zero = 0xae880000, is_master = 0
Mar 10 10:03:00 DIBTVTest1A1 kernel: [    0.320447] Loading iSCSI transport class v2.0-870.
Mar 10 10:03:00 DIBTVTest1A1 kernel: [    0.321092] usbcore: registered new interface driver smsc95xx
Mar 10 10:03:00 DIBTVTest1A1 kernel: [    0.321144] dwc_otg: version 3.00a 10-AUG-2012 (platform bus)
Mar 10 10:03:00 DIBTVTest1A1 kernel: [    0.521442] Core Release: 2.80a
Mar 10 10:03:00 DIBTVTest1A1 kernel: [    0.521455] Setting default values for core params
Mar 10 10:03:00 DIBTVTest1A1 kernel: [    0.521489] Finished setting default values for core params
Mar 10 10:03:00 DIBTVTest1A1 kernel: [    0.721841] Using Buffer DMA mode
Mar 10 10:03:00 DIBTVTest1A1 wpa_supplicant[394]: wlan0: Trying to associate with SSID 'RiseNet'
Mar 10 10:03:00 DIBTVTest1A1 kernel: [    0.721852] Periodic Transfer Interrupt Enhancement - disabled
Mar 10 10:03:00 DIBTVTest1A1 kernel: [    0.721861] Multiprocessor Interrupt Enhancement - disabled
Mar 10 10:03:00 DIBTVTest1A1 kernel: [    0.721870] OTG VER PARAM: 0, OTG VER FLAG: 0
Mar 10 10:03:00 DIBTVTest1A1 kernel: [    0.721889] Dedicated Tx FIFOs mode
Mar 10 10:03:00 DIBTVTest1A1 kernel: [    0.722159] WARN::dwc_otg_hcd_init:1047: FIQ DMA bounce buffers: virt = 0xae814000 dma = 0xee814000 len=9024
Mar 10 10:03:00 DIBTVTest1A1 kernel: [    0.722189] FIQ FSM acceleration enabled for :
Mar 10 10:03:00 DIBTVTest1A1 kernel: [    0.722189] Non-periodic Split Transactions
Mar 10 10:03:00 DIBTVTest1A1 kernel: [    0.722189] Periodic Split Transactions
Mar 10 10:03:00 DIBTVTest1A1 kernel: [    0.722189] High-Speed Isochronous Endpoints
Mar 10 10:03:00 DIBTVTest1A1 kernel: [    0.722209] dwc_otg: Microframe scheduler enabled
Mar 10 10:03:00 DIBTVTest1A1 kernel: [    0.722259] WARN::hcd_init_fiq:412: FIQ on core 1 at 0x80417288
Mar 10 10:03:00 DIBTVTest1A1 kernel: [    0.722275] WARN::hcd_init_fiq:413: FIQ ASM at 0x804175f8 length 36
Mar 10 10:03:00 DIBTVTest1A1 kernel: [    0.722290] WARN::hcd_init_fiq:438: MPHI regs_base at 0xaf89c000
Mar 10 10:03:00 DIBTVTest1A1 kernel: [    0.722325] dwc_otg 3f980000.usb: DWC OTG Controller
Mar 10 10:03:00 DIBTVTest1A1 kernel: [    0.722361] dwc_otg 3f980000.usb: new USB bus registered, assigned bus number 1
Mar 10 10:03:00 DIBTVTest1A1 kernel: [    0.722394] dwc_otg 3f980000.usb: irq 32, io mem 0x00000000
Mar 10 10:03:00 DIBTVTest1A1 kernel: [    0.722445] Init: Port Power? op_state=1
Mar 10 10:03:00 DIBTVTest1A1 kernel: [    0.722452] Init: Power Port (0)
Mar 10 10:03:00 DIBTVTest1A1 kernel: [    0.722643] usb usb1: New USB device found, idVendor=1d6b, idProduct=0002
Mar 10 10:03:00 DIBTVTest1A1 kernel: [    0.722658] usb usb1: New USB device strings: Mfr=3, Product=2, SerialNumber=1
Mar 10 10:03:00 DIBTVTest1A1 kernel: [    0.722670] usb usb1: Product: DWC OTG Controller
Mar 10 10:03:00 DIBTVTest1A1 kernel: [    0.722682] usb usb1: Manufacturer: Linux 4.1.19-v7+ dwc_otg_hcd
Mar 10 10:03:00 DIBTVTest1A1 kernel: [    0.722694] usb usb1: SerialNumber: 3f980000.usb
Mar 10 10:03:00 DIBTVTest1A1 kernel: [    0.723397] hub 1-0:1.0: USB hub found
Mar 10 10:03:00 DIBTVTest1A1 kernel: [    0.723439] hub 1-0:1.0: 1 port detected
Mar 10 10:03:00 DIBTVTest1A1 kernel: [    0.723810] dwc_otg: FIQ enabled
Mar 10 10:03:00 DIBTVTest1A1 kernel: [    0.723819] dwc_otg: NAK holdoff enabled
Mar 10 10:03:00 DIBTVTest1A1 kernel: [    0.723827] dwc_otg: FIQ split-transaction FSM enabled
Mar 10 10:03:00 DIBTVTest1A1 kernel: [    0.723858] Module dwc_common_port init
Mar 10 10:03:00 DIBTVTest1A1 kernel: [    0.724116] usbcore: registered new interface driver usb-storage
Mar 10 10:03:00 DIBTVTest1A1 kernel: [    0.724297] mousedev: PS/2 mouse device common for all mice
Mar 10 10:03:00 DIBTVTest1A1 kernel: [    0.724950] bcm2835-cpufreq: min=600000 max=1200000
Mar 10 10:03:00 DIBTVTest1A1 kernel: [    0.725221] sdhci: Secure Digital Host Controller Interface driver
Mar 10 10:03:00 DIBTVTest1A1 kernel: [    0.725231] sdhci: Copyright(c) Pierre Ossman
Mar 10 10:03:00 DIBTVTest1A1 kernel: [    0.725523] sdhost: log_buf @ ae813000 (ee813000)
Mar 10 10:03:00 DIBTVTest1A1 kernel: [    0.797450] mmc0: sdhost-bcm2835 loaded - DMA enabled (>1)
Mar 10 10:03:00 DIBTVTest1A1 kernel: [    0.819857] mmc-bcm2835 3f300000.mmc: mmc_debug:0 mmc_debug2:0
Mar 10 10:03:00 DIBTVTest1A1 kernel: [    0.819871] mmc-bcm2835 3f300000.mmc: DMA channel allocated
Mar 10 10:03:00 DIBTVTest1A1 kernel: [    0.857518] sdhci-pltfm: SDHCI platform and OF driver helper
Mar 10 10:03:00 DIBTVTest1A1 kernel: [    0.857877] ledtrig-cpu: registered to indicate activity on CPUs
Mar 10 10:03:00 DIBTVTest1A1 kernel: [    0.858006] hidraw: raw HID events driver (C) Jiri Kosina
Mar 10 10:03:00 DIBTVTest1A1 kernel: [    0.858198] usbcore: registered new interface driver usbhid
Mar 10 10:03:00 DIBTVTest1A1 kernel: [    0.858206] usbhid: USB HID core driver
Mar 10 10:03:00 DIBTVTest1A1 kernel: [    0.858499] mmc0: host does not support reading read-only switch, assuming write-enable
Mar 10 10:03:00 DIBTVTest1A1 kernel: [    0.858626] Initializing XFRM netlink socket
Mar 10 10:03:00 DIBTVTest1A1 kernel: [    0.858659] NET: Registered protocol family 17
Mar 10 10:03:00 DIBTVTest1A1 kernel: [    0.858780] Key type dns_resolver registered
Mar 10 10:03:00 DIBTVTest1A1 kernel: [    0.859254] Registering SWP/SWPB emulation handler
Mar 10 10:03:00 DIBTVTest1A1 kernel: [    0.859876] registered taskstats version 1
Mar 10 10:03:00 DIBTVTest1A1 kernel: [    0.860073] vc-sm: Videocore shared memory driver
Mar 10 10:03:00 DIBTVTest1A1 kernel: [    0.860089] [vc_sm_connected_init]: start
Mar 10 10:03:00 DIBTVTest1A1 kernel: [    0.861346] mmc0: new high speed SDHC card at address 59b4
Mar 10 10:03:00 DIBTVTest1A1 kernel: [    0.861507] [vc_sm_connected_init]: end - returning 0
Mar 10 10:03:00 DIBTVTest1A1 kernel: [    0.861761] mmcblk0: mmc0:59b4 SMTC  14.6 GiB 
Mar 10 10:03:00 DIBTVTest1A1 kernel: [    0.862901] 3f201000.uart: ttyAMA0 at MMIO 0x3f201000 (irq = 83, base_baud = 0) is a PL011 rev2
Mar 10 10:03:00 DIBTVTest1A1 kernel: [    0.864089]  mmcblk0: p1 p2
Mar 10 10:03:00 DIBTVTest1A1 kernel: [    0.881021] mmc1: queuing unknown CIS tuple 0x80 (2 bytes)
Mar 10 10:03:00 DIBTVTest1A1 kernel: [    0.882581] mmc1: queuing unknown CIS tuple 0x80 (3 bytes)
Mar 10 10:03:00 DIBTVTest1A1 kernel: [    0.882865] EXT4-fs (mmcblk0p2): mounted filesystem with ordered data mode. Opts: (null)
Mar 10 10:03:00 DIBTVTest1A1 kernel: [    0.882914] VFS: Mounted root (ext4 filesystem) readonly on device 179:2.
Mar 10 10:03:00 DIBTVTest1A1 kernel: [    0.883699] devtmpfs: mounted
Mar 10 10:03:00 DIBTVTest1A1 kernel: [    0.884135] mmc1: queuing unknown CIS tuple 0x80 (3 bytes)
Mar 10 10:03:00 DIBTVTest1A1 kernel: [    0.884399] Freeing unused kernel memory: 444K (80795000 - 80804000)
Mar 10 10:03:00 DIBTVTest1A1 kernel: [    0.886993] mmc1: queuing unknown CIS tuple 0x80 (7 bytes)
Mar 10 10:03:00 DIBTVTest1A1 kernel: [    0.917510] Indeed it is in host mode hprt0 = 00021501
Mar 10 10:03:00 DIBTVTest1A1 kernel: [    0.977890] mmc1: new high speed SDIO card at address 0001
Mar 10 10:03:00 DIBTVTest1A1 kernel: [    1.097473] usb 1-1: new high-speed USB device number 2 using dwc_otg
Mar 10 10:03:00 DIBTVTest1A1 kernel: [    1.097619] Indeed it is in host mode hprt0 = 00001101
Mar 10 10:03:00 DIBTVTest1A1 kernel: [    1.273836] random: systemd urandom read with 39 bits of entropy available
Mar 10 10:03:00 DIBTVTest1A1 kernel: [    1.297764] usb 1-1: New USB device found, idVendor=0424, idProduct=9514
Mar 10 10:03:00 DIBTVTest1A1 kernel: [    1.297781] usb 1-1: New USB device strings: Mfr=0, Product=0, SerialNumber=0
Mar 10 10:03:00 DIBTVTest1A1 kernel: [    1.298482] hub 1-1:1.0: USB hub found
Mar 10 10:03:00 DIBTVTest1A1 kernel: [    1.298584] hub 1-1:1.0: 5 ports detected
Mar 10 10:03:00 DIBTVTest1A1 kernel: [    1.442506] NET: Registered protocol family 10
Mar 10 10:03:00 DIBTVTest1A1 kernel: [    1.577492] usb 1-1.1: new high-speed USB device number 3 using dwc_otg
Mar 10 10:03:00 DIBTVTest1A1 kernel: [    1.677801] usb 1-1.1: New USB device found, idVendor=0424, idProduct=ec00
Mar 10 10:03:00 DIBTVTest1A1 kernel: [    1.677824] usb 1-1.1: New USB device strings: Mfr=0, Product=0, SerialNumber=0
Mar 10 10:03:00 DIBTVTest1A1 kernel: [    1.680541] smsc95xx v1.0.4
Mar 10 10:03:00 DIBTVTest1A1 kernel: [    1.740928] smsc95xx 1-1.1:1.0 eth0: register 'smsc95xx' at usb-3f980000.usb-1.1, smsc95xx USB 2.0 Ethernet, b8:27:eb:af:33:65
Mar 10 10:03:00 DIBTVTest1A1 kernel: [    2.086562] fuse init (API version 7.23)
Mar 10 10:03:00 DIBTVTest1A1 kernel: [    2.173051] i2c /dev entries driver
Mar 10 10:03:00 DIBTVTest1A1 kernel: [    2.247728] usb 1-1.4: new full-speed USB device number 4 using dwc_otg
Mar 10 10:03:00 DIBTVTest1A1 kernel: [    2.358894] usb 1-1.4: New USB device found, idVendor=1997, idProduct=2433
Mar 10 10:03:00 DIBTVTest1A1 kernel: [    2.358917] usb 1-1.4: New USB device strings: Mfr=1, Product=2, SerialNumber=0
Mar 10 10:03:00 DIBTVTest1A1 kernel: [    2.358931] usb 1-1.4: Product: mini keyboard
Mar 10 10:03:00 DIBTVTest1A1 kernel: [    2.358943] usb 1-1.4: Manufacturer:  
Mar 10 10:03:00 DIBTVTest1A1 kernel: [    2.369555] input:   mini keyboard as /devices/platform/soc/3f980000.usb/usb1/1-1/1-1.4/1-1.4:1.0/0003:1997:2433.0001/input/input0
Mar 10 10:03:00 DIBTVTest1A1 kernel: [    2.427870] hid-generic 0003:1997:2433.0001: input,hidraw0: USB HID v1.01 Keyboard [  mini keyboard] on usb-3f980000.usb-1.4/input0
Mar 10 10:03:00 DIBTVTest1A1 kernel: [    2.438417] input:   mini keyboard as /devices/platform/soc/3f980000.usb/usb1/1-1/1-1.4/1-1.4:1.1/0003:1997:2433.0002/input/input1
Mar 10 10:03:00 DIBTVTest1A1 kernel: [    2.497967] hid-generic 0003:1997:2433.0002: input,hidraw1: USB HID v1.01 Mouse [  mini keyboard] on usb-3f980000.usb-1.4/input1
Mar 10 10:03:00 DIBTVTest1A1 kernel: [    2.966113] gpiomem-bcm2835 3f200000.gpiomem: Initialised: Registers at 0x3f200000
Mar 10 10:03:00 DIBTVTest1A1 kernel: [    3.126331] EXT4-fs (mmcblk0p2): re-mounted. Opts: (null)
Mar 10 10:03:00 DIBTVTest1A1 kernel: [    3.275962] cfg80211: Calling CRDA to update world regulatory domain
Mar 10 10:03:00 DIBTVTest1A1 kernel: [    3.454095] brcmfmac: brcmf_sdio_drivestrengthinit: No SDIO Drive strength init done for chip 43430 rev 1 pmurev 24
Mar 10 10:03:00 DIBTVTest1A1 kernel: [    3.487162] usbcore: registered new interface driver brcmfmac
Mar 10 10:03:00 DIBTVTest1A1 kernel: [    3.675469] brcmfmac: brcmf_c_preinit_dcmds: Firmware version = wl0: Aug  7 2017 00:46:29 version 7.45.41.46 (r666254 CY) FWID 01-f8a78378
Mar 10 10:03:00 DIBTVTest1A1 kernel: [    3.723146] brcmfmac: brcmf_cfg80211_reg_notifier: not a ISO3166 code
Mar 10 10:03:00 DIBTVTest1A1 kernel: [    3.883779] bcm2835-rng 3f104000.rng: hwrng registered
Mar 10 10:03:00 DIBTVTest1A1 kernel: [    3.939366] brcmfmac: brcmf_cfg80211_reg_notifier: not a ISO3166 code
Mar 10 10:03:00 DIBTVTest1A1 kernel: [    3.939413] cfg80211: World regulatory domain updated:
Mar 10 10:03:00 DIBTVTest1A1 kernel: [    3.939433] cfg80211:  DFS Master region: unset
Mar 10 10:03:00 DIBTVTest1A1 kernel: [    3.939448] cfg80211:   (start_freq - end_freq @ bandwidth), (max_antenna_gain, max_eirp), (dfs_cac_time)
Mar 10 10:03:00 DIBTVTest1A1 kernel: [    3.939482] cfg80211:   (2402000 KHz - 2472000 KHz @ 40000 KHz), (N/A, 2000 mBm), (N/A)
Mar 10 10:03:00 DIBTVTest1A1 kernel: [    3.939500] cfg80211:   (2457000 KHz - 2482000 KHz @ 20000 KHz, 92000 KHz AUTO), (N/A, 2000 mBm), (N/A)
Mar 10 10:03:00 DIBTVTest1A1 kernel: [    3.939523] cfg80211:   (2474000 KHz - 2494000 KHz @ 20000 KHz), (N/A, 2000 mBm), (N/A)
Mar 10 10:03:00 DIBTVTest1A1 kernel: [    3.939558] cfg80211:   (5170000 KHz - 5250000 KHz @ 80000 KHz, 160000 KHz AUTO), (N/A, 2000 mBm), (N/A)
Mar 10 10:03:00 DIBTVTest1A1 kernel: [    3.939598] cfg80211:   (5250000 KHz - 5330000 KHz @ 80000 KHz, 160000 KHz AUTO), (N/A, 2000 mBm), (0 s)
Mar 10 10:03:00 DIBTVTest1A1 kernel: [    3.939643] cfg80211:   (5490000 KHz - 5730000 KHz @ 160000 KHz), (N/A, 2000 mBm), (0 s)
Mar 10 10:03:00 DIBTVTest1A1 kernel: [    3.939680] cfg80211:   (5735000 KHz - 5835000 KHz @ 80000 KHz), (N/A, 2000 mBm), (N/A)
Mar 10 10:03:00 DIBTVTest1A1 kernel: [    3.939724] cfg80211:   (57240000 KHz - 63720000 KHz @ 2160000 KHz), (N/A, 0 mBm), (N/A)
Mar 10 10:03:00 DIBTVTest1A1 kernel: [    4.375480] random: nonblocking pool is initialized
Mar 10 10:03:00 DIBTVTest1A1 kernel: [    4.411179] brcmfmac: brcmf_add_if: ERROR: netdev:wlan0 already exists
Mar 10 10:03:00 DIBTVTest1A1 kernel: [    4.411195] brcmfmac: brcmf_add_if: ignore IF event
Mar 10 10:03:00 DIBTVTest1A1 kernel: [    4.416274] brcmfmac: power management disabled
Mar 10 10:03:00 DIBTVTest1A1 kernel: [    4.797502] cfg80211: Calling CRDA for country: US
Mar 10 10:03:00 DIBTVTest1A1 kernel: [    4.817386] cfg80211: Regulatory domain changed to country: US
Mar 10 10:03:00 DIBTVTest1A1 kernel: [    4.817451] cfg80211:  DFS Master region: FCC
Mar 10 10:03:00 DIBTVTest1A1 kernel: [    4.817461] cfg80211:   (start_freq - end_freq @ bandwidth), (max_antenna_gain, max_eirp), (dfs_cac_time)
Mar 10 10:03:00 DIBTVTest1A1 kernel: [    4.817476] cfg80211:   (2402000 KHz - 2472000 KHz @ 40000 KHz), (N/A, 3000 mBm), (N/A)
Mar 10 10:03:00 DIBTVTest1A1 kernel: [    4.817492] cfg80211:   (5170000 KHz - 5250000 KHz @ 80000 KHz, 160000 KHz AUTO), (N/A, 2300 mBm), (N/A)
Mar 10 10:03:00 DIBTVTest1A1 kernel: [    4.817506] cfg80211:   (5250000 KHz - 5330000 KHz @ 80000 KHz, 160000 KHz AUTO), (N/A, 2300 mBm), (0 s)
Mar 10 10:03:00 DIBTVTest1A1 kernel: [    4.817519] cfg80211:   (5490000 KHz - 5730000 KHz @ 160000 KHz), (N/A, 2300 mBm), (0 s)
Mar 10 10:03:00 DIBTVTest1A1 kernel: [    4.817531] cfg80211:   (5735000 KHz - 5835000 KHz @ 80000 KHz), (N/A, 3000 mBm), (N/A)
Mar 10 10:03:00 DIBTVTest1A1 kernel: [    4.817543] cfg80211:   (57240000 KHz - 63720000 KHz @ 2160000 KHz), (N/A, 4000 mBm), (N/A)
Mar 10 10:03:00 DIBTVTest1A1 kernel: [    5.204906] uart-pl011 3f201000.uart: no DMA platform data
Mar 10 10:03:00 DIBTVTest1A1 avahi-daemon[423]: Successfully called chroot().
Mar 10 10:03:00 DIBTVTest1A1 avahi-daemon[423]: Successfully dropped remaining capabilities.
Mar 10 10:03:00 DIBTVTest1A1 avahi-daemon[423]: Loading service file /services/udisks.service.
Mar 10 10:03:00 DIBTVTest1A1 dbus[432]: [system] Successfully activated service 'org.freedesktop.systemd1'
Mar 10 10:03:00 DIBTVTest1A1 systemd[1]: Started Avahi mDNS/DNS-SD Stack.
Mar 10 10:03:00 DIBTVTest1A1 systemd[1]: Starting LSB: triggerhappy hotkey daemon...
Mar 10 10:03:00 DIBTVTest1A1 systemd[1]: Starting (null)...
Mar 10 10:03:00 DIBTVTest1A1 avahi-daemon[423]: Joining mDNS multicast group on interface wlan0.IPv6 with address fe80::ba27:ebff:fefa:6630.
Mar 10 10:03:00 DIBTVTest1A1 avahi-daemon[423]: New relevant interface wlan0.IPv6 for mDNS.
Mar 10 10:03:00 DIBTVTest1A1 avahi-daemon[423]: Network interface enumeration completed.
Mar 10 10:03:00 DIBTVTest1A1 avahi-daemon[423]: Registering new address record for fe80::ba27:ebff:fefa:6630 on wlan0.*.
Mar 10 10:03:00 DIBTVTest1A1 avahi-daemon[423]: Registering HINFO record with values 'ARMV7L'/'LINUX'.
Mar 10 10:03:00 DIBTVTest1A1 systemd[1]: Starting LSB: Autogenerate and use a swap file...
Mar 10 10:03:00 DIBTVTest1A1 systemd[1]: Starting (null)...
Mar 10 10:03:00 DIBTVTest1A1 listen-for-shutdown.sh[489]: Starting listen-for-shutdown.py
Mar 10 10:03:00 DIBTVTest1A1 systemd[1]: Started System Logging Service.
Mar 10 10:03:00 DIBTVTest1A1 systemd[1]: Started Restore Sound Card State.
Mar 10 10:03:00 DIBTVTest1A1 systemd[1]: Started dhcpcd on all interfaces.
Mar 10 10:03:00 DIBTVTest1A1 systemd[1]: Started (null).
Mar 10 10:03:00 DIBTVTest1A1 rngd[502]: rngd 2-unofficial-mt.14 starting up...
Mar 10 10:03:00 DIBTVTest1A1 rng-tools[493]: Starting Hardware RNG entropy gatherer daemon: rngd.
Mar 10 10:03:00 DIBTVTest1A1 systemd[1]: Started (null).
Mar 10 10:03:00 DIBTVTest1A1 dphys-swapfile[490]: Starting dphys-swapfile swapfile setup ...
Mar 10 10:03:00 DIBTVTest1A1 systemd[1]: Starting Network.
Mar 10 10:03:00 DIBTVTest1A1 systemd[1]: Reached target Network.
Mar 10 10:03:00 DIBTVTest1A1 systemd[1]: Starting vsftpd FTP server...
Mar 10 10:03:00 DIBTVTest1A1 rngd[502]: entropy feed to the kernel ready
Mar 10 10:03:00 DIBTVTest1A1 systemd[1]: Starting OpenBSD Secure Shell server...
Mar 10 10:03:00 DIBTVTest1A1 systemd[1]: Starting /etc/rc.local Compatibility...
Mar 10 10:03:00 DIBTVTest1A1 systemd[1]: Starting Permit User Sessions...
Mar 10 10:03:00 DIBTVTest1A1 systemd[1]: Starting Network is Online.
Mar 10 10:03:00 DIBTVTest1A1 systemd[1]: Reached target Network is Online.
Mar 10 10:03:00 DIBTVTest1A1 systemd[1]: Starting LSB: Start NTP daemon...
Mar 10 10:03:00 DIBTVTest1A1 systemd[1]: Starting LSB: Apache2 web server...
Mar 10 10:03:00 DIBTVTest1A1 systemd[1]: Started LSB: triggerhappy hotkey daemon.
Mar 10 10:03:00 DIBTVTest1A1 systemd[1]: Started vsftpd FTP server.
Mar 10 10:03:00 DIBTVTest1A1 systemd[1]: Started Permit User Sessions.
Mar 10 10:03:00 DIBTVTest1A1 systemd[1]: Started Login Service.
Mar 10 10:03:00 DIBTVTest1A1 systemd[1]: Starting Light Display Manager...
Mar 10 10:03:00 DIBTVTest1A1 dphys-swapfile[490]: want /var/swap=100MByte, checking existing: keeping it
Mar 10 10:03:00 DIBTVTest1A1 kernel: [    5.741886] Adding 102396k swap on /var/swap.  Priority:-1 extents:3 across:1773568k SSFS
Mar 10 10:03:00 DIBTVTest1A1 dphys-swapfile[490]: done.
Mar 10 10:03:00 DIBTVTest1A1 systemd[1]: Started LSB: Autogenerate and use a swap file.
Mar 10 10:03:00 DIBTVTest1A1 ntpd[561]: ntpd 4.2.6p5@1.2349-o Mon Jul 25 22:35:28 UTC 2016 (1)
Mar 10 10:03:00 DIBTVTest1A1 ntp[527]: Starting NTP server: ntpd.
Mar 10 10:03:00 DIBTVTest1A1 ntpd[605]: proto: precision = 0.521 usec
Mar 10 10:03:00 DIBTVTest1A1 systemd[1]: Started LSB: Start NTP daemon.
Mar 10 10:03:00 DIBTVTest1A1 ntpd[605]: Listen and drop on 0 v4wildcard 0.0.0.0 UDP 123
Mar 10 10:03:00 DIBTVTest1A1 ntpd[605]: Listen and drop on 1 v6wildcard :: UDP 123
Mar 10 10:03:00 DIBTVTest1A1 ntpd[605]: Listen normally on 2 lo 127.0.0.1 UDP 123
Mar 10 10:03:00 DIBTVTest1A1 ntpd[605]: Listen normally on 3 lo ::1 UDP 123
Mar 10 10:03:00 DIBTVTest1A1 ntpd[605]: peers refreshed
Mar 10 10:03:00 DIBTVTest1A1 ntpd[605]: Listening on routing socket on fd #20 for interface updates
Mar 10 10:03:00 DIBTVTest1A1 dhcpcd[451]: eth0: waiting for carrier
Mar 10 10:03:00 DIBTVTest1A1 avahi-daemon[423]: Joining mDNS multicast group on interface eth0.IPv6 with address fe80::67e7:8692:ea57:d86d.
Mar 10 10:03:00 DIBTVTest1A1 avahi-daemon[423]: New relevant interface eth0.IPv6 for mDNS.
Mar 10 10:03:00 DIBTVTest1A1 avahi-daemon[423]: Registering new address record for fe80::67e7:8692:ea57:d86d on eth0.*.
Mar 10 10:03:00 DIBTVTest1A1 dhcpcd[451]: wlan0: waiting for carrier
Mar 10 10:03:00 DIBTVTest1A1 kernel: [    5.938650] smsc95xx 1-1.1:1.0 eth0: hardware isn't capable of remote wakeup
Mar 10 10:03:00 DIBTVTest1A1 kernel: [    5.938813] IPv6: ADDRCONF(NETDEV_UP): eth0: link is not ready
Mar 10 10:03:00 DIBTVTest1A1 kernel: [    5.942363] cfg80211: Calling CRDA for country: US
Mar 10 10:03:00 DIBTVTest1A1 wpa_supplicant[394]: wlan0: Associated with 04:42:1a:40:fb:00
Mar 10 10:03:00 DIBTVTest1A1 ntpd[605]: Deferring DNS for 0.debian.pool.ntp.org 1
Mar 10 10:03:00 DIBTVTest1A1 ntpd[605]: Deferring DNS for 1.debian.pool.ntp.org 1
Mar 10 10:03:00 DIBTVTest1A1 ntpd[605]: Deferring DNS for 2.debian.pool.ntp.org 1
Mar 10 10:03:00 DIBTVTest1A1 ntpd[605]: Deferring DNS for 3.debian.pool.ntp.org 1
Mar 10 10:03:00 DIBTVTest1A1 ntpd[653]: signal_no_reset: signal 17 had flags 4000000
Mar 10 10:03:00 DIBTVTest1A1 wpa_supplicant[394]: wlan0: WPA: Key negotiation completed with 04:42:1a:40:fb:00 [PTK=CCMP GTK=CCMP]
Mar 10 10:03:00 DIBTVTest1A1 wpa_supplicant[394]: wlan0: CTRL-EVENT-CONNECTED - Connection to 04:42:1a:40:fb:00 completed [id=0 id_str=]
Mar 10 10:03:00 DIBTVTest1A1 dhcpcd[451]: wlan0: carrier acquired
Mar 10 10:03:00 DIBTVTest1A1 wpa_supplicant[394]: wlan0: CTRL-EVENT-REGDOM-CHANGE init=COUNTRY_IE type=COUNTRY alpha2=US
Mar 10 10:03:00 DIBTVTest1A1 kernel: [    5.957784] cfg80211: Regulatory domain changed to country: US
Mar 10 10:03:00 DIBTVTest1A1 kernel: [    5.957796] cfg80211:  DFS Master region: FCC
Mar 10 10:03:00 DIBTVTest1A1 kernel: [    5.957802] cfg80211:   (start_freq - end_freq @ bandwidth), (max_antenna_gain, max_eirp), (dfs_cac_time)
Mar 10 10:03:00 DIBTVTest1A1 kernel: [    5.957810] cfg80211:   (2402000 KHz - 2472000 KHz @ 40000 KHz), (N/A, 3000 mBm), (N/A)
Mar 10 10:03:00 DIBTVTest1A1 kernel: [    5.957820] cfg80211:   (5170000 KHz - 5250000 KHz @ 80000 KHz, 160000 KHz AUTO), (N/A, 2300 mBm), (N/A)
Mar 10 10:03:00 DIBTVTest1A1 kernel: [    5.957827] cfg80211:   (5250000 KHz - 5330000 KHz @ 80000 KHz, 160000 KHz AUTO), (N/A, 2300 mBm), (0 s)
Mar 10 10:03:00 DIBTVTest1A1 kernel: [    5.957833] cfg80211:   (5490000 KHz - 5730000 KHz @ 160000 KHz), (N/A, 2300 mBm), (0 s)
Mar 10 10:03:00 DIBTVTest1A1 kernel: [    5.957839] cfg80211:   (5735000 KHz - 5835000 KHz @ 80000 KHz), (N/A, 3000 mBm), (N/A)
Mar 10 10:03:00 DIBTVTest1A1 kernel: [    5.957846] cfg80211:   (57240000 KHz - 63720000 KHz @ 2160000 KHz), (N/A, 4000 mBm), (N/A)
Mar 10 10:03:00 DIBTVTest1A1 dhcpcd[451]: DUID 00:01:00:01:1e:7e:80:3b:b8:27:eb:d1:a2:bb
Mar 10 10:03:00 DIBTVTest1A1 dhcpcd[451]: wlan0: IAID eb:fa:66:30
Mar 10 10:03:00 DIBTVTest1A1 systemd[1]: Started OpenBSD Secure Shell server.
Mar 10 10:03:01 DIBTVTest1A1 kernel: [    6.502278] gpiomem-bcm2835 3f200000.gpiomem: gpiomem device opened.
Mar 10 10:03:01 DIBTVTest1A1 dhcpcd[451]: wlan0: rebinding lease of 10.1.10.85
Mar 10 10:03:01 DIBTVTest1A1 lightdm[567]: ** (lightdm:567): WARNING **: Error getting user list from org.freedesktop.Accounts: GDBus.Error:org.freedesktop.DBus.Error.ServiceUnknown: The name org.freedesktop.Accounts was not provided by any .service files
Mar 10 10:03:01 DIBTVTest1A1 dhcpcd[451]: wlan0: soliciting an IPv6 router
Mar 10 10:03:01 DIBTVTest1A1 avahi-daemon[423]: Server startup complete. Host name is DIBTVTest1A1.local. Local service cookie is 3638312628.
Mar 10 10:03:01 DIBTVTest1A1 systemd[1]: Started Light Display Manager.
Mar 10 10:03:01 DIBTVTest1A1 apache2[531]: Starting web server: apache2AH00557: apache2: apr_sockaddr_info_get() failed for DIBTVTest1A1
Mar 10 10:03:01 DIBTVTest1A1 apache2[531]: AH00558: apache2: Could not reliably determine the server's fully qualified domain name, using 127.0.0.1. Set the 'ServerName' directive globally to suppress this message
Mar 10 10:03:02 DIBTVTest1A1 dhcpcd[451]: eth0: carrier acquired
Mar 10 10:03:02 DIBTVTest1A1 dhcpcd[451]: eth0: IAID eb:af:33:65
Mar 10 10:03:02 DIBTVTest1A1 kernel: [    7.557571] IPv6: ADDRCONF(NETDEV_CHANGE): eth0: link becomes ready
Mar 10 10:03:02 DIBTVTest1A1 kernel: [    7.559864] smsc95xx 1-1.1:1.0 eth0: link up, 100Mbps, full-duplex, lpa 0xCDE1
Mar 10 10:03:02 DIBTVTest1A1 avahi-daemon[423]: Service "DIBTVTest1A1" (/services/udisks.service) successfully established.
Mar 10 10:03:02 DIBTVTest1A1 dhcpcd[451]: eth0: using static address 10.1.10.136/24
Mar 10 10:03:02 DIBTVTest1A1 avahi-daemon[423]: Joining mDNS multicast group on interface eth0.IPv4 with address 10.1.10.136.
Mar 10 10:03:02 DIBTVTest1A1 avahi-daemon[423]: New relevant interface eth0.IPv4 for mDNS.
Mar 10 10:03:02 DIBTVTest1A1 avahi-daemon[423]: Registering new address record for 10.1.10.136 on eth0.IPv4.
Mar 10 10:03:02 DIBTVTest1A1 dhcpcd[451]: eth0: adding route to 10.1.10.0/24
Mar 10 10:03:02 DIBTVTest1A1 dhcpcd[451]: eth0: adding default route via 10.1.10.1
Mar 10 10:03:02 DIBTVTest1A1 ntpd_intres[653]: DNS 0.debian.pool.ntp.org -> 162.159.200.1
Mar 10 10:03:02 DIBTVTest1A1 ntpd_intres[653]: DNS 1.debian.pool.ntp.org -> 208.67.72.43
Mar 10 10:03:02 DIBTVTest1A1 ntpd_intres[653]: DNS 2.debian.pool.ntp.org -> 50.218.103.254
Mar 10 10:03:02 DIBTVTest1A1 ntpd_intres[653]: DNS 3.debian.pool.ntp.org -> 45.83.234.123
Mar 10 10:03:02 DIBTVTest1A1 apache2[531]: .
Mar 10 10:03:02 DIBTVTest1A1 systemd[1]: Started LSB: Apache2 web server.
Mar 10 10:03:03 DIBTVTest1A1 dhcpcd[451]: eth0: soliciting an IPv6 router
Mar 10 10:03:03 DIBTVTest1A1 ntpd[605]: Listen normally on 4 eth0 10.1.10.136 UDP 123
Mar 10 10:03:03 DIBTVTest1A1 ntpd[605]: Listen normally on 5 eth0 fe80::67e7:8692:ea57:d86d UDP 123
Mar 10 10:03:03 DIBTVTest1A1 ntpd[605]: Listen normally on 6 wlan0 fe80::ba27:ebff:fefa:6630 UDP 123
Mar 10 10:03:03 DIBTVTest1A1 ntpd[605]: peers refreshed
Mar 10 10:03:04 DIBTVTest1A1 kernel: [    9.693034] Bluetooth: Core ver 2.20
Mar 10 10:03:04 DIBTVTest1A1 kernel: [    9.693094] NET: Registered protocol family 31
Mar 10 10:03:04 DIBTVTest1A1 kernel: [    9.693100] Bluetooth: HCI device and connection manager initialized
Mar 10 10:03:04 DIBTVTest1A1 kernel: [    9.693487] Bluetooth: HCI socket layer initialized
Mar 10 10:03:04 DIBTVTest1A1 kernel: [    9.693500] Bluetooth: L2CAP socket layer initialized
Mar 10 10:03:04 DIBTVTest1A1 kernel: [    9.693523] Bluetooth: SCO socket layer initialized
Mar 10 10:03:04 DIBTVTest1A1 btuart[426]: bcm43xx_init
Mar 10 10:03:04 DIBTVTest1A1 btuart[426]: Flash firmware /lib/firmware/BCM43430A1.hcd
Mar 10 10:03:04 DIBTVTest1A1 btuart[426]: Set BDADDR UART: b8:27:eb:05:99:cf
Mar 10 10:03:04 DIBTVTest1A1 btuart[426]: Set Controller UART speed to 921600 bit/s
Mar 10 10:03:04 DIBTVTest1A1 btuart[426]: Device setup complete
Mar 10 10:03:04 DIBTVTest1A1 systemd[1]: Started Configure Bluetooth Modems connected by UART.
Mar 10 10:03:04 DIBTVTest1A1 kernel: [    9.728801] Bluetooth: HCI UART driver ver 2.3
Mar 10 10:03:04 DIBTVTest1A1 kernel: [    9.728815] Bluetooth: HCI UART protocol H4 registered
Mar 10 10:03:04 DIBTVTest1A1 kernel: [    9.728821] Bluetooth: HCI UART protocol Three-wire (H5) registered
Mar 10 10:03:04 DIBTVTest1A1 kernel: [    9.728825] Bluetooth: HCI UART protocol BCM registered
Mar 10 10:03:04 DIBTVTest1A1 systemd[1]: Starting Load/Save RF Kill Switch Status of rfkill1...
Mar 10 10:03:04 DIBTVTest1A1 systemd[1]: Starting Bluetooth service...
Mar 10 10:03:04 DIBTVTest1A1 systemd[1]: Started Load/Save RF Kill Switch Status of rfkill1.
Mar 10 10:03:04 DIBTVTest1A1 bluetoothd[797]: Bluetooth daemon 5.23
Mar 10 10:03:04 DIBTVTest1A1 systemd[1]: Started Bluetooth service.
Mar 10 10:03:04 DIBTVTest1A1 systemd[1]: Starting Bluetooth.
Mar 10 10:03:04 DIBTVTest1A1 systemd[1]: Reached target Bluetooth.
Mar 10 10:03:04 DIBTVTest1A1 bluetoothd[797]: Starting SDP server
Mar 10 10:03:04 DIBTVTest1A1 bluetoothd[797]: Bluetooth management interface 1.9 initialized
Mar 10 10:03:04 DIBTVTest1A1 kernel: [    9.867725] Bluetooth: BNEP (Ethernet Emulation) ver 1.3
Mar 10 10:03:04 DIBTVTest1A1 kernel: [    9.867740] Bluetooth: BNEP filters: protocol multicast
Mar 10 10:03:04 DIBTVTest1A1 kernel: [    9.867759] Bluetooth: BNEP socket layer initialized
Mar 10 10:03:04 DIBTVTest1A1 dbus[432]: [system] Activating via systemd: service name='org.freedesktop.hostname1' unit='dbus-org.freedesktop.hostname1.service'
Mar 10 10:03:04 DIBTVTest1A1 bluetoothd[797]: Sap driver initialization failed.
Mar 10 10:03:04 DIBTVTest1A1 bluetoothd[797]: sap-server: Operation not permitted (1)
Mar 10 10:03:04 DIBTVTest1A1 systemd[1]: Starting Hostname Service...
Mar 10 10:03:04 DIBTVTest1A1 systemd-hostnamed[803]: Warning: nss-myhostname is not installed. Changing the local hostname might make it unresolveable. Please install nss-myhostname!
Mar 10 10:03:04 DIBTVTest1A1 dbus[432]: [system] Successfully activated service 'org.freedesktop.hostname1'
Mar 10 10:03:04 DIBTVTest1A1 systemd[1]: Started Hostname Service.
Mar 10 10:03:04 DIBTVTest1A1 lightdm[567]: ** (process:806): WARNING **: Error getting user list from org.freedesktop.Accounts: GDBus.Error:org.freedesktop.DBus.Error.ServiceUnknown: The name org.freedesktop.Accounts was not provided by any .service files
Mar 10 10:03:04 DIBTVTest1A1 systemd[1]: Starting user-1000.slice.
Mar 10 10:03:04 DIBTVTest1A1 systemd[1]: Created slice user-1000.slice.
Mar 10 10:03:04 DIBTVTest1A1 systemd[1]: Starting User Manager for UID 1000...
Mar 10 10:03:04 DIBTVTest1A1 systemd[1]: Starting Session c1 of user pi.
Mar 10 10:03:04 DIBTVTest1A1 systemd[1]: Started Session c1 of user pi.
Mar 10 10:03:04 DIBTVTest1A1 systemd[817]: Starting Paths.
Mar 10 10:03:04 DIBTVTest1A1 systemd[817]: Reached target Paths.
Mar 10 10:03:04 DIBTVTest1A1 systemd[817]: Starting Timers.
Mar 10 10:03:04 DIBTVTest1A1 systemd[817]: Reached target Timers.
Mar 10 10:03:04 DIBTVTest1A1 systemd[817]: Starting Sockets.
Mar 10 10:03:04 DIBTVTest1A1 systemd[817]: Reached target Sockets.
Mar 10 10:03:04 DIBTVTest1A1 systemd[817]: Starting Basic System.
Mar 10 10:03:04 DIBTVTest1A1 systemd[817]: Reached target Basic System.
Mar 10 10:03:04 DIBTVTest1A1 systemd[817]: Starting Default.
Mar 10 10:03:04 DIBTVTest1A1 systemd[817]: Reached target Default.
Mar 10 10:03:04 DIBTVTest1A1 systemd[817]: Startup finished in 24ms.
Mar 10 10:03:04 DIBTVTest1A1 systemd[1]: Started User Manager for UID 1000.
Mar 10 10:03:07 DIBTVTest1A1 dbus[432]: [system] Activating via systemd: service name='org.freedesktop.PolicyKit1' unit='polkitd.service'
Mar 10 10:03:07 DIBTVTest1A1 systemd[1]: Starting Authenticate and Authorize Users to Run Privileged Tasks...
Mar 10 10:03:07 DIBTVTest1A1 polkitd[887]: started daemon version 0.105 using authority implementation `local' version `0.105'
Mar 10 10:03:07 DIBTVTest1A1 dbus[432]: [system] Successfully activated service 'org.freedesktop.PolicyKit1'
Mar 10 10:03:08 DIBTVTest1A1 systemd[1]: Started Authenticate and Authorize Users to Run Privileged Tasks.
Mar 10 10:03:08 DIBTVTest1A1 rsyslogd-2007: action 'action 17' suspended, next retry is Mon Mar 10 10:03:38 2025 [try http://www.rsyslog.com/e/2007 ]
Mar 10 10:03:08 DIBTVTest1A1 sntp[1031]: Started sntp
Mar 10 10:03:08 DIBTVTest1A1 dbus[432]: [system] Activating via systemd: service name='org.freedesktop.UDisks2' unit='udisks2.service'
Mar 10 10:03:08 DIBTVTest1A1 systemd[1]: Starting Disk Manager...
Mar 10 10:03:13 DIBTVTest1A1 systemd[817]: Time has been changed
Mar 10 10:03:13 DIBTVTest1A1 systemd[1]: Time has been changed
Mar 10 10:03:13 DIBTVTest1A1 systemd[817]: Time has been changed
Mar 10 10:03:13 DIBTVTest1A1 systemd[1]: Time has been changed
Mar 10 10:03:13 DIBTVTest1A1 systemd[1]: Time has been changed
Mar 10 10:03:13 DIBTVTest1A1 systemd[817]: Time has been changed
Mar 10 10:03:13 DIBTVTest1A1 systemd[817]: Time has been changed
Mar 10 10:03:13 DIBTVTest1A1 systemd[1]: Time has been changed
Mar 10 10:03:13 DIBTVTest1A1 udisksd[1033]: udisks daemon version 2.1.3 starting
Mar 10 10:03:13 DIBTVTest1A1 dbus[432]: [system] Successfully activated service 'org.freedesktop.UDisks2'
Mar 10 10:03:13 DIBTVTest1A1 systemd[1]: Started Disk Manager.
Mar 10 10:03:13 DIBTVTest1A1 udisksd[1033]: Acquired the name org.freedesktop.UDisks2 on the system message bus
Mar 10 10:03:14 DIBTVTest1A1 org.gtk.Private.AfcVolumeMonitor[855]: Volume monitor alive
Mar 10 10:03:15 DIBTVTest1A1 dhcpcd[451]: wlan0: leased 10.1.10.85 for 86400 seconds
Mar 10 10:03:15 DIBTVTest1A1 dhcpcd[451]: wlan0: adding route to 10.1.10.0/24
Mar 10 10:03:15 DIBTVTest1A1 dhcpcd[451]: wlan0: adding default route via 10.1.10.1
Mar 10 10:03:15 DIBTVTest1A1 avahi-daemon[423]: Joining mDNS multicast group on interface wlan0.IPv4 with address 10.1.10.85.
Mar 10 10:03:15 DIBTVTest1A1 avahi-daemon[423]: New relevant interface wlan0.IPv4 for mDNS.
Mar 10 10:03:15 DIBTVTest1A1 avahi-daemon[423]: Registering new address record for 10.1.10.85 on wlan0.IPv4.
Mar 10 10:03:16 DIBTVTest1A1 ntpd[605]: Listen normally on 7 wlan0 10.1.10.85 UDP 123
Mar 10 10:03:16 DIBTVTest1A1 ntpd[605]: peers refreshed
Mar 10 10:03:18 DIBTVTest1A1 dhcpcd[451]: wlan0: no IPv6 Routers available
Mar 10 10:03:20 DIBTVTest1A1 dhcpcd[451]: eth0: no IPv6 Routers available
Mar 10 10:03:26 DIBTVTest1A1 systemd[1]: Started /etc/rc.local Compatibility.
Mar 10 10:03:26 DIBTVTest1A1 systemd[1]: Starting Wait for Plymouth Boot Screen to Quit...
Mar 10 10:03:26 DIBTVTest1A1 systemd[1]: Starting Terminate Plymouth Boot Screen...
Mar 10 10:03:26 DIBTVTest1A1 systemd[1]: Started Wait for Plymouth Boot Screen to Quit.
Mar 10 10:03:26 DIBTVTest1A1 systemd[1]: Starting Getty on tty1...
Mar 10 10:03:26 DIBTVTest1A1 systemd[1]: Started Getty on tty1.
Mar 10 10:03:26 DIBTVTest1A1 systemd[1]: Starting Serial Getty on ttyS0...
Mar 10 10:03:26 DIBTVTest1A1 systemd[1]: Started Serial Getty on ttyS0.
Mar 10 10:03:26 DIBTVTest1A1 systemd[1]: Starting Login Prompts.
Mar 10 10:03:26 DIBTVTest1A1 systemd[1]: Reached target Login Prompts.
Mar 10 10:03:26 DIBTVTest1A1 systemd[1]: Started Terminate Plymouth Boot Screen.
Mar 10 10:03:26 DIBTVTest1A1 systemd[1]: Starting Multi-User System.
Mar 10 10:03:26 DIBTVTest1A1 systemd[1]: Reached target Multi-User System.
Mar 10 10:03:26 DIBTVTest1A1 systemd[1]: Starting Graphical Interface.
Mar 10 10:03:26 DIBTVTest1A1 systemd[1]: Reached target Graphical Interface.
Mar 10 10:03:26 DIBTVTest1A1 systemd[1]: Starting Update UTMP about System Runlevel Changes...
Mar 10 10:03:26 DIBTVTest1A1 systemd[1]: Started Update UTMP about System Runlevel Changes.
Mar 10 10:03:26 DIBTVTest1A1 systemd[1]: Startup finished in 1.209s (kernel) + 25.118s (userspace) = 26.328s.
Mar 10 10:03:26 DIBTVTest1A1 systemd[1]: Starting Session c2 of user pi.
Mar 10 10:03:26 DIBTVTest1A1 systemd[1]: Started Session c2 of user pi.
Mar 10 10:07:03 DIBTVTest1A1 rsyslogd-2007: action 'action 17' suspended, next retry is Mon Mar 10 10:07:33 2025 [try http://www.rsyslog.com/e/2007 ]
Mar 10 10:07:03 DIBTVTest1A1 systemd[1]: Starting Session c3 of user pi.
Mar 10 10:07:03 DIBTVTest1A1 systemd[1]: Started Session c3 of user pi.
Mar 10 10:07:55 DIBTVTest1A1 rsyslogd-2007: action 'action 17' suspended, next retry is Mon Mar 10 10:08:25 2025 [try http://www.rsyslog.com/e/2007 ]
Mar 10 10:08:38 DIBTVTest1A1 rsyslogd-2007: action 'action 17' suspended, next retry is Mon Mar 10 10:09:08 2025 [try http://www.rsyslog.com/e/2007 ]
Mar 10 10:08:56 DIBTVTest1A1 systemd[1]: Started Turns off Raspberry Pi display backlight on shutdown/reboot.
Mar 10 10:08:56 DIBTVTest1A1 systemd[1]: Started Synchronise Hardware Clock to System Clock.
Mar 10 10:08:56 DIBTVTest1A1 systemd[1]: Stopping Session c3 of user pi.
Mar 10 10:08:56 DIBTVTest1A1 systemd[1]: Stopping Session c2 of user pi.
Mar 10 10:08:56 DIBTVTest1A1 systemd[1]: Stopping Session c1 of user pi.
Mar 10 10:08:56 DIBTVTest1A1 systemd[1]: Stopping Bluetooth.
Mar 10 10:08:56 DIBTVTest1A1 systemd[1]: Stopped target Bluetooth.
Mar 10 10:08:56 DIBTVTest1A1 systemd[1]: Stopping system-ifup.slice.
Mar 10 10:08:56 DIBTVTest1A1 systemd[1]: Removed slice system-ifup.slice.
Mar 10 10:08:56 DIBTVTest1A1 systemd[1]: Stopping Sound Card.
Mar 10 10:08:56 DIBTVTest1A1 systemd[1]: Stopped target Sound Card.
Mar 10 10:08:56 DIBTVTest1A1 systemd[1]: Stopping system-systemd\x2dfsck.slice.
Mar 10 10:08:56 DIBTVTest1A1 systemd[1]: Removed slice system-systemd\x2dfsck.slice.
Mar 10 10:08:56 DIBTVTest1A1 rsyslogd: [origin software="rsyslogd" swVersion="8.4.2" x-pid="424" x-info="http://www.rsyslog.com"] exiting on signal 15.
Mar 10 10:09:01 DIBTVTest1A1 rsyslogd: [origin software="rsyslogd" swVersion="8.4.2" x-pid="420" x-info="http://www.rsyslog.com"] start
Mar 10 10:09:01 DIBTVTest1A1 systemd-modules-load[75]: Inserted module 'fuse'
Mar 10 10:09:01 DIBTVTest1A1 systemd-modules-load[75]: Inserted module 'i2c_dev'
Mar 10 10:09:01 DIBTVTest1A1 systemd[1]: Started Load Kernel Modules.
Mar 10 10:09:01 DIBTVTest1A1 systemd[1]: Started udev Coldplug all Devices.
Mar 10 10:09:01 DIBTVTest1A1 systemd[1]: Started Restore / save the current clock.
Mar 10 10:09:01 DIBTVTest1A1 systemd[1]: Time has been changed
Mar 10 10:09:01 DIBTVTest1A1 systemd[1]: Mounting Configuration File System...
Mar 10 10:09:01 DIBTVTest1A1 systemd[1]: Starting Apply Kernel Variables...
Mar 10 10:09:01 DIBTVTest1A1 systemd[1]: Mounting FUSE Control File System...
Mar 10 10:09:01 DIBTVTest1A1 systemd[1]: Mounted Configuration File System.
Mar 10 10:09:01 DIBTVTest1A1 systemd[1]: Mounted FUSE Control File System.
Mar 10 10:09:01 DIBTVTest1A1 systemd[1]: Started Create Static Device Nodes in /dev.
Mar 10 10:09:01 DIBTVTest1A1 fake-hwclock[74]: Mon 10 Mar 15:08:58 UTC 2025
Mar 10 10:09:01 DIBTVTest1A1 systemd-fsck[82]: e2fsck 1.43.3 (04-Sep-2016)
Mar 10 10:09:01 DIBTVTest1A1 systemd-fsck[82]: /dev/mmcblk0p2: clean, 129869/937280 files, 917208/3800576 blocks
Mar 10 10:09:01 DIBTVTest1A1 systemd[1]: Starting udev Kernel Device Manager...
Mar 10 10:09:01 DIBTVTest1A1 systemd[1]: Started udev Kernel Device Manager.
Mar 10 10:09:01 DIBTVTest1A1 systemd[1]: Starting Copy rules generated while the root was ro...
Mar 10 10:09:01 DIBTVTest1A1 systemd[1]: Starting LSB: Tune IDE hard disks...
Mar 10 10:09:01 DIBTVTest1A1 systemd[1]: Starting LSB: Set preliminary keymap...
Mar 10 10:09:01 DIBTVTest1A1 systemd[1]: Started Copy rules generated while the root was ro.
Mar 10 10:09:01 DIBTVTest1A1 hdparm[114]: Setting parameters of disc: (none).
Mar 10 10:09:01 DIBTVTest1A1 systemd[1]: Started LSB: Tune IDE hard disks.
Mar 10 10:09:01 DIBTVTest1A1 systemd[1]: Started LSB: Set preliminary keymap.
Mar 10 10:09:01 DIBTVTest1A1 systemd[1]: Found device /dev/ttyS0.
Mar 10 10:09:01 DIBTVTest1A1 systemd[1]: Started Show Plymouth Boot Screen.
Mar 10 10:09:01 DIBTVTest1A1 systemd[1]: Starting Dispatch Password Requests to Console Directory Watch.
Mar 10 10:09:01 DIBTVTest1A1 systemd[1]: Started Dispatch Password Requests to Console Directory Watch.
Mar 10 10:09:01 DIBTVTest1A1 systemd[1]: Starting Paths.
Mar 10 10:09:01 DIBTVTest1A1 systemd[1]: Reached target Paths.
Mar 10 10:09:01 DIBTVTest1A1 systemd[1]: Started Forward Password Requests to Plymouth Directory Watch.
Mar 10 10:09:01 DIBTVTest1A1 systemd[1]: Starting Remount Root and Kernel File Systems...
Mar 10 10:09:01 DIBTVTest1A1 keyboard-setup[115]: Setting preliminary keymap...done.
Mar 10 10:09:01 DIBTVTest1A1 systemd[1]: Started Remount Root and Kernel File Systems.
Mar 10 10:09:01 DIBTVTest1A1 systemd[1]: Started Various fixups to make systemd work better on Debian.
Mar 10 10:09:01 DIBTVTest1A1 systemd[1]: Starting Load/Save Random Seed...
Mar 10 10:09:01 DIBTVTest1A1 systemd[1]: Starting Local File Systems (Pre).
Mar 10 10:09:01 DIBTVTest1A1 systemd[1]: Reached target Local File Systems (Pre).
Mar 10 10:09:01 DIBTVTest1A1 systemd-udevd[199]: failed to execute '/lib/udev/mtp-probe' 'mtp-probe /sys/devices/platform/soc/3f980000.usb/usb1/1-1/1-1.1 1 3': No such file or directory
Mar 10 10:09:01 DIBTVTest1A1 systemd[1]: Started Load/Save Random Seed.
Mar 10 10:09:01 DIBTVTest1A1 systemd-udevd[209]: failed to execute '/lib/udev/mtp-probe' 'mtp-probe /sys/devices/platform/soc/3f980000.usb/usb1/1-1/1-1.4 1 4': No such file or directory
Mar 10 10:09:01 DIBTVTest1A1 systemd[1]: Starting Sound Card.
Mar 10 10:09:01 DIBTVTest1A1 systemd[1]: Reached target Sound Card.
Mar 10 10:09:01 DIBTVTest1A1 systemd[1]: Found device /dev/mmcblk0p1.
Mar 10 10:09:01 DIBTVTest1A1 systemd[1]: Starting File System Check on /dev/mmcblk0p1...
Mar 10 10:09:01 DIBTVTest1A1 systemd[1]: Starting system-systemd\x2drfkill.slice.
Mar 10 10:09:01 DIBTVTest1A1 systemd[1]: Created slice system-systemd\x2drfkill.slice.
Mar 10 10:09:01 DIBTVTest1A1 systemd[1]: Starting Load/Save RF Kill Switch Status of rfkill0...
Mar 10 10:09:01 DIBTVTest1A1 systemd[1]: Started Load/Save RF Kill Switch Status of rfkill0.
Mar 10 10:09:01 DIBTVTest1A1 systemd[1]: Starting system-ifup.slice.
Mar 10 10:09:01 DIBTVTest1A1 systemd[1]: Created slice system-ifup.slice.
Mar 10 10:09:01 DIBTVTest1A1 systemd-fsck[223]: fsck.fat 3.0.27 (2014-11-12)
Mar 10 10:09:01 DIBTVTest1A1 systemd-fsck[223]: /dev/mmcblk0p1: 90 files, 2555/7673 clusters
Mar 10 10:09:01 DIBTVTest1A1 systemd[1]: Started File System Check on /dev/mmcblk0p1.
Mar 10 10:09:01 DIBTVTest1A1 systemd[1]: Mounting /boot...
Mar 10 10:09:01 DIBTVTest1A1 systemd[1]: Mounted /boot.
Mar 10 10:09:01 DIBTVTest1A1 systemd[1]: Starting Local File Systems.
Mar 10 10:09:01 DIBTVTest1A1 systemd[1]: Reached target Local File Systems.
Mar 10 10:09:01 DIBTVTest1A1 systemd[1]: Starting Create Volatile Files and Directories...
Mar 10 10:09:01 DIBTVTest1A1 systemd[1]: Starting Tell Plymouth To Write Out Runtime Data...
Mar 10 10:09:01 DIBTVTest1A1 systemd[1]: Starting LSB: Raise network interfaces....
Mar 10 10:09:01 DIBTVTest1A1 systemd[1]: Starting Remote File Systems.
Mar 10 10:09:01 DIBTVTest1A1 systemd[1]: Reached target Remote File Systems.
Mar 10 10:09:01 DIBTVTest1A1 systemd[1]: Starting Trigger Flushing of Journal to Persistent Storage...
Mar 10 10:09:01 DIBTVTest1A1 systemd[1]: Starting LSB: Prepare console...
Mar 10 10:09:01 DIBTVTest1A1 systemd[1]: Starting LSB: Switch to ondemand cpu governor (unless shift key is pressed)...
Mar 10 10:09:01 DIBTVTest1A1 systemd[1]: Started Tell Plymouth To Write Out Runtime Data.
Mar 10 10:09:01 DIBTVTest1A1 systemd[1]: Started Trigger Flushing of Journal to Persistent Storage.
Mar 10 10:09:01 DIBTVTest1A1 systemd[1]: Started Create Volatile Files and Directories.
Mar 10 10:09:01 DIBTVTest1A1 kbd[244]: Setting console screen modes.
Mar 10 10:09:01 DIBTVTest1A1 systemd[1]: Starting Update UTMP about System Boot/Shutdown...
Mar 10 10:09:01 DIBTVTest1A1 systemd[1]: Started Update UTMP about System Boot/Shutdown.
Mar 10 10:09:01 DIBTVTest1A1 kbd[244]: setterm: $TERM is not defined.
Mar 10 10:09:01 DIBTVTest1A1 systemd[1]: Started LSB: Prepare console.
Mar 10 10:09:01 DIBTVTest1A1 kernel: [    0.000000] Booting Linux on physical CPU 0x0
Mar 10 10:09:01 DIBTVTest1A1 systemd[1]: Starting LSB: Set console font and keymap...
Mar 10 10:09:01 DIBTVTest1A1 kernel: [    0.000000] Initializing cgroup subsys cpuset
Mar 10 10:09:01 DIBTVTest1A1 kernel: [    0.000000] Initializing cgroup subsys cpu
Mar 10 10:09:01 DIBTVTest1A1 kernel: [    0.000000] Initializing cgroup subsys cpuacct
Mar 10 10:09:01 DIBTVTest1A1 networking[242]: Configuring network interfaces...done.
Mar 10 10:09:01 DIBTVTest1A1 kernel: [    0.000000] Linux version 4.1.19-v7+ (dc4@dc4-XPS13-9333) (gcc version 4.9.3 (crosstool-NG crosstool-ng-1.22.0-88-g8460611) ) #858 SMP Tue Mar 15 15:56:00 GMT 2016
Mar 10 10:09:01 DIBTVTest1A1 kernel: [    0.000000] CPU: ARMv7 Processor [410fd034] revision 4 (ARMv7), cr=10c5383d
Mar 10 10:09:01 DIBTVTest1A1 systemd[1]: Started LSB: Raise network interfaces..
Mar 10 10:09:01 DIBTVTest1A1 kernel: [    0.000000] CPU: PIPT / VIPT nonaliasing data cache, VIPT aliasing instruction cache
Mar 10 10:09:01 DIBTVTest1A1 kernel: [    0.000000] Machine model: Raspberry Pi 3 Model B Rev 1.2
Mar 10 10:09:01 DIBTVTest1A1 kernel: [    0.000000] cma: Reserved 8 MiB at 0x2e400000
Mar 10 10:09:01 DIBTVTest1A1 kernel: [    0.000000] Memory policy: Data cache writealloc
Mar 10 10:09:01 DIBTVTest1A1 systemd[1]: Starting ifup for wlan0...
Mar 10 10:09:01 DIBTVTest1A1 kernel: [    0.000000] On node 0 totalpages: 192512
Mar 10 10:09:01 DIBTVTest1A1 kernel: [    0.000000] free_area_init_node: node 0, pgdat 80880fc0, node_mem_map add64000
Mar 10 10:09:01 DIBTVTest1A1 kernel: [    0.000000]   Normal zone: 1692 pages used for memmap
Mar 10 10:09:01 DIBTVTest1A1 systemd[1]: Started ifup for wlan0.
Mar 10 10:09:01 DIBTVTest1A1 kernel: [    0.000000]   Normal zone: 0 pages reserved
Mar 10 10:09:01 DIBTVTest1A1 kernel: [    0.000000]   Normal zone: 192512 pages, LIFO batch:31
Mar 10 10:09:01 DIBTVTest1A1 kernel: [    0.000000] [bcm2709_smp_init_cpus] enter (9420->f3003010)
Mar 10 10:09:01 DIBTVTest1A1 console-setup[313]: Setting up console font and keymap...done.
Mar 10 10:09:01 DIBTVTest1A1 kernel: [    0.000000] [bcm2709_smp_init_cpus] ncores=4
Mar 10 10:09:01 DIBTVTest1A1 kernel: [    0.000000] PERCPU: Embedded 12 pages/cpu @aefb0000 s20416 r8192 d20544 u49152
Mar 10 10:09:01 DIBTVTest1A1 kernel: [    0.000000] pcpu-alloc: s20416 r8192 d20544 u49152 alloc=12*4096
Mar 10 10:09:01 DIBTVTest1A1 kernel: [    0.000000] pcpu-alloc: [0] 0 [0] 1 [0] 2 [0] 3 
Mar 10 10:09:01 DIBTVTest1A1 systemd[1]: Started LSB: Set console font and keymap.
Mar 10 10:09:01 DIBTVTest1A1 kernel: [    0.000000] Built 1 zonelists in Zone order, mobility grouping on.  Total pages: 190820
Mar 10 10:09:01 DIBTVTest1A1 kernel: [    0.000000] Kernel command line: 8250.nr_uarts=1 dma.dmachans=0x7f35 bcm2708_fb.fbwidth=1824 bcm2708_fb.fbheight=984 bcm2709.boardrev=0xa02082 bcm2709.serial=0x50af3365 smsc95xx.macaddr=B8:27:EB:AF:33:65 bcm2708_fb.fbswap=1 bcm2709.uart_clock=48000000 vc_mem.mem_base=0x3dc00000 vc_mem.mem_size=0x3f000000  dwc_otg.lpm_enable=0 console=ttyS0,115200 console=tty1 root=/dev/mmcblk0p2 rootfstype=ext4 elevator=deadline fsck.repair=yes rootwait logo.nologo quiet
Mar 10 10:09:01 DIBTVTest1A1 kernel: [    0.000000] PID hash table entries: 4096 (order: 2, 16384 bytes)
Mar 10 10:09:01 DIBTVTest1A1 wpa_supplicant[386]: Successfully initialized wpa_supplicant
Mar 10 10:09:01 DIBTVTest1A1 kernel: [    0.000000] Dentry cache hash table entries: 131072 (order: 7, 524288 bytes)
Mar 10 10:09:01 DIBTVTest1A1 kernel: [    0.000000] Inode-cache hash table entries: 65536 (order: 6, 262144 bytes)
Mar 10 10:09:01 DIBTVTest1A1 kernel: [    0.000000] Memory: 744496K/770048K available (6064K kernel code, 534K rwdata, 1664K rodata, 444K init, 757K bss, 17360K reserved, 8192K cma-reserved)
Mar 10 10:09:01 DIBTVTest1A1 wpa_supplicant[390]: wlan0: CTRL-EVENT-REGDOM-CHANGE init=USER type=COUNTRY alpha2=US
Mar 10 10:09:01 DIBTVTest1A1 kernel: [    0.000000] Virtual kernel memory layout:
Mar 10 10:09:01 DIBTVTest1A1 kernel: [    0.000000]     vector  : 0xffff0000 - 0xffff1000   (   4 kB)
Mar 10 10:09:01 DIBTVTest1A1 kernel: [    0.000000]     fixmap  : 0xffc00000 - 0xfff00000   (3072 kB)
Mar 10 10:09:01 DIBTVTest1A1 raspi-config[245]: Checking if shift key is held down: No. Switching to ondemand scaling governor.
Mar 10 10:09:01 DIBTVTest1A1 kernel: [    0.000000]     vmalloc : 0xaf800000 - 0xff000000   (1272 MB)
Mar 10 10:09:01 DIBTVTest1A1 kernel: [    0.000000]     lowmem  : 0x80000000 - 0xaf000000   ( 752 MB)
Mar 10 10:09:01 DIBTVTest1A1 kernel: [    0.000000]     modules : 0x7f000000 - 0x80000000   (  16 MB)
Mar 10 10:09:01 DIBTVTest1A1 kernel: [    0.000000]       .text : 0x80008000 - 0x807945f0   (7730 kB)
Mar 10 10:09:01 DIBTVTest1A1 systemd[1]: Started LSB: Switch to ondemand cpu governor (unless shift key is pressed).
Mar 10 10:09:01 DIBTVTest1A1 kernel: [    0.000000]       .init : 0x80795000 - 0x80804000   ( 444 kB)
Mar 10 10:09:01 DIBTVTest1A1 kernel: [    0.000000]       .data : 0x80804000 - 0x80889b10   ( 535 kB)
Mar 10 10:09:01 DIBTVTest1A1 kernel: [    0.000000]        .bss : 0x8088c000 - 0x809497dc   ( 758 kB)
Mar 10 10:09:01 DIBTVTest1A1 systemd[1]: Starting System Initialization.
Mar 10 10:09:01 DIBTVTest1A1 kernel: [    0.000000] SLUB: HWalign=64, Order=0-3, MinObjects=0, CPUs=4, Nodes=1
Mar 10 10:09:01 DIBTVTest1A1 kernel: [    0.000000] Hierarchical RCU implementation.
Mar 10 10:09:01 DIBTVTest1A1 kernel: [    0.000000] 	Additional per-CPU info printed with stalls.
Mar 10 10:09:01 DIBTVTest1A1 systemd[1]: Reached target System Initialization.
Mar 10 10:09:01 DIBTVTest1A1 kernel: [    0.000000] NR_IRQS:608
Mar 10 10:09:01 DIBTVTest1A1 kernel: [    0.000000] Architected cp15 timer(s) running at 19.20MHz (phys).
Mar 10 10:09:01 DIBTVTest1A1 kernel: [    0.000000] clocksource arch_sys_counter: mask: 0xffffffffffffff max_cycles: 0x46d987e47, max_idle_ns: 440795202767 ns
Mar 10 10:09:01 DIBTVTest1A1 systemd[1]: Starting Avahi mDNS/DNS-SD Stack Activation Socket.
Mar 10 10:09:01 DIBTVTest1A1 kernel: [    0.000009] sched_clock: 56 bits at 19MHz, resolution 52ns, wraps every 4398046511078ns
Mar 10 10:09:01 DIBTVTest1A1 kernel: [    0.000026] Switching to timer-based delay loop, resolution 52ns
Mar 10 10:09:01 DIBTVTest1A1 kernel: [    0.000244] Console: colour dummy device 80x30
Mar 10 10:09:01 DIBTVTest1A1 kernel: [    0.000444] console [tty1] enabled
Mar 10 10:09:01 DIBTVTest1A1 systemd[1]: Listening on Avahi mDNS/DNS-SD Stack Activation Socket.
Mar 10 10:09:01 DIBTVTest1A1 kernel: [    0.000478] Calibrating delay loop (skipped), value calculated using timer frequency.. 38.40 BogoMIPS (lpj=192000)
Mar 10 10:09:01 DIBTVTest1A1 kernel: [    0.000497] pid_max: default: 32768 minimum: 301
Mar 10 10:09:01 DIBTVTest1A1 kernel: [    0.000796] Mount-cache hash table entries: 2048 (order: 1, 8192 bytes)
Mar 10 10:09:01 DIBTVTest1A1 kernel: [    0.000811] Mountpoint-cache hash table entries: 2048 (order: 1, 8192 bytes)
Mar 10 10:09:01 DIBTVTest1A1 systemd[1]: Starting D-Bus System Message Bus Socket.
Mar 10 10:09:01 DIBTVTest1A1 kernel: [    0.001779] Initializing cgroup subsys blkio
Mar 10 10:09:01 DIBTVTest1A1 kernel: [    0.001805] Initializing cgroup subsys memory
Mar 10 10:09:01 DIBTVTest1A1 kernel: [    0.001830] Initializing cgroup subsys devices
Mar 10 10:09:01 DIBTVTest1A1 systemd[1]: Listening on D-Bus System Message Bus Socket.
Mar 10 10:09:01 DIBTVTest1A1 kernel: [    0.001850] Initializing cgroup subsys freezer
Mar 10 10:09:01 DIBTVTest1A1 kernel: [    0.001877] Initializing cgroup subsys net_cls
Mar 10 10:09:01 DIBTVTest1A1 kernel: [    0.001925] CPU: Testing write buffer coherency: ok
Mar 10 10:09:01 DIBTVTest1A1 systemd[1]: Starting Sockets.
Mar 10 10:09:01 DIBTVTest1A1 kernel: [    0.001990] ftrace: allocating 20313 entries in 60 pages
Mar 10 10:09:01 DIBTVTest1A1 kernel: [    0.047524] CPU0: update cpu_capacity 1024
Mar 10 10:09:01 DIBTVTest1A1 kernel: [    0.047555] CPU0: thread -1, cpu 0, socket 0, mpidr 80000000
Mar 10 10:09:01 DIBTVTest1A1 systemd[1]: Reached target Sockets.
Mar 10 10:09:01 DIBTVTest1A1 kernel: [    0.047567] [bcm2709_smp_prepare_cpus] enter
Mar 10 10:09:01 DIBTVTest1A1 kernel: [    0.047716] Setting up static identity map for 0x8240 - 0x8274
Mar 10 10:09:01 DIBTVTest1A1 kernel: [    0.049510] [bcm2709_boot_secondary] cpu:1 started (0) 18
Mar 10 10:09:01 DIBTVTest1A1 systemd[1]: Starting Daily Cleanup of Temporary Directories.
Mar 10 10:09:01 DIBTVTest1A1 kernel: [    0.049728] [bcm2709_secondary_init] enter cpu:1
Mar 10 10:09:01 DIBTVTest1A1 kernel: [    0.049770] CPU1: update cpu_capacity 1024
Mar 10 10:09:01 DIBTVTest1A1 kernel: [    0.049776] CPU1: thread -1, cpu 1, socket 0, mpidr 80000001
Mar 10 10:09:01 DIBTVTest1A1 kernel: [    0.050159] [bcm2709_boot_secondary] cpu:2 started (0) 18
Mar 10 10:09:01 DIBTVTest1A1 systemd[1]: Started Daily Cleanup of Temporary Directories.
Mar 10 10:09:01 DIBTVTest1A1 kernel: [    0.050324] [bcm2709_secondary_init] enter cpu:2
Mar 10 10:09:01 DIBTVTest1A1 kernel: [    0.050346] CPU2: update cpu_capacity 1024
Mar 10 10:09:01 DIBTVTest1A1 kernel: [    0.050352] CPU2: thread -1, cpu 2, socket 0, mpidr 80000002
Mar 10 10:09:01 DIBTVTest1A1 kernel: [    0.050718] [bcm2709_boot_secondary] cpu:3 started (0) 17
Mar 10 10:09:01 DIBTVTest1A1 systemd[1]: Starting Timers.
Mar 10 10:09:01 DIBTVTest1A1 kernel: [    0.050847] [bcm2709_secondary_init] enter cpu:3
Mar 10 10:09:01 DIBTVTest1A1 kernel: [    0.050868] CPU3: update cpu_capacity 1024
Mar 10 10:09:01 DIBTVTest1A1 kernel: [    0.050874] CPU3: thread -1, cpu 3, socket 0, mpidr 80000003
Mar 10 10:09:01 DIBTVTest1A1 systemd[1]: Reached target Timers.
Mar 10 10:09:01 DIBTVTest1A1 kernel: [    0.050937] Brought up 4 CPUs
Mar 10 10:09:01 DIBTVTest1A1 kernel: [    0.050960] SMP: Total of 4 processors activated (153.60 BogoMIPS).
Mar 10 10:09:01 DIBTVTest1A1 kernel: [    0.050968] CPU: All CPU(s) started in HYP mode.
Mar 10 10:09:01 DIBTVTest1A1 kernel: [    0.050976] CPU: Virtualization extensions available.
Mar 10 10:09:01 DIBTVTest1A1 systemd[1]: Started Manage Sound Card State (restore and store).
Mar 10 10:09:01 DIBTVTest1A1 kernel: [    0.051643] devtmpfs: initialized
Mar 10 10:09:01 DIBTVTest1A1 kernel: [    0.070405] VFP support v0.3: implementor 41 architecture 3 part 40 variant 3 rev 4
Mar 10 10:09:01 DIBTVTest1A1 kernel: [    0.070644] clocksource jiffies: mask: 0xffffffff max_cycles: 0xffffffff, max_idle_ns: 19112604462750000 ns
Mar 10 10:09:01 DIBTVTest1A1 systemd[1]: Starting Restore Sound Card State...
Mar 10 10:09:01 DIBTVTest1A1 kernel: [    0.071470] pinctrl core: initialized pinctrl subsystem
Mar 10 10:09:01 DIBTVTest1A1 kernel: [    0.072000] NET: Registered protocol family 16
Mar 10 10:09:01 DIBTVTest1A1 kernel: [    0.077136] DMA: preallocated 4096 KiB pool for atomic coherent allocations
Mar 10 10:09:01 DIBTVTest1A1 systemd[1]: Starting Basic System.
Mar 10 10:09:01 DIBTVTest1A1 kernel: [    0.078129] bcm2709.uart_clock = 48000000
Mar 10 10:09:01 DIBTVTest1A1 kernel: [    0.082187] bcm2709: Mini UART enabled
Mar 10 10:09:01 DIBTVTest1A1 kernel: [    0.082235] hw-breakpoint: found 5 (+1 reserved) breakpoint and 4 watchpoint registers.
Mar 10 10:09:01 DIBTVTest1A1 kernel: [    0.082246] hw-breakpoint: maximum watchpoint size is 8 bytes.
Mar 10 10:09:01 DIBTVTest1A1 systemd[1]: Reached target Basic System.
Mar 10 10:09:01 DIBTVTest1A1 kernel: [    0.082397] Serial: AMBA PL011 UART driver
Mar 10 10:09:01 DIBTVTest1A1 kernel: [    0.082441] uart-pl011 3f201000.uart: could not find pctldev for node /soc/gpio@7e200000/uart0_pins, deferring probe
Mar 10 10:09:01 DIBTVTest1A1 systemd[1]: Starting Avahi mDNS/DNS-SD Stack...
Mar 10 10:09:01 DIBTVTest1A1 kernel: [    0.082597] bcm2835-mbox 3f00b880.mailbox: mailbox enabled
Mar 10 10:09:01 DIBTVTest1A1 kernel: [    0.148228] bcm2708-dmaengine 3f007000.dma: DMA legacy API manager at f3007000, dmachans=0xf35
Mar 10 10:09:01 DIBTVTest1A1 kernel: [    0.148260] bcm2708-dmaengine 3f007000.dma: Initialized 7 DMA channels (+ 1 legacy)
Mar 10 10:09:01 DIBTVTest1A1 kernel: [    0.148818] bcm2708-dmaengine 3f007000.dma: Load BCM2835 DMA engine driver
Mar 10 10:09:01 DIBTVTest1A1 systemd[1]: Starting System Logging Service...
Mar 10 10:09:01 DIBTVTest1A1 kernel: [    0.148831] bcm2708-dmaengine 3f007000.dma: dma_debug:0
Mar 10 10:09:01 DIBTVTest1A1 kernel: [    0.149383] SCSI subsystem initialized
Mar 10 10:09:01 DIBTVTest1A1 systemd[1]: Starting dhcpcd on all interfaces...
Mar 10 10:09:01 DIBTVTest1A1 kernel: [    0.149572] usbcore: registered new interface driver usbfs
Mar 10 10:09:01 DIBTVTest1A1 kernel: [    0.149664] usbcore: registered new interface driver hub
Mar 10 10:09:01 DIBTVTest1A1 kernel: [    0.149763] usbcore: registered new device driver usb
Mar 10 10:09:01 DIBTVTest1A1 kernel: [    0.150288] raspberrypi-firmware soc:firmware: Attached to firmware from 2016-03-15 14:47
Mar 10 10:09:01 DIBTVTest1A1 systemd[1]: Starting Configure Bluetooth Modems connected by UART...
Mar 10 10:09:01 DIBTVTest1A1 kernel: [    0.177385] Switched to clocksource arch_sys_counter
Mar 10 10:09:01 DIBTVTest1A1 kernel: [    0.218751] FS-Cache: Loaded
Mar 10 10:09:01 DIBTVTest1A1 kernel: [    0.219017] CacheFiles: Loaded
Mar 10 10:09:01 DIBTVTest1A1 kernel: [    0.228352] NET: Registered protocol family 2
Mar 10 10:09:01 DIBTVTest1A1 kernel: [    0.229300] TCP established hash table entries: 8192 (order: 3, 32768 bytes)
Mar 10 10:09:01 DIBTVTest1A1 systemd[1]: Starting Regular background program processing daemon...
Mar 10 10:09:01 DIBTVTest1A1 kernel: [    0.229417] TCP bind hash table entries: 8192 (order: 4, 65536 bytes)
Mar 10 10:09:01 DIBTVTest1A1 kernel: [    0.229606] TCP: Hash tables configured (established 8192 bind 8192)
Mar 10 10:09:01 DIBTVTest1A1 kernel: [    0.229698] UDP hash table entries: 512 (order: 2, 16384 bytes)
Mar 10 10:09:01 DIBTVTest1A1 systemd[1]: Started Regular background program processing daemon.
Mar 10 10:09:01 DIBTVTest1A1 kernel: [    0.229745] UDP-Lite hash table entries: 512 (order: 2, 16384 bytes)
Mar 10 10:09:01 DIBTVTest1A1 kernel: [    0.230052] NET: Registered protocol family 1
Mar 10 10:09:01 DIBTVTest1A1 kernel: [    0.230353] RPC: Registered named UNIX socket transport module.
Mar 10 10:09:01 DIBTVTest1A1 systemd[1]: Started Turn on SSH if /boot/ssh is present.
Mar 10 10:09:01 DIBTVTest1A1 kernel: [    0.230363] RPC: Registered udp transport module.
Mar 10 10:09:01 DIBTVTest1A1 kernel: [    0.230372] RPC: Registered tcp transport module.
Mar 10 10:09:01 DIBTVTest1A1 systemd[1]: Started getty on tty2-tty6 if dbus and logind are not available.
Mar 10 10:09:01 DIBTVTest1A1 kernel: [    0.230380] RPC: Registered tcp NFSv4.1 backchannel transport module.
Mar 10 10:09:01 DIBTVTest1A1 kernel: [    0.231347] hw perfevents: enabled with armv7_cortex_a7 PMU driver, 7 counters available
Mar 10 10:09:01 DIBTVTest1A1 systemd[1]: Starting Login Service...
Mar 10 10:09:01 DIBTVTest1A1 systemd[1]: Starting D-Bus System Message Bus...
Mar 10 10:09:01 DIBTVTest1A1 systemd[1]: Started D-Bus System Message Bus.
Mar 10 10:09:01 DIBTVTest1A1 cron[424]: (CRON) INFO (pidfile fd = 3)
Mar 10 10:09:01 DIBTVTest1A1 dhcpcd[422]: version 6.7.1 starting
Mar 10 10:09:01 DIBTVTest1A1 dhcpcd[422]: dev: loaded udev
Mar 10 10:09:01 DIBTVTest1A1 dhcpcd[422]: eth0: adding address fe80::67e7:8692:ea57:d86d
Mar 10 10:09:01 DIBTVTest1A1 dhcpcd[422]: forked to background, child pid 447
Mar 10 10:09:01 DIBTVTest1A1 wpa_supplicant[390]: wlan0: Trying to associate with SSID 'RiseNet'
Mar 10 10:09:01 DIBTVTest1A1 avahi-daemon[419]: Found user 'avahi' (UID 105) and group 'avahi' (GID 110).
Mar 10 10:09:01 DIBTVTest1A1 avahi-daemon[419]: Successfully dropped root privileges.
Mar 10 10:09:01 DIBTVTest1A1 avahi-daemon[419]: avahi-daemon 0.6.31 starting up.
Mar 10 10:09:01 DIBTVTest1A1 cron[424]: (CRON) INFO (Running @reboot jobs)
Mar 10 10:09:01 DIBTVTest1A1 kernel: [    0.232384] futex hash table entries: 1024 (order: 4, 65536 bytes)
Mar 10 10:09:01 DIBTVTest1A1 kernel: [    0.245745] VFS: Disk quotas dquot_6.6.0
Mar 10 10:09:01 DIBTVTest1A1 kernel: [    0.246057] VFS: Dquot-cache hash table entries: 1024 (order 0, 4096 bytes)
Mar 10 10:09:01 DIBTVTest1A1 kernel: [    0.248163] FS-Cache: Netfs 'nfs' registered for caching
Mar 10 10:09:01 DIBTVTest1A1 kernel: [    0.249062] NFS: Registering the id_resolver key type
Mar 10 10:09:01 DIBTVTest1A1 kernel: [    0.249110] Key type id_resolver registered
Mar 10 10:09:01 DIBTVTest1A1 kernel: [    0.249120] Key type id_legacy registered
Mar 10 10:09:01 DIBTVTest1A1 kernel: [    0.251170] Block layer SCSI generic (bsg) driver version 0.4 loaded (major 252)
Mar 10 10:09:01 DIBTVTest1A1 kernel: [    0.251310] io scheduler noop registered
Mar 10 10:09:01 DIBTVTest1A1 kernel: [    0.251330] io scheduler deadline registered (default)
Mar 10 10:09:01 DIBTVTest1A1 kernel: [    0.251598] io scheduler cfq registered
Mar 10 10:09:01 DIBTVTest1A1 kernel: [    0.253847] BCM2708FB: allocated DMA memory ee800000
Mar 10 10:09:01 DIBTVTest1A1 kernel: [    0.253872] BCM2708FB: allocated DMA channel 0 @ f3007000
Mar 10 10:09:01 DIBTVTest1A1 kernel: [    0.280332] Console: switching to colour frame buffer device 228x61
Mar 10 10:09:01 DIBTVTest1A1 kernel: [    0.296331] Serial: 8250/16550 driver, 1 ports, IRQ sharing disabled
Mar 10 10:09:01 DIBTVTest1A1 kernel: [    0.297858] console [ttyS0] disabled
Mar 10 10:09:01 DIBTVTest1A1 kernel: [    0.297920] 3f215040.uart: ttyS0 at MMIO 0x3f215040 (irq = 29, base_baud = 50000000) is a 16550
Mar 10 10:09:01 DIBTVTest1A1 kernel: [    0.298459] console [ttyS0] enabled
Mar 10 10:09:01 DIBTVTest1A1 kernel: [    0.299378] vc-cma: Videocore CMA driver
Mar 10 10:09:01 DIBTVTest1A1 kernel: [    0.299390] vc-cma: vc_cma_base      = 0x00000000
Mar 10 10:09:01 DIBTVTest1A1 kernel: [    0.299399] vc-cma: vc_cma_size      = 0x00000000 (0 MiB)
Mar 10 10:09:01 DIBTVTest1A1 kernel: [    0.299408] vc-cma: vc_cma_initial   = 0x00000000 (0 MiB)
Mar 10 10:09:01 DIBTVTest1A1 kernel: [    0.299586] vc-mem: phys_addr:0x00000000 mem_base=0x3dc00000 mem_size:0x3f000000(1008 MiB)
Mar 10 10:09:01 DIBTVTest1A1 kernel: [    0.311082] brd: module loaded
Mar 10 10:09:01 DIBTVTest1A1 kernel: [    0.318149] loop: module loaded
Mar 10 10:09:01 DIBTVTest1A1 kernel: [    0.318973] vchiq: vchiq_init_state: slot_zero = 0xae880000, is_master = 0
Mar 10 10:09:01 DIBTVTest1A1 kernel: [    0.320433] Loading iSCSI transport class v2.0-870.
Mar 10 10:09:01 DIBTVTest1A1 kernel: [    0.321081] usbcore: registered new interface driver smsc95xx
Mar 10 10:09:01 DIBTVTest1A1 kernel: [    0.321130] dwc_otg: version 3.00a 10-AUG-2012 (platform bus)
Mar 10 10:09:01 DIBTVTest1A1 kernel: [    0.521424] Core Release: 2.80a
Mar 10 10:09:01 DIBTVTest1A1 kernel: [    0.521437] Setting default values for core params
Mar 10 10:09:01 DIBTVTest1A1 kernel: [    0.521471] Finished setting default values for core params
Mar 10 10:09:01 DIBTVTest1A1 kernel: [    0.721821] Using Buffer DMA mode
Mar 10 10:09:01 DIBTVTest1A1 kernel: [    0.721832] Periodic Transfer Interrupt Enhancement - disabled
Mar 10 10:09:01 DIBTVTest1A1 kernel: [    0.721840] Multiprocessor Interrupt Enhancement - disabled
Mar 10 10:09:01 DIBTVTest1A1 kernel: [    0.721849] OTG VER PARAM: 0, OTG VER FLAG: 0
Mar 10 10:09:01 DIBTVTest1A1 kernel: [    0.721869] Dedicated Tx FIFOs mode
Mar 10 10:09:01 DIBTVTest1A1 kernel: [    0.722142] WARN::dwc_otg_hcd_init:1047: FIQ DMA bounce buffers: virt = 0xae814000 dma = 0xee814000 len=9024
Mar 10 10:09:01 DIBTVTest1A1 kernel: [    0.722171] FIQ FSM acceleration enabled for :
Mar 10 10:09:01 DIBTVTest1A1 kernel: [    0.722171] Non-periodic Split Transactions
Mar 10 10:09:01 DIBTVTest1A1 kernel: [    0.722171] Periodic Split Transactions
Mar 10 10:09:01 DIBTVTest1A1 kernel: [    0.722171] High-Speed Isochronous Endpoints
Mar 10 10:09:01 DIBTVTest1A1 kernel: [    0.722191] dwc_otg: Microframe scheduler enabled
Mar 10 10:09:01 DIBTVTest1A1 kernel: [    0.722240] WARN::hcd_init_fiq:412: FIQ on core 1 at 0x80417288
Mar 10 10:09:01 DIBTVTest1A1 kernel: [    0.722256] WARN::hcd_init_fiq:413: FIQ ASM at 0x804175f8 length 36
Mar 10 10:09:01 DIBTVTest1A1 kernel: [    0.722271] WARN::hcd_init_fiq:438: MPHI regs_base at 0xaf89c000
Mar 10 10:09:01 DIBTVTest1A1 kernel: [    0.722305] dwc_otg 3f980000.usb: DWC OTG Controller
Mar 10 10:09:01 DIBTVTest1A1 kernel: [    0.722342] dwc_otg 3f980000.usb: new USB bus registered, assigned bus number 1
Mar 10 10:09:01 DIBTVTest1A1 kernel: [    0.722375] dwc_otg 3f980000.usb: irq 32, io mem 0x00000000
Mar 10 10:09:01 DIBTVTest1A1 kernel: [    0.722426] Init: Port Power? op_state=1
Mar 10 10:09:01 DIBTVTest1A1 kernel: [    0.722434] Init: Power Port (0)
Mar 10 10:09:01 DIBTVTest1A1 kernel: [    0.722626] usb usb1: New USB device found, idVendor=1d6b, idProduct=0002
Mar 10 10:09:01 DIBTVTest1A1 kernel: [    0.722641] usb usb1: New USB device strings: Mfr=3, Product=2, SerialNumber=1
Mar 10 10:09:01 DIBTVTest1A1 kernel: [    0.722654] usb usb1: Product: DWC OTG Controller
Mar 10 10:09:01 DIBTVTest1A1 kernel: [    0.722666] usb usb1: Manufacturer: Linux 4.1.19-v7+ dwc_otg_hcd
Mar 10 10:09:01 DIBTVTest1A1 kernel: [    0.722678] usb usb1: SerialNumber: 3f980000.usb
Mar 10 10:09:01 DIBTVTest1A1 kernel: [    0.723369] hub 1-0:1.0: USB hub found
Mar 10 10:09:01 DIBTVTest1A1 kernel: [    0.723411] hub 1-0:1.0: 1 port detected
Mar 10 10:09:01 DIBTVTest1A1 kernel: [    0.723780] dwc_otg: FIQ enabled
Mar 10 10:09:01 DIBTVTest1A1 kernel: [    0.723790] dwc_otg: NAK holdoff enabled
Mar 10 10:09:01 DIBTVTest1A1 kernel: [    0.723798] dwc_otg: FIQ split-transaction FSM enabled
Mar 10 10:09:01 DIBTVTest1A1 kernel: [    0.723830] Module dwc_common_port init
Mar 10 10:09:01 DIBTVTest1A1 kernel: [    0.724090] usbcore: registered new interface driver usb-storage
Mar 10 10:09:01 DIBTVTest1A1 kernel: [    0.724276] mousedev: PS/2 mouse device common for all mice
Mar 10 10:09:01 DIBTVTest1A1 kernel: [    0.724929] bcm2835-cpufreq: min=600000 max=1200000
Mar 10 10:09:01 DIBTVTest1A1 kernel: [    0.725199] sdhci: Secure Digital Host Controller Interface driver
Mar 10 10:09:01 DIBTVTest1A1 kernel: [    0.725208] sdhci: Copyright(c) Pierre Ossman
Mar 10 10:09:01 DIBTVTest1A1 kernel: [    0.725500] sdhost: log_buf @ ae813000 (ee813000)
Mar 10 10:09:01 DIBTVTest1A1 kernel: [    0.797420] mmc0: sdhost-bcm2835 loaded - DMA enabled (>1)
Mar 10 10:09:01 DIBTVTest1A1 kernel: [    0.819824] mmc-bcm2835 3f300000.mmc: mmc_debug:0 mmc_debug2:0
Mar 10 10:09:01 DIBTVTest1A1 kernel: [    0.819838] mmc-bcm2835 3f300000.mmc: DMA channel allocated
Mar 10 10:09:01 DIBTVTest1A1 kernel: [    0.857490] sdhci-pltfm: SDHCI platform and OF driver helper
Mar 10 10:09:01 DIBTVTest1A1 kernel: [    0.857846] ledtrig-cpu: registered to indicate activity on CPUs
Mar 10 10:09:01 DIBTVTest1A1 kernel: [    0.857975] hidraw: raw HID events driver (C) Jiri Kosina
Mar 10 10:09:01 DIBTVTest1A1 kernel: [    0.858165] usbcore: registered new interface driver usbhid
Mar 10 10:09:01 DIBTVTest1A1 kernel: [    0.858174] usbhid: USB HID core driver
Mar 10 10:09:01 DIBTVTest1A1 kernel: [    0.858464] mmc0: host does not support reading read-only switch, assuming write-enable
Mar 10 10:09:01 DIBTVTest1A1 kernel: [    0.858597] Initializing XFRM netlink socket
Mar 10 10:09:01 DIBTVTest1A1 kernel: [    0.858629] NET: Registered protocol family 17
Mar 10 10:09:01 DIBTVTest1A1 kernel: [    0.858750] Key type dns_resolver registered
Mar 10 10:09:01 DIBTVTest1A1 kernel: [    0.859223] Registering SWP/SWPB emulation handler
Mar 10 10:09:01 DIBTVTest1A1 kernel: [    0.859841] registered taskstats version 1
Mar 10 10:09:01 DIBTVTest1A1 kernel: [    0.860030] vc-sm: Videocore shared memory driver
Mar 10 10:09:01 DIBTVTest1A1 kernel: [    0.860046] [vc_sm_connected_init]: start
Mar 10 10:09:01 DIBTVTest1A1 kernel: [    0.861312] mmc0: new high speed SDHC card at address 59b4
Mar 10 10:09:01 DIBTVTest1A1 kernel: [    0.861470] [vc_sm_connected_init]: end - returning 0
Mar 10 10:09:01 DIBTVTest1A1 kernel: [    0.861724] mmcblk0: mmc0:59b4 SMTC  14.6 GiB 
Mar 10 10:09:01 DIBTVTest1A1 kernel: [    0.862863] 3f201000.uart: ttyAMA0 at MMIO 0x3f201000 (irq = 83, base_baud = 0) is a PL011 rev2
Mar 10 10:09:01 DIBTVTest1A1 kernel: [    0.864048]  mmcblk0: p1 p2
Mar 10 10:09:01 DIBTVTest1A1 kernel: [    0.880933] mmc1: queuing unknown CIS tuple 0x80 (2 bytes)
Mar 10 10:09:01 DIBTVTest1A1 kernel: [    0.882491] mmc1: queuing unknown CIS tuple 0x80 (3 bytes)
Mar 10 10:09:01 DIBTVTest1A1 kernel: [    0.882781] EXT4-fs (mmcblk0p2): mounted filesystem with ordered data mode. Opts: (null)
Mar 10 10:09:01 DIBTVTest1A1 kernel: [    0.882826] VFS: Mounted root (ext4 filesystem) readonly on device 179:2.
Mar 10 10:09:01 DIBTVTest1A1 kernel: [    0.883605] devtmpfs: mounted
Mar 10 10:09:01 DIBTVTest1A1 kernel: [    0.884044] mmc1: queuing unknown CIS tuple 0x80 (3 bytes)
Mar 10 10:09:01 DIBTVTest1A1 kernel: [    0.884305] Freeing unused kernel memory: 444K (80795000 - 80804000)
Mar 10 10:09:01 DIBTVTest1A1 kernel: [    0.886833] mmc1: queuing unknown CIS tuple 0x80 (7 bytes)
Mar 10 10:09:01 DIBTVTest1A1 kernel: [    0.917488] Indeed it is in host mode hprt0 = 00021501
Mar 10 10:09:01 DIBTVTest1A1 kernel: [    0.977690] mmc1: new high speed SDIO card at address 0001
Mar 10 10:09:01 DIBTVTest1A1 kernel: [    1.097442] usb 1-1: new high-speed USB device number 2 using dwc_otg
Mar 10 10:09:01 DIBTVTest1A1 kernel: [    1.097590] Indeed it is in host mode hprt0 = 00001101
Mar 10 10:09:01 DIBTVTest1A1 kernel: [    1.273281] random: systemd urandom read with 39 bits of entropy available
Mar 10 10:09:01 DIBTVTest1A1 kernel: [    1.297722] usb 1-1: New USB device found, idVendor=0424, idProduct=9514
Mar 10 10:09:01 DIBTVTest1A1 kernel: [    1.297742] usb 1-1: New USB device strings: Mfr=0, Product=0, SerialNumber=0
Mar 10 10:09:01 DIBTVTest1A1 kernel: [    1.298435] hub 1-1:1.0: USB hub found
Mar 10 10:09:01 DIBTVTest1A1 kernel: [    1.298540] hub 1-1:1.0: 5 ports detected
Mar 10 10:09:01 DIBTVTest1A1 kernel: [    1.441664] NET: Registered protocol family 10
Mar 10 10:09:01 DIBTVTest1A1 kernel: [    1.577449] usb 1-1.1: new high-speed USB device number 3 using dwc_otg
