Mar 12 06:25:06 DIBTVTest1A1 CRON[3129]: (CRON) info (No MTA installed, discarding output)
Mar 12 06:39:01 DIBTVTest1A1 rsyslogd0: action 'action 17' resumed (module 'builtin:ompipe') [try http://www.rsyslog.com/e/0 ]
Mar 12 06:39:01 DIBTVTest1A1 rsyslogd-2359: action 'action 17' resumed (module 'builtin:ompipe') [try http://www.rsyslog.com/e/2359 ]
Mar 12 06:39:01 DIBTVTest1A1 CRON[3365]: (root) CMD (  [ -x /usr/lib/php5/sessionclean ] && /usr/lib/php5/sessionclean)
Mar 12 07:09:01 DIBTVTest1A1 CRON[3435]: (root) CMD (  [ -x /usr/lib/php5/sessionclean ] && /usr/lib/php5/sessionclean)
Mar 12 07:09:37 DIBTVTest1A1 wpa_supplicant[393]: wlan0: WPA: Group rekeying completed with 04:42:1a:40:fb:00 [GTK=CCMP]
Mar 12 07:13:37 DIBTVTest1A1 rngd[502]: stats: bits received from HRNG source: 240064
Mar 12 07:13:37 DIBTVTest1A1 rngd[502]: stats: bits sent to kernel pool: 188704
Mar 12 07:13:37 DIBTVTest1A1 rngd[502]: stats: entropy added to kernel pool: 188704
Mar 12 07:13:37 DIBTVTest1A1 rngd[502]: stats: FIPS 140-2 successes: 12
Mar 12 07:13:37 DIBTVTest1A1 rngd[502]: stats: FIPS 140-2 failures: 0
Mar 12 07:13:37 DIBTVTest1A1 rngd[502]: stats: FIPS 140-2(2001-10-10) Monobit: 0
Mar 12 07:13:37 DIBTVTest1A1 rngd[502]: stats: FIPS 140-2(2001-10-10) Poker: 0
Mar 12 07:13:37 DIBTVTest1A1 rngd[502]: stats: FIPS 140-2(2001-10-10) Runs: 0
Mar 12 07:13:37 DIBTVTest1A1 rngd[502]: stats: FIPS 140-2(2001-10-10) Long run: 0
Mar 12 07:13:37 DIBTVTest1A1 rngd[502]: stats: FIPS 140-2(2001-10-10) Continuous run: 0
Mar 12 07:13:37 DIBTVTest1A1 rngd[502]: stats: HRNG source speed: (min=736.500; avg=819.914; max=869.834)Kibits/s
Mar 12 07:13:37 DIBTVTest1A1 rngd[502]: stats: FIPS tests speed: (min=7.028; avg=8.919; max=14.255)Mibits/s
Mar 12 07:13:37 DIBTVTest1A1 rngd[502]: stats: Lowest ready-buffers level: 2
Mar 12 07:13:37 DIBTVTest1A1 rngd[502]: stats: Entropy starvations: 0
Mar 12 07:13:37 DIBTVTest1A1 rngd[502]: stats: Time spent starving for entropy: (min=0; avg=0.000; max=0)us
Mar 12 07:17:01 DIBTVTest1A1 CRON[3492]: (root) CMD (   cd / && run-parts --report /etc/cron.hourly)
Mar 12 07:39:01 DIBTVTest1A1 CRON[3579]: (root) CMD (  [ -x /usr/lib/php5/sessionclean ] && /usr/lib/php5/sessionclean)
Mar 12 08:09:01 DIBTVTest1A1 CRON[3730]: (root) CMD (  [ -x /usr/lib/php5/sessionclean ] && /usr/lib/php5/sessionclean)
Mar 12 08:09:37 DIBTVTest1A1 wpa_supplicant[393]: wlan0: WPA: Group rekeying completed with 04:42:1a:40:fb:00 [GTK=CCMP]
Mar 12 08:13:37 DIBTVTest1A1 rngd[502]: stats: bits received from HRNG source: 260064
Mar 12 08:13:37 DIBTVTest1A1 rngd[502]: stats: bits sent to kernel pool: 219456
Mar 12 08:13:37 DIBTVTest1A1 rngd[502]: stats: entropy added to kernel pool: 219456
Mar 12 08:13:37 DIBTVTest1A1 rngd[502]: stats: FIPS 140-2 successes: 13
Mar 12 08:13:37 DIBTVTest1A1 rngd[502]: stats: FIPS 140-2 failures: 0
Mar 12 08:13:37 DIBTVTest1A1 rngd[502]: stats: FIPS 140-2(2001-10-10) Monobit: 0
Mar 12 08:13:37 DIBTVTest1A1 rngd[502]: stats: FIPS 140-2(2001-10-10) Poker: 0
Mar 12 08:13:37 DIBTVTest1A1 rngd[502]: stats: FIPS 140-2(2001-10-10) Runs: 0
Mar 12 08:13:37 DIBTVTest1A1 rngd[502]: stats: FIPS 140-2(2001-10-10) Long run: 0
Mar 12 08:13:37 DIBTVTest1A1 rngd[502]: stats: FIPS 140-2(2001-10-10) Continuous run: 0
Mar 12 08:13:37 DIBTVTest1A1 rngd[502]: stats: HRNG source speed: (min=736.500; avg=819.957; max=869.834)Kibits/s
Mar 12 08:13:37 DIBTVTest1A1 rngd[502]: stats: FIPS tests speed: (min=7.028; avg=8.749; max=14.255)Mibits/s
Mar 12 08:13:37 DIBTVTest1A1 rngd[502]: stats: Lowest ready-buffers level: 2
Mar 12 08:13:37 DIBTVTest1A1 rngd[502]: stats: Entropy starvations: 0
Mar 12 08:13:37 DIBTVTest1A1 rngd[502]: stats: Time spent starving for entropy: (min=0; avg=0.000; max=0)us
Mar 12 08:17:01 DIBTVTest1A1 CRON[3811]: (root) CMD (   cd / && run-parts --report /etc/cron.hourly)
Mar 12 08:39:01 DIBTVTest1A1 CRON[3914]: (root) CMD (  [ -x /usr/lib/php5/sessionclean ] && /usr/lib/php5/sessionclean)
Mar 12 09:09:01 DIBTVTest1A1 CRON[4071]: (root) CMD (  [ -x /usr/lib/php5/sessionclean ] && /usr/lib/php5/sessionclean)
Mar 12 09:09:37 DIBTVTest1A1 wpa_supplicant[393]: wlan0: WPA: Group rekeying completed with 04:42:1a:40:fb:00 [GTK=CCMP]
Mar 12 09:13:37 DIBTVTest1A1 rngd[502]: stats: bits received from HRNG source: 300064
Mar 12 09:13:37 DIBTVTest1A1 rngd[502]: stats: bits sent to kernel pool: 250240
Mar 12 09:13:37 DIBTVTest1A1 rngd[502]: stats: entropy added to kernel pool: 250240
Mar 12 09:13:37 DIBTVTest1A1 rngd[502]: stats: FIPS 140-2 successes: 15
Mar 12 09:13:37 DIBTVTest1A1 rngd[502]: stats: FIPS 140-2 failures: 0
Mar 12 09:13:37 DIBTVTest1A1 rngd[502]: stats: FIPS 140-2(2001-10-10) Monobit: 0
Mar 12 09:13:37 DIBTVTest1A1 rngd[502]: stats: FIPS 140-2(2001-10-10) Poker: 0
Mar 12 09:13:37 DIBTVTest1A1 rngd[502]: stats: FIPS 140-2(2001-10-10) Runs: 0
Mar 12 09:13:37 DIBTVTest1A1 rngd[502]: stats: FIPS 140-2(2001-10-10) Long run: 0
Mar 12 09:13:37 DIBTVTest1A1 rngd[502]: stats: FIPS 140-2(2001-10-10) Continuous run: 0
Mar 12 09:13:37 DIBTVTest1A1 rngd[502]: stats: HRNG source speed: (min=736.500; avg=819.452; max=869.834)Kibits/s
Mar 12 09:13:37 DIBTVTest1A1 rngd[502]: stats: FIPS tests speed: (min=7.007; avg=8.479; max=14.255)Mibits/s
Mar 12 09:13:37 DIBTVTest1A1 rngd[502]: stats: Lowest ready-buffers level: 2
Mar 12 09:13:37 DIBTVTest1A1 rngd[502]: stats: Entropy starvations: 0
Mar 12 09:13:37 DIBTVTest1A1 rngd[502]: stats: Time spent starving for entropy: (min=0; avg=0.000; max=0)us
Mar 12 09:17:01 DIBTVTest1A1 CRON[4150]: (root) CMD (   cd / && run-parts --report /etc/cron.hourly)
Mar 12 09:35:44 DIBTVTest1A1 systemd[1]: Starting Session c3 of user pi.
Mar 12 09:35:44 DIBTVTest1A1 systemd[1]: Started Session c3 of user pi.
Mar 12 09:39:01 DIBTVTest1A1 CRON[4285]: (root) CMD (  [ -x /usr/lib/php5/sessionclean ] && /usr/lib/php5/sessionclean)
Mar 12 10:01:28 DIBTVTest1A1 systemd[1]: Started Turns off Raspberry Pi display backlight on shutdown/reboot.
Mar 12 10:01:28 DIBTVTest1A1 systemd[1]: Started Synchronise Hardware Clock to System Clock.
Mar 12 10:01:28 DIBTVTest1A1 systemd[1]: Stopping Session c3 of user pi.
Mar 12 10:01:28 DIBTVTest1A1 systemd[1]: Stopping Session c2 of user pi.
Mar 12 10:01:28 DIBTVTest1A1 systemd[1]: Stopping Session c1 of user pi.
Mar 12 10:01:28 DIBTVTest1A1 systemd[1]: Stopping Bluetooth.
Mar 12 10:01:28 DIBTVTest1A1 systemd[1]: Stopped target Bluetooth.
Mar 12 10:01:28 DIBTVTest1A1 systemd[1]: Stopping system-ifup.slice.
Mar 12 10:01:28 DIBTVTest1A1 systemd[1]: Removed slice system-ifup.slice.
Mar 12 10:01:28 DIBTVTest1A1 systemd[1]: Stopping Sound Card.
Mar 12 10:01:28 DIBTVTest1A1 systemd[1]: Stopped target Sound Card.
Mar 12 10:01:28 DIBTVTest1A1 systemd[1]: Stopping system-systemd\x2dfsck.slice.
Mar 12 10:01:28 DIBTVTest1A1 systemd[1]: Removed slice system-systemd\x2dfsck.slice.
Mar 12 10:01:28 DIBTVTest1A1 rsyslogd: [origin software="rsyslogd" swVersion="8.4.2" x-pid="423" x-info="http://www.rsyslog.com"] exiting on signal 15.
Mar 12 10:01:32 DIBTVTest1A1 rsyslogd: [origin software="rsyslogd" swVersion="8.4.2" x-pid="411" x-info="http://www.rsyslog.com"] start
Mar 12 10:01:32 DIBTVTest1A1 systemd-modules-load[75]: Inserted module 'fuse'
Mar 12 10:01:32 DIBTVTest1A1 systemd[1]: Starting Create Static Device Nodes in /dev...
Mar 12 10:01:32 DIBTVTest1A1 systemd-modules-load[75]: Inserted module 'i2c_dev'
Mar 12 10:01:32 DIBTVTest1A1 systemd[1]: Started Load Kernel Modules.
Mar 12 10:01:32 DIBTVTest1A1 systemd[1]: Started udev Coldplug all Devices.
Mar 12 10:01:32 DIBTVTest1A1 systemd[1]: Started Restore / save the current clock.
Mar 12 10:01:32 DIBTVTest1A1 systemd[1]: Time has been changed
Mar 12 10:01:32 DIBTVTest1A1 systemd[1]: Mounting Configuration File System...
Mar 12 10:01:32 DIBTVTest1A1 systemd[1]: Starting Apply Kernel Variables...
Mar 12 10:01:32 DIBTVTest1A1 systemd[1]: Mounting FUSE Control File System...
Mar 12 10:01:32 DIBTVTest1A1 systemd[1]: Mounted Configuration File System.
Mar 12 10:01:32 DIBTVTest1A1 systemd[1]: Started Create Static Device Nodes in /dev.
Mar 12 10:01:32 DIBTVTest1A1 fake-hwclock[74]: Wed 12 Mar 15:01:29 UTC 2025
Mar 12 10:01:32 DIBTVTest1A1 systemd-fsck[82]: e2fsck 1.43.3 (04-Sep-2016)
Mar 12 10:01:32 DIBTVTest1A1 systemd-fsck[82]: /dev/mmcblk0p2: clean, 129880/937280 files, 920787/3800576 blocks
Mar 12 10:01:32 DIBTVTest1A1 systemd[1]: Starting udev Kernel Device Manager...
Mar 12 10:01:32 DIBTVTest1A1 systemd[1]: Started udev Kernel Device Manager.
Mar 12 10:01:32 DIBTVTest1A1 systemd[1]: Starting Copy rules generated while the root was ro...
Mar 12 10:01:32 DIBTVTest1A1 systemd[1]: Starting LSB: Tune IDE hard disks...
Mar 12 10:01:32 DIBTVTest1A1 systemd[1]: Starting LSB: Set preliminary keymap...
Mar 12 10:01:32 DIBTVTest1A1 systemd[1]: Started Copy rules generated while the root was ro.
Mar 12 10:01:32 DIBTVTest1A1 hdparm[114]: Setting parameters of disc: (none).
Mar 12 10:01:32 DIBTVTest1A1 systemd[1]: Started LSB: Tune IDE hard disks.
Mar 12 10:01:32 DIBTVTest1A1 systemd[1]: Found device /dev/ttyS0.
Mar 12 10:01:32 DIBTVTest1A1 keyboard-setup[115]: Setting preliminary keymap...done.
Mar 12 10:01:32 DIBTVTest1A1 systemd[1]: Started LSB: Set preliminary keymap.
Mar 12 10:01:32 DIBTVTest1A1 systemd[1]: Started Show Plymouth Boot Screen.
Mar 12 10:01:32 DIBTVTest1A1 systemd[1]: Starting Dispatch Password Requests to Console Directory Watch.
Mar 12 10:01:32 DIBTVTest1A1 kernel: [    0.000000] Booting Linux on physical CPU 0x0
Mar 12 10:01:32 DIBTVTest1A1 kernel: [    0.000000] Initializing cgroup subsys cpuset
Mar 12 10:01:32 DIBTVTest1A1 kernel: [    0.000000] Initializing cgroup subsys cpu
Mar 12 10:01:32 DIBTVTest1A1 kernel: [    0.000000] Initializing cgroup subsys cpuacct
Mar 12 10:01:32 DIBTVTest1A1 kernel: [    0.000000] Linux version 4.1.19-v7+ (dc4@dc4-XPS13-9333) (gcc version 4.9.3 (crosstool-NG crosstool-ng-1.22.0-88-g8460611) ) #858 SMP Tue Mar 15 15:56:00 GMT 2016
Mar 12 10:01:32 DIBTVTest1A1 kernel: [    0.000000] CPU: ARMv7 Processor [410fd034] revision 4 (ARMv7), cr=10c5383d
Mar 12 10:01:32 DIBTVTest1A1 kernel: [    0.000000] CPU: PIPT / VIPT nonaliasing data cache, VIPT aliasing instruction cache
Mar 12 10:01:32 DIBTVTest1A1 kernel: [    0.000000] Machine model: Raspberry Pi 3 Model B Rev 1.2
Mar 12 10:01:32 DIBTVTest1A1 kernel: [    0.000000] cma: Reserved 8 MiB at 0x2e400000
Mar 12 10:01:32 DIBTVTest1A1 systemd[1]: Started Dispatch Password Requests to Console Directory Watch.
Mar 12 10:01:32 DIBTVTest1A1 kernel: [    0.000000] Memory policy: Data cache writealloc
Mar 12 10:01:32 DIBTVTest1A1 kernel: [    0.000000] On node 0 totalpages: 192512
Mar 12 10:01:32 DIBTVTest1A1 kernel: [    0.000000] free_area_init_node: node 0, pgdat 80880fc0, node_mem_map add64000
Mar 12 10:01:32 DIBTVTest1A1 systemd[1]: Starting Paths.
Mar 12 10:01:32 DIBTVTest1A1 kernel: [    0.000000]   Normal zone: 1692 pages used for memmap
Mar 12 10:01:32 DIBTVTest1A1 kernel: [    0.000000]   Normal zone: 0 pages reserved
Mar 12 10:01:32 DIBTVTest1A1 systemd[1]: Reached target Paths.
Mar 12 10:01:32 DIBTVTest1A1 kernel: [    0.000000]   Normal zone: 192512 pages, LIFO batch:31
Mar 12 10:01:32 DIBTVTest1A1 kernel: [    0.000000] [bcm2709_smp_init_cpus] enter (9420->f3003010)
Mar 12 10:01:32 DIBTVTest1A1 kernel: [    0.000000] [bcm2709_smp_init_cpus] ncores=4
Mar 12 10:01:32 DIBTVTest1A1 kernel: [    0.000000] PERCPU: Embedded 12 pages/cpu @aefb0000 s20416 r8192 d20544 u49152
Mar 12 10:01:32 DIBTVTest1A1 systemd[1]: Started Forward Password Requests to Plymouth Directory Watch.
Mar 12 10:01:32 DIBTVTest1A1 kernel: [    0.000000] pcpu-alloc: s20416 r8192 d20544 u49152 alloc=12*4096
Mar 12 10:01:32 DIBTVTest1A1 kernel: [    0.000000] pcpu-alloc: [0] 0 [0] 1 [0] 2 [0] 3 
Mar 12 10:01:32 DIBTVTest1A1 kernel: [    0.000000] Built 1 zonelists in Zone order, mobility grouping on.  Total pages: 190820
Mar 12 10:01:32 DIBTVTest1A1 systemd[1]: Starting Remount Root and Kernel File Systems...
Mar 12 10:01:32 DIBTVTest1A1 kernel: [    0.000000] Kernel command line: 8250.nr_uarts=1 dma.dmachans=0x7f35 bcm2708_fb.fbwidth=1824 bcm2708_fb.fbheight=984 bcm2709.boardrev=0xa02082 bcm2709.serial=0x50af3365 smsc95xx.macaddr=B8:27:EB:AF:33:65 bcm2708_fb.fbswap=1 bcm2709.uart_clock=48000000 vc_mem.mem_base=0x3dc00000 vc_mem.mem_size=0x3f000000  dwc_otg.lpm_enable=0 console=ttyS0,115200 console=tty1 root=/dev/mmcblk0p2 rootfstype=ext4 elevator=deadline fsck.repair=yes rootwait logo.nologo quiet
Mar 12 10:01:32 DIBTVTest1A1 kernel: [    0.000000] PID hash table entries: 4096 (order: 2, 16384 bytes)
Mar 12 10:01:32 DIBTVTest1A1 kernel: [    0.000000] Dentry cache hash table entries: 131072 (order: 7, 524288 bytes)
Mar 12 10:01:32 DIBTVTest1A1 systemd[1]: Started Remount Root and Kernel File Systems.
Mar 12 10:01:32 DIBTVTest1A1 kernel: [    0.000000] Inode-cache hash table entries: 65536 (order: 6, 262144 bytes)
Mar 12 10:01:32 DIBTVTest1A1 kernel: [    0.000000] Memory: 744496K/770048K available (6064K kernel code, 534K rwdata, 1664K rodata, 444K init, 757K bss, 17360K reserved, 8192K cma-reserved)
Mar 12 10:01:32 DIBTVTest1A1 kernel: [    0.000000] Virtual kernel memory layout:
Mar 12 10:01:32 DIBTVTest1A1 kernel: [    0.000000]     vector  : 0xffff0000 - 0xffff1000   (   4 kB)
Mar 12 10:01:32 DIBTVTest1A1 systemd[1]: Started Various fixups to make systemd work better on Debian.
Mar 12 10:01:32 DIBTVTest1A1 kernel: [    0.000000]     fixmap  : 0xffc00000 - 0xfff00000   (3072 kB)
Mar 12 10:01:32 DIBTVTest1A1 kernel: [    0.000000]     vmalloc : 0xaf800000 - 0xff000000   (1272 MB)
Mar 12 10:01:32 DIBTVTest1A1 kernel: [    0.000000]     lowmem  : 0x80000000 - 0xaf000000   ( 752 MB)
Mar 12 10:01:32 DIBTVTest1A1 systemd[1]: Starting Load/Save Random Seed...
Mar 12 10:01:32 DIBTVTest1A1 kernel: [    0.000000]     modules : 0x7f000000 - 0x80000000   (  16 MB)
Mar 12 10:01:32 DIBTVTest1A1 kernel: [    0.000000]       .text : 0x80008000 - 0x807945f0   (7730 kB)
Mar 12 10:01:32 DIBTVTest1A1 kernel: [    0.000000]       .init : 0x80795000 - 0x80804000   ( 444 kB)
Mar 12 10:01:32 DIBTVTest1A1 kernel: [    0.000000]       .data : 0x80804000 - 0x80889b10   ( 535 kB)
Mar 12 10:01:32 DIBTVTest1A1 systemd[1]: Starting Local File Systems (Pre).
Mar 12 10:01:32 DIBTVTest1A1 kernel: [    0.000000]        .bss : 0x8088c000 - 0x809497dc   ( 758 kB)
Mar 12 10:01:32 DIBTVTest1A1 kernel: [    0.000000] SLUB: HWalign=64, Order=0-3, MinObjects=0, CPUs=4, Nodes=1
Mar 12 10:01:32 DIBTVTest1A1 kernel: [    0.000000] Hierarchical RCU implementation.
Mar 12 10:01:32 DIBTVTest1A1 systemd[1]: Reached target Local File Systems (Pre).
Mar 12 10:01:32 DIBTVTest1A1 kernel: [    0.000000] 	Additional per-CPU info printed with stalls.
Mar 12 10:01:32 DIBTVTest1A1 kernel: [    0.000000] NR_IRQS:608
Mar 12 10:01:32 DIBTVTest1A1 kernel: [    0.000000] Architected cp15 timer(s) running at 19.20MHz (phys).
Mar 12 10:01:32 DIBTVTest1A1 kernel: [    0.000000] clocksource arch_sys_counter: mask: 0xffffffffffffff max_cycles: 0x46d987e47, max_idle_ns: 440795202767 ns
Mar 12 10:01:32 DIBTVTest1A1 systemd-udevd[198]: failed to execute '/lib/udev/mtp-probe' 'mtp-probe /sys/devices/platform/soc/3f980000.usb/usb1/1-1/1-1.1 1 3': No such file or directory
Mar 12 10:01:32 DIBTVTest1A1 kernel: [    0.000008] sched_clock: 56 bits at 19MHz, resolution 52ns, wraps every 4398046511078ns
Mar 12 10:01:32 DIBTVTest1A1 kernel: [    0.000025] Switching to timer-based delay loop, resolution 52ns
Mar 12 10:01:32 DIBTVTest1A1 kernel: [    0.000241] Console: colour dummy device 80x30
Mar 12 10:01:32 DIBTVTest1A1 kernel: [    0.000441] console [tty1] enabled
Mar 12 10:01:32 DIBTVTest1A1 systemd[1]: Started Load/Save Random Seed.
Mar 12 10:01:32 DIBTVTest1A1 kernel: [    0.000474] Calibrating delay loop (skipped), value calculated using timer frequency.. 38.40 BogoMIPS (lpj=192000)
Mar 12 10:01:32 DIBTVTest1A1 kernel: [    0.000494] pid_max: default: 32768 minimum: 301
Mar 12 10:01:32 DIBTVTest1A1 kernel: [    0.000793] Mount-cache hash table entries: 2048 (order: 1, 8192 bytes)
Mar 12 10:01:32 DIBTVTest1A1 systemd[1]: Found device /dev/mmcblk0p1.
Mar 12 10:01:32 DIBTVTest1A1 kernel: [    0.000808] Mountpoint-cache hash table entries: 2048 (order: 1, 8192 bytes)
Mar 12 10:01:32 DIBTVTest1A1 kernel: [    0.001772] Initializing cgroup subsys blkio
Mar 12 10:01:32 DIBTVTest1A1 kernel: [    0.001798] Initializing cgroup subsys memory
Mar 12 10:01:32 DIBTVTest1A1 kernel: [    0.001822] Initializing cgroup subsys devices
Mar 12 10:01:32 DIBTVTest1A1 systemd[1]: Starting File System Check on /dev/mmcblk0p1...
Mar 12 10:01:32 DIBTVTest1A1 kernel: [    0.001843] Initializing cgroup subsys freezer
Mar 12 10:01:32 DIBTVTest1A1 kernel: [    0.001869] Initializing cgroup subsys net_cls
Mar 12 10:01:32 DIBTVTest1A1 systemd-fsck[213]: fsck.fat 3.0.27 (2014-11-12)
Mar 12 10:01:32 DIBTVTest1A1 kernel: [    0.001917] CPU: Testing write buffer coherency: ok
Mar 12 10:01:32 DIBTVTest1A1 kernel: [    0.001984] ftrace: allocating 20313 entries in 60 pages
Mar 12 10:01:32 DIBTVTest1A1 kernel: [    0.047300] CPU0: update cpu_capacity 1024
Mar 12 10:01:32 DIBTVTest1A1 kernel: [    0.047332] CPU0: thread -1, cpu 0, socket 0, mpidr 80000000
Mar 12 10:01:32 DIBTVTest1A1 systemd-fsck[213]: /dev/mmcblk0p1: 90 files, 2555/7673 clusters
Mar 12 10:01:32 DIBTVTest1A1 kernel: [    0.047345] [bcm2709_smp_prepare_cpus] enter
Mar 12 10:01:32 DIBTVTest1A1 kernel: [    0.047478] Setting up static identity map for 0x8240 - 0x8274
Mar 12 10:01:32 DIBTVTest1A1 kernel: [    0.049211] [bcm2709_boot_secondary] cpu:1 started (0) 17
Mar 12 10:01:32 DIBTVTest1A1 systemd[1]: Started File System Check on /dev/mmcblk0p1.
Mar 12 10:01:32 DIBTVTest1A1 kernel: [    0.049436] [bcm2709_secondary_init] enter cpu:1
Mar 12 10:01:32 DIBTVTest1A1 kernel: [    0.049477] CPU1: update cpu_capacity 1024
Mar 12 10:01:32 DIBTVTest1A1 kernel: [    0.049483] CPU1: thread -1, cpu 1, socket 0, mpidr 80000001
Mar 12 10:01:32 DIBTVTest1A1 systemd[1]: Mounting /boot...
Mar 12 10:01:32 DIBTVTest1A1 kernel: [    0.049871] [bcm2709_boot_secondary] cpu:2 started (0) 17
Mar 12 10:01:32 DIBTVTest1A1 kernel: [    0.050036] [bcm2709_secondary_init] enter cpu:2
Mar 12 10:01:32 DIBTVTest1A1 systemd-udevd[221]: failed to execute '/lib/udev/mtp-probe' 'mtp-probe /sys/devices/platform/soc/3f980000.usb/usb1/1-1/1-1.4 1 4': No such file or directory
Mar 12 10:01:32 DIBTVTest1A1 kernel: [    0.050058] CPU2: update cpu_capacity 1024
Mar 12 10:01:32 DIBTVTest1A1 kernel: [    0.050064] CPU2: thread -1, cpu 2, socket 0, mpidr 80000002
Mar 12 10:01:32 DIBTVTest1A1 systemd[1]: Mounted /boot.
Mar 12 10:01:32 DIBTVTest1A1 systemd[1]: Starting Local File Systems.
Mar 12 10:01:32 DIBTVTest1A1 systemd[1]: Reached target Local File Systems.
Mar 12 10:01:32 DIBTVTest1A1 kernel: [    0.050425] [bcm2709_boot_secondary] cpu:3 started (0) 17
Mar 12 10:01:32 DIBTVTest1A1 kernel: [    0.050555] [bcm2709_secondary_init] enter cpu:3
Mar 12 10:01:32 DIBTVTest1A1 kernel: [    0.050576] CPU3: update cpu_capacity 1024
Mar 12 10:01:32 DIBTVTest1A1 systemd[1]: Starting Create Volatile Files and Directories...
Mar 12 10:01:32 DIBTVTest1A1 kernel: [    0.050582] CPU3: thread -1, cpu 3, socket 0, mpidr 80000003
Mar 12 10:01:32 DIBTVTest1A1 kernel: [    0.050646] Brought up 4 CPUs
Mar 12 10:01:32 DIBTVTest1A1 kernel: [    0.050669] SMP: Total of 4 processors activated (153.60 BogoMIPS).
Mar 12 10:01:32 DIBTVTest1A1 kernel: [    0.050678] CPU: All CPU(s) started in HYP mode.
Mar 12 10:01:32 DIBTVTest1A1 kernel: [    0.050685] CPU: Virtualization extensions available.
Mar 12 10:01:32 DIBTVTest1A1 kernel: [    0.051366] devtmpfs: initialized
Mar 12 10:01:32 DIBTVTest1A1 kernel: [    0.070130] VFP support v0.3: implementor 41 architecture 3 part 40 variant 3 rev 4
Mar 12 10:01:32 DIBTVTest1A1 kernel: [    0.070371] clocksource jiffies: mask: 0xffffffff max_cycles: 0xffffffff, max_idle_ns: 19112604462750000 ns
Mar 12 10:01:32 DIBTVTest1A1 kernel: [    0.071192] pinctrl core: initialized pinctrl subsystem
Mar 12 10:01:32 DIBTVTest1A1 kernel: [    0.071720] NET: Registered protocol family 16
Mar 12 10:01:32 DIBTVTest1A1 kernel: [    0.076832] DMA: preallocated 4096 KiB pool for atomic coherent allocations
Mar 12 10:01:32 DIBTVTest1A1 kernel: [    0.077825] bcm2709.uart_clock = 48000000
Mar 12 10:01:32 DIBTVTest1A1 systemd[1]: Starting Tell Plymouth To Write Out Runtime Data...
Mar 12 10:01:32 DIBTVTest1A1 kernel: [    0.081875] bcm2709: Mini UART enabled
Mar 12 10:01:32 DIBTVTest1A1 kernel: [    0.081924] hw-breakpoint: found 5 (+1 reserved) breakpoint and 4 watchpoint registers.
Mar 12 10:01:32 DIBTVTest1A1 systemd[1]: Starting LSB: Raise network interfaces....
Mar 12 10:01:32 DIBTVTest1A1 kernel: [    0.081934] hw-breakpoint: maximum watchpoint size is 8 bytes.
Mar 12 10:01:32 DIBTVTest1A1 kernel: [    0.082086] Serial: AMBA PL011 UART driver
Mar 12 10:01:32 DIBTVTest1A1 systemd[1]: Starting Remote File Systems.
Mar 12 10:01:32 DIBTVTest1A1 kernel: [    0.082130] uart-pl011 3f201000.uart: could not find pctldev for node /soc/gpio@7e200000/uart0_pins, deferring probe
Mar 12 10:01:32 DIBTVTest1A1 kernel: [    0.082287] bcm2835-mbox 3f00b880.mailbox: mailbox enabled
Mar 12 10:01:32 DIBTVTest1A1 kernel: [    0.147989] bcm2708-dmaengine 3f007000.dma: DMA legacy API manager at f3007000, dmachans=0xf35
Mar 12 10:01:32 DIBTVTest1A1 systemd[1]: Reached target Remote File Systems.
Mar 12 10:01:32 DIBTVTest1A1 kernel: [    0.148021] bcm2708-dmaengine 3f007000.dma: Initialized 7 DMA channels (+ 1 legacy)
Mar 12 10:01:32 DIBTVTest1A1 kernel: [    0.148577] bcm2708-dmaengine 3f007000.dma: Load BCM2835 DMA engine driver
Mar 12 10:01:32 DIBTVTest1A1 kernel: [    0.148591] bcm2708-dmaengine 3f007000.dma: dma_debug:0
Mar 12 10:01:32 DIBTVTest1A1 kernel: [    0.149142] SCSI subsystem initialized
Mar 12 10:01:32 DIBTVTest1A1 systemd[1]: Starting Trigger Flushing of Journal to Persistent Storage...
Mar 12 10:01:32 DIBTVTest1A1 kernel: [    0.149331] usbcore: registered new interface driver usbfs
Mar 12 10:01:32 DIBTVTest1A1 kernel: [    0.149423] usbcore: registered new interface driver hub
Mar 12 10:01:32 DIBTVTest1A1 systemd[1]: Starting LSB: Prepare console...
Mar 12 10:01:32 DIBTVTest1A1 kernel: [    0.149521] usbcore: registered new device driver usb
Mar 12 10:01:32 DIBTVTest1A1 kernel: [    0.150045] raspberrypi-firmware soc:firmware: Attached to firmware from 2016-03-15 14:47
Mar 12 10:01:32 DIBTVTest1A1 systemd[1]: Starting LSB: Switch to ondemand cpu governor (unless shift key is pressed)...
Mar 12 10:01:32 DIBTVTest1A1 kernel: [    0.177143] Switched to clocksource arch_sys_counter
Mar 12 10:01:32 DIBTVTest1A1 kernel: [    0.218572] FS-Cache: Loaded
Mar 12 10:01:32 DIBTVTest1A1 kernel: [    0.218837] CacheFiles: Loaded
Mar 12 10:01:32 DIBTVTest1A1 systemd[1]: Started Tell Plymouth To Write Out Runtime Data.
Mar 12 10:01:32 DIBTVTest1A1 kernel: [    0.228183] NET: Registered protocol family 2
Mar 12 10:01:32 DIBTVTest1A1 kernel: [    0.229131] TCP established hash table entries: 8192 (order: 3, 32768 bytes)
Mar 12 10:01:32 DIBTVTest1A1 kernel: [    0.229247] TCP bind hash table entries: 8192 (order: 4, 65536 bytes)
Mar 12 10:01:32 DIBTVTest1A1 systemd[1]: Started Create Volatile Files and Directories.
Mar 12 10:01:32 DIBTVTest1A1 kernel: [    0.229436] TCP: Hash tables configured (established 8192 bind 8192)
Mar 12 10:01:32 DIBTVTest1A1 kernel: [    0.229530] UDP hash table entries: 512 (order: 2, 16384 bytes)
Mar 12 10:01:32 DIBTVTest1A1 kernel: [    0.229578] UDP-Lite hash table entries: 512 (order: 2, 16384 bytes)
Mar 12 10:01:32 DIBTVTest1A1 systemd[1]: Started Trigger Flushing of Journal to Persistent Storage.
Mar 12 10:01:32 DIBTVTest1A1 kernel: [    0.229885] NET: Registered protocol family 1
Mar 12 10:01:32 DIBTVTest1A1 kernel: [    0.230184] RPC: Registered named UNIX socket transport module.
Mar 12 10:01:32 DIBTVTest1A1 kernel: [    0.230194] RPC: Registered udp transport module.
Mar 12 10:01:32 DIBTVTest1A1 kbd[231]: Setting console screen modes.
Mar 12 10:01:32 DIBTVTest1A1 kernel: [    0.230202] RPC: Registered tcp transport module.
Mar 12 10:01:32 DIBTVTest1A1 systemd[1]: Starting system-ifup.slice.
Mar 12 10:01:32 DIBTVTest1A1 kernel: [    0.230211] RPC: Registered tcp NFSv4.1 backchannel transport module.
Mar 12 10:01:32 DIBTVTest1A1 kernel: [    0.231175] hw perfevents: enabled with armv7_cortex_a7 PMU driver, 7 counters available
Mar 12 10:01:32 DIBTVTest1A1 systemd[1]: Created slice system-ifup.slice.
Mar 12 10:01:32 DIBTVTest1A1 systemd[1]: Starting system-systemd\x2drfkill.slice.
Mar 12 10:01:32 DIBTVTest1A1 systemd[1]: Created slice system-systemd\x2drfkill.slice.
Mar 12 10:01:32 DIBTVTest1A1 systemd[1]: Starting Load/Save RF Kill Switch Status of rfkill0...
Mar 12 10:01:32 DIBTVTest1A1 systemd[1]: Starting Update UTMP about System Boot/Shutdown...
Mar 12 10:01:32 DIBTVTest1A1 systemd[1]: Starting Sound Card.
Mar 12 10:01:32 DIBTVTest1A1 systemd[1]: Reached target Sound Card.
Mar 12 10:01:32 DIBTVTest1A1 systemd[1]: Started Load/Save RF Kill Switch Status of rfkill0.
Mar 12 10:01:32 DIBTVTest1A1 systemd[1]: Started Update UTMP about System Boot/Shutdown.
Mar 12 10:01:32 DIBTVTest1A1 kbd[231]: setterm: $TERM is not defined.
Mar 12 10:01:32 DIBTVTest1A1 systemd[1]: Started LSB: Prepare console.
Mar 12 10:01:32 DIBTVTest1A1 systemd[1]: Starting LSB: Set console font and keymap...
Mar 12 10:01:32 DIBTVTest1A1 networking[227]: Configuring network interfaces...done.
Mar 12 10:01:32 DIBTVTest1A1 systemd[1]: Started LSB: Raise network interfaces..
Mar 12 10:01:32 DIBTVTest1A1 systemd[1]: Starting ifup for wlan0...
Mar 12 10:01:32 DIBTVTest1A1 systemd[1]: Started ifup for wlan0.
Mar 12 10:01:32 DIBTVTest1A1 console-setup[300]: Setting up console font and keymap...done.
Mar 12 10:01:32 DIBTVTest1A1 systemd[1]: Started LSB: Set console font and keymap.
Mar 12 10:01:32 DIBTVTest1A1 wpa_supplicant[389]: Successfully initialized wpa_supplicant
Mar 12 10:01:32 DIBTVTest1A1 wpa_supplicant[391]: wlan0: CTRL-EVENT-REGDOM-CHANGE init=USER type=COUNTRY alpha2=US
Mar 12 10:01:32 DIBTVTest1A1 raspi-config[232]: Checking if shift key is held down: No. Switching to ondemand scaling governor.
Mar 12 10:01:32 DIBTVTest1A1 systemd[1]: Started LSB: Switch to ondemand cpu governor (unless shift key is pressed).
Mar 12 10:01:32 DIBTVTest1A1 kernel: [    0.232209] futex hash table entries: 1024 (order: 4, 65536 bytes)
Mar 12 10:01:32 DIBTVTest1A1 kernel: [    0.245567] VFS: Disk quotas dquot_6.6.0
Mar 12 10:01:32 DIBTVTest1A1 systemd[1]: Starting System Initialization.
Mar 12 10:01:32 DIBTVTest1A1 kernel: [    0.245878] VFS: Dquot-cache hash table entries: 1024 (order 0, 4096 bytes)
Mar 12 10:01:32 DIBTVTest1A1 kernel: [    0.247986] FS-Cache: Netfs 'nfs' registered for caching
Mar 12 10:01:32 DIBTVTest1A1 kernel: [    0.248884] NFS: Registering the id_resolver key type
Mar 12 10:01:32 DIBTVTest1A1 kernel: [    0.248927] Key type id_resolver registered
Mar 12 10:01:32 DIBTVTest1A1 systemd[1]: Reached target System Initialization.
Mar 12 10:01:32 DIBTVTest1A1 kernel: [    0.248937] Key type id_legacy registered
Mar 12 10:01:32 DIBTVTest1A1 kernel: [    0.250991] Block layer SCSI generic (bsg) driver version 0.4 loaded (major 252)
Mar 12 10:01:32 DIBTVTest1A1 systemd[1]: Starting Avahi mDNS/DNS-SD Stack Activation Socket.
Mar 12 10:01:32 DIBTVTest1A1 kernel: [    0.251114] io scheduler noop registered
Mar 12 10:01:32 DIBTVTest1A1 kernel: [    0.251134] io scheduler deadline registered (default)
Mar 12 10:01:32 DIBTVTest1A1 kernel: [    0.251402] io scheduler cfq registered
Mar 12 10:01:32 DIBTVTest1A1 kernel: [    0.253651] BCM2708FB: allocated DMA memory ee800000
Mar 12 10:01:32 DIBTVTest1A1 kernel: [    0.253675] BCM2708FB: allocated DMA channel 0 @ f3007000
Mar 12 10:01:32 DIBTVTest1A1 systemd[1]: Listening on Avahi mDNS/DNS-SD Stack Activation Socket.
Mar 12 10:01:32 DIBTVTest1A1 kernel: [    0.280159] Console: switching to colour frame buffer device 228x61
Mar 12 10:01:32 DIBTVTest1A1 kernel: [    0.296156] Serial: 8250/16550 driver, 1 ports, IRQ sharing disabled
Mar 12 10:01:32 DIBTVTest1A1 kernel: [    0.297670] console [ttyS0] disabled
Mar 12 10:01:32 DIBTVTest1A1 systemd[1]: Starting D-Bus System Message Bus Socket.
Mar 12 10:01:32 DIBTVTest1A1 kernel: [    0.297727] 3f215040.uart: ttyS0 at MMIO 0x3f215040 (irq = 29, base_baud = 50000000) is a 16550
Mar 12 10:01:32 DIBTVTest1A1 kernel: [    0.298267] console [ttyS0] enabled
Mar 12 10:01:32 DIBTVTest1A1 kernel: [    0.299183] vc-cma: Videocore CMA driver
Mar 12 10:01:32 DIBTVTest1A1 systemd[1]: Listening on D-Bus System Message Bus Socket.
Mar 12 10:01:32 DIBTVTest1A1 kernel: [    0.299194] vc-cma: vc_cma_base      = 0x00000000
Mar 12 10:01:32 DIBTVTest1A1 kernel: [    0.299203] vc-cma: vc_cma_size      = 0x00000000 (0 MiB)
Mar 12 10:01:32 DIBTVTest1A1 kernel: [    0.299212] vc-cma: vc_cma_initial   = 0x00000000 (0 MiB)
Mar 12 10:01:32 DIBTVTest1A1 kernel: [    0.299387] vc-mem: phys_addr:0x00000000 mem_base=0x3dc00000 mem_size:0x3f000000(1008 MiB)
Mar 12 10:01:32 DIBTVTest1A1 systemd[1]: Starting Sockets.
Mar 12 10:01:32 DIBTVTest1A1 kernel: [    0.310867] brd: module loaded
Mar 12 10:01:32 DIBTVTest1A1 kernel: [    0.317923] loop: module loaded
Mar 12 10:01:32 DIBTVTest1A1 systemd[1]: Reached target Sockets.
Mar 12 10:01:32 DIBTVTest1A1 kernel: [    0.318759] vchiq: vchiq_init_state: slot_zero = 0xae880000, is_master = 0
Mar 12 10:01:32 DIBTVTest1A1 kernel: [    0.320217] Loading iSCSI transport class v2.0-870.
Mar 12 10:01:32 DIBTVTest1A1 kernel: [    0.320859] usbcore: registered new interface driver smsc95xx
Mar 12 10:01:32 DIBTVTest1A1 kernel: [    0.320909] dwc_otg: version 3.00a 10-AUG-2012 (platform bus)
Mar 12 10:01:32 DIBTVTest1A1 systemd[1]: Starting Daily Cleanup of Temporary Directories.
Mar 12 10:01:32 DIBTVTest1A1 kernel: [    0.521189] Core Release: 2.80a
Mar 12 10:01:32 DIBTVTest1A1 kernel: [    0.521203] Setting default values for core params
Mar 12 10:01:32 DIBTVTest1A1 kernel: [    0.521238] Finished setting default values for core params
Mar 12 10:01:32 DIBTVTest1A1 systemd[1]: Started Daily Cleanup of Temporary Directories.
Mar 12 10:01:32 DIBTVTest1A1 kernel: [    0.721582] Using Buffer DMA mode
Mar 12 10:01:32 DIBTVTest1A1 systemd[1]: Starting Timers.
Mar 12 10:01:32 DIBTVTest1A1 kernel: [    0.721593] Periodic Transfer Interrupt Enhancement - disabled
Mar 12 10:01:32 DIBTVTest1A1 systemd[1]: Reached target Timers.
Mar 12 10:01:32 DIBTVTest1A1 kernel: [    0.721601] Multiprocessor Interrupt Enhancement - disabled
Mar 12 10:01:32 DIBTVTest1A1 kernel: [    0.721611] OTG VER PARAM: 0, OTG VER FLAG: 0
Mar 12 10:01:32 DIBTVTest1A1 kernel: [    0.721626] Dedicated Tx FIFOs mode
Mar 12 10:01:32 DIBTVTest1A1 systemd[1]: Started Manage Sound Card State (restore and store).
Mar 12 10:01:32 DIBTVTest1A1 kernel: [    0.721919] WARN::dwc_otg_hcd_init:1047: FIQ DMA bounce buffers: virt = 0xae814000 dma = 0xee814000 len=9024
Mar 12 10:01:32 DIBTVTest1A1 kernel: [    0.721949] FIQ FSM acceleration enabled for :
Mar 12 10:01:32 DIBTVTest1A1 kernel: [    0.721949] Non-periodic Split Transactions
Mar 12 10:01:32 DIBTVTest1A1 systemd[1]: Starting Basic System.
Mar 12 10:01:32 DIBTVTest1A1 kernel: [    0.721949] Periodic Split Transactions
Mar 12 10:01:32 DIBTVTest1A1 kernel: [    0.721949] High-Speed Isochronous Endpoints
Mar 12 10:01:32 DIBTVTest1A1 systemd[1]: Reached target Basic System.
Mar 12 10:01:32 DIBTVTest1A1 kernel: [    0.721969] dwc_otg: Microframe scheduler enabled
Mar 12 10:01:32 DIBTVTest1A1 systemd[1]: Starting Avahi mDNS/DNS-SD Stack...
Mar 12 10:01:32 DIBTVTest1A1 kernel: [    0.722014] WARN::hcd_init_fiq:412: FIQ on core 1 at 0x80417288
Mar 12 10:01:32 DIBTVTest1A1 kernel: [    0.722028] WARN::hcd_init_fiq:413: FIQ ASM at 0x804175f8 length 36
Mar 12 10:01:32 DIBTVTest1A1 kernel: [    0.722042] WARN::hcd_init_fiq:438: MPHI regs_base at 0xaf89c000
Mar 12 10:01:32 DIBTVTest1A1 systemd[1]: Starting System Logging Service...
Mar 12 10:01:32 DIBTVTest1A1 kernel: [    0.722077] dwc_otg 3f980000.usb: DWC OTG Controller
Mar 12 10:01:32 DIBTVTest1A1 kernel: [    0.722112] dwc_otg 3f980000.usb: new USB bus registered, assigned bus number 1
Mar 12 10:01:32 DIBTVTest1A1 systemd[1]: Starting dhcpcd on all interfaces...
Mar 12 10:01:32 DIBTVTest1A1 kernel: [    0.722145] dwc_otg 3f980000.usb: irq 32, io mem 0x00000000
Mar 12 10:01:32 DIBTVTest1A1 kernel: [    0.722197] Init: Port Power? op_state=1
Mar 12 10:01:32 DIBTVTest1A1 kernel: [    0.722205] Init: Power Port (0)
Mar 12 10:01:32 DIBTVTest1A1 kernel: [    0.722399] usb usb1: New USB device found, idVendor=1d6b, idProduct=0002
Mar 12 10:01:32 DIBTVTest1A1 systemd[1]: Starting Configure Bluetooth Modems connected by UART...
Mar 12 10:01:32 DIBTVTest1A1 kernel: [    0.722414] usb usb1: New USB device strings: Mfr=3, Product=2, SerialNumber=1
Mar 12 10:01:32 DIBTVTest1A1 kernel: [    0.722427] usb usb1: Product: DWC OTG Controller
Mar 12 10:01:32 DIBTVTest1A1 kernel: [    0.722439] usb usb1: Manufacturer: Linux 4.1.19-v7+ dwc_otg_hcd
Mar 12 10:01:32 DIBTVTest1A1 systemd[1]: Starting Regular background program processing daemon...
Mar 12 10:01:32 DIBTVTest1A1 kernel: [    0.722451] usb usb1: SerialNumber: 3f980000.usb
Mar 12 10:01:32 DIBTVTest1A1 kernel: [    0.723111] hub 1-0:1.0: USB hub found
Mar 12 10:01:32 DIBTVTest1A1 systemd[1]: Started Regular background program processing daemon.
Mar 12 10:01:32 DIBTVTest1A1 kernel: [    0.723156] hub 1-0:1.0: 1 port detected
Mar 12 10:01:32 DIBTVTest1A1 kernel: [    0.723527] dwc_otg: FIQ enabled
Mar 12 10:01:32 DIBTVTest1A1 kernel: [    0.723537] dwc_otg: NAK holdoff enabled
Mar 12 10:01:32 DIBTVTest1A1 systemd[1]: Started Turn on SSH if /boot/ssh is present.
Mar 12 10:01:32 DIBTVTest1A1 kernel: [    0.723545] dwc_otg: FIQ split-transaction FSM enabled
Mar 12 10:01:32 DIBTVTest1A1 kernel: [    0.723576] Module dwc_common_port init
Mar 12 10:01:32 DIBTVTest1A1 kernel: [    0.723840] usbcore: registered new interface driver usb-storage
Mar 12 10:01:32 DIBTVTest1A1 kernel: [    0.724022] mousedev: PS/2 mouse device common for all mice
Mar 12 10:01:32 DIBTVTest1A1 systemd[1]: Started getty on tty2-tty6 if dbus and logind are not available.
Mar 12 10:01:32 DIBTVTest1A1 kernel: [    0.724709] bcm2835-cpufreq: min=600000 max=1200000
Mar 12 10:01:32 DIBTVTest1A1 kernel: [    0.724983] sdhci: Secure Digital Host Controller Interface driver
Mar 12 10:01:32 DIBTVTest1A1 systemd[1]: Starting Login Service...
Mar 12 10:01:32 DIBTVTest1A1 kernel: [    0.724992] sdhci: Copyright(c) Pierre Ossman
Mar 12 10:01:32 DIBTVTest1A1 kernel: [    0.725275] sdhost: log_buf @ ae813000 (ee813000)
Mar 12 10:01:32 DIBTVTest1A1 kernel: [    0.797178] mmc0: sdhost-bcm2835 loaded - DMA enabled (>1)
Mar 12 10:01:32 DIBTVTest1A1 kernel: [    0.819581] mmc-bcm2835 3f300000.mmc: mmc_debug:0 mmc_debug2:0
Mar 12 10:01:32 DIBTVTest1A1 systemd[1]: Starting D-Bus System Message Bus...
Mar 12 10:01:32 DIBTVTest1A1 kernel: [    0.819596] mmc-bcm2835 3f300000.mmc: DMA channel allocated
Mar 12 10:01:32 DIBTVTest1A1 kernel: [    0.857249] sdhci-pltfm: SDHCI platform and OF driver helper
Mar 12 10:01:32 DIBTVTest1A1 systemd[1]: Started D-Bus System Message Bus.
Mar 12 10:01:32 DIBTVTest1A1 kernel: [    0.857600] ledtrig-cpu: registered to indicate activity on CPUs
Mar 12 10:01:32 DIBTVTest1A1 kernel: [    0.857730] hidraw: raw HID events driver (C) Jiri Kosina
Mar 12 10:01:32 DIBTVTest1A1 kernel: [    0.857925] usbcore: registered new interface driver usbhid
Mar 12 10:01:32 DIBTVTest1A1 cron[414]: (CRON) INFO (pidfile fd = 3)
Mar 12 10:01:32 DIBTVTest1A1 kernel: [    0.857933] usbhid: USB HID core driver
Mar 12 10:01:32 DIBTVTest1A1 kernel: [    0.858216] mmc0: host does not support reading read-only switch, assuming write-enable
Mar 12 10:01:32 DIBTVTest1A1 kernel: [    0.858354] Initializing XFRM netlink socket
Mar 12 10:01:32 DIBTVTest1A1 dhcpcd[412]: version 6.7.1 starting
Mar 12 10:01:32 DIBTVTest1A1 kernel: [    0.858386] NET: Registered protocol family 17
Mar 12 10:01:32 DIBTVTest1A1 kernel: [    0.858516] Key type dns_resolver registered
Mar 12 10:01:32 DIBTVTest1A1 kernel: [    0.858989] Registering SWP/SWPB emulation handler
Mar 12 10:01:32 DIBTVTest1A1 kernel: [    0.859608] registered taskstats version 1
Mar 12 10:01:32 DIBTVTest1A1 dhcpcd[412]: dev: loaded udev
Mar 12 10:01:32 DIBTVTest1A1 kernel: [    0.859811] vc-sm: Videocore shared memory driver
Mar 12 10:01:32 DIBTVTest1A1 kernel: [    0.859827] [vc_sm_connected_init]: start
Mar 12 10:01:32 DIBTVTest1A1 dhcpcd[412]: eth0: adding address fe80::67e7:8692:ea57:d86d
Mar 12 10:01:32 DIBTVTest1A1 kernel: [    0.861065] mmc0: new high speed SDHC card at address 59b4
Mar 12 10:01:32 DIBTVTest1A1 kernel: [    0.861225] [vc_sm_connected_init]: end - returning 0
Mar 12 10:01:32 DIBTVTest1A1 kernel: [    0.861488] mmcblk0: mmc0:59b4 SMTC  14.6 GiB 
Mar 12 10:01:32 DIBTVTest1A1 dhcpcd[412]: forked to background, child pid 437
Mar 12 10:01:32 DIBTVTest1A1 kernel: [    0.862623] 3f201000.uart: ttyAMA0 at MMIO 0x3f201000 (irq = 83, base_baud = 0) is a PL011 rev2
Mar 12 10:01:32 DIBTVTest1A1 kernel: [    0.863819]  mmcblk0: p1 p2
Mar 12 10:01:32 DIBTVTest1A1 kernel: [    0.881724] EXT4-fs (mmcblk0p2): mounted filesystem with ordered data mode. Opts: (null)
Mar 12 10:01:32 DIBTVTest1A1 avahi-daemon[410]: Found user 'avahi' (UID 105) and group 'avahi' (GID 110).
Mar 12 10:01:32 DIBTVTest1A1 kernel: [    0.881775] mmc1: queuing unknown CIS tuple 0x80 (2 bytes)
Mar 12 10:01:32 DIBTVTest1A1 avahi-daemon[410]: Successfully dropped root privileges.
Mar 12 10:01:32 DIBTVTest1A1 kernel: [    0.881782] VFS: Mounted root (ext4 filesystem) readonly on device 179:2.
Mar 12 10:01:32 DIBTVTest1A1 kernel: [    0.882561] devtmpfs: mounted
Mar 12 10:01:32 DIBTVTest1A1 kernel: [    0.883260] Freeing unused kernel memory: 444K (80795000 - 80804000)
Mar 12 10:01:32 DIBTVTest1A1 kernel: [    0.883346] mmc1: queuing unknown CIS tuple 0x80 (3 bytes)
Mar 12 10:01:32 DIBTVTest1A1 avahi-daemon[410]: avahi-daemon 0.6.31 starting up.
Mar 12 10:01:32 DIBTVTest1A1 kernel: [    0.884898] mmc1: queuing unknown CIS tuple 0x80 (3 bytes)
Mar 12 10:01:32 DIBTVTest1A1 kernel: [    0.887704] mmc1: queuing unknown CIS tuple 0x80 (7 bytes)
Mar 12 10:01:32 DIBTVTest1A1 kernel: [    0.917251] Indeed it is in host mode hprt0 = 00021501
Mar 12 10:01:32 DIBTVTest1A1 cron[414]: (CRON) INFO (Running @reboot jobs)
Mar 12 10:01:32 DIBTVTest1A1 kernel: [    0.981213] mmc1: new high speed SDIO card at address 0001
Mar 12 10:01:32 DIBTVTest1A1 kernel: [    1.097205] usb 1-1: new high-speed USB device number 2 using dwc_otg
Mar 12 10:01:32 DIBTVTest1A1 kernel: [    1.097369] Indeed it is in host mode hprt0 = 00001101
Mar 12 10:01:32 DIBTVTest1A1 kernel: [    1.272096] random: systemd urandom read with 39 bits of entropy available
Mar 12 10:01:32 DIBTVTest1A1 kernel: [    1.297514] usb 1-1: New USB device found, idVendor=0424, idProduct=9514
Mar 12 10:01:32 DIBTVTest1A1 kernel: [    1.297533] usb 1-1: New USB device strings: Mfr=0, Product=0, SerialNumber=0
Mar 12 10:01:32 DIBTVTest1A1 kernel: [    1.298246] hub 1-1:1.0: USB hub found
Mar 12 10:01:32 DIBTVTest1A1 kernel: [    1.298364] hub 1-1:1.0: 5 ports detected
Mar 12 10:01:32 DIBTVTest1A1 kernel: [    1.440410] NET: Registered protocol family 10
Mar 12 10:01:32 DIBTVTest1A1 kernel: [    1.577212] usb 1-1.1: new high-speed USB device number 3 using dwc_otg
Mar 12 10:01:32 DIBTVTest1A1 kernel: [    1.677519] usb 1-1.1: New USB device found, idVendor=0424, idProduct=ec00
Mar 12 10:01:32 DIBTVTest1A1 kernel: [    1.677541] usb 1-1.1: New USB device strings: Mfr=0, Product=0, SerialNumber=0
Mar 12 10:01:32 DIBTVTest1A1 kernel: [    1.680247] smsc95xx v1.0.4
Mar 12 10:01:32 DIBTVTest1A1 kernel: [    1.740629] smsc95xx 1-1.1:1.0 eth0: register 'smsc95xx' at usb-3f980000.usb-1.1, smsc95xx USB 2.0 Ethernet, b8:27:eb:af:33:65
Mar 12 10:01:32 DIBTVTest1A1 kernel: [    2.056635] fuse init (API version 7.23)
Mar 12 10:01:32 DIBTVTest1A1 kernel: [    2.165598] i2c /dev entries driver
Mar 12 10:01:32 DIBTVTest1A1 kernel: [    2.247686] usb 1-1.4: new full-speed USB device number 4 using dwc_otg
Mar 12 10:01:32 DIBTVTest1A1 kernel: [    2.358562] usb 1-1.4: New USB device found, idVendor=1997, idProduct=2433
Mar 12 10:01:32 DIBTVTest1A1 kernel: [    2.358586] usb 1-1.4: New USB device strings: Mfr=1, Product=2, SerialNumber=0
Mar 12 10:01:32 DIBTVTest1A1 kernel: [    2.358599] usb 1-1.4: Product: mini keyboard
Mar 12 10:01:32 DIBTVTest1A1 kernel: [    2.358611] usb 1-1.4: Manufacturer:  
Mar 12 10:01:32 DIBTVTest1A1 kernel: [    2.369333] input:   mini keyboard as /devices/platform/soc/3f980000.usb/usb1/1-1/1-1.4/1-1.4:1.0/0003:1997:2433.0001/input/input0
Mar 12 10:01:32 DIBTVTest1A1 kernel: [    2.427527] hid-generic 0003:1997:2433.0001: input,hidraw0: USB HID v1.01 Keyboard [  mini keyboard] on usb-3f980000.usb-1.4/input0
Mar 12 10:01:32 DIBTVTest1A1 kernel: [    2.437129] input:   mini keyboard as /devices/platform/soc/3f980000.usb/usb1/1-1/1-1.4/1-1.4:1.1/0003:1997:2433.0002/input/input1
Mar 12 10:01:32 DIBTVTest1A1 kernel: [    2.497757] hid-generic 0003:1997:2433.0002: input,hidraw1: USB HID v1.01 Mouse [  mini keyboard] on usb-3f980000.usb-1.4/input1
Mar 12 10:01:32 DIBTVTest1A1 kernel: [    2.920447] gpiomem-bcm2835 3f200000.gpiomem: Initialised: Registers at 0x3f200000
Mar 12 10:01:32 DIBTVTest1A1 kernel: [    3.124334] EXT4-fs (mmcblk0p2): re-mounted. Opts: (null)
Mar 12 10:01:32 DIBTVTest1A1 kernel: [    3.302704] cfg80211: Calling CRDA to update world regulatory domain
Mar 12 10:01:32 DIBTVTest1A1 kernel: [    3.389733] brcmfmac: brcmf_sdio_drivestrengthinit: No SDIO Drive strength init done for chip 43430 rev 1 pmurev 24
Mar 12 10:01:32 DIBTVTest1A1 kernel: [    3.393694] usbcore: registered new interface driver brcmfmac
Mar 12 10:01:32 DIBTVTest1A1 kernel: [    3.566375] brcmfmac: brcmf_c_preinit_dcmds: Firmware version = wl0: Aug  7 2017 00:46:29 version 7.45.41.46 (r666254 CY) FWID 01-f8a78378
Mar 12 10:01:32 DIBTVTest1A1 kernel: [    3.594611] brcmfmac: brcmf_cfg80211_reg_notifier: not a ISO3166 code
Mar 12 10:01:32 DIBTVTest1A1 kernel: [    3.839421] bcm2835-rng 3f104000.rng: hwrng registered
Mar 12 10:01:32 DIBTVTest1A1 kernel: [    4.114878] brcmfmac: brcmf_cfg80211_reg_notifier: not a ISO3166 code
Mar 12 10:01:32 DIBTVTest1A1 kernel: [    4.114905] cfg80211: World regulatory domain updated:
Mar 12 10:01:32 DIBTVTest1A1 kernel: [    4.114914] cfg80211:  DFS Master region: unset
Mar 12 10:01:32 DIBTVTest1A1 kernel: [    4.114924] cfg80211:   (start_freq - end_freq @ bandwidth), (max_antenna_gain, max_eirp), (dfs_cac_time)
Mar 12 10:01:32 DIBTVTest1A1 kernel: [    4.114938] cfg80211:   (2402000 KHz - 2472000 KHz @ 40000 KHz), (N/A, 2000 mBm), (N/A)
Mar 12 10:01:32 DIBTVTest1A1 kernel: [    4.114953] cfg80211:   (2457000 KHz - 2482000 KHz @ 20000 KHz, 92000 KHz AUTO), (N/A, 2000 mBm), (N/A)
Mar 12 10:01:32 DIBTVTest1A1 kernel: [    4.114966] cfg80211:   (2474000 KHz - 2494000 KHz @ 20000 KHz), (N/A, 2000 mBm), (N/A)
Mar 12 10:01:32 DIBTVTest1A1 kernel: [    4.114981] cfg80211:   (5170000 KHz - 5250000 KHz @ 80000 KHz, 160000 KHz AUTO), (N/A, 2000 mBm), (N/A)
Mar 12 10:01:32 DIBTVTest1A1 kernel: [    4.114995] cfg80211:   (5250000 KHz - 5330000 KHz @ 80000 KHz, 160000 KHz AUTO), (N/A, 2000 mBm), (0 s)
Mar 12 10:01:32 DIBTVTest1A1 kernel: [    4.115008] cfg80211:   (5490000 KHz - 5730000 KHz @ 160000 KHz), (N/A, 2000 mBm), (0 s)
Mar 12 10:01:32 DIBTVTest1A1 kernel: [    4.115020] cfg80211:   (5735000 KHz - 5835000 KHz @ 80000 KHz), (N/A, 2000 mBm), (N/A)
Mar 12 10:01:32 DIBTVTest1A1 kernel: [    4.115032] cfg80211:   (57240000 KHz - 63720000 KHz @ 2160000 KHz), (N/A, 0 mBm), (N/A)
Mar 12 10:01:32 DIBTVTest1A1 kernel: [    4.463817] brcmfmac: brcmf_add_if: ERROR: netdev:wlan0 already exists
Mar 12 10:01:32 DIBTVTest1A1 kernel: [    4.463836] brcmfmac: brcmf_add_if: ignore IF event
Mar 12 10:01:32 DIBTVTest1A1 kernel: [    4.469363] brcmfmac: power management disabled
Mar 12 10:01:32 DIBTVTest1A1 kernel: [    4.469758] random: nonblocking pool is initialized
Mar 12 10:01:32 DIBTVTest1A1 kernel: [    4.877238] cfg80211: Calling CRDA for country: US
Mar 12 10:01:32 DIBTVTest1A1 kernel: [    4.897423] cfg80211: Regulatory domain changed to country: US
Mar 12 10:01:32 DIBTVTest1A1 kernel: [    4.897445] cfg80211:  DFS Master region: FCC
Mar 12 10:01:32 DIBTVTest1A1 kernel: [    4.897455] cfg80211:   (start_freq - end_freq @ bandwidth), (max_antenna_gain, max_eirp), (dfs_cac_time)
Mar 12 10:01:32 DIBTVTest1A1 kernel: [    4.897470] cfg80211:   (2402000 KHz - 2472000 KHz @ 40000 KHz), (N/A, 3000 mBm), (N/A)
Mar 12 10:01:32 DIBTVTest1A1 kernel: [    4.897484] cfg80211:   (5170000 KHz - 5250000 KHz @ 80000 KHz, 160000 KHz AUTO), (N/A, 2300 mBm), (N/A)
Mar 12 10:01:32 DIBTVTest1A1 kernel: [    4.897499] cfg80211:   (5250000 KHz - 5330000 KHz @ 80000 KHz, 160000 KHz AUTO), (N/A, 2300 mBm), (0 s)
Mar 12 10:01:32 DIBTVTest1A1 kernel: [    4.897512] cfg80211:   (5490000 KHz - 5730000 KHz @ 160000 KHz), (N/A, 2300 mBm), (0 s)
Mar 12 10:01:32 DIBTVTest1A1 kernel: [    4.897524] cfg80211:   (5735000 KHz - 5835000 KHz @ 80000 KHz), (N/A, 3000 mBm), (N/A)
Mar 12 10:01:32 DIBTVTest1A1 kernel: [    4.897536] cfg80211:   (57240000 KHz - 63720000 KHz @ 2160000 KHz), (N/A, 4000 mBm), (N/A)
Mar 12 10:01:32 DIBTVTest1A1 kernel: [    5.143984] uart-pl011 3f201000.uart: no DMA platform data
Mar 12 10:01:32 DIBTVTest1A1 avahi-daemon[410]: Successfully called chroot().
Mar 12 10:01:32 DIBTVTest1A1 avahi-daemon[410]: Successfully dropped remaining capabilities.
Mar 12 10:01:32 DIBTVTest1A1 dbus[418]: [system] Successfully activated service 'org.freedesktop.systemd1'
Mar 12 10:01:32 DIBTVTest1A1 systemd[1]: Started Avahi mDNS/DNS-SD Stack.
Mar 12 10:01:32 DIBTVTest1A1 systemd[1]: Starting LSB: triggerhappy hotkey daemon...
Mar 12 10:01:32 DIBTVTest1A1 systemd[1]: Starting (null)...
Mar 12 10:01:32 DIBTVTest1A1 avahi-daemon[410]: Loading service file /services/udisks.service.
Mar 12 10:01:32 DIBTVTest1A1 systemd[1]: Starting LSB: Autogenerate and use a swap file...
Mar 12 10:01:32 DIBTVTest1A1 listen-for-shutdown.sh[477]: Starting listen-for-shutdown.py
Mar 12 10:01:32 DIBTVTest1A1 avahi-daemon[410]: Joining mDNS multicast group on interface wlan0.IPv6 with address fe80::ba27:ebff:fefa:6630.
Mar 12 10:01:32 DIBTVTest1A1 avahi-daemon[410]: New relevant interface wlan0.IPv6 for mDNS.
Mar 12 10:01:32 DIBTVTest1A1 avahi-daemon[410]: Network interface enumeration completed.
Mar 12 10:01:32 DIBTVTest1A1 avahi-daemon[410]: Registering new address record for fe80::ba27:ebff:fefa:6630 on wlan0.*.
Mar 12 10:01:32 DIBTVTest1A1 avahi-daemon[410]: Registering HINFO record with values 'ARMV7L'/'LINUX'.
Mar 12 10:01:32 DIBTVTest1A1 systemd[1]: Starting (null)...
Mar 12 10:01:32 DIBTVTest1A1 systemd[1]: Started System Logging Service.
Mar 12 10:01:32 DIBTVTest1A1 systemd[1]: Started Restore Sound Card State.
Mar 12 10:01:32 DIBTVTest1A1 systemd[1]: Started dhcpcd on all interfaces.
Mar 12 10:01:32 DIBTVTest1A1 systemd[1]: Started (null).
Mar 12 10:01:32 DIBTVTest1A1 wpa_supplicant[391]: wlan0: Trying to associate with SSID 'RiseNet'
Mar 12 10:01:32 DIBTVTest1A1 rngd[494]: rngd 2-unofficial-mt.14 starting up...
Mar 12 10:01:32 DIBTVTest1A1 rng-tools[482]: Starting Hardware RNG entropy gatherer daemon: rngd.
Mar 12 10:01:32 DIBTVTest1A1 systemd[1]: Started (null).
Mar 12 10:01:32 DIBTVTest1A1 dphys-swapfile[480]: Starting dphys-swapfile swapfile setup ...
Mar 12 10:01:32 DIBTVTest1A1 systemd[1]: Starting Network.
Mar 12 10:01:32 DIBTVTest1A1 systemd[1]: Reached target Network.
Mar 12 10:01:32 DIBTVTest1A1 systemd[1]: Starting vsftpd FTP server...
Mar 12 10:01:32 DIBTVTest1A1 systemd[1]: Starting OpenBSD Secure Shell server...
Mar 12 10:01:32 DIBTVTest1A1 rngd[494]: entropy feed to the kernel ready
Mar 12 10:01:32 DIBTVTest1A1 systemd[1]: Starting /etc/rc.local Compatibility...
Mar 12 10:01:32 DIBTVTest1A1 systemd[1]: Starting Permit User Sessions...
Mar 12 10:01:32 DIBTVTest1A1 systemd[1]: Starting Network is Online.
Mar 12 10:01:32 DIBTVTest1A1 systemd[1]: Reached target Network is Online.
Mar 12 10:01:32 DIBTVTest1A1 systemd[1]: Starting LSB: Start NTP daemon...
Mar 12 10:01:32 DIBTVTest1A1 systemd[1]: Starting LSB: Apache2 web server...
Mar 12 10:01:32 DIBTVTest1A1 systemd[1]: Started LSB: triggerhappy hotkey daemon.
Mar 12 10:01:32 DIBTVTest1A1 systemd[1]: Started vsftpd FTP server.
Mar 12 10:01:32 DIBTVTest1A1 systemd[1]: Started Permit User Sessions.
Mar 12 10:01:32 DIBTVTest1A1 systemd[1]: Started Login Service.
Mar 12 10:01:32 DIBTVTest1A1 systemd[1]: Starting Light Display Manager...
Mar 12 10:01:32 DIBTVTest1A1 dphys-swapfile[480]: want /var/swap=100MByte, checking existing: keeping it
Mar 12 10:01:32 DIBTVTest1A1 ntpd[559]: ntpd 4.2.6p5@1.2349-o Mon Jul 25 22:35:28 UTC 2016 (1)
Mar 12 10:01:32 DIBTVTest1A1 ntpd[599]: proto: precision = 0.521 usec
Mar 12 10:01:32 DIBTVTest1A1 ntp[522]: Starting NTP server: ntpd.
Mar 12 10:01:32 DIBTVTest1A1 systemd[1]: Started LSB: Start NTP daemon.
Mar 12 10:01:32 DIBTVTest1A1 ntpd[599]: Listen and drop on 0 v4wildcard 0.0.0.0 UDP 123
Mar 12 10:01:32 DIBTVTest1A1 ntpd[599]: Listen and drop on 1 v6wildcard :: UDP 123
Mar 12 10:01:32 DIBTVTest1A1 ntpd[599]: Listen normally on 2 lo 127.0.0.1 UDP 123
Mar 12 10:01:32 DIBTVTest1A1 ntpd[599]: Listen normally on 3 lo ::1 UDP 123
Mar 12 10:01:32 DIBTVTest1A1 ntpd[599]: Listen normally on 4 wlan0 fe80::ba27:ebff:fefa:6630 UDP 123
Mar 12 10:01:32 DIBTVTest1A1 ntpd[599]: peers refreshed
Mar 12 10:01:32 DIBTVTest1A1 ntpd[599]: Listening on routing socket on fd #21 for interface updates
Mar 12 10:01:32 DIBTVTest1A1 dphys-swapfile[480]: done.
Mar 12 10:01:32 DIBTVTest1A1 systemd[1]: Started LSB: Autogenerate and use a swap file.
Mar 12 10:01:32 DIBTVTest1A1 kernel: [    5.798435] Adding 102396k swap on /var/swap.  Priority:-1 extents:3 across:1773568k SSFS
Mar 12 10:01:32 DIBTVTest1A1 avahi-daemon[410]: Joining mDNS multicast group on interface eth0.IPv6 with address fe80::67e7:8692:ea57:d86d.
Mar 12 10:01:32 DIBTVTest1A1 avahi-daemon[410]: New relevant interface eth0.IPv6 for mDNS.
Mar 12 10:01:32 DIBTVTest1A1 avahi-daemon[410]: Registering new address record for fe80::67e7:8692:ea57:d86d on eth0.*.
Mar 12 10:01:32 DIBTVTest1A1 dhcpcd[437]: eth0: waiting for carrier
Mar 12 10:01:32 DIBTVTest1A1 dhcpcd[437]: wlan0: waiting for carrier
Mar 12 10:01:32 DIBTVTest1A1 kernel: [    5.908498] smsc95xx 1-1.1:1.0 eth0: hardware isn't capable of remote wakeup
Mar 12 10:01:32 DIBTVTest1A1 kernel: [    5.908869] IPv6: ADDRCONF(NETDEV_UP): eth0: link is not ready
Mar 12 10:01:32 DIBTVTest1A1 ntpd[599]: Deferring DNS for 0.debian.pool.ntp.org 1
Mar 12 10:01:32 DIBTVTest1A1 ntpd[599]: Deferring DNS for 1.debian.pool.ntp.org 1
Mar 12 10:01:32 DIBTVTest1A1 ntpd[599]: Deferring DNS for 2.debian.pool.ntp.org 1
Mar 12 10:01:32 DIBTVTest1A1 ntpd[599]: Deferring DNS for 3.debian.pool.ntp.org 1
Mar 12 10:01:32 DIBTVTest1A1 ntpd[649]: signal_no_reset: signal 17 had flags 4000000
Mar 12 10:01:32 DIBTVTest1A1 wpa_supplicant[391]: wlan0: Associated with 04:42:1a:40:fb:00
Mar 12 10:01:32 DIBTVTest1A1 kernel: [    5.977239] cfg80211: Calling CRDA for country: US
Mar 12 10:01:32 DIBTVTest1A1 wpa_supplicant[391]: wlan0: WPA: Key negotiation completed with 04:42:1a:40:fb:00 [PTK=CCMP GTK=CCMP]
Mar 12 10:01:32 DIBTVTest1A1 wpa_supplicant[391]: wlan0: CTRL-EVENT-CONNECTED - Connection to 04:42:1a:40:fb:00 completed [id=0 id_str=]
Mar 12 10:01:32 DIBTVTest1A1 dhcpcd[437]: wlan0: carrier acquired
Mar 12 10:01:32 DIBTVTest1A1 wpa_supplicant[391]: wlan0: CTRL-EVENT-REGDOM-CHANGE init=COUNTRY_IE type=COUNTRY alpha2=US
Mar 12 10:01:32 DIBTVTest1A1 kernel: [    5.990755] cfg80211: Regulatory domain changed to country: US
Mar 12 10:01:32 DIBTVTest1A1 kernel: [    5.990771] cfg80211:  DFS Master region: FCC
Mar 12 10:01:32 DIBTVTest1A1 kernel: [    5.990776] cfg80211:   (start_freq - end_freq @ bandwidth), (max_antenna_gain, max_eirp), (dfs_cac_time)
Mar 12 10:01:32 DIBTVTest1A1 kernel: [    5.990784] cfg80211:   (2402000 KHz - 2472000 KHz @ 40000 KHz), (N/A, 3000 mBm), (N/A)
Mar 12 10:01:32 DIBTVTest1A1 kernel: [    5.990792] cfg80211:   (5170000 KHz - 5250000 KHz @ 80000 KHz, 160000 KHz AUTO), (N/A, 2300 mBm), (N/A)
Mar 12 10:01:32 DIBTVTest1A1 kernel: [    5.990800] cfg80211:   (5250000 KHz - 5330000 KHz @ 80000 KHz, 160000 KHz AUTO), (N/A, 2300 mBm), (0 s)
Mar 12 10:01:32 DIBTVTest1A1 kernel: [    5.990806] cfg80211:   (5490000 KHz - 5730000 KHz @ 160000 KHz), (N/A, 2300 mBm), (0 s)
Mar 12 10:01:32 DIBTVTest1A1 kernel: [    5.990812] cfg80211:   (5735000 KHz - 5835000 KHz @ 80000 KHz), (N/A, 3000 mBm), (N/A)
Mar 12 10:01:32 DIBTVTest1A1 kernel: [    5.990819] cfg80211:   (57240000 KHz - 63720000 KHz @ 2160000 KHz), (N/A, 4000 mBm), (N/A)
Mar 12 10:01:32 DIBTVTest1A1 dhcpcd[437]: DUID 00:01:00:01:1e:7e:80:3b:b8:27:eb:d1:a2:bb
Mar 12 10:01:32 DIBTVTest1A1 dhcpcd[437]: wlan0: IAID eb:fa:66:30
Mar 12 10:01:32 DIBTVTest1A1 systemd[1]: Started OpenBSD Secure Shell server.
Mar 12 10:01:33 DIBTVTest1A1 dhcpcd[437]: wlan0: rebinding lease of 10.1.10.85
Mar 12 10:01:33 DIBTVTest1A1 kernel: [    6.468825] gpiomem-bcm2835 3f200000.gpiomem: gpiomem device opened.
Mar 12 10:01:33 DIBTVTest1A1 lightdm[561]: ** (lightdm:561): WARNING **: Error getting user list from org.freedesktop.Accounts: GDBus.Error:org.freedesktop.DBus.Error.ServiceUnknown: The name org.freedesktop.Accounts was not provided by any .service files
Mar 12 10:01:33 DIBTVTest1A1 systemd[1]: Started Light Display Manager.
Mar 12 10:01:33 DIBTVTest1A1 avahi-daemon[410]: Server startup complete. Host name is DIBTVTest1A1.local. Local service cookie is 618886030.
Mar 12 10:01:33 DIBTVTest1A1 dhcpcd[437]: wlan0: soliciting an IPv6 router
Mar 12 10:01:33 DIBTVTest1A1 apache2[528]: Starting web server: apache2AH00557: apache2: apr_sockaddr_info_get() failed for DIBTVTest1A1
Mar 12 10:01:33 DIBTVTest1A1 apache2[528]: AH00558: apache2: Could not reliably determine the server's fully qualified domain name, using 127.0.0.1. Set the 'ServerName' directive globally to suppress this message
Mar 12 10:01:34 DIBTVTest1A1 dhcpcd[437]: eth0: carrier acquired
Mar 12 10:01:34 DIBTVTest1A1 kernel: [    7.503261] IPv6: ADDRCONF(NETDEV_CHANGE): eth0: link becomes ready
Mar 12 10:01:34 DIBTVTest1A1 kernel: [    7.504476] smsc95xx 1-1.1:1.0 eth0: link up, 100Mbps, full-duplex, lpa 0xCDE1
Mar 12 10:01:34 DIBTVTest1A1 dhcpcd[437]: eth0: IAID eb:af:33:65
Mar 12 10:01:34 DIBTVTest1A1 dhcpcd[437]: eth0: using static address 10.1.10.136/24
Mar 12 10:01:34 DIBTVTest1A1 dhcpcd[437]: eth0: adding route to 10.1.10.0/24
Mar 12 10:01:34 DIBTVTest1A1 dhcpcd[437]: eth0: adding default route via 10.1.10.1
Mar 12 10:01:34 DIBTVTest1A1 avahi-daemon[410]: Joining mDNS multicast group on interface eth0.IPv4 with address 10.1.10.136.
Mar 12 10:01:34 DIBTVTest1A1 avahi-daemon[410]: New relevant interface eth0.IPv4 for mDNS.
Mar 12 10:01:34 DIBTVTest1A1 avahi-daemon[410]: Registering new address record for 10.1.10.136 on eth0.IPv4.
Mar 12 10:01:34 DIBTVTest1A1 ntpd_intres[649]: DNS 0.debian.pool.ntp.org -> 69.164.213.136
Mar 12 10:01:34 DIBTVTest1A1 ntpd_intres[649]: DNS 1.debian.pool.ntp.org -> 4.7.252.53
Mar 12 10:01:34 DIBTVTest1A1 ntpd_intres[649]: DNS 2.debian.pool.ntp.org -> 208.113.130.146
Mar 12 10:01:34 DIBTVTest1A1 ntpd_intres[649]: DNS 3.debian.pool.ntp.org -> 75.72.171.171
Mar 12 10:01:34 DIBTVTest1A1 apache2[528]: .
Mar 12 10:01:34 DIBTVTest1A1 systemd[1]: Started LSB: Apache2 web server.
Mar 12 10:01:35 DIBTVTest1A1 dhcpcd[437]: eth0: soliciting an IPv6 router
Mar 12 10:01:35 DIBTVTest1A1 avahi-daemon[410]: Service "DIBTVTest1A1" (/services/udisks.service) successfully established.
Mar 12 10:01:35 DIBTVTest1A1 ntpd[599]: Listen normally on 5 eth0 10.1.10.136 UDP 123
Mar 12 10:01:35 DIBTVTest1A1 ntpd[599]: peers refreshed
Mar 12 10:01:36 DIBTVTest1A1 kernel: [    9.638706] Bluetooth: Core ver 2.20
Mar 12 10:01:36 DIBTVTest1A1 kernel: [    9.638761] NET: Registered protocol family 31
Mar 12 10:01:36 DIBTVTest1A1 kernel: [    9.638766] Bluetooth: HCI device and connection manager initialized
Mar 12 10:01:36 DIBTVTest1A1 kernel: [    9.638783] Bluetooth: HCI socket layer initialized
Mar 12 10:01:36 DIBTVTest1A1 kernel: [    9.638794] Bluetooth: L2CAP socket layer initialized
Mar 12 10:01:36 DIBTVTest1A1 kernel: [    9.638813] Bluetooth: SCO socket layer initialized
Mar 12 10:01:36 DIBTVTest1A1 kernel: [    9.663482] Bluetooth: HCI UART driver ver 2.3
Mar 12 10:01:36 DIBTVTest1A1 kernel: [    9.663502] Bluetooth: HCI UART protocol H4 registered
Mar 12 10:01:36 DIBTVTest1A1 kernel: [    9.663507] Bluetooth: HCI UART protocol Three-wire (H5) registered
Mar 12 10:01:36 DIBTVTest1A1 kernel: [    9.663511] Bluetooth: HCI UART protocol BCM registered
Mar 12 10:01:36 DIBTVTest1A1 btuart[413]: bcm43xx_init
Mar 12 10:01:36 DIBTVTest1A1 btuart[413]: Flash firmware /lib/firmware/BCM43430A1.hcd
Mar 12 10:01:36 DIBTVTest1A1 btuart[413]: Set BDADDR UART: b8:27:eb:05:99:cf
Mar 12 10:01:36 DIBTVTest1A1 btuart[413]: Set Controller UART speed to 921600 bit/s
Mar 12 10:01:36 DIBTVTest1A1 btuart[413]: Device setup complete
Mar 12 10:01:36 DIBTVTest1A1 systemd[1]: Started Configure Bluetooth Modems connected by UART.
Mar 12 10:01:36 DIBTVTest1A1 systemd[1]: Starting Load/Save RF Kill Switch Status of rfkill1...
Mar 12 10:01:36 DIBTVTest1A1 systemd[1]: Starting Bluetooth service...
Mar 12 10:01:36 DIBTVTest1A1 systemd[1]: Started Load/Save RF Kill Switch Status of rfkill1.
Mar 12 10:01:36 DIBTVTest1A1 bluetoothd[796]: Bluetooth daemon 5.23
Mar 12 10:01:36 DIBTVTest1A1 systemd[1]: Started Bluetooth service.
Mar 12 10:01:36 DIBTVTest1A1 systemd[1]: Starting Bluetooth.
Mar 12 10:01:36 DIBTVTest1A1 systemd[1]: Reached target Bluetooth.
Mar 12 10:01:36 DIBTVTest1A1 bluetoothd[796]: Starting SDP server
Mar 12 10:01:36 DIBTVTest1A1 kernel: [    9.834293] Bluetooth: BNEP (Ethernet Emulation) ver 1.3
Mar 12 10:01:36 DIBTVTest1A1 kernel: [    9.834306] Bluetooth: BNEP filters: protocol multicast
Mar 12 10:01:36 DIBTVTest1A1 kernel: [    9.834321] Bluetooth: BNEP socket layer initialized
Mar 12 10:01:36 DIBTVTest1A1 bluetoothd[796]: Bluetooth management interface 1.9 initialized
Mar 12 10:01:36 DIBTVTest1A1 dbus[418]: [system] Activating via systemd: service name='org.freedesktop.hostname1' unit='dbus-org.freedesktop.hostname1.service'
Mar 12 10:01:36 DIBTVTest1A1 systemd[1]: Starting Hostname Service...
Mar 12 10:01:36 DIBTVTest1A1 bluetoothd[796]: Sap driver initialization failed.
Mar 12 10:01:36 DIBTVTest1A1 bluetoothd[796]: sap-server: Operation not permitted (1)
Mar 12 10:01:36 DIBTVTest1A1 lightdm[561]: ** (process:800): WARNING **: Error getting user list from org.freedesktop.Accounts: GDBus.Error:org.freedesktop.DBus.Error.ServiceUnknown: The name org.freedesktop.Accounts was not provided by any .service files
Mar 12 10:01:36 DIBTVTest1A1 systemd-hostnamed[807]: Warning: nss-myhostname is not installed. Changing the local hostname might make it unresolveable. Please install nss-myhostname!
Mar 12 10:01:36 DIBTVTest1A1 dbus[418]: [system] Successfully activated service 'org.freedesktop.hostname1'
Mar 12 10:01:36 DIBTVTest1A1 systemd[1]: Started Hostname Service.
Mar 12 10:01:36 DIBTVTest1A1 systemd[1]: Starting user-1000.slice.
Mar 12 10:01:36 DIBTVTest1A1 systemd[1]: Created slice user-1000.slice.
Mar 12 10:01:36 DIBTVTest1A1 systemd[1]: Starting User Manager for UID 1000...
Mar 12 10:01:36 DIBTVTest1A1 systemd[1]: Starting Session c1 of user pi.
Mar 12 10:01:36 DIBTVTest1A1 systemd[1]: Started Session c1 of user pi.
Mar 12 10:01:36 DIBTVTest1A1 systemd[814]: Starting Paths.
Mar 12 10:01:36 DIBTVTest1A1 systemd[814]: Reached target Paths.
Mar 12 10:01:36 DIBTVTest1A1 systemd[814]: Starting Timers.
Mar 12 10:01:36 DIBTVTest1A1 systemd[814]: Reached target Timers.
Mar 12 10:01:36 DIBTVTest1A1 systemd[814]: Starting Sockets.
Mar 12 10:01:36 DIBTVTest1A1 systemd[814]: Reached target Sockets.
Mar 12 10:01:36 DIBTVTest1A1 systemd[814]: Starting Basic System.
Mar 12 10:01:36 DIBTVTest1A1 systemd[814]: Reached target Basic System.
Mar 12 10:01:36 DIBTVTest1A1 systemd[814]: Starting Default.
Mar 12 10:01:36 DIBTVTest1A1 systemd[814]: Reached target Default.
Mar 12 10:01:36 DIBTVTest1A1 systemd[814]: Startup finished in 26ms.
Mar 12 10:01:36 DIBTVTest1A1 systemd[1]: Started User Manager for UID 1000.
Mar 12 10:01:37 DIBTVTest1A1 ntpd[599]: Listen normally on 6 eth0 fe80::67e7:8692:ea57:d86d UDP 123
Mar 12 10:01:37 DIBTVTest1A1 ntpd[599]: peers refreshed
Mar 12 10:01:39 DIBTVTest1A1 dbus[418]: [system] Activating via systemd: service name='org.freedesktop.PolicyKit1' unit='polkitd.service'
Mar 12 10:01:39 DIBTVTest1A1 systemd[1]: Starting Authenticate and Authorize Users to Run Privileged Tasks...
Mar 12 10:01:39 DIBTVTest1A1 polkitd[885]: started daemon version 0.105 using authority implementation `local' version `0.105'
Mar 12 10:01:39 DIBTVTest1A1 dbus[418]: [system] Successfully activated service 'org.freedesktop.PolicyKit1'
Mar 12 10:01:39 DIBTVTest1A1 systemd[1]: Started Authenticate and Authorize Users to Run Privileged Tasks.
Mar 12 10:01:39 DIBTVTest1A1 rsyslogd-2007: action 'action 17' suspended, next retry is Wed Mar 12 10:02:09 2025 [try http://www.rsyslog.com/e/2007 ]
Mar 12 10:01:40 DIBTVTest1A1 dbus[418]: [system] Activating via systemd: service name='org.freedesktop.UDisks2' unit='udisks2.service'
Mar 12 10:01:40 DIBTVTest1A1 sntp[1029]: Started sntp
Mar 12 10:01:40 DIBTVTest1A1 systemd[1]: Starting Disk Manager...
Mar 12 10:01:46 DIBTVTest1A1 systemd[814]: Time has been changed
Mar 12 10:01:46 DIBTVTest1A1 systemd[1]: Time has been changed
Mar 12 10:01:46 DIBTVTest1A1 udisksd[1031]: udisks daemon version 2.1.3 starting
Mar 12 10:01:46 DIBTVTest1A1 systemd[1]: Time has been changed
Mar 12 10:01:46 DIBTVTest1A1 systemd[814]: Time has been changed
Mar 12 10:01:46 DIBTVTest1A1 systemd[814]: Time has been changed
Mar 12 10:01:46 DIBTVTest1A1 systemd[1]: Time has been changed
Mar 12 10:01:46 DIBTVTest1A1 systemd[1]: Time has been changed
Mar 12 10:01:46 DIBTVTest1A1 systemd[814]: Time has been changed
Mar 12 10:01:46 DIBTVTest1A1 dbus[418]: [system] Successfully activated service 'org.freedesktop.UDisks2'
Mar 12 10:01:46 DIBTVTest1A1 udisksd[1031]: Acquired the name org.freedesktop.UDisks2 on the system message bus
Mar 12 10:01:46 DIBTVTest1A1 systemd[1]: Started Disk Manager.
Mar 12 10:01:46 DIBTVTest1A1 org.gtk.Private.AfcVolumeMonitor[852]: Volume monitor alive
Mar 12 10:01:48 DIBTVTest1A1 dhcpcd[437]: wlan0: leased 10.1.10.85 for 86400 seconds
Mar 12 10:01:48 DIBTVTest1A1 dhcpcd[437]: wlan0: adding route to 10.1.10.0/24
Mar 12 10:01:48 DIBTVTest1A1 avahi-daemon[410]: Joining mDNS multicast group on interface wlan0.IPv4 with address 10.1.10.85.
Mar 12 10:01:48 DIBTVTest1A1 avahi-daemon[410]: New relevant interface wlan0.IPv4 for mDNS.
Mar 12 10:01:48 DIBTVTest1A1 dhcpcd[437]: wlan0: adding default route via 10.1.10.1
Mar 12 10:01:48 DIBTVTest1A1 avahi-daemon[410]: Registering new address record for 10.1.10.85 on wlan0.IPv4.
Mar 12 10:01:49 DIBTVTest1A1 ntpd[599]: Listen normally on 7 wlan0 10.1.10.85 UDP 123
Mar 12 10:01:49 DIBTVTest1A1 ntpd[599]: peers refreshed
Mar 12 10:01:51 DIBTVTest1A1 dhcpcd[437]: wlan0: no IPv6 Routers available
Mar 12 10:01:53 DIBTVTest1A1 dhcpcd[437]: eth0: no IPv6 Routers available
Mar 12 10:01:59 DIBTVTest1A1 systemd[1]: Started /etc/rc.local Compatibility.
Mar 12 10:01:59 DIBTVTest1A1 systemd[1]: Starting Wait for Plymouth Boot Screen to Quit...
Mar 12 10:01:59 DIBTVTest1A1 systemd[1]: Starting Terminate Plymouth Boot Screen...
Mar 12 10:01:59 DIBTVTest1A1 systemd[1]: Started Wait for Plymouth Boot Screen to Quit.
Mar 12 10:01:59 DIBTVTest1A1 systemd[1]: Starting Getty on tty1...
Mar 12 10:01:59 DIBTVTest1A1 systemd[1]: Started Getty on tty1.
Mar 12 10:01:59 DIBTVTest1A1 systemd[1]: Starting Serial Getty on ttyS0...
Mar 12 10:01:59 DIBTVTest1A1 systemd[1]: Started Serial Getty on ttyS0.
Mar 12 10:01:59 DIBTVTest1A1 systemd[1]: Starting Login Prompts.
Mar 12 10:01:59 DIBTVTest1A1 systemd[1]: Reached target Login Prompts.
Mar 12 10:01:59 DIBTVTest1A1 systemd[1]: Started Terminate Plymouth Boot Screen.
Mar 12 10:01:59 DIBTVTest1A1 systemd[1]: Starting Multi-User System.
Mar 12 10:01:59 DIBTVTest1A1 systemd[1]: Reached target Multi-User System.
Mar 12 10:01:59 DIBTVTest1A1 systemd[1]: Starting Graphical Interface.
Mar 12 10:01:59 DIBTVTest1A1 systemd[1]: Reached target Graphical Interface.
Mar 12 10:01:59 DIBTVTest1A1 systemd[1]: Starting Update UTMP about System Runlevel Changes...
Mar 12 10:01:59 DIBTVTest1A1 systemd[1]: Started Update UTMP about System Runlevel Changes.
Mar 12 10:01:59 DIBTVTest1A1 systemd[1]: Startup finished in 1.208s (kernel) + 25.100s (userspace) = 26.309s.
Mar 12 10:01:59 DIBTVTest1A1 systemd[1]: Starting Session c2 of user pi.
Mar 12 10:01:59 DIBTVTest1A1 systemd[1]: Started Session c2 of user pi.
Mar 12 10:09:01 DIBTVTest1A1 rsyslogd-2007: action 'action 17' suspended, next retry is Wed Mar 12 10:09:31 2025 [try http://www.rsyslog.com/e/2007 ]
Mar 12 10:09:01 DIBTVTest1A1 CRON[1402]: (root) CMD (  [ -x /usr/lib/php5/sessionclean ] && /usr/lib/php5/sessionclean)
Mar 12 10:09:37 DIBTVTest1A1 wpa_supplicant[391]: wlan0: WPA: Group rekeying completed with 04:42:1a:40:fb:00 [GTK=CCMP]
Mar 12 10:09:37 DIBTVTest1A1 rsyslogd-2007: action 'action 17' suspended, next retry is Wed Mar 12 10:10:07 2025 [try http://www.rsyslog.com/e/2007 ]
Mar 12 10:16:33 DIBTVTest1A1 systemd[1]: Starting Cleanup of Temporary Directories...
Mar 12 10:16:33 DIBTVTest1A1 rsyslogd-2007: action 'action 17' suspended, next retry is Wed Mar 12 10:17:03 2025 [try http://www.rsyslog.com/e/2007 ]
Mar 12 10:16:34 DIBTVTest1A1 systemd[1]: Started Cleanup of Temporary Directories.
Mar 12 10:17:01 DIBTVTest1A1 CRON[1487]: (root) CMD (   cd / && run-parts --report /etc/cron.hourly)
Mar 12 10:25:16 DIBTVTest1A1 rsyslogd-2007: action 'action 17' suspended, next retry is Wed Mar 12 10:25:46 2025 [try http://www.rsyslog.com/e/2007 ]
Mar 12 10:25:16 DIBTVTest1A1 systemd[1]: Starting Session c3 of user pi.
Mar 12 10:25:16 DIBTVTest1A1 systemd[1]: Started Session c3 of user pi.
Mar 12 10:25:42 DIBTVTest1A1 systemd[1]: Started Turns off Raspberry Pi display backlight on shutdown/reboot.
Mar 12 10:25:42 DIBTVTest1A1 systemd[1]: Started Synchronise Hardware Clock to System Clock.
Mar 12 10:25:42 DIBTVTest1A1 systemd[1]: Stopping Session c3 of user pi.
Mar 12 10:25:42 DIBTVTest1A1 systemd[1]: Stopping Session c2 of user pi.
Mar 12 10:25:42 DIBTVTest1A1 systemd[1]: Stopping Session c1 of user pi.
Mar 12 10:25:42 DIBTVTest1A1 systemd[1]: Stopping Bluetooth.
Mar 12 10:25:42 DIBTVTest1A1 systemd[1]: Stopped target Bluetooth.
Mar 12 10:25:42 DIBTVTest1A1 systemd[1]: Stopping system-ifup.slice.
Mar 12 10:25:42 DIBTVTest1A1 systemd[1]: Removed slice system-ifup.slice.
Mar 12 10:25:42 DIBTVTest1A1 systemd[1]: Stopping Sound Card.
Mar 12 10:25:42 DIBTVTest1A1 systemd[1]: Stopped target Sound Card.
Mar 12 10:25:42 DIBTVTest1A1 systemd[1]: Stopping system-systemd\x2dfsck.slice.
Mar 12 10:25:42 DIBTVTest1A1 systemd[1]: Removed slice system-systemd\x2dfsck.slice.
Mar 12 10:25:42 DIBTVTest1A1 systemd[1]: Stopping Disk Manager...
Mar 12 10:25:42 DIBTVTest1A1 systemd[1]: Stopping Authenticate and Authorize Users to Run Privileged Tasks...
Mar 12 10:25:42 DIBTVTest1A1 systemd[1]: Stopping User Manager for UID 1000...
Mar 12 10:25:42 DIBTVTest1A1 systemd[1]: Stopping Bluetooth service...
Mar 12 10:25:42 DIBTVTest1A1 systemd[1]: Stopping Graphical Interface.
Mar 12 10:25:42 DIBTVTest1A1 rsyslogd: [origin software="rsyslogd" swVersion="8.4.2" x-pid="411" x-info="http://www.rsyslog.com"] exiting on signal 15.
Mar 12 10:25:46 DIBTVTest1A1 rsyslogd: [origin software="rsyslogd" swVersion="8.4.2" x-pid="423" x-info="http://www.rsyslog.com"] start
Mar 12 10:25:46 DIBTVTest1A1 systemd-modules-load[75]: Inserted module 'fuse'
Mar 12 10:25:46 DIBTVTest1A1 systemd-modules-load[75]: Inserted module 'i2c_dev'
Mar 12 10:25:46 DIBTVTest1A1 systemd[1]: Mounted Configuration File System.
Mar 12 10:25:46 DIBTVTest1A1 systemd[1]: Started Create Static Device Nodes in /dev.
Mar 12 10:25:46 DIBTVTest1A1 systemd[1]: Mounted FUSE Control File System.
Mar 12 10:25:46 DIBTVTest1A1 systemd[1]: Started Apply Kernel Variables.
Mar 12 10:25:46 DIBTVTest1A1 systemd[1]: Started File System Check on Root Device.
Mar 12 10:25:46 DIBTVTest1A1 systemd[1]: Starting udev Kernel Device Manager...
Mar 12 10:25:46 DIBTVTest1A1 systemd[1]: Started udev Kernel Device Manager.
Mar 12 10:25:46 DIBTVTest1A1 systemd[1]: Starting Copy rules generated while the root was ro...
Mar 12 10:25:46 DIBTVTest1A1 systemd[1]: Starting LSB: Tune IDE hard disks...
Mar 12 10:25:46 DIBTVTest1A1 fake-hwclock[74]: Wed 12 Mar 15:25:43 UTC 2025
Mar 12 10:25:46 DIBTVTest1A1 systemd-fsck[82]: e2fsck 1.43.3 (04-Sep-2016)
Mar 12 10:25:46 DIBTVTest1A1 systemd-fsck[82]: /dev/mmcblk0p2: clean, 129881/937280 files, 920821/3800576 blocks
Mar 12 10:25:46 DIBTVTest1A1 systemd[1]: Started LSB: Tune IDE hard disks.
Mar 12 10:25:46 DIBTVTest1A1 hdparm[115]: Setting parameters of disc: (none).
Mar 12 10:25:46 DIBTVTest1A1 keyboard-setup[117]: Setting preliminary keymap...done.
Mar 12 10:25:46 DIBTVTest1A1 systemd[1]: Started LSB: Set preliminary keymap.
Mar 12 10:25:46 DIBTVTest1A1 kernel: [    0.000000] Booting Linux on physical CPU 0x0
Mar 12 10:25:46 DIBTVTest1A1 systemd[1]: Started Show Plymouth Boot Screen.
Mar 12 10:25:46 DIBTVTest1A1 kernel: [    0.000000] Initializing cgroup subsys cpuset
Mar 12 10:25:46 DIBTVTest1A1 kernel: [    0.000000] Initializing cgroup subsys cpu
Mar 12 10:25:46 DIBTVTest1A1 kernel: [    0.000000] Initializing cgroup subsys cpuacct
Mar 12 10:25:46 DIBTVTest1A1 systemd[1]: Starting Dispatch Password Requests to Console Directory Watch.
Mar 12 10:25:46 DIBTVTest1A1 kernel: [    0.000000] Linux version 4.1.19-v7+ (dc4@dc4-XPS13-9333) (gcc version 4.9.3 (crosstool-NG crosstool-ng-1.22.0-88-g8460611) ) #858 SMP Tue Mar 15 15:56:00 GMT 2016
Mar 12 10:25:46 DIBTVTest1A1 kernel: [    0.000000] CPU: ARMv7 Processor [410fd034] revision 4 (ARMv7), cr=10c5383d
Mar 12 10:25:46 DIBTVTest1A1 systemd[1]: Started Dispatch Password Requests to Console Directory Watch.
Mar 12 10:25:46 DIBTVTest1A1 kernel: [    0.000000] CPU: PIPT / VIPT nonaliasing data cache, VIPT aliasing instruction cache
Mar 12 10:25:46 DIBTVTest1A1 kernel: [    0.000000] Machine model: Raspberry Pi 3 Model B Rev 1.2
Mar 12 10:25:46 DIBTVTest1A1 kernel: [    0.000000] cma: Reserved 8 MiB at 0x2e400000
Mar 12 10:25:46 DIBTVTest1A1 kernel: [    0.000000] Memory policy: Data cache writealloc
Mar 12 10:25:46 DIBTVTest1A1 systemd[1]: Starting Paths.
Mar 12 10:25:46 DIBTVTest1A1 kernel: [    0.000000] On node 0 totalpages: 192512
Mar 12 10:25:46 DIBTVTest1A1 kernel: [    0.000000] free_area_init_node: node 0, pgdat 80880fc0, node_mem_map add64000
Mar 12 10:25:46 DIBTVTest1A1 kernel: [    0.000000]   Normal zone: 1692 pages used for memmap
Mar 12 10:25:46 DIBTVTest1A1 kernel: [    0.000000]   Normal zone: 0 pages reserved
Mar 12 10:25:46 DIBTVTest1A1 systemd[1]: Reached target Paths.
Mar 12 10:25:46 DIBTVTest1A1 kernel: [    0.000000]   Normal zone: 192512 pages, LIFO batch:31
Mar 12 10:25:46 DIBTVTest1A1 kernel: [    0.000000] [bcm2709_smp_init_cpus] enter (9420->f3003010)
Mar 12 10:25:46 DIBTVTest1A1 kernel: [    0.000000] [bcm2709_smp_init_cpus] ncores=4
Mar 12 10:25:46 DIBTVTest1A1 systemd[1]: Started Forward Password Requests to Plymouth Directory Watch.
Mar 12 10:25:46 DIBTVTest1A1 kernel: [    0.000000] PERCPU: Embedded 12 pages/cpu @aefb0000 s20416 r8192 d20544 u49152
Mar 12 10:25:46 DIBTVTest1A1 kernel: [    0.000000] pcpu-alloc: s20416 r8192 d20544 u49152 alloc=12*4096
Mar 12 10:25:46 DIBTVTest1A1 systemd[1]: Starting Remount Root and Kernel File Systems...
Mar 12 10:25:46 DIBTVTest1A1 kernel: [    0.000000] pcpu-alloc: [0] 0 [0] 1 [0] 2 [0] 3 
Mar 12 10:25:46 DIBTVTest1A1 kernel: [    0.000000] Built 1 zonelists in Zone order, mobility grouping on.  Total pages: 190820
Mar 12 10:25:46 DIBTVTest1A1 kernel: [    0.000000] Kernel command line: 8250.nr_uarts=1 dma.dmachans=0x7f35 bcm2708_fb.fbwidth=1824 bcm2708_fb.fbheight=984 bcm2709.boardrev=0xa02082 bcm2709.serial=0x50af3365 smsc95xx.macaddr=B8:27:EB:AF:33:65 bcm2708_fb.fbswap=1 bcm2709.uart_clock=48000000 vc_mem.mem_base=0x3dc00000 vc_mem.mem_size=0x3f000000  dwc_otg.lpm_enable=0 console=ttyS0,115200 console=tty1 root=/dev/mmcblk0p2 rootfstype=ext4 elevator=deadline fsck.repair=yes rootwait logo.nologo quiet
Mar 12 10:25:46 DIBTVTest1A1 kernel: [    0.000000] PID hash table entries: 4096 (order: 2, 16384 bytes)
Mar 12 10:25:46 DIBTVTest1A1 kernel: [    0.000000] Dentry cache hash table entries: 131072 (order: 7, 524288 bytes)
Mar 12 10:25:46 DIBTVTest1A1 kernel: [    0.000000] Inode-cache hash table entries: 65536 (order: 6, 262144 bytes)
Mar 12 10:25:46 DIBTVTest1A1 kernel: [    0.000000] Memory: 744496K/770048K available (6064K kernel code, 534K rwdata, 1664K rodata, 444K init, 757K bss, 17360K reserved, 8192K cma-reserved)
Mar 12 10:25:46 DIBTVTest1A1 kernel: [    0.000000] Virtual kernel memory layout:
Mar 12 10:25:46 DIBTVTest1A1 kernel: [    0.000000]     vector  : 0xffff0000 - 0xffff1000   (   4 kB)
Mar 12 10:25:46 DIBTVTest1A1 systemd[1]: Found device /dev/ttyS0.
Mar 12 10:25:46 DIBTVTest1A1 systemd[1]: Started Remount Root and Kernel File Systems.
Mar 12 10:25:46 DIBTVTest1A1 systemd[1]: Started Various fixups to make systemd work better on Debian.
Mar 12 10:25:46 DIBTVTest1A1 systemd[1]: Starting Load/Save Random Seed...
Mar 12 10:25:46 DIBTVTest1A1 systemd[1]: Starting Local File Systems (Pre).
Mar 12 10:25:46 DIBTVTest1A1 systemd[1]: Reached target Local File Systems (Pre).
Mar 12 10:25:46 DIBTVTest1A1 systemd-udevd[199]: failed to execute '/lib/udev/mtp-probe' 'mtp-probe /sys/devices/platform/soc/3f980000.usb/usb1/1-1/1-1.1 1 3': No such file or directory
Mar 12 10:25:46 DIBTVTest1A1 systemd[1]: Started Load/Save Random Seed.
Mar 12 10:25:46 DIBTVTest1A1 systemd[1]: Found device /dev/mmcblk0p1.
Mar 12 10:25:46 DIBTVTest1A1 systemd[1]: Starting File System Check on /dev/mmcblk0p1...
Mar 12 10:25:46 DIBTVTest1A1 systemd[1]: Starting Sound Card.
Mar 12 10:25:46 DIBTVTest1A1 systemd[1]: Reached target Sound Card.
Mar 12 10:25:46 DIBTVTest1A1 systemd-udevd[218]: failed to execute '/lib/udev/mtp-probe' 'mtp-probe /sys/devices/platform/soc/3f980000.usb/usb1/1-1/1-1.4 1 4': No such file or directory
Mar 12 10:25:46 DIBTVTest1A1 systemd-fsck[211]: fsck.fat 3.0.27 (2014-11-12)
Mar 12 10:25:46 DIBTVTest1A1 systemd-fsck[211]: /dev/mmcblk0p1: 90 files, 2555/7673 clusters
Mar 12 10:25:46 DIBTVTest1A1 kernel: [    0.000000]     fixmap  : 0xffc00000 - 0xfff00000   (3072 kB)
Mar 12 10:25:46 DIBTVTest1A1 systemd[1]: Started File System Check on /dev/mmcblk0p1.
Mar 12 10:25:46 DIBTVTest1A1 systemd[1]: Mounting /boot...
Mar 12 10:25:46 DIBTVTest1A1 systemd[1]: Mounted /boot.
Mar 12 10:25:46 DIBTVTest1A1 systemd[1]: Starting Local File Systems.
Mar 12 10:25:46 DIBTVTest1A1 systemd[1]: Reached target Local File Systems.
Mar 12 10:25:46 DIBTVTest1A1 systemd[1]: Starting Create Volatile Files and Directories...
Mar 12 10:25:46 DIBTVTest1A1 systemd[1]: Starting Tell Plymouth To Write Out Runtime Data...
Mar 12 10:25:46 DIBTVTest1A1 systemd[1]: Starting LSB: Raise network interfaces....
Mar 12 10:25:46 DIBTVTest1A1 systemd[1]: Starting Remote File Systems.
Mar 12 10:25:46 DIBTVTest1A1 systemd[1]: Reached target Remote File Systems.
Mar 12 10:25:46 DIBTVTest1A1 systemd[1]: Starting Trigger Flushing of Journal to Persistent Storage...
Mar 12 10:25:46 DIBTVTest1A1 systemd[1]: Starting LSB: Prepare console...
Mar 12 10:25:46 DIBTVTest1A1 systemd[1]: Starting LSB: Switch to ondemand cpu governor (unless shift key is pressed)...
Mar 12 10:25:46 DIBTVTest1A1 systemd[1]: Started Tell Plymouth To Write Out Runtime Data.
Mar 12 10:25:46 DIBTVTest1A1 systemd[1]: Starting system-systemd\x2drfkill.slice.
Mar 12 10:25:46 DIBTVTest1A1 systemd[1]: Created slice system-systemd\x2drfkill.slice.
Mar 12 10:25:46 DIBTVTest1A1 systemd[1]: Starting Load/Save RF Kill Switch Status of rfkill0...
Mar 12 10:25:46 DIBTVTest1A1 systemd[1]: Started Trigger Flushing of Journal to Persistent Storage.
Mar 12 10:25:46 DIBTVTest1A1 systemd[1]: Starting system-ifup.slice.
Mar 12 10:25:46 DIBTVTest1A1 systemd[1]: Created slice system-ifup.slice.
Mar 12 10:25:46 DIBTVTest1A1 systemd[1]: Started Create Volatile Files and Directories.
Mar 12 10:25:46 DIBTVTest1A1 kbd[239]: Setting console screen modes.
Mar 12 10:25:46 DIBTVTest1A1 systemd[1]: Started Load/Save RF Kill Switch Status of rfkill0.
Mar 12 10:25:46 DIBTVTest1A1 systemd[1]: Starting Update UTMP about System Boot/Shutdown...
Mar 12 10:25:46 DIBTVTest1A1 kbd[239]: setterm: $TERM is not defined.
Mar 12 10:25:46 DIBTVTest1A1 systemd[1]: Started LSB: Prepare console.
Mar 12 10:25:46 DIBTVTest1A1 kernel: [    0.000000]     vmalloc : 0xaf800000 - 0xff000000   (1272 MB)
Mar 12 10:25:46 DIBTVTest1A1 kernel: [    0.000000]     lowmem  : 0x80000000 - 0xaf000000   ( 752 MB)
Mar 12 10:25:46 DIBTVTest1A1 kernel: [    0.000000]     modules : 0x7f000000 - 0x80000000   (  16 MB)
Mar 12 10:25:46 DIBTVTest1A1 kernel: [    0.000000]       .text : 0x80008000 - 0x807945f0   (7730 kB)
Mar 12 10:25:46 DIBTVTest1A1 kernel: [    0.000000]       .init : 0x80795000 - 0x80804000   ( 444 kB)
Mar 12 10:25:46 DIBTVTest1A1 kernel: [    0.000000]       .data : 0x80804000 - 0x80889b10   ( 535 kB)
Mar 12 10:25:46 DIBTVTest1A1 kernel: [    0.000000]        .bss : 0x8088c000 - 0x809497dc   ( 758 kB)
Mar 12 10:25:46 DIBTVTest1A1 kernel: [    0.000000] SLUB: HWalign=64, Order=0-3, MinObjects=0, CPUs=4, Nodes=1
Mar 12 10:25:46 DIBTVTest1A1 kernel: [    0.000000] Hierarchical RCU implementation.
Mar 12 10:25:46 DIBTVTest1A1 kernel: [    0.000000] 	Additional per-CPU info printed with stalls.
Mar 12 10:25:46 DIBTVTest1A1 kernel: [    0.000000] NR_IRQS:608
Mar 12 10:25:46 DIBTVTest1A1 kernel: [    0.000000] Architected cp15 timer(s) running at 19.20MHz (phys).
Mar 12 10:25:46 DIBTVTest1A1 kernel: [    0.000000] clocksource arch_sys_counter: mask: 0xffffffffffffff max_cycles: 0x46d987e47, max_idle_ns: 440795202767 ns
Mar 12 10:25:46 DIBTVTest1A1 kernel: [    0.000008] sched_clock: 56 bits at 19MHz, resolution 52ns, wraps every 4398046511078ns
Mar 12 10:25:46 DIBTVTest1A1 kernel: [    0.000026] Switching to timer-based delay loop, resolution 52ns
Mar 12 10:25:46 DIBTVTest1A1 kernel: [    0.000243] Console: colour dummy device 80x30
Mar 12 10:25:46 DIBTVTest1A1 kernel: [    0.000443] console [tty1] enabled
Mar 12 10:25:46 DIBTVTest1A1 kernel: [    0.000476] Calibrating delay loop (skipped), value calculated using timer frequency.. 38.40 BogoMIPS (lpj=192000)
Mar 12 10:25:46 DIBTVTest1A1 kernel: [    0.000496] pid_max: default: 32768 minimum: 301
Mar 12 10:25:46 DIBTVTest1A1 kernel: [    0.000792] Mount-cache hash table entries: 2048 (order: 1, 8192 bytes)
Mar 12 10:25:46 DIBTVTest1A1 kernel: [    0.000807] Mountpoint-cache hash table entries: 2048 (order: 1, 8192 bytes)
Mar 12 10:25:46 DIBTVTest1A1 kernel: [    0.001780] Initializing cgroup subsys blkio
Mar 12 10:25:46 DIBTVTest1A1 kernel: [    0.001806] Initializing cgroup subsys memory
Mar 12 10:25:46 DIBTVTest1A1 kernel: [    0.001831] Initializing cgroup subsys devices
Mar 12 10:25:46 DIBTVTest1A1 kernel: [    0.001851] Initializing cgroup subsys freezer
Mar 12 10:25:46 DIBTVTest1A1 kernel: [    0.001877] Initializing cgroup subsys net_cls
Mar 12 10:25:46 DIBTVTest1A1 kernel: [    0.001926] CPU: Testing write buffer coherency: ok
Mar 12 10:25:46 DIBTVTest1A1 kernel: [    0.001990] ftrace: allocating 20313 entries in 60 pages
Mar 12 10:25:46 DIBTVTest1A1 kernel: [    0.047902] CPU0: update cpu_capacity 1024
Mar 12 10:25:46 DIBTVTest1A1 kernel: [    0.047935] CPU0: thread -1, cpu 0, socket 0, mpidr 80000000
Mar 12 10:25:46 DIBTVTest1A1 kernel: [    0.047948] [bcm2709_smp_prepare_cpus] enter
Mar 12 10:25:46 DIBTVTest1A1 kernel: [    0.048080] Setting up static identity map for 0x8240 - 0x8274
Mar 12 10:25:46 DIBTVTest1A1 kernel: [    0.049828] [bcm2709_boot_secondary] cpu:1 started (0) 17
Mar 12 10:25:46 DIBTVTest1A1 kernel: [    0.050054] [bcm2709_secondary_init] enter cpu:1
Mar 12 10:25:46 DIBTVTest1A1 kernel: [    0.050096] CPU1: update cpu_capacity 1024
Mar 12 10:25:46 DIBTVTest1A1 kernel: [    0.050102] CPU1: thread -1, cpu 1, socket 0, mpidr 80000001
Mar 12 10:25:46 DIBTVTest1A1 kernel: [    0.050487] [bcm2709_boot_secondary] cpu:2 started (0) 17
Mar 12 10:25:46 DIBTVTest1A1 kernel: [    0.050652] [bcm2709_secondary_init] enter cpu:2
Mar 12 10:25:46 DIBTVTest1A1 kernel: [    0.050674] CPU2: update cpu_capacity 1024
Mar 12 10:25:46 DIBTVTest1A1 kernel: [    0.050680] CPU2: thread -1, cpu 2, socket 0, mpidr 80000002
Mar 12 10:25:46 DIBTVTest1A1 kernel: [    0.051042] [bcm2709_boot_secondary] cpu:3 started (0) 18
Mar 12 10:25:46 DIBTVTest1A1 kernel: [    0.051173] [bcm2709_secondary_init] enter cpu:3
Mar 12 10:25:46 DIBTVTest1A1 kernel: [    0.051193] CPU3: update cpu_capacity 1024
Mar 12 10:25:46 DIBTVTest1A1 kernel: [    0.051199] CPU3: thread -1, cpu 3, socket 0, mpidr 80000003
Mar 12 10:25:46 DIBTVTest1A1 kernel: [    0.051261] Brought up 4 CPUs
Mar 12 10:25:46 DIBTVTest1A1 kernel: [    0.051284] SMP: Total of 4 processors activated (153.60 BogoMIPS).
Mar 12 10:25:46 DIBTVTest1A1 kernel: [    0.051293] CPU: All CPU(s) started in HYP mode.
Mar 12 10:25:46 DIBTVTest1A1 kernel: [    0.051300] CPU: Virtualization extensions available.
Mar 12 10:25:46 DIBTVTest1A1 kernel: [    0.051978] devtmpfs: initialized
Mar 12 10:25:46 DIBTVTest1A1 kernel: [    0.070695] VFP support v0.3: implementor 41 architecture 3 part 40 variant 3 rev 4
Mar 12 10:25:46 DIBTVTest1A1 kernel: [    0.070933] clocksource jiffies: mask: 0xffffffff max_cycles: 0xffffffff, max_idle_ns: 19112604462750000 ns
Mar 12 10:25:46 DIBTVTest1A1 kernel: [    0.071749] pinctrl core: initialized pinctrl subsystem
Mar 12 10:25:46 DIBTVTest1A1 kernel: [    0.072277] NET: Registered protocol family 16
Mar 12 10:25:46 DIBTVTest1A1 kernel: [    0.077362] DMA: preallocated 4096 KiB pool for atomic coherent allocations
Mar 12 10:25:46 DIBTVTest1A1 kernel: [    0.078354] bcm2709.uart_clock = 48000000
Mar 12 10:25:46 DIBTVTest1A1 kernel: [    0.082410] bcm2709: Mini UART enabled
Mar 12 10:25:46 DIBTVTest1A1 kernel: [    0.082457] hw-breakpoint: found 5 (+1 reserved) breakpoint and 4 watchpoint registers.
Mar 12 10:25:46 DIBTVTest1A1 kernel: [    0.082468] hw-breakpoint: maximum watchpoint size is 8 bytes.
Mar 12 10:25:46 DIBTVTest1A1 kernel: [    0.082619] Serial: AMBA PL011 UART driver
Mar 12 10:25:46 DIBTVTest1A1 kernel: [    0.082663] uart-pl011 3f201000.uart: could not find pctldev for node /soc/gpio@7e200000/uart0_pins, deferring probe
Mar 12 10:25:46 DIBTVTest1A1 kernel: [    0.082819] bcm2835-mbox 3f00b880.mailbox: mailbox enabled
Mar 12 10:25:46 DIBTVTest1A1 kernel: [    0.148639] bcm2708-dmaengine 3f007000.dma: DMA legacy API manager at f3007000, dmachans=0xf35
Mar 12 10:25:46 DIBTVTest1A1 kernel: [    0.148671] bcm2708-dmaengine 3f007000.dma: Initialized 7 DMA channels (+ 1 legacy)
Mar 12 10:25:46 DIBTVTest1A1 kernel: [    0.149228] bcm2708-dmaengine 3f007000.dma: Load BCM2835 DMA engine driver
Mar 12 10:25:46 DIBTVTest1A1 kernel: [    0.149241] bcm2708-dmaengine 3f007000.dma: dma_debug:0
Mar 12 10:25:46 DIBTVTest1A1 kernel: [    0.149792] SCSI subsystem initialized
Mar 12 10:25:46 DIBTVTest1A1 kernel: [    0.149981] usbcore: registered new interface driver usbfs
Mar 12 10:25:46 DIBTVTest1A1 kernel: [    0.150073] usbcore: registered new interface driver hub
Mar 12 10:25:46 DIBTVTest1A1 kernel: [    0.150171] usbcore: registered new device driver usb
Mar 12 10:25:46 DIBTVTest1A1 kernel: [    0.150694] raspberrypi-firmware soc:firmware: Attached to firmware from 2016-03-15 14:47
Mar 12 10:25:46 DIBTVTest1A1 kernel: [    0.177790] Switched to clocksource arch_sys_counter
Mar 12 10:25:46 DIBTVTest1A1 kernel: [    0.219158] FS-Cache: Loaded
Mar 12 10:25:46 DIBTVTest1A1 kernel: [    0.219427] CacheFiles: Loaded
Mar 12 10:25:46 DIBTVTest1A1 kernel: [    0.228769] NET: Registered protocol family 2
Mar 12 10:25:46 DIBTVTest1A1 kernel: [    0.229713] TCP established hash table entries: 8192 (order: 3, 32768 bytes)
Mar 12 10:25:46 DIBTVTest1A1 kernel: [    0.229829] TCP bind hash table entries: 8192 (order: 4, 65536 bytes)
Mar 12 10:25:46 DIBTVTest1A1 kernel: [    0.230018] TCP: Hash tables configured (established 8192 bind 8192)
Mar 12 10:25:46 DIBTVTest1A1 kernel: [    0.230112] UDP hash table entries: 512 (order: 2, 16384 bytes)
Mar 12 10:25:46 DIBTVTest1A1 kernel: [    0.230159] UDP-Lite hash table entries: 512 (order: 2, 16384 bytes)
Mar 12 10:25:46 DIBTVTest1A1 kernel: [    0.230468] NET: Registered protocol family 1
Mar 12 10:25:46 DIBTVTest1A1 kernel: [    0.230768] RPC: Registered named UNIX socket transport module.
Mar 12 10:25:46 DIBTVTest1A1 kernel: [    0.230778] RPC: Registered udp transport module.
Mar 12 10:25:46 DIBTVTest1A1 kernel: [    0.230787] RPC: Registered tcp transport module.
Mar 12 10:25:46 DIBTVTest1A1 kernel: [    0.230795] RPC: Registered tcp NFSv4.1 backchannel transport module.
Mar 12 10:25:46 DIBTVTest1A1 kernel: [    0.231764] hw perfevents: enabled with armv7_cortex_a7 PMU driver, 7 counters available
Mar 12 10:25:46 DIBTVTest1A1 systemd[1]: Started Update UTMP about System Boot/Shutdown.
Mar 12 10:25:46 DIBTVTest1A1 systemd[1]: Starting LSB: Set console font and keymap...
Mar 12 10:25:46 DIBTVTest1A1 networking[237]: Configuring network interfaces...done.
Mar 12 10:25:46 DIBTVTest1A1 systemd[1]: Started LSB: Raise network interfaces..
Mar 12 10:25:46 DIBTVTest1A1 systemd[1]: Starting ifup for wlan0...
Mar 12 10:25:46 DIBTVTest1A1 systemd[1]: Started ifup for wlan0.
Mar 12 10:25:46 DIBTVTest1A1 kernel: [    0.232800] futex hash table entries: 1024 (order: 4, 65536 bytes)
Mar 12 10:25:46 DIBTVTest1A1 console-setup[312]: Setting up console font and keymap...done.
Mar 12 10:25:46 DIBTVTest1A1 kernel: [    0.246159] VFS: Disk quotas dquot_6.6.0
Mar 12 10:25:46 DIBTVTest1A1 kernel: [    0.246471] VFS: Dquot-cache hash table entries: 1024 (order 0, 4096 bytes)
Mar 12 10:25:46 DIBTVTest1A1 kernel: [    0.248577] FS-Cache: Netfs 'nfs' registered for caching
Mar 12 10:25:46 DIBTVTest1A1 kernel: [    0.249474] NFS: Registering the id_resolver key type
Mar 12 10:25:46 DIBTVTest1A1 systemd[1]: Started LSB: Set console font and keymap.
Mar 12 10:25:46 DIBTVTest1A1 kernel: [    0.249517] Key type id_resolver registered
Mar 12 10:25:46 DIBTVTest1A1 kernel: [    0.249526] Key type id_legacy registered
Mar 12 10:25:46 DIBTVTest1A1 wpa_supplicant[389]: Successfully initialized wpa_supplicant
Mar 12 10:25:46 DIBTVTest1A1 kernel: [    0.251578] Block layer SCSI generic (bsg) driver version 0.4 loaded (major 252)
Mar 12 10:25:46 DIBTVTest1A1 kernel: [    0.251717] io scheduler noop registered
Mar 12 10:25:46 DIBTVTest1A1 kernel: [    0.251737] io scheduler deadline registered (default)
Mar 12 10:25:46 DIBTVTest1A1 kernel: [    0.252004] io scheduler cfq registered
Mar 12 10:25:46 DIBTVTest1A1 wpa_supplicant[393]: wlan0: CTRL-EVENT-REGDOM-CHANGE init=USER type=COUNTRY alpha2=US
Mar 12 10:25:46 DIBTVTest1A1 kernel: [    0.254258] BCM2708FB: allocated DMA memory ee800000
Mar 12 10:25:46 DIBTVTest1A1 kernel: [    0.254283] BCM2708FB: allocated DMA channel 0 @ f3007000
Mar 12 10:25:46 DIBTVTest1A1 kernel: [    0.280747] Console: switching to colour frame buffer device 228x61
Mar 12 10:25:46 DIBTVTest1A1 kernel: [    0.296739] Serial: 8250/16550 driver, 1 ports, IRQ sharing disabled
Mar 12 10:25:46 DIBTVTest1A1 raspi-config[240]: Checking if shift key is held down: No. Switching to ondemand scaling governor.
Mar 12 10:25:46 DIBTVTest1A1 kernel: [    0.298263] console [ttyS0] disabled
Mar 12 10:25:46 DIBTVTest1A1 kernel: [    0.298321] 3f215040.uart: ttyS0 at MMIO 0x3f215040 (irq = 29, base_baud = 50000000) is a 16550
Mar 12 10:25:46 DIBTVTest1A1 kernel: [    0.298863] console [ttyS0] enabled
Mar 12 10:25:46 DIBTVTest1A1 systemd[1]: Started LSB: Switch to ondemand cpu governor (unless shift key is pressed).
Mar 12 10:25:46 DIBTVTest1A1 kernel: [    0.299781] vc-cma: Videocore CMA driver
Mar 12 10:25:46 DIBTVTest1A1 kernel: [    0.299791] vc-cma: vc_cma_base      = 0x00000000
Mar 12 10:25:46 DIBTVTest1A1 kernel: [    0.299801] vc-cma: vc_cma_size      = 0x00000000 (0 MiB)
Mar 12 10:25:46 DIBTVTest1A1 systemd[1]: Starting System Initialization.
Mar 12 10:25:46 DIBTVTest1A1 kernel: [    0.299809] vc-cma: vc_cma_initial   = 0x00000000 (0 MiB)
Mar 12 10:25:46 DIBTVTest1A1 kernel: [    0.299984] vc-mem: phys_addr:0x00000000 mem_base=0x3dc00000 mem_size:0x3f000000(1008 MiB)
Mar 12 10:25:46 DIBTVTest1A1 kernel: [    0.311454] brd: module loaded
Mar 12 10:25:46 DIBTVTest1A1 kernel: [    0.318521] loop: module loaded
Mar 12 10:25:46 DIBTVTest1A1 systemd[1]: Reached target System Initialization.
Mar 12 10:25:46 DIBTVTest1A1 kernel: [    0.319336] vchiq: vchiq_init_state: slot_zero = 0xae880000, is_master = 0
Mar 12 10:25:46 DIBTVTest1A1 kernel: [    0.320807] Loading iSCSI transport class v2.0-870.
Mar 12 10:25:46 DIBTVTest1A1 kernel: [    0.321457] usbcore: registered new interface driver smsc95xx
Mar 12 10:25:46 DIBTVTest1A1 systemd[1]: Starting Avahi mDNS/DNS-SD Stack Activation Socket.
Mar 12 10:25:46 DIBTVTest1A1 kernel: [    0.321506] dwc_otg: version 3.00a 10-AUG-2012 (platform bus)
Mar 12 10:25:46 DIBTVTest1A1 kernel: [    0.521787] Core Release: 2.80a
Mar 12 10:25:46 DIBTVTest1A1 kernel: [    0.521800] Setting default values for core params
Mar 12 10:25:46 DIBTVTest1A1 kernel: [    0.521834] Finished setting default values for core params
Mar 12 10:25:46 DIBTVTest1A1 systemd[1]: Listening on Avahi mDNS/DNS-SD Stack Activation Socket.
Mar 12 10:25:46 DIBTVTest1A1 kernel: [    0.722179] Using Buffer DMA mode
Mar 12 10:25:46 DIBTVTest1A1 systemd[1]: Starting D-Bus System Message Bus Socket.
Mar 12 10:25:46 DIBTVTest1A1 kernel: [    0.722190] Periodic Transfer Interrupt Enhancement - disabled
Mar 12 10:25:46 DIBTVTest1A1 kernel: [    0.722199] Multiprocessor Interrupt Enhancement - disabled
Mar 12 10:25:46 DIBTVTest1A1 kernel: [    0.722208] OTG VER PARAM: 0, OTG VER FLAG: 0
Mar 12 10:25:46 DIBTVTest1A1 kernel: [    0.722222] Dedicated Tx FIFOs mode
Mar 12 10:25:46 DIBTVTest1A1 systemd[1]: Listening on D-Bus System Message Bus Socket.
Mar 12 10:25:46 DIBTVTest1A1 kernel: [    0.722514] WARN::dwc_otg_hcd_init:1047: FIQ DMA bounce buffers: virt = 0xae814000 dma = 0xee814000 len=9024
Mar 12 10:25:46 DIBTVTest1A1 kernel: [    0.722544] FIQ FSM acceleration enabled for :
Mar 12 10:25:46 DIBTVTest1A1 kernel: [    0.722544] Non-periodic Split Transactions
Mar 12 10:25:46 DIBTVTest1A1 systemd[1]: Starting Sockets.
Mar 12 10:25:46 DIBTVTest1A1 kernel: [    0.722544] Periodic Split Transactions
Mar 12 10:25:46 DIBTVTest1A1 kernel: [    0.722544] High-Speed Isochronous Endpoints
Mar 12 10:25:46 DIBTVTest1A1 kernel: [    0.722564] dwc_otg: Microframe scheduler enabled
Mar 12 10:25:46 DIBTVTest1A1 systemd[1]: Reached target Sockets.
Mar 12 10:25:46 DIBTVTest1A1 kernel: [    0.722608] WARN::hcd_init_fiq:412: FIQ on core 1 at 0x80417288
Mar 12 10:25:46 DIBTVTest1A1 kernel: [    0.722621] WARN::hcd_init_fiq:413: FIQ ASM at 0x804175f8 length 36
Mar 12 10:25:46 DIBTVTest1A1 kernel: [    0.722635] WARN::hcd_init_fiq:438: MPHI regs_base at 0xaf89c000
Mar 12 10:25:46 DIBTVTest1A1 systemd[1]: Starting Daily Cleanup of Temporary Directories.
Mar 12 10:25:46 DIBTVTest1A1 kernel: [    0.722669] dwc_otg 3f980000.usb: DWC OTG Controller
Mar 12 10:25:46 DIBTVTest1A1 kernel: [    0.722704] dwc_otg 3f980000.usb: new USB bus registered, assigned bus number 1
Mar 12 10:25:46 DIBTVTest1A1 kernel: [    0.722737] dwc_otg 3f980000.usb: irq 32, io mem 0x00000000
Mar 12 10:25:46 DIBTVTest1A1 systemd[1]: Started Daily Cleanup of Temporary Directories.
Mar 12 10:25:46 DIBTVTest1A1 kernel: [    0.722788] Init: Port Power? op_state=1
Mar 12 10:25:46 DIBTVTest1A1 kernel: [    0.722796] Init: Power Port (0)
Mar 12 10:25:46 DIBTVTest1A1 systemd[1]: Starting Timers.
Mar 12 10:25:46 DIBTVTest1A1 kernel: [    0.722989] usb usb1: New USB device found, idVendor=1d6b, idProduct=0002
Mar 12 10:25:46 DIBTVTest1A1 kernel: [    0.723004] usb usb1: New USB device strings: Mfr=3, Product=2, SerialNumber=1
Mar 12 10:25:46 DIBTVTest1A1 systemd[1]: Reached target Timers.
Mar 12 10:25:46 DIBTVTest1A1 kernel: [    0.723016] usb usb1: Product: DWC OTG Controller
Mar 12 10:25:46 DIBTVTest1A1 kernel: [    0.723028] usb usb1: Manufacturer: Linux 4.1.19-v7+ dwc_otg_hcd
Mar 12 10:25:46 DIBTVTest1A1 systemd[1]: Started Manage Sound Card State (restore and store).
Mar 12 10:25:46 DIBTVTest1A1 kernel: [    0.723041] usb usb1: SerialNumber: 3f980000.usb
Mar 12 10:25:46 DIBTVTest1A1 kernel: [    0.723698] hub 1-0:1.0: USB hub found
Mar 12 10:25:46 DIBTVTest1A1 kernel: [    0.723742] hub 1-0:1.0: 1 port detected
Mar 12 10:25:46 DIBTVTest1A1 systemd[1]: Starting Restore Sound Card State...
Mar 12 10:25:46 DIBTVTest1A1 kernel: [    0.724113] dwc_otg: FIQ enabled
Mar 12 10:25:46 DIBTVTest1A1 kernel: [    0.724123] dwc_otg: NAK holdoff enabled
Mar 12 10:25:46 DIBTVTest1A1 kernel: [    0.724131] dwc_otg: FIQ split-transaction FSM enabled
Mar 12 10:25:46 DIBTVTest1A1 systemd[1]: Starting Basic System.
Mar 12 10:25:46 DIBTVTest1A1 kernel: [    0.724162] Module dwc_common_port init
Mar 12 10:25:46 DIBTVTest1A1 kernel: [    0.724425] usbcore: registered new interface driver usb-storage
Mar 12 10:25:46 DIBTVTest1A1 kernel: [    0.724608] mousedev: PS/2 mouse device common for all mice
Mar 12 10:25:46 DIBTVTest1A1 kernel: [    0.725277] bcm2835-cpufreq: min=600000 max=1200000
Mar 12 10:25:46 DIBTVTest1A1 systemd[1]: Reached target Basic System.
Mar 12 10:25:46 DIBTVTest1A1 kernel: [    0.725553] sdhci: Secure Digital Host Controller Interface driver
Mar 12 10:25:46 DIBTVTest1A1 kernel: [    0.725562] sdhci: Copyright(c) Pierre Ossman
Mar 12 10:25:46 DIBTVTest1A1 systemd[1]: Starting Avahi mDNS/DNS-SD Stack...
Mar 12 10:25:46 DIBTVTest1A1 kernel: [    0.725839] sdhost: log_buf @ ae813000 (ee813000)
Mar 12 10:25:46 DIBTVTest1A1 kernel: [    0.797826] mmc0: sdhost-bcm2835 loaded - DMA enabled (>1)
Mar 12 10:25:46 DIBTVTest1A1 kernel: [    0.820231] mmc-bcm2835 3f300000.mmc: mmc_debug:0 mmc_debug2:0
Mar 12 10:25:46 DIBTVTest1A1 kernel: [    0.820245] mmc-bcm2835 3f300000.mmc: DMA channel allocated
Mar 12 10:25:46 DIBTVTest1A1 systemd[1]: Starting System Logging Service...
Mar 12 10:25:46 DIBTVTest1A1 kernel: [    0.857896] sdhci-pltfm: SDHCI platform and OF driver helper
Mar 12 10:25:46 DIBTVTest1A1 kernel: [    0.858247] ledtrig-cpu: registered to indicate activity on CPUs
Mar 12 10:25:46 DIBTVTest1A1 kernel: [    0.858376] hidraw: raw HID events driver (C) Jiri Kosina
Mar 12 10:25:46 DIBTVTest1A1 kernel: [    0.858567] usbcore: registered new interface driver usbhid
Mar 12 10:25:46 DIBTVTest1A1 systemd[1]: Starting dhcpcd on all interfaces...
Mar 12 10:25:46 DIBTVTest1A1 kernel: [    0.858576] usbhid: USB HID core driver
Mar 12 10:25:46 DIBTVTest1A1 kernel: [    0.858870] mmc0: host does not support reading read-only switch, assuming write-enable
Mar 12 10:25:46 DIBTVTest1A1 kernel: [    0.858995] Initializing XFRM netlink socket
Mar 12 10:25:46 DIBTVTest1A1 systemd[1]: Starting Configure Bluetooth Modems connected by UART...
Mar 12 10:25:46 DIBTVTest1A1 kernel: [    0.859027] NET: Registered protocol family 17
Mar 12 10:25:46 DIBTVTest1A1 kernel: [    0.859148] Key type dns_resolver registered
Mar 12 10:25:46 DIBTVTest1A1 kernel: [    0.859620] Registering SWP/SWPB emulation handler
Mar 12 10:25:46 DIBTVTest1A1 kernel: [    0.860240] registered taskstats version 1
Mar 12 10:25:46 DIBTVTest1A1 systemd[1]: Starting Regular background program processing daemon...
Mar 12 10:25:46 DIBTVTest1A1 kernel: [    0.860438] vc-sm: Videocore shared memory driver
Mar 12 10:25:46 DIBTVTest1A1 systemd[1]: Started Regular background program processing daemon.
Mar 12 10:25:46 DIBTVTest1A1 kernel: [    0.860455] [vc_sm_connected_init]: start
Mar 12 10:25:46 DIBTVTest1A1 kernel: [    0.861718] mmc0: new high speed SDHC card at address 59b4
Mar 12 10:25:46 DIBTVTest1A1 kernel: [    0.861877] [vc_sm_connected_init]: end - returning 0
Mar 12 10:25:46 DIBTVTest1A1 kernel: [    0.862136] mmcblk0: mmc0:59b4 SMTC  14.6 GiB 
Mar 12 10:25:46 DIBTVTest1A1 systemd[1]: Started Turn on SSH if /boot/ssh is present.
Mar 12 10:25:46 DIBTVTest1A1 kernel: [    0.863271] 3f201000.uart: ttyAMA0 at MMIO 0x3f201000 (irq = 83, base_baud = 0) is a PL011 rev2
Mar 12 10:25:46 DIBTVTest1A1 kernel: [    0.864473]  mmcblk0: p1 p2
Mar 12 10:25:46 DIBTVTest1A1 kernel: [    0.880378] mmc1: queuing unknown CIS tuple 0x80 (2 bytes)
Mar 12 10:25:46 DIBTVTest1A1 systemd[1]: Started getty on tty2-tty6 if dbus and logind are not available.
Mar 12 10:25:46 DIBTVTest1A1 kernel: [    0.881935] mmc1: queuing unknown CIS tuple 0x80 (3 bytes)
Mar 12 10:25:46 DIBTVTest1A1 kernel: [    0.882382] EXT4-fs (mmcblk0p2): mounted filesystem with ordered data mode. Opts: (null)
Mar 12 10:25:46 DIBTVTest1A1 kernel: [    0.882431] VFS: Mounted root (ext4 filesystem) readonly on device 179:2.
Mar 12 10:25:46 DIBTVTest1A1 systemd[1]: Starting Login Service...
Mar 12 10:25:46 DIBTVTest1A1 kernel: [    0.883222] devtmpfs: mounted
Mar 12 10:25:46 DIBTVTest1A1 kernel: [    0.883487] mmc1: queuing unknown CIS tuple 0x80 (3 bytes)
Mar 12 10:25:46 DIBTVTest1A1 kernel: [    0.883922] Freeing unused kernel memory: 444K (80795000 - 80804000)
Mar 12 10:25:46 DIBTVTest1A1 kernel: [    0.886269] mmc1: queuing unknown CIS tuple 0x80 (7 bytes)
Mar 12 10:25:46 DIBTVTest1A1 systemd[1]: Starting D-Bus System Message Bus...
Mar 12 10:25:46 DIBTVTest1A1 kernel: [    0.917898] Indeed it is in host mode hprt0 = 00021501
Mar 12 10:25:46 DIBTVTest1A1 kernel: [    0.979595] mmc1: new high speed SDIO card at address 0001
Mar 12 10:25:46 DIBTVTest1A1 kernel: [    1.097849] usb 1-1: new high-speed USB device number 2 using dwc_otg
Mar 12 10:25:46 DIBTVTest1A1 systemd[1]: Started D-Bus System Message Bus.
Mar 12 10:25:46 DIBTVTest1A1 kernel: [    1.097997] Indeed it is in host mode hprt0 = 00001101
Mar 12 10:25:46 DIBTVTest1A1 kernel: [    1.274353] random: systemd urandom read with 39 bits of entropy available
Mar 12 10:25:46 DIBTVTest1A1 kernel: [    1.298140] usb 1-1: New USB device found, idVendor=0424, idProduct=9514
Mar 12 10:25:46 DIBTVTest1A1 cron[429]: (CRON) INFO (pidfile fd = 3)
Mar 12 10:25:46 DIBTVTest1A1 kernel: [    1.298157] usb 1-1: New USB device strings: Mfr=0, Product=0, SerialNumber=0
Mar 12 10:25:46 DIBTVTest1A1 kernel: [    1.298863] hub 1-1:1.0: USB hub found
Mar 12 10:25:46 DIBTVTest1A1 kernel: [    1.298958] hub 1-1:1.0: 5 ports detected
Mar 12 10:25:46 DIBTVTest1A1 kernel: [    1.442723] NET: Registered protocol family 10
Mar 12 10:25:46 DIBTVTest1A1 dhcpcd[424]: version 6.7.1 starting
Mar 12 10:25:46 DIBTVTest1A1 kernel: [    1.577869] usb 1-1.1: new high-speed USB device number 3 using dwc_otg
Mar 12 10:25:46 DIBTVTest1A1 kernel: [    1.678158] usb 1-1.1: New USB device found, idVendor=0424, idProduct=ec00
Mar 12 10:25:46 DIBTVTest1A1 dhcpcd[424]: dev: loaded udev
Mar 12 10:25:46 DIBTVTest1A1 kernel: [    1.678181] usb 1-1.1: New USB device strings: Mfr=0, Product=0, SerialNumber=0
Mar 12 10:25:46 DIBTVTest1A1 kernel: [    1.680904] smsc95xx v1.0.4
Mar 12 10:25:46 DIBTVTest1A1 kernel: [    1.741222] smsc95xx 1-1.1:1.0 eth0: register 'smsc95xx' at usb-3f980000.usb-1.1, smsc95xx USB 2.0 Ethernet, b8:27:eb:af:33:65
Mar 12 10:25:46 DIBTVTest1A1 dhcpcd[424]: eth0: adding address fe80::67e7:8692:ea57:d86d
